2026-10-05 18:55:23 tune512: up; flags []; ctx 262144; VRAM used 14.54 GB; clocks (1258Mhz) (1751Mhz) 
2026-10-05 18:55:28 tune512: lmx rc=0 {'tokSOut': 61.1, 'ttftMs': 403.45, 'promptTokens': 578, 'outputTokens': 256} samples: None
2026-10-05 18:55:28 tune512: draft: none
2026-10-05 18:55:44 tune446: up; flags []; ctx 262144; VRAM used 14.56 GB; clocks (1258Mhz) (1977Mhz) 
2026-10-05 18:55:49 tune446: lmx rc=0 {'tokSOut': 60.7, 'ttftMs': 342.17, 'promptTokens': 516, 'outputTokens': 256} samples: None
2026-10-05 18:55:49 tune446: draft: none
2026-10-05 18:55:58 tune434: up; flags []; ctx 262144; VRAM used 14.54 GB; clocks (1258Mhz) (2438Mhz) 
2026-10-05 18:56:03 tune434: lmx rc=0 {'tokSOut': 61.1, 'ttftMs': 335.37, 'promptTokens': 506, 'outputTokens': 256} samples: None
2026-10-05 18:56:03 tune434: draft: none
2026-10-05 18:56:17 B0: up; flags []; ctx 262144; VRAM used 14.55 GB; clocks (1258Mhz) (2656Mhz) 
2026-10-05 18:56:37 B0: lmx rc=0 {'tokSOut': 61.3, 'ttftMs': 489.68, 'promptTokens': 502, 'outputTokens': 256} samples: [61.4, 61.3, 60.4]
2026-10-05 18:56:37 B0: draft: none
2026-10-05 18:56:41 D8: up; flags [--spec-type draft-mtp -md /mnt/TG_2TB/AI/Models/gemma4/mtp-gemma-4-12b-it-Q8_0.gguf]; ctx 262144; VRAM used 15.37 GB; clocks (1258Mhz) (778Mhz) 
2026-10-05 18:56:54 D8: lmx rc=0 {'tokSOut': 99, 'ttftMs': 572.28, 'promptTokens': 501, 'outputTokens': 256} samples: [102.2, 98, 99]
2026-10-05 18:56:54 D8: draft:  print_timing: id  0 | task 0 | draft acceptance = 0.60294 (  164 accepted /   272 generated), mean len =  2.80| print_timing: id  0 | task 95 | draft acceptance = 0.62172 (  166 accepted /   267 generated), mean len =  2.87| print_timing: id  0 | task 188 | draft acceptance = 0.58273 (  162 accepted /   278 generated), mean len =  2.74| print_timing: id  0 | task 285 | draft acceptance = 0.59707 
2026-10-05 18:57:09 D4: up; flags [--spec-type draft-mtp -md ~/Downloads/mtp-gemma-4-12B-it.gguf]; ctx 262144; VRAM used 15.15 GB; clocks (1258Mhz) (1311Mhz) 
2026-10-05 18:57:22 D4: lmx rc=0 {'tokSOut': 96.5, 'ttftMs': 500.09, 'promptTokens': 504, 'outputTokens': 256} samples: [96.5, 106.4, 96.1]
2026-10-05 18:57:22 D4: draft:  print_timing: id  0 | task 0 | draft acceptance = 0.53061 (  156 accepted /   294 generated), mean len =  2.58| print_timing: id  0 | task 103 | draft acceptance = 0.56338 (  160 accepted /   284 generated), mean len =  2.68| print_timing: id  0 | task 202 | draft acceptance = 0.65504 (  169 accepted /   258 generated), mean len =  2.97| print_timing: id  0 | task 292 | draft acceptance = 0.56537
2026-10-05 18:57:35 D8n1: up; flags [--spec-type draft-mtp -md /mnt/TG_2TB/AI/Models/gemma4/mtp-gemma-4-12b-it-Q8_0.gguf --spec-draft-n-max 1]; ctx 262144; VRAM used 15.39 GB; clocks (1258Mhz) (1409Mhz) 
2026-10-05 18:57:49 D8n1: lmx rc=0 {'tokSOut': 87.3, 'ttftMs': 499.56, 'promptTokens': 504, 'outputTokens': 256} samples: [88.3, 86.1, 87.3]
2026-10-05 18:57:49 D8n1: draft:  print_timing: id  0 | task 0 | draft acceptance = 0.83453 (  116 accepted /   139 generated), mean len =  1.83| print_timing: id  0 | task 143 | draft acceptance = 0.80851 (  114 accepted /   141 generated), mean len =  1.81| print_timing: id  0 | task 288 | draft acceptance = 0.81429 (  114 accepted /   140 generated), mean len =  1.81| print_timing: id  0 | task 433 | draft acceptance = 0.80851
2026-10-05 18:57:52 D8n2: up; flags [--spec-type draft-mtp -md /mnt/TG_2TB/AI/Models/gemma4/mtp-gemma-4-12b-it-Q8_0.gguf --spec-draft-n-max 2]; ctx 262144; VRAM used 15.36 GB; clocks (1258Mhz) (1265Mhz) 
2026-10-05 18:58:04 D8n2: lmx rc=0 {'tokSOut': 99.8, 'ttftMs': 516.95, 'promptTokens': 504, 'outputTokens': 256} samples: [94.9, 102.5, 99.8]
2026-10-05 18:58:04 D8n2: draft:  print_timing: id  0 | task 0 | draft acceptance = 0.75369 (  153 accepted /   203 generated), mean len =  2.50| print_timing: id  0 | task 106 | draft acceptance = 0.63111 (  142 accepted /   225 generated), mean len =  2.26| print_timing: id  0 | task 223 | draft acceptance = 0.73659 (  151 accepted /   205 generated), mean len =  2.47| print_timing: id  0 | task 331 | draft acceptance = 0.70952
2026-10-05 18:58:09 D8n4: up; flags [--spec-type draft-mtp -md /mnt/TG_2TB/AI/Models/gemma4/mtp-gemma-4-12b-it-Q8_0.gguf --spec-draft-n-max 4]; ctx 262144; VRAM used 15.36 GB; clocks (1258Mhz) (1733Mhz) 
2026-10-05 18:58:22 D8n4: lmx rc=0 {'tokSOut': 94, 'ttftMs': 523.55, 'promptTokens': 502, 'outputTokens': 256} samples: [94, 85.1, 95.9]
2026-10-05 18:58:22 D8n4: draft:  print_timing: id  0 | task 0 | draft acceptance = 0.57282 (  177 accepted /   309 generated), mean len =  3.27| print_timing: id  0 | task 82 | draft acceptance = 0.51506 (  171 accepted /   332 generated), mean len =  3.06| print_timing: id  0 | task 170 | draft acceptance = 0.44536 (  163 accepted /   366 generated), mean len =  2.77| print_timing: id  0 | task 266 | draft acceptance = 0.53395 
2026-10-05 18:58:40 K8: up; flags [--spec-type draft-mtp -md /mnt/TG_2TB/AI/Models/gemma4/mtp-gemma-4-12b-it-Q8_0.gguf --spec-draft-n-max 2 -ctk q8_0 -ctv q8_0]; ctx 262144; VRAM used 14.13 GB; clocks (1258Mhz) (1989Mhz) 
2026-10-05 18:58:40 K8: lmx rc=1 no json [Errno 2] No such file or directory: '/mnt/TG_2TB/Projects/Apollo/data/receipts/gemma4-9070-spec/runs/lmx_K8.json'
2026-10-05 18:58:40 K8: draft: none
2026-10-05 18:58:44 UB256: up; flags [--spec-type draft-mtp -md /mnt/TG_2TB/AI/Models/gemma4/mtp-gemma-4-12b-it-Q8_0.gguf --spec-draft-n-max 2 -ub 256]; ctx 262144; VRAM used 14.91 GB; clocks (1258Mhz) (1300Mhz) 
2026-10-05 18:58:44 UB256: lmx rc=1 no json [Errno 2] No such file or directory: '/mnt/TG_2TB/Projects/Apollo/data/receipts/gemma4-9070-spec/runs/lmx_UB256.json'
2026-10-05 18:58:44 UB256: draft: none
2026-10-05 18:58:47 UB1024: up; flags [--spec-type draft-mtp -md /mnt/TG_2TB/AI/Models/gemma4/mtp-gemma-4-12b-it-Q8_0.gguf --spec-draft-n-max 2 -ub 1024]; ctx 262144; VRAM used 16.16 GB; clocks (1258Mhz) (780Mhz) 
2026-10-05 18:58:47 UB1024: lmx rc=1 no json [Errno 2] No such file or directory: '/mnt/TG_2TB/Projects/Apollo/data/receipts/gemma4-9070-spec/runs/lmx_UB1024.json'
2026-10-05 18:58:47 UB1024: draft: none
2026-10-05 18:59:00 K8: up; flags [--spec-type draft-mtp -md /mnt/TG_2TB/AI/Models/gemma4/mtp-gemma-4-12b-it-Q8_0.gguf --spec-draft-n-max 2 -ctk q8_0 -ctv q8_0]; ctx 262144; VRAM used 14.06 GB; clocks (1258Mhz) (2664Mhz) 
2026-10-05 18:59:13 K8: lmx rc=0 {'tokSOut': 92.9, 'ttftMs': 352.47, 'promptTokens': 505, 'outputTokens': 256} samples: [90.4, 92.9, 94.5]
2026-10-05 18:59:13 K8: draft:  print_timing: id  0 | task 0 | draft acceptance = 0.69811 (  148 accepted /   212 generated), mean len =  2.40| print_timing: id  0 | task 111 | draft acceptance = 0.65158 (  144 accepted /   221 generated), mean len =  2.30| print_timing: id  0 | task 226 | draft acceptance = 0.68372 (  147 accepted /   215 generated), mean len =  2.36| print_timing: id  0 | task 338 | draft acceptance = 0.70616
2026-10-05 18:59:17 UB256: up; flags [--spec-type draft-mtp -md /mnt/TG_2TB/AI/Models/gemma4/mtp-gemma-4-12b-it-Q8_0.gguf --spec-draft-n-max 2 -ub 256]; ctx 262144; VRAM used 14.86 GB; clocks (1258Mhz) (782Mhz) 
2026-10-05 18:59:29 UB256: lmx rc=0 {'tokSOut': 98.6, 'ttftMs': 489.69, 'promptTokens': 505, 'outputTokens': 256} samples: [97.8, 98.6, 98.9]
2026-10-05 18:59:29 UB256: draft:  print_timing: id  0 | task 0 | draft acceptance = 0.68692 (  147 accepted /   214 generated), mean len =  2.37| print_timing: id  0 | task 113 | draft acceptance = 0.65909 (  145 accepted /   220 generated), mean len =  2.32| print_timing: id  0 | task 228 | draft acceptance = 0.66972 (  146 accepted /   218 generated), mean len =  2.34| print_timing: id  0 | task 342 | draft acceptance = 0.68372
2026-10-05 18:59:33 UB1024: up; flags [--spec-type draft-mtp -md /mnt/TG_2TB/AI/Models/gemma4/mtp-gemma-4-12b-it-Q8_0.gguf --spec-draft-n-max 2 -ub 1024]; ctx 262144; VRAM used 16.16 GB; clocks (1258Mhz) (2240Mhz) 
2026-10-05 18:59:45 UB1024: lmx rc=0 {'tokSOut': 97.6, 'ttftMs': 534.36, 'promptTokens': 502, 'outputTokens': 256} samples: [97.6, 98.3, 95.5]
2026-10-05 18:59:45 UB1024: draft:  print_timing: id  0 | task 0 | draft acceptance = 0.69159 (  148 accepted /   214 generated), mean len =  2.38| print_timing: id  0 | task 111 | draft acceptance = 0.68372 (  147 accepted /   215 generated), mean len =  2.36| print_timing: id  0 | task 223 | draft acceptance = 0.72115 (  150 accepted /   208 generated), mean len =  2.44| print_timing: id  0 | task 332 | draft acceptance = 0.64414
2026-10-05 19:00:22 BEST_r2: up; flags [--spec-type draft-mtp -md /mnt/TG_2TB/AI/Models/gemma4/mtp-gemma-4-12b-it-Q8_0.gguf --spec-draft-n-max 2]; ctx 262144; VRAM used 15.31 GB; clocks (1258Mhz) (780Mhz) 
2026-10-05 19:00:34 BEST_r2: lmx rc=0 {'tokSOut': 98.1, 'ttftMs': 413.36, 'promptTokens': 503, 'outputTokens': 256} samples: [99.6, 98.1, 97.4]
2026-10-05 19:00:34 BEST_r2: draft:  print_timing: id  0 | task 0 | draft acceptance = 0.74146 (  152 accepted /   205 generated), mean len =  2.48| print_timing: id  0 | task 107 | draft acceptance = 0.70142 (  148 accepted /   211 generated), mean len =  2.40| print_timing: id  0 | task 218 | draft acceptance = 0.68372 (  147 accepted /   215 generated), mean len =  2.36| print_timing: id  0 | task 330 | draft acceptance = 0.65909
2026-10-05 19:00:38 BEST_r3: up; flags [--spec-type draft-mtp -md /mnt/TG_2TB/AI/Models/gemma4/mtp-gemma-4-12b-it-Q8_0.gguf --spec-draft-n-max 2]; ctx 262144; VRAM used 15.30 GB; clocks (1258Mhz) (780Mhz) 
2026-10-05 19:00:50 BEST_r3: lmx rc=0 {'tokSOut': 97, 'ttftMs': 454.19, 'promptTokens': 504, 'outputTokens': 256} samples: [97, 96.6, 102.2]
2026-10-05 19:00:50 BEST_r3: draft:  print_timing: id  0 | task 0 | draft acceptance = 0.70616 (  149 accepted /   211 generated), mean len =  2.41| print_timing: id  0 | task 110 | draft acceptance = 0.65909 (  145 accepted /   220 generated), mean len =  2.32| print_timing: id  0 | task 224 | draft acceptance = 0.65158 (  144 accepted /   221 generated), mean len =  2.30| print_timing: id  0 | task 339 | draft acceptance = 0.71429
2026-10-05 19:01:29 Q0: up; flags [--spec-type draft-mtp -md ~/Downloads/mtp-gemma-4-12B-it.gguf --spec-draft-n-max 2]; ctx 262144; VRAM used 14.74 GB; clocks (1258Mhz) (2278Mhz) 
2026-10-05 19:01:41 Q0: lmx rc=0 {'tokSOut': 110.7, 'ttftMs': 391.56, 'promptTokens': 501, 'outputTokens': 256} samples: [109.6, 114.9, 110.7]
2026-10-05 19:01:41 Q0: draft:  print_timing: id  0 | task 0 | draft acceptance = 0.66972 (  146 accepted /   218 generated), mean len =  2.34| print_timing: id  0 | task 113 | draft acceptance = 0.69014 (  147 accepted /   213 generated), mean len =  2.37| print_timing: id  0 | task 225 | draft acceptance = 0.74146 (  152 accepted /   205 generated), mean len =  2.48| print_timing: id  0 | task 332 | draft acceptance = 0.70952
2026-10-05 19:01:44 Q0_B0: up; flags []; ctx 262144; VRAM used 14.09 GB; clocks (1258Mhz) (2013Mhz) 
2026-10-05 19:02:02 Q0_B0: lmx rc=0 {'tokSOut': 64.8, 'ttftMs': 310.82, 'promptTokens': 503, 'outputTokens': 256} samples: [64.9, 64.8, 64.8]
2026-10-05 19:02:02 Q0_B0: draft: none
2026-10-05 19:07:10 CR0: up; flags [--spec-type draft-mtp -md /mnt/TG_2TB/AI/Models/gemma4/mtp-gemma-4-12b-it-Q8_0.gguf --spec-draft-n-max 2 --cache-ram 0]; ctx 262144; VRAM used 15.34 GB; clocks (1258Mhz) (2685Mhz) 
2026-10-05 19:07:23 CR0: lmx rc=0 {'tokSOut': 96.1, 'ttftMs': 381.26, 'promptTokens': 505, 'outputTokens': 256} samples: [103.3, 91.9, 96.1]
2026-10-05 19:07:23 CR0: draft:  print_timing: id  0 | task 0 | draft acceptance = 0.64126 (  143 accepted /   223 generated), mean len =  2.28| print_timing: id  0 | task 116 | draft acceptance = 0.72947 (  151 accepted /   207 generated), mean len =  2.45| print_timing: id  0 | task 224 | draft acceptance = 0.66514 (  145 accepted /   218 generated), mean len =  2.33| print_timing: id  0 | task 338 | draft acceptance = 0.69159
2026-10-05 19:30:32 SUB1: up; flags [--spec-type draft-mtp -md /mnt/TG_2TB/AI/Models/gemma4/mtp-gemma-4-12b-it-Q8_0.gguf --spec-draft-n-max 2]; ctx 262144; VRAM used 15.43 GB; clocks (1258Mhz) (781Mhz) 
2026-10-05 19:30:45 SUB1: lmx rc=1 no json [Errno 2] No such file or directory: '/mnt/TG_2TB/Projects/Apollo/data/receipts/gemma4-9070-spec/runs/lmx_SUB1.json'
2026-10-05 19:30:45 SUB1: draft:  print_timing: id  0 | task 0 | draft acceptance = 0.66972 (  146 accepted /   218 generated), mean len =  2.34| print_timing: id  0 | task 113 | draft acceptance = 0.69484 (  148 accepted /   213 generated), mean len =  2.38| print_timing: id  0 | task 224 | draft acceptance = 0.69811 (  148 accepted /   212 generated), mean len =  2.40| print_timing: id  0 | task 335 | draft acceptance = 0.65455
2026-10-05 19:31:00 SUB1: up; flags [--spec-type draft-mtp -md /mnt/TG_2TB/AI/Models/gemma4/mtp-gemma-4-12b-it-Q8_0.gguf --spec-draft-n-max 2]; ctx 262144; VRAM used 15.48 GB; clocks (1258Mhz) (780Mhz) 
2026-10-05 19:31:13 SUB1: lmx rc=0 {'tokSOut': 102.1, 'ttftMs': 575.96, 'promptTokens': 504, 'outputTokens': 256} samples: [102.1, 103.1, 101.5]
2026-10-05 19:31:13 SUB1: draft:  print_timing: id  0 | task 0 | draft acceptance = 0.67281 (  146 accepted /   217 generated), mean len =  2.34| print_timing: id  0 | task 113 | draft acceptance = 0.76617 (  154 accepted /   201 generated), mean len =  2.52| print_timing: id  0 | task 218 | draft acceptance = 0.76119 (  153 accepted /   201 generated), mean len =  2.51| print_timing: id  0 | task 324 | draft acceptance = 0.71292
2026-10-05 19:44:47 C_B0: up; flags []; ctx 262144; VRAM used 14.65 GB; clocks (1258Mhz) (1153Mhz) 
2026-10-05 19:45:06 C_B0: lmx rc=0 {'tokSOut': 60.7, 'ttftMs': 375.96, 'promptTokens': 306, 'outputTokens': 256} samples: [61.7, 60.7, 60.2]
2026-10-05 19:45:06 C_B0: draft: none
2026-10-05 19:45:26 C_D8n2_r1: up; flags [--spec-type draft-mtp -md /mnt/TG_2TB/AI/Models/gemma4/mtp-gemma-4-12b-it-Q8_0.gguf --spec-draft-n-max 2]; ctx 262144; VRAM used 15.53 GB; clocks (1258Mhz) (780Mhz) 
2026-10-05 19:45:38 C_D8n2_r1: lmx rc=0 {'tokSOut': 109, 'ttftMs': 458.43, 'promptTokens': 308, 'outputTokens': 256} samples: [108.2, 112.1, 109]
2026-10-05 19:45:38 C_D8n2_r1: draft:  print_timing: id  0 | task 0 | draft acceptance = 0.85106 (  160 accepted /   188 generated), mean len =  2.70| print_timing: id  0 | task 99 | draft acceptance = 0.85106 (  160 accepted /   188 generated), mean len =  2.70| print_timing: id  0 | task 198 | draft acceptance = 0.83246 (  159 accepted /   191 generated), mean len =  2.66| print_timing: id  0 | task 298 | draft acceptance = 0.86096 
2026-10-05 19:45:41 C_D8n2_r2: up; flags [--spec-type draft-mtp -md /mnt/TG_2TB/AI/Models/gemma4/mtp-gemma-4-12b-it-Q8_0.gguf --spec-draft-n-max 2]; ctx 262144; VRAM used 15.51 GB; clocks (1258Mhz) (780Mhz) 
2026-10-05 19:45:52 C_D8n2_r2: lmx rc=0 {'tokSOut': 113.9, 'ttftMs': 407.18, 'promptTokens': 305, 'outputTokens': 256} samples: [112.2, 113.9, 115.5]
2026-10-05 19:45:52 C_D8n2_r2: draft:  print_timing: id  0 | task 0 | draft acceptance = 0.84656 (  160 accepted /   189 generated), mean len =  2.68| print_timing: id  0 | task 99 | draft acceptance = 0.83246 (  159 accepted /   191 generated), mean len =  2.66| print_timing: id  0 | task 199 | draft acceptance = 0.87568 (  162 accepted /   185 generated), mean len =  2.74| print_timing: id  0 | task 296 | draft acceptance = 0.89071 
2026-10-05 19:45:57 C_D8n2_r3: up; flags [--spec-type draft-mtp -md /mnt/TG_2TB/AI/Models/gemma4/mtp-gemma-4-12b-it-Q8_0.gguf --spec-draft-n-max 2]; ctx 262144; VRAM used 15.51 GB; clocks (1258Mhz) (780Mhz) 
2026-10-05 19:46:08 C_D8n2_r3: lmx rc=0 {'tokSOut': 111, 'ttftMs': 423.29, 'promptTokens': 308, 'outputTokens': 256} samples: [108.6, 111, 113.2]
2026-10-05 19:46:08 C_D8n2_r3: draft:  print_timing: id  0 | task 0 | draft acceptance = 0.89071 (  163 accepted /   183 generated), mean len =  2.77| print_timing: id  0 | task 96 | draft acceptance = 0.83246 (  159 accepted /   191 generated), mean len =  2.66| print_timing: id  0 | task 196 | draft acceptance = 0.83684 (  159 accepted /   190 generated), mean len =  2.67| print_timing: id  0 | task 296 | draft acceptance = 0.86559 
2026-10-05 19:46:13 C_D8n3: up; flags [--spec-type draft-mtp -md /mnt/TG_2TB/AI/Models/gemma4/mtp-gemma-4-12b-it-Q8_0.gguf --spec-draft-n-max 3]; ctx 262144; VRAM used 15.50 GB; clocks (1258Mhz) (781Mhz) 
2026-10-05 19:46:24 C_D8n3: lmx rc=0 {'tokSOut': 114.7, 'ttftMs': 429.77, 'promptTokens': 307, 'outputTokens': 256} samples: [112.6, 119, 114.7]
2026-10-05 19:46:24 C_D8n3: draft:  print_timing: id  0 | task 0 | draft acceptance = 0.75966 (  177 accepted /   233 generated), mean len =  3.27| print_timing: id  0 | task 82 | draft acceptance = 0.75641 (  177 accepted /   234 generated), mean len =  3.27| print_timing: id  0 | task 164 | draft acceptance = 0.77056 (  178 accepted /   231 generated), mean len =  3.31| print_timing: id  0 | task 245 | draft acceptance = 0.73840 
2026-10-05 19:46:27 C_D8n2_noproxy: up; flags [--spec-type draft-mtp -md /mnt/TG_2TB/AI/Models/gemma4/mtp-gemma-4-12b-it-Q8_0.gguf --spec-draft-n-max 2]; ctx 262144; VRAM used 15.46 GB; clocks (1258Mhz) (2191Mhz) 
2026-10-05 19:46:38 C_D8n2_noproxy: lmx rc=0 {'tokSOut': 111.1, 'ttftMs': 379.17, 'promptTokens': 306, 'outputTokens': 256} samples: [111.1, 112, 109.5]
2026-10-05 19:46:38 C_D8n2_noproxy: draft:  print_timing: id  0 | task 0 | draft acceptance = 0.85106 (  160 accepted /   188 generated), mean len =  2.70| print_timing: id  0 | task 99 | draft acceptance = 0.85106 (  160 accepted /   188 generated), mean len =  2.70| print_timing: id  0 | task 198 | draft acceptance = 0.83684 (  159 accepted /   190 generated), mean len =  2.67| print_timing: id  0 | task 298 | draft acceptance = 0.82812 
2026-10-05 19:48:32 R_B0: up; flags [--reasoning off]; ctx 262144; VRAM used 14.62 GB; clocks (1258Mhz) (1032Mhz) 
2026-10-05 19:48:51 R_B0: lmx rc=0 {'tokSOut': 60.6, 'ttftMs': 298.4, 'promptTokens': 305, 'outputTokens': 256} samples: [61, 60.5, 60.6]
2026-10-05 19:48:51 R_B0: draft: none
2026-10-05 19:48:54 R_D8n2_r1: up; flags [--reasoning off --spec-type draft-mtp -md /mnt/TG_2TB/AI/Models/gemma4/mtp-gemma-4-12b-it-Q8_0.gguf --spec-draft-n-max 2]; ctx 262144; VRAM used 15.42 GB; clocks (1258Mhz) (784Mhz) 
2026-10-05 19:49:05 R_D8n2_r1: lmx rc=0 {'tokSOut': 110.6, 'ttftMs': 320.03, 'promptTokens': 306, 'outputTokens': 256} samples: [110.6, 111.4, 109.7]
2026-10-05 19:49:05 R_D8n2_r1: draft:  print_timing: id  0 | task 0 | draft acceptance = 0.87097 (  162 accepted /   186 generated), mean len =  2.74| print_timing: id  0 | task 97 | draft acceptance = 0.84656 (  160 accepted /   189 generated), mean len =  2.68| print_timing: id  0 | task 195 | draft acceptance = 0.86096 (  161 accepted /   187 generated), mean len =  2.71| print_timing: id  0 | task 292 | draft acceptance = 0.84656 
2026-10-05 19:49:09 R_D8n2_r2: up; flags [--reasoning off --spec-type draft-mtp -md /mnt/TG_2TB/AI/Models/gemma4/mtp-gemma-4-12b-it-Q8_0.gguf --spec-draft-n-max 2]; ctx 262144; VRAM used 15.41 GB; clocks (1258Mhz) (2079Mhz) 
2026-10-05 19:49:20 R_D8n2_r2: lmx rc=0 {'tokSOut': 110.7, 'ttftMs': 317.02, 'promptTokens': 305, 'outputTokens': 256} samples: [110.7, 110.7, 109.2]
2026-10-05 19:49:20 R_D8n2_r2: draft:  print_timing: id  0 | task 0 | draft acceptance = 0.85638 (  161 accepted /   188 generated), mean len =  2.71| print_timing: id  0 | task 98 | draft acceptance = 0.86096 (  161 accepted /   187 generated), mean len =  2.71| print_timing: id  0 | task 195 | draft acceptance = 0.84211 (  160 accepted /   190 generated), mean len =  2.68| print_timing: id  0 | task 293 | draft acceptance = 0.83684 
2026-10-05 19:49:23 R_D8n2_r3: up; flags [--reasoning off --spec-type draft-mtp -md /mnt/TG_2TB/AI/Models/gemma4/mtp-gemma-4-12b-it-Q8_0.gguf --spec-draft-n-max 2]; ctx 262144; VRAM used 15.41 GB; clocks (1258Mhz) (1427Mhz) 
2026-10-05 19:49:35 R_D8n2_r3: lmx rc=0 {'tokSOut': 112.1, 'ttftMs': 320.09, 'promptTokens': 304, 'outputTokens': 256} samples: [112.1, 112.1, 113.3]
2026-10-05 19:49:35 R_D8n2_r3: draft:  print_timing: id  0 | task 0 | draft acceptance = 0.84656 (  160 accepted /   189 generated), mean len =  2.68| print_timing: id  0 | task 99 | draft acceptance = 0.86559 (  161 accepted /   186 generated), mean len =  2.73| print_timing: id  0 | task 196 | draft acceptance = 0.86559 (  161 accepted /   186 generated), mean len =  2.73| print_timing: id  0 | task 293 | draft acceptance = 0.89071 
2026-10-05 19:49:38 R_D8n3: up; flags [--reasoning off --spec-type draft-mtp -md /mnt/TG_2TB/AI/Models/gemma4/mtp-gemma-4-12b-it-Q8_0.gguf --spec-draft-n-max 3]; ctx 262144; VRAM used 15.42 GB; clocks (1258Mhz) (1649Mhz) 
2026-10-05 19:49:49 R_D8n3: lmx rc=0 {'tokSOut': 119.1, 'ttftMs': 317.13, 'promptTokens': 303, 'outputTokens': 256} samples: [119.1, 121.2, 117.6]
2026-10-05 19:49:49 R_D8n3: draft:  print_timing: id  0 | task 0 | draft acceptance = 0.76293 (  177 accepted /   232 generated), mean len =  3.27| print_timing: id  0 | task 82 | draft acceptance = 0.82273 (  181 accepted /   220 generated), mean len =  3.45| print_timing: id  0 | task 159 | draft acceptance = 0.83105 (  182 accepted /   219 generated), mean len =  3.49| print_timing: id  0 | task 235 | draft acceptance = 0.80000 
