[2026-07-29 01:45:00] === context ceiling ladder, f16 KV, 16 GB RX 9070 XT (desktop running) ===
[2026-07-29 01:45:05]   bonsai ctx=131072  OK   server=13.27 GiB  (5s)
[2026-07-29 01:45:14]   bonsai ctx=262144  DIED
      0.01.492.721 E llama_init_from_model: failed to initialize the context: failed to allocate buffer for kv cache
      0.01.492.725 E cmn  common_init_: failed to create context with model '/mnt/TG_2TB/AI/Models/Bonsai/Ternary-Bonsai-27B-Q2_g64.gguf'
      0.01.492.728 E cmn  common_init_: failed to create context with model '/mnt/TG_2TB/AI/Models/Bonsai/Ternary-Bonsai-27B-Q2_g64.gguf'
[2026-07-29 01:45:47]   gemma ctx=262144  OK   server=12.35 GiB  (28s)
[2026-07-29 01:45:53] === LADDER COMPLETE ===
model   ctx     kv   status  vram_used_B  server_B     load_s
bonsai  131072  f16  OK      16907710464  14246268928  5
bonsai  262144  f16  DIED    0            0            3
gemma   262144  f16  OK      13788766208  13262155776  28
[2026-07-29 01:46:26] === context ceiling ladder, f16 KV, 16 GB RX 9070 XT (desktop running) ===
[2026-07-29 01:46:34]   bonsai ctx=32768  OK   server=9.29 GiB  (8s)
[2026-07-29 01:46:43]   bonsai ctx=65536  OK   server=11.31 GiB  (3s)
[2026-07-29 01:46:51]   gemma ctx=32768  OK   server=7.64 GiB  (2s)
[2026-07-29 01:46:59]   gemma ctx=65536  OK   server=8.22 GiB  (2s)
[2026-07-29 01:47:05] === LADDER COMPLETE ===
model   ctx     kv   status  vram_used_B  server_B     load_s
bonsai  131072  f16  OK      16907710464  14246268928  5
bonsai  262144  f16  DIED    0            0            3
gemma   262144  f16  OK      13788766208  13262155776  28
bonsai  32768   f16  OK      11675205632  9975185408   8
bonsai  65536   f16  OK      13843574784  12139356160  3
gemma   32768   f16  OK      9928507392   8207065088   2
gemma   65536   f16  OK      10497814528  8826703872   2
