2026-09-28 20:31:29 clock offset remote-local +0.117 s (rtt 0.248)
2026-09-28 20:31:47 MTP off: server verified, warm-up discarded
2026-09-28 20:31:59 MTP off block 0 cfg E: 150.00 W, 1063 MHz;
2026-09-28 20:32:18   off E prose    dec  21.04 tok/s  pre    39.1
2026-09-28 20:32:37   off E explain  dec  21.05 tok/s  pre    36.9
2026-09-28 20:32:56   off E code     dec  21.06 tok/s  pre    37.8
2026-09-28 20:33:02   off E json     dec  20.97 tok/s  pre    35.9
2026-09-28 20:33:20   off E math     dec  21.00 tok/s  pre    36.8
2026-09-28 20:33:39   off E list     dec  21.05 tok/s  pre    33.6
2026-09-28 20:34:28   off E prefill  dec   0.00 tok/s  pre   127.4
2026-09-28 20:34:39 MTP off block 1 cfg P: 150.00 W, 1328 MHz;
2026-09-28 20:34:55   off P prose    dec  24.91 tok/s  pre    46.2
2026-09-28 20:35:12   off P explain  dec  24.79 tok/s  pre    44.3
2026-09-28 20:35:29   off P code     dec  23.77 tok/s  pre    45.6
2026-09-28 20:35:34   off P json     dec  22.17 tok/s  pre    40.0
2026-09-28 20:35:50   off P math     dec  23.33 tok/s  pre    43.6
2026-09-28 20:36:07   off P list     dec  23.25 tok/s  pre    40.7
2026-09-28 20:36:49   off P prefill  dec   0.00 tok/s  pre   147.5
2026-09-28 20:37:00 MTP off block 2 cfg B: 250.00 W, 1189 MHz;
2026-09-28 20:37:17   off B prose    dec  23.43 tok/s  pre    44.6
2026-09-28 20:37:33   off B explain  dec  25.09 tok/s  pre    41.8
2026-09-28 20:37:49   off B code     dec  25.11 tok/s  pre    46.3
2026-09-28 20:37:54   off B json     dec  25.00 tok/s  pre    42.1
2026-09-28 20:38:09   off B math     dec  25.14 tok/s  pre    45.1
2026-09-28 20:38:25   off B list     dec  24.86 tok/s  pre    41.0
2026-09-28 20:39:05   off B prefill  dec   0.00 tok/s  pre   155.9
2026-09-28 20:39:16 MTP off block 3 cfg B: 250.00 W, 1189 MHz;
2026-09-28 20:39:32   off B prose    dec  25.07 tok/s  pre    45.4
2026-09-28 20:39:48   off B explain  dec  25.11 tok/s  pre    43.6
2026-09-28 20:40:05   off B code     dec  23.78 tok/s  pre    46.3
2026-09-28 20:40:10   off B json     dec  25.08 tok/s  pre    42.2
2026-09-28 20:40:25   off B math     dec  24.88 tok/s  pre    45.2
2026-09-28 20:40:41   off B list     dec  24.77 tok/s  pre    40.7
2026-09-28 20:41:20   off B prefill  dec   0.00 tok/s  pre   155.8
2026-09-28 20:41:31 MTP off block 4 cfg P: 150.00 W, 1328 MHz;
2026-09-28 20:41:47   off P prose    dec  25.17 tok/s  pre    47.3
2026-09-28 20:42:04   off P explain  dec  24.39 tok/s  pre    44.5
2026-09-28 20:42:21   off P code     dec  23.47 tok/s  pre    45.7
2026-09-28 20:42:26   off P json     dec  22.27 tok/s  pre    42.5
2026-09-28 20:42:43   off P math     dec  22.30 tok/s  pre    44.0
2026-09-28 20:43:01   off P list     dec  22.26 tok/s  pre    40.7
2026-09-28 20:43:42   off P prefill  dec   0.00 tok/s  pre   147.9
2026-09-28 20:43:53 MTP off block 5 cfg E: 150.00 W, 1063 MHz;
2026-09-28 20:44:12   off E prose    dec  21.02 tok/s  pre    39.3
2026-09-28 20:44:31   off E explain  dec  21.09 tok/s  pre    37.1
2026-09-28 20:44:51   off E code     dec  21.10 tok/s  pre    38.1
2026-09-28 20:44:56   off E json     dec  21.08 tok/s  pre    36.0
2026-09-28 20:45:14   off E math     dec  21.07 tok/s  pre    36.9
2026-09-28 20:45:33   off E list     dec  21.05 tok/s  pre    34.0
2026-09-28 20:46:21   off E prefill  dec   0.00 tok/s  pre   127.7
2026-09-28 20:46:43 MTP on: server verified, warm-up discarded
2026-09-28 20:46:53 MTP on block 0 cfg E: 150.00 W, 1063 MHz;
2026-09-28 20:47:13   on E prose    dec  20.98 tok/s  pre    34.1  acc 203/374
2026-09-28 20:47:29   on E explain  dec  24.68 tok/s  pre    32.5  acc 227/326
2026-09-28 20:47:44   on E code     dec  28.44 tok/s  pre    33.6  acc 269/327
2026-09-28 20:47:49   on E json     dec  32.85 tok/s  pre    33.2  acc 60/60
2026-09-28 20:48:02   on E math     dec  30.04 tok/s  pre    33.7  acc 247/282
2026-09-28 20:48:20   on E list     dec  22.54 tok/s  pre    29.7  acc 216/365
2026-09-28 20:49:10   on E prefill  dec   0.00 tok/s  pre   122.4
2026-09-28 20:49:21 MTP on block 1 cfg P: 150.00 W, 1328 MHz;
2026-09-28 20:49:37   on P prose    dec  25.36 tok/s  pre    40.1  acc 199/381
2026-09-28 20:49:50   on P explain  dec  32.83 tok/s  pre    38.0  acc 224/316
2026-09-28 20:50:02   on P code     dec  35.27 tok/s  pre    39.8  acc 269/327
2026-09-28 20:50:06   on P json     dec  39.31 tok/s  pre    39.0  acc 60/60
2026-09-28 20:50:17   on P math     dec  36.71 tok/s  pre    39.2  acc 247/282
2026-09-28 20:50:30   on P list     dec  29.45 tok/s  pre    34.7  acc 216/365
2026-09-28 20:51:14   on P prefill  dec   0.00 tok/s  pre   142.3
2026-09-28 20:51:25 MTP on block 2 cfg B: 250.00 W, 1189 MHz;
2026-09-28 20:51:40   on B prose    dec  25.90 tok/s  pre    38.2  acc 199/381
2026-09-28 20:51:53   on B explain  dec  32.86 tok/s  pre    36.1  acc 224/316
2026-09-28 20:52:05   on B code     dec  35.28 tok/s  pre    39.9  acc 269/327
2026-09-28 20:52:09   on B json     dec  39.28 tok/s  pre    40.4  acc 60/60
2026-09-28 20:52:20   on B math     dec  34.85 tok/s  pre    40.6  acc 247/282
2026-09-28 20:52:34   on B list     dec  29.41 tok/s  pre    33.2  acc 216/365
2026-09-28 20:53:15   on B prefill  dec   0.00 tok/s  pre   150.1
2026-09-28 20:53:26 MTP on block 3 cfg B: 250.00 W, 1189 MHz;
2026-09-28 20:53:41   on B prose    dec  27.64 tok/s  pre    38.6  acc 199/381
2026-09-28 20:53:54   on B explain  dec  32.47 tok/s  pre    38.6  acc 224/316
2026-09-28 20:54:06   on B code     dec  34.61 tok/s  pre    39.9  acc 269/327
2026-09-28 20:54:10   on B json     dec  39.35 tok/s  pre    38.7  acc 60/60
2026-09-28 20:54:21   on B math     dec  36.67 tok/s  pre    40.7  acc 247/282
2026-09-28 20:54:34   on B list     dec  29.35 tok/s  pre    35.3  acc 216/365
2026-09-28 20:55:16   on B prefill  dec   0.00 tok/s  pre   150.1
2026-09-28 20:55:26 MTP on block 4 cfg P: 150.00 W, 1328 MHz;
2026-09-28 20:55:41   on P prose    dec  27.70 tok/s  pre    40.5  acc 199/381
2026-09-28 20:55:54   on P explain  dec  32.91 tok/s  pre    38.1  acc 224/316
2026-09-28 20:56:06   on P code     dec  35.28 tok/s  pre    40.1  acc 269/327
2026-09-28 20:56:10   on P json     dec  39.34 tok/s  pre    39.2  acc 60/60
2026-09-28 20:56:20   on P math     dec  36.66 tok/s  pre    39.7  acc 247/282
2026-09-28 20:56:34   on P list     dec  29.47 tok/s  pre    35.0  acc 216/365
2026-09-28 20:57:18   on P prefill  dec   0.00 tok/s  pre   142.4
2026-09-28 20:57:28 MTP on block 5 cfg E: 150.00 W, 1063 MHz;
2026-09-28 20:57:46   on E prose    dec  23.26 tok/s  pre    34.3  acc 199/381
2026-09-28 20:58:01   on E explain  dec  27.63 tok/s  pre    32.5  acc 224/316
2026-09-28 20:58:15   on E code     dec  29.55 tok/s  pre    33.8  acc 269/327
2026-09-28 20:58:20   on E json     dec  32.96 tok/s  pre    33.1  acc 60/60
2026-09-28 20:58:32   on E math     dec  30.71 tok/s  pre    33.7  acc 247/282
2026-09-28 20:58:49   on E list     dec  24.70 tok/s  pre    29.7  acc 216/365
2026-09-28 20:59:39   on E prefill  dec   0.00 tok/s  pre   123.1
2026-09-28 20:59:39 ALL_DONE
2026-09-28 20:59:43 restored efficiency config: 150.00 W, 1063 MHz;
