..........................................................................................................done
...done

task	acc_norm
1	100.00000000
2	50.00000000
3	33.33333333
4	50.00000000
5	40.00000000
6	33.33333333
7	42.85714286
8	50.00000000
9	55.55555556
10	60.00000000
11	54.54545455
12	58.33333333
13	53.84615385
14	50.00000000
15	53.33333333
16	56.25000000
17	52.94117647
18	50.00000000
19	47.36842105
20	45.00000000
21	42.85714286
22	45.45454545
23	43.47826087
24	45.83333333
25	48.00000000
26	50.00000000
27	48.14814815
28	46.42857143
29	44.82758621
30	46.66666667
31	48.38709677
32	50.00000000
33	51.51515152
34	52.94117647
35	51.42857143
36	50.00000000
37	51.35135135
38	50.00000000
39	51.28205128
40	50.00000000
41	51.21951220
42	50.00000000
43	48.83720930
44	47.72727273
45	48.88888889
46	47.82608696
47	48.93617021
48	47.91666667
49	46.93877551
50	46.00000000
51	45.09803922
52	44.23076923
53	45.28301887
54	46.29629630
55	45.45454545
56	44.64285714
57	43.85964912
58	44.82758621
59	45.76271186
60	46.66666667
61	47.54098361
62	48.38709677
63	47.61904762
64	48.43750000
65	47.69230769
66	48.48484848
67	49.25373134
68	48.52941176
69	47.82608696
70	47.14285714
71	46.47887324
72	45.83333333
73	45.20547945
74	45.94594595
75	46.66666667
76	46.05263158
77	45.45454545
78	44.87179487
79	44.30379747
80	43.75000000
81	44.44444444
82	43.90243902
83	44.57831325
84	45.23809524
85	45.88235294
86	46.51162791
87	47.12643678
88	47.72727273
89	48.31460674
90	47.77777778
91	48.35164835
92	47.82608696
93	48.38709677
94	47.87234043
95	48.42105263
96	48.95833333
97	49.48453608
98	48.97959184
99	48.48484848
100	49.00000000
101	49.50495050
102	50.00000000
103	50.48543689
104	50.96153846
105	50.47619048
106	50.94339623
107	51.40186916
108	51.85185185
109	52.29357798
110	51.81818182
111	51.35135135
112	50.89285714
113	50.44247788
114	50.00000000
115	50.43478261
116	50.86206897
117	51.28205128
118	51.69491525
119	52.10084034
120	51.66666667
121	52.06611570
122	51.63934426
123	51.21951220
124	51.61290323
125	51.20000000
126	51.58730159
127	51.18110236
128	51.56250000
129	51.93798450
130	52.30769231
131	51.90839695
132	51.51515152
133	51.87969925
134	51.49253731
135	51.11111111
136	51.47058824
137	51.82481752
138	51.44927536
139	51.07913669
140	50.71428571
141	51.06382979
142	50.70422535
143	50.34965035
144	50.00000000
145	50.34482759
146	50.00000000
147	49.65986395
148	49.32432432
149	48.99328859
150	49.33333333
151	49.00662252
152	48.68421053
153	49.01960784
154	49.35064935
155	49.03225806
156	48.71794872
157	48.40764331
158	48.10126582
159	47.79874214
160	47.50000000
161	47.20496894
162	46.91358025
163	47.23926380
164	46.95121951
165	47.27272727
166	46.98795181
167	46.70658683
168	46.42857143
169	46.15384615
170	45.88235294
171	46.19883041
172	46.51162791
173	46.24277457
174	45.97701149
175	45.71428571
176	45.45454545
177	45.76271186
178	45.50561798
179	45.25139665
180	45.55555556
181	45.85635359
182	46.15384615
183	45.90163934
184	45.65217391
185	45.40540541
186	45.16129032
187	44.91978610
188	44.68085106
189	44.97354497
190	45.26315789
191	45.02617801
192	45.31250000
193	45.07772021
194	45.36082474
195	45.64102564
196	45.40816327
197	45.17766497
198	44.94949495
199	45.22613065
200	45.50000000
201	45.77114428
202	46.03960396
203	46.30541872
204	46.07843137
205	46.34146341
206	46.11650485
207	46.37681159
208	46.63461538
209	46.88995215
210	46.66666667
211	46.91943128
212	46.69811321
213	46.47887324
214	46.26168224
215	46.51162791
216	46.75925926
217	46.54377880
218	46.33027523
219	46.11872146
220	46.36363636
221	46.15384615
222	46.39639640
223	46.18834081
224	45.98214286
225	45.77777778
226	46.01769912
227	46.25550661
228	46.05263158
229	46.28820961
230	46.52173913
231	46.32034632
232	46.55172414
233	46.78111588
234	46.58119658
235	46.38297872
236	46.61016949
237	46.41350211
238	46.21848739
239	46.44351464
240	46.66666667
241	46.88796680
242	46.69421488
243	46.50205761
244	46.72131148
245	46.53061224
246	46.34146341
247	46.55870445
248	46.37096774
249	46.18473896
250	46.00000000
251	46.21513944
252	46.03174603
253	46.24505929
254	46.06299213
255	45.88235294
256	45.70312500
257	45.91439689
258	45.73643411
259	45.55984556
260	45.76923077
261	45.59386973
262	45.80152672
263	46.00760456
264	46.21212121
265	46.03773585
266	46.24060150
267	46.06741573
268	46.26865672
269	46.09665428
270	45.92592593
271	46.12546125
272	46.32352941
273	46.15384615
274	46.35036496
275	46.18181818
276	46.37681159
277	46.57039711
278	46.76258993
279	46.95340502
280	46.78571429
281	46.97508897
282	47.16312057
283	46.99646643
284	47.18309859
285	47.01754386
286	46.85314685
287	46.68989547
288	46.87500000
289	47.05882353
290	47.24137931
291	47.07903780
292	47.26027397
293	47.44027304
294	47.61904762
295	47.45762712
296	47.63513514
297	47.47474747
298	47.65100671
299	47.82608696
300	47.66666667
301	47.84053156
302	48.01324503
303	47.85478548
304	48.02631579
305	47.86885246
306	48.03921569
307	47.88273616
308	48.05194805
309	48.22006472
310	48.38709677
311	48.23151125
312	48.07692308
313	48.24281150
314	48.40764331
315	48.25396825
316	48.41772152
317	48.26498423
318	48.11320755
319	47.96238245
320	47.81250000
321	47.66355140
322	47.82608696
323	47.98761610
324	47.83950617
325	48.00000000
326	47.85276074
327	48.01223242
328	47.86585366
329	48.02431611
330	48.18181818
331	48.03625378
332	48.19277108
333	48.34834835
334	48.50299401
335	48.65671642
336	48.80952381
337	48.66468843
338	48.52071006
339	48.37758112
340	48.23529412
341	48.38709677
342	48.53801170
343	48.39650146
344	48.54651163
345	48.69565217
346	48.84393064
347	48.70317003
348	48.85057471
349	48.71060172
350	48.57142857
351	48.43304843
352	48.57954545
353	48.72521246
354	48.58757062
355	48.73239437
356	48.87640449
357	49.01960784
358	48.88268156
359	49.02506964
360	49.16666667
361	49.30747922
362	49.17127072
363	49.03581267
364	49.17582418
365	49.31506849
366	49.45355191
367	49.31880109
368	49.18478261
369	49.32249322
370	49.45945946
371	49.32614555
372	49.46236559
373	49.32975871
374	49.46524064
375	49.33333333
376	49.46808511
377	49.33687003
378	49.20634921
379	49.34036939
380	49.47368421
381	49.34383202
382	49.47643979
383	49.60835509
384	49.47916667
385	49.35064935
386	49.22279793
387	49.09560724
388	49.22680412
389	49.35732648
390	49.48717949
391	49.61636829
392	49.48979592
393	49.36386768
394	49.49238579
395	49.62025316
396	49.74747475
397	49.62216625
398	49.49748744
399	49.62406015
400	49.75000000
401	49.87531172
402	50.00000000
403	50.12406948
404	50.00000000
405	49.87654321
406	50.00000000
407	49.87714988
408	50.00000000
409	49.87775061
410	49.75609756
411	49.63503650
412	49.75728155
413	49.63680387
414	49.75845411
415	49.87951807
416	49.75961538
417	49.64028777
418	49.52153110
419	49.40334129
420	49.52380952
421	49.64370546
422	49.76303318
423	49.64539007
424	49.52830189
425	49.64705882
426	49.53051643
427	49.41451991
428	49.29906542
429	49.18414918
430	49.30232558
431	49.41995360
432	49.53703704
433	49.42263279
434	49.53917051
435	49.65517241
436	49.54128440
437	49.65675057
438	49.54337900
439	49.43052392
440	49.54545455
441	49.43310658
442	49.32126697
443	49.43566591
444	49.32432432
445	49.21348315
446	49.32735426
447	49.44071588
448	49.55357143
449	49.66592428
450	49.55555556
451	49.44567627
452	49.33628319
453	49.22737307
454	49.11894273
455	49.23076923
456	49.34210526
457	49.45295405
458	49.56331878
459	49.67320261
460	49.56521739
461	49.45770065
462	49.35064935
463	49.24406048
464	49.35344828
465	49.24731183
466	49.14163090
467	49.03640257
468	48.93162393
469	49.04051173
470	48.93617021
471	48.83227176
472	48.72881356
473	48.62579281
474	48.52320675
475	48.63157895
476	48.52941176
477	48.42767296
478	48.32635983
479	48.22546973
480	48.33333333
481	48.44074844
482	48.54771784
483	48.44720497
484	48.34710744
485	48.45360825
486	48.55967078
487	48.66529774
488	48.56557377
489	48.67075665
490	48.77551020
491	48.67617108
492	48.57723577
493	48.47870183
494	48.58299595
495	48.68686869
496	48.58870968
497	48.69215292
498	48.59437751
499	48.69739479
500	48.60000000
501	48.70259481
502	48.80478088
503	48.90656064
504	48.80952381
505	48.71287129
506	48.81422925
507	48.91518738
508	49.01574803
509	49.11591356
510	49.01960784
511	48.92367906
512	49.02343750
513	49.12280702
514	49.02723735
515	49.12621359
516	49.22480620
517	49.12959381
518	49.03474903
519	48.94026975
520	49.03846154
521	48.94433781
522	48.85057471
523	48.94837476
524	48.85496183
525	48.76190476
526	48.66920152
527	48.76660342
528	48.86363636
529	48.96030246
530	49.05660377
531	49.15254237
532	49.24812030
533	49.34333959
534	49.43820225
535	49.34579439
536	49.25373134
537	49.34823091
538	49.25650558
539	49.16512059
540	49.25925926
541	49.35304991
542	49.44649446
543	49.53959484
544	49.63235294
545	49.72477064
546	49.63369963
547	49.72577697
548	49.63503650
549	49.54462659
550	49.63636364
551	49.54627949
552	49.45652174
553	49.54792043
554	49.63898917
555	49.54954955
556	49.64028777
557	49.73070018
558	49.82078853
559	49.91055456
560	49.82142857
561	49.91087344
562	49.82206406
563	49.73357016
564	49.64539007
565	49.73451327
566	49.82332155
567	49.91181658
568	49.82394366
569	49.91212654
570	50.00000000
571	50.08756567
572	50.17482517
573	50.08726003
574	50.17421603
575	50.26086957
576	50.34722222
577	50.25996534
578	50.17301038
579	50.25906736
580	50.17241379
581	50.08605852
582	50.17182131
583	50.08576329
584	50.00000000
585	49.91452991
586	49.82935154
587	49.91482112
588	49.82993197
589	49.74533107
590	49.66101695
591	49.57698816
592	49.49324324
593	49.40978078
594	49.32659933
595	49.41176471
596	49.32885906
597	49.24623116
598	49.16387960
599	49.24874791
600	49.33333333
601	49.25124792
602	49.16943522
603	49.08789386
604	49.17218543
605	49.25619835
606	49.33993399
607	49.42339374
608	49.34210526
609	49.26108374
610	49.18032787
611	49.26350245
612	49.34640523
613	49.26590538
614	49.18566775
615	49.10569106
616	49.18831169
617	49.10858995
618	49.19093851
619	49.27302100
620	49.35483871
621	49.43639291
622	49.51768489
623	49.43820225
624	49.51923077
625	49.60000000
626	49.52076677
627	49.44178628
628	49.52229299
629	49.60254372
630	49.52380952
631	49.44532488
632	49.36708861
633	49.44707741
634	49.36908517
635	49.44881890
636	49.37106918
637	49.45054945
638	49.52978056
639	49.60876369
640	49.68750000
641	49.76599064
642	49.84423676
643	49.92223950
644	49.84472050
645	49.92248062
646	49.84520124
647	49.76816074
648	49.69135802
649	49.61479199
650	49.53846154
651	49.61597542
652	49.69325153
653	49.77029096
654	49.69418960
655	49.61832061
656	49.54268293
657	49.61948250
658	49.54407295
659	49.62063733
660	49.69696970
661	49.77307110
662	49.69788520
663	49.77375566
664	49.84939759
665	49.92481203
666	49.84984985
667	49.92503748
668	49.85029940
669	49.92526158
670	50.00000000
671	50.07451565
672	50.14880952
673	50.22288262
674	50.14836795
675	50.22222222
676	50.14792899
677	50.22156573
678	50.14749263
679	50.22091311
680	50.29411765
681	50.22026432
682	50.29325513
683	50.21961933
684	50.29239766
685	50.36496350
686	50.29154519
687	50.36390102
688	50.29069767
689	50.36284470
690	50.28985507
691	50.36179450
692	50.28901734
693	50.36075036
694	50.28818444
695	50.21582734
696	50.14367816
697	50.21520803
698	50.14326648
699	50.21459227
700	50.28571429
701	50.21398003
702	50.28490028
703	50.21337127
704	50.28409091
705	50.35460993
706	50.28328612
707	50.21216407
708	50.14124294
709	50.07052186
710	50.14084507
711	50.07032349
712	50.14044944
713	50.21037868
714	50.28011204
715	50.34965035
716	50.41899441
717	50.48814505
718	50.41782730
719	50.34770515
720	50.27777778
721	50.20804438
722	50.13850416
723	50.20746888
724	50.27624309
725	50.34482759
726	50.41322314
727	50.34387895
728	50.27472527
729	50.34293553
730	50.27397260
731	50.20519836
732	50.13661202
733	50.06821282
734	50.00000000
735	50.06802721
736	50.00000000
737	49.93215739
738	49.86449864
739	49.93234100
740	50.00000000
741	49.93252362
742	50.00000000
743	50.06729475
744	50.00000000
745	49.93288591
746	49.86595174
747	49.79919679
748	49.86631016
749	49.93324433
750	49.86666667
751	49.80026631
752	49.73404255
753	49.66799469
754	49.73474801
755	49.66887417
756	49.73544974
757	49.80184941
758	49.73614776
759	49.67061924
760	49.60526316
761	49.67148489
762	49.60629921
763	49.67234600
764	49.73821990
765	49.67320261
766	49.73890339
767	49.67405476
768	49.73958333
769	49.67490247
770	49.61038961
771	49.67574578
772	49.74093264
773	49.80595084
774	49.74160207
775	49.80645161
776	49.74226804
777	49.67824968
778	49.61439589
779	49.55070603
780	49.61538462
781	49.55185659
782	49.48849105
783	49.55300128
784	49.61734694
785	49.55414013
786	49.61832061
787	49.55527319
788	49.61928934
789	49.55640051
790	49.62025316
791	49.68394437
792	49.62121212
793	49.55863808
794	49.49622166
795	49.43396226
796	49.37185930
797	49.43538269
798	49.49874687
799	49.56195244
800	49.50000000
801	49.43820225
802	49.37655860
803	49.31506849
804	49.25373134
805	49.31677019
806	49.25558313
807	49.19454771
808	49.13366337
809	49.19653894
810	49.13580247
811	49.19852035
812	49.13793103
813	49.20049200
814	49.26289926
815	49.20245399
816	49.26470588
817	49.20440636
818	49.14425428
819	49.08424908
820	49.02439024
821	49.08647990
822	49.02676399
823	49.08869988
824	49.02912621
825	48.96969697
826	49.03147700
827	49.09310762
828	49.15458937
829	49.09529554
830	49.03614458
831	48.97713598
832	48.91826923
833	48.97959184
834	48.92086331
835	48.98203593
836	49.04306220
837	48.98446834
838	49.04534606
839	49.10607867
840	49.04761905
841	49.10820452
842	49.16864608
843	49.22894425
844	49.17061611
845	49.11242604
846	49.17257683
847	49.23258560
848	49.17452830
849	49.23439340
850	49.29411765
851	49.35370153
852	49.29577465
853	49.23798359
854	49.29742389
855	49.35672515
856	49.41588785
857	49.35822637
858	49.30069930
859	49.24330617
860	49.30232558
861	49.36120790
862	49.30394432
863	49.36268830
864	49.42129630
865	49.36416185
866	49.30715935
867	49.25028835
868	49.19354839
869	49.25201381
870	49.19540230
871	49.25373134
872	49.19724771
873	49.25544101
874	49.31350114
875	49.37142857
876	49.42922374
877	49.48688712
878	49.54441913
879	49.48805461
880	49.43181818
881	49.37570942
882	49.43310658
883	49.49037373
884	49.43438914
885	49.49152542
886	49.43566591
887	49.49267193
888	49.43693694
889	49.49381327
890	49.55056180
891	49.49494949
892	49.55156951
893	49.49608063
894	49.55257271
895	49.60893855
896	49.55357143
897	49.60981048
898	49.55456570
899	49.61067853
900	49.55555556
901	49.61154273
902	49.66740576
903	49.61240310
904	49.66814159
905	49.72375691
906	49.77924945
907	49.72436604
908	49.66960352
909	49.61496150
910	49.56043956
911	49.61580681
912	49.56140351
913	49.50711939
914	49.45295405
915	49.39890710
916	49.45414847
917	49.50926936
918	49.45533769
919	49.40152339
920	49.34782609
921	49.40282302
922	49.45770065
923	49.51245937
924	49.45887446
925	49.40540541
926	49.35205184
927	49.29881338
928	49.24568966
929	49.19268030
930	49.13978495
931	49.08700322
932	49.03433476
933	49.08896034
934	49.03640257
935	49.09090909
936	49.03846154
937	49.09284952
938	49.04051173
939	49.09478168
940	49.04255319
941	48.99043571
942	49.04458599
943	49.09862142
944	49.15254237
945	49.20634921
946	49.26004228
947	49.20802534
948	49.15611814
949	49.10432034
950	49.05263158
951	49.00105152
952	48.94957983
953	49.00314795
954	49.05660377
955	49.00523560
956	49.05857741
957	49.00731452
958	48.95615866
959	48.90510949
960	48.95833333
961	49.01144641
962	49.06444906
963	49.01349948
964	49.06639004
965	49.11917098
966	49.17184265
967	49.12099276
968	49.17355372
969	49.22600619
970	49.17525773
971	49.12461380
972	49.17695473
973	49.12641316
974	49.17864476
975	49.23076923
976	49.28278689
977	49.23234391
978	49.18200409
979	49.13176711
980	49.08163265
981	49.13353721
982	49.08350305
983	49.03357070
984	48.98373984
985	49.03553299
986	48.98580122
987	48.93617021
988	48.88663968
989	48.83720930
990	48.78787879
991	48.83955600
992	48.79032258
993	48.74118832
994	48.79275654
995	48.84422111
996	48.89558233
997	48.94684052
998	48.89779559
999	48.84884885
1000	48.90000000
1001	48.95104895
1002	48.90219561
1003	48.95314058
1004	48.90438247
1005	48.95522388
1006	48.90656064
1007	48.95729891
1008	48.90873016
1009	48.86025768
1010	48.91089109
1011	48.96142433
1012	49.01185771
1013	49.06219151
1014	49.11242604
1015	49.06403941
1016	49.11417323
1017	49.16420846
1018	49.21414538
1019	49.16584887
1020	49.21568627
1021	49.26542605
1022	49.31506849
1023	49.36461388
1024	49.31640625
1025	49.36585366
1026	49.31773879
1027	49.26971762
1028	49.31906615
1029	49.36831876
1030	49.41747573
1031	49.36954413
1032	49.32170543
1033	49.37076476
1034	49.32301741
1035	49.27536232
1036	49.22779923
1037	49.27675988
1038	49.22928709
1039	49.27815207
1040	49.23076923
1041	49.18347743
1042	49.23224568
1043	49.28092042
1044	49.32950192
1045	49.37799043
1046	49.33078394
1047	49.37917861
1048	49.42748092
1049	49.38036225
1050	49.33333333
1051	49.28639391
1052	49.33460076
1053	49.28774929
1054	49.33586338
1055	49.38388626
1056	49.43181818
1057	49.38505203
1058	49.43289225
1059	49.48064212
1060	49.52830189
1061	49.57587182
1062	49.52919021
1063	49.48259643
1064	49.53007519
1065	49.48356808
1066	49.43714822
1067	49.48453608
1068	49.53183521
1069	49.57904584
1070	49.53271028
1071	49.57983193
1072	49.53358209
1073	49.48741845
1074	49.53445065
1075	49.58139535
1076	49.53531599
1077	49.48932219
1078	49.44341373
1079	49.39759036
1080	49.44444444
1081	49.49121184
1082	49.44547135
1083	49.39981533
1084	49.44649446
1085	49.40092166
1086	49.35543278
1087	49.31002760
1088	49.35661765
1089	49.31129477
1090	49.35779817
1091	49.40421632
1092	49.45054945
1093	49.40530650
1094	49.36014625
1095	49.40639269
1096	49.36131387
1097	49.40747493
1098	49.36247723
1099	49.31756142
1100	49.36363636
1101	49.40962761
1102	49.45553539
1103	49.41069810
1104	49.36594203
1105	49.32126697
1106	49.27667269
1107	49.32249322
1108	49.36823105
1109	49.41388638
1110	49.36936937
1111	49.41494149
1112	49.37050360
1113	49.32614555
1114	49.37163375
1115	49.41704036
1116	49.37275986
1117	49.32855864
1118	49.28443649
1119	49.24039321
1120	49.19642857
1121	49.24174844
1122	49.19786096
1123	49.15405165
1124	49.11032028
1125	49.15555556
1126	49.20071048
1127	49.24578527
1128	49.29078014
1129	49.24712135
1130	49.20353982
1131	49.24845270
1132	49.29328622
1133	49.24977935
1134	49.29453263
1135	49.33920705
1136	49.38380282
1137	49.34036939
1138	49.38488576
1139	49.42932397
1140	49.38596491
1141	49.34268186
1142	49.38704028
1143	49.43132108
1144	49.47552448
1145	49.43231441
1146	49.38917976
1147	49.34612031
1148	49.30313589
1149	49.34725849
1150	49.39130435
1151	49.43527368
1152	49.47916667
1153	49.43625325
1154	49.39341421
1155	49.35064935
1156	49.30795848
1157	49.26534140
1158	49.30915371
1159	49.26660915
1160	49.31034483
1161	49.35400517
1162	49.39759036
1163	49.35511608
1164	49.31271478
1165	49.27038627
1166	49.31389365
1167	49.35732648
1168	49.31506849
1169	49.35842601
1170	49.40170940
1171	49.44491887
1172	49.48805461


