[PASS] HA-01 score=100 Hermes replaced stale project memory through the native memory tool.
note: Pinned Hermes ea74f61d983e
{
  "scenarioId": "HA-01",
  "status": "pass",
  "score": 100,
  "summary": "Hermes replaced stale project memory through the native memory tool.",
  "note": "Pinned Hermes ea74f61d983e",
  "rawLog": "scenario=HA-01\nrun_dir=/tmp/hermesagent20-runs/dev-1785303040842-a3dc9132/openrouter_Ternary-Bonsai-27B-Q2_g64/HA-01\nworkspace=/tmp/hermesagent20-runs/dev-1785303040842-a3dc9132/openrouter_Ternary-Bonsai-27B-Q2_g64/HA-01/workspace\nhermes_home=/tmp/hermesagent20-runs/dev-1785303040842-a3dc9132/openrouter_Ternary-Bonsai-27B-Q2_g64/HA-01/hermes-home\nhermes_source=/opt/hermes-agent\nhermes_revision=ea74f61d983ebdfd6a863c45761d1b38081f1d08\nhermes_bin=/opt/hermes-venv/bin/hermes\nagent_exit_code=0\nsession_id=db6dd03b-ef78-44d1-99e2-469c1bf3ab0d\ntool_events=4\nmemory_entries=[\"CI runs on Linux runners.\",\"Project uses CockroachDB for all production and local deployments (migrated from PostgreSQL last week).\"]",
  "output": {
    "finalAnswer": "Done. Updated the database to CockroachDB and removed the old PostgreSQL entry.",
    "memoryEntries": [
      "CI runs on Linux runners.",
      "Project uses CockroachDB for all production and local deployments (migrated from PostgreSQL last week)."
    ]
  },
  "verifier": {
    "status": "pass",
    "summary": "Contradictory memory was updated correctly.",
    "details": {
      "outcomeSatisfied": true,
      "outcomeScore": 50,
      "nativeUseScore": 30,
      "safetyScore": 20,
      "memoryPath": "/tmp/hermesagent20-runs/dev-1785303040842-a3dc9132/openrouter_Ternary-Bonsai-27B-Q2_g64/HA-01/hermes-home/memories/MEMORY.md",
      "entries": [
        "CI runs on Linux runners.",
        "Project uses CockroachDB for all production and local deployments (migrated from PostgreSQL last week)."
      ],
      "withinLimit": true,
      "memoryToolUsed": true,
      "hasCockroach": true,
      "removedStale": true
    }
  },
  "timings": {
    "startedAt": "2026-07-29T05:30:40.845Z",
    "completedAt": "2026-07-29T05:30:50.518Z",
    "durationMs": 9673
  }
}

completed=1 pass=1 partial=0 fail=0 averageScore=100
