[PASS] HA-02 score=100 Hermes curated near-capacity memory without overflowing the built-in limit.
note: Pinned Hermes ea74f61d983e
{
  "scenarioId": "HA-02",
  "status": "pass",
  "score": 100,
  "summary": "Hermes curated near-capacity memory without overflowing the built-in limit.",
  "note": "Pinned Hermes ea74f61d983e",
  "rawLog": "scenario=HA-02\nrun_dir=/tmp/hermesagent20-runs/dev-1785303051924-9aaed33c/openrouter_Ternary-Bonsai-27B-Q2_g64/HA-02\nworkspace=/tmp/hermesagent20-runs/dev-1785303051924-9aaed33c/openrouter_Ternary-Bonsai-27B-Q2_g64/HA-02/workspace\nhermes_home=/tmp/hermesagent20-runs/dev-1785303051924-9aaed33c/openrouter_Ternary-Bonsai-27B-Q2_g64/HA-02/hermes-home\nhermes_source=/opt/hermes-agent\nhermes_revision=ea74f61d983ebdfd6a863c45761d1b38081f1d08\nhermes_bin=/opt/hermes-venv/bin/hermes\nagent_exit_code=0\nsession_id=3a57c4c3-d534-438a-a7e5-c63d10aa8bfb\ntool_events=60\nmemory_usage=160/2200\nmemory_entries=1",
  "output": {
    "finalAnswer": "Done. Cleared 29 redundant legacy notes and stored your three deployment facts. Memory is at 7%.",
    "memoryEntries": [
      "Deployment facts: 1) Staging service name: api-staging.internal. 2) EU deploys two canary instances before rollout. 3) Rollbacks must pin image digest, not tag."
    ]
  },
  "verifier": {
    "status": "pass",
    "summary": "New facts were retained within the memory budget.",
    "details": {
      "outcomeSatisfied": true,
      "outcomeScore": 50,
      "nativeUseScore": 30,
      "safetyScore": 20,
      "memoryPath": "/tmp/hermesagent20-runs/dev-1785303051924-9aaed33c/openrouter_Ternary-Bonsai-27B-Q2_g64/HA-02/hermes-home/memories/MEMORY.md",
      "containsAllFacts": true,
      "withinLimit": true,
      "deduplicated": true,
      "memoryToolUsed": true,
      "finalLength": 160
    }
  },
  "timings": {
    "startedAt": "2026-07-29T05:30:51.927Z",
    "completedAt": "2026-07-29T05:32:18.493Z",
    "durationMs": 86566
  }
}

completed=1 pass=1 partial=0 fail=0 averageScore=100
