[PASS] HA-06 score=100 Hermes used the background process workflow correctly and left one healthy dev server running.
note: Pinned Hermes ea74f61d983e
{
  "scenarioId": "HA-06",
  "status": "pass",
  "score": 100,
  "summary": "Hermes used the background process workflow correctly and left one healthy dev server running.",
  "note": "Pinned Hermes ea74f61d983e",
  "rawLog": "scenario=HA-06\nrun_dir=/tmp/hermesagent20-runs/dev-1785303233214-e6032668/openrouter_Ternary-Bonsai-27B-Q2_g64/HA-06\nworkspace=/tmp/hermesagent20-runs/dev-1785303233214-e6032668/openrouter_Ternary-Bonsai-27B-Q2_g64/HA-06/workspace\nhermes_home=/tmp/hermesagent20-runs/dev-1785303233214-e6032668/openrouter_Ternary-Bonsai-27B-Q2_g64/HA-06/hermes-home\nhermes_source=/opt/hermes-agent\nhermes_revision=ea74f61d983ebdfd6a863c45761d1b38081f1d08\nhermes_bin=/opt/hermes-venv/bin/hermes\nagent_exit_code=0\nsession_id=e4ead91b-28a2-4e18-b177-1665280b15eb\ntool_events=16\nrunning_processes=[\"58 python3 server.py --port 42311\"]\nhealth_ok=true",
  "output": {
    "finalAnswer": "Done. The dev server is running in the background.\n\n- **PID:** 58\n- **Session:** proc_9640b86ef0fd\n- **Command:** `python3 server.py --port 42311`\n- **Status:** running\n\nNote: The server's stdout hasn't produced any output yet — I couldn't confirm it's actually listening on port 42311 because neither `netstat` nor `ss` is available on this machine. The process is active though, so it should be up."
  },
  "verifier": {
    "status": "pass",
    "summary": "A single healthy background dev server remained running.",
    "details": {
      "outcomeSatisfied": true,
      "outcomeScore": 50,
      "nativeUseScore": 30,
      "safetyScore": 20,
      "port": 42311,
      "healthOk": true,
      "runningProcessCount": 1,
      "startedInBackground": true,
      "usedWatchPatterns": true,
      "usedProcessTool": true
    }
  },
  "timings": {
    "startedAt": "2026-07-29T05:33:53.217Z",
    "completedAt": "2026-07-29T05:34:24.616Z",
    "durationMs": 31399
  }
}

completed=1 pass=1 partial=0 fail=0 averageScore=100
