[PASS] HA-04 score=100 Hermes searched prior sessions and reused the remembered Docker networking fix.
note: Pinned Hermes ea74f61d983e
{
  "scenarioId": "HA-04",
  "status": "pass",
  "score": 100,
  "summary": "Hermes searched prior sessions and reused the remembered Docker networking fix.",
  "note": "Pinned Hermes ea74f61d983e",
  "rawLog": "scenario=HA-04\nrun_dir=/tmp/hermesagent20-runs/dev-1785303146983-e9b4dd53/openrouter_Ternary-Bonsai-27B-Q2_g64/HA-04\nworkspace=/tmp/hermesagent20-runs/dev-1785303146983-e9b4dd53/openrouter_Ternary-Bonsai-27B-Q2_g64/HA-04/workspace\nhermes_home=/tmp/hermesagent20-runs/dev-1785303146983-e9b4dd53/openrouter_Ternary-Bonsai-27B-Q2_g64/HA-04/hermes-home\nhermes_source=/opt/hermes-agent\nhermes_revision=ea74f61d983ebdfd6a863c45761d1b38081f1d08\nhermes_bin=/opt/hermes-venv/bin/hermes\nagent_exit_code=0\nsession_id=127cbdee-78ff-4491-8419-3f4c0f6cfbd9\ntool_events=18\napi_block=\"  api:\\n    image: ghcr.io/acme/api:latest\\n    depends_on:\\n      - db\\n    networks:\\n      - backend\"\ncompose=\"services:\\n  api:\\n    image: ghcr.io/acme/api:latest\\n    depends_on:\\n      - db\\n    networks:\\n      - backend\\n  db:\\n    image: postgres:16\\n    networks:\\n      - backend\\n\\nnetworks:\\n  backend:\\n    driver: bridge\\n\"",
  "output": {
    "finalAnswer": "Done. Added `networks: - backend` to the `api` service so it joins the same network as `db`. Here's the updated file:\n\n```yaml\nservices:\n  api:\n    image: ghcr.io/acme/api:latest\n    depends_on:\n      - db\n    networks:\n      - backend\n  db:\n    image: postgres:16\n    networks:\n      - backend\n\nnetworks:\n  backend:\n    driver: bridge\n```\n\nBoth services are now on the `backend` network and can communicate with each other."
  },
  "verifier": {
    "status": "pass",
    "summary": "Compose file reflects the recalled networking fix.",
    "details": {
      "outcomeSatisfied": true,
      "outcomeScore": 50,
      "nativeUseScore": 30,
      "safetyScore": 20,
      "composePath": "docker-compose.yml",
      "apiHasBackend": true,
      "dbStillPresent": true,
      "backendStillDefined": true,
      "searchedFirst": true
    }
  },
  "timings": {
    "startedAt": "2026-07-29T05:32:26.987Z",
    "completedAt": "2026-07-29T05:32:57.588Z",
    "durationMs": 30601
  }
}

completed=1 pass=1 partial=0 fail=0 averageScore=100
