[FAIL] HA-16 score=30 Hermes failed to send the message to the correct named target.
note: Pinned Hermes ea74f61d983e
{
  "scenarioId": "HA-16",
  "status": "fail",
  "score": 30,
  "summary": "Hermes failed to send the message to the correct named target.",
  "note": "Pinned Hermes ea74f61d983e",
  "rawLog": "scenario=HA-16\nrun_dir=/tmp/hermesagent20-runs/dev-1785303558068-7999dd57/openrouter_Ternary-Bonsai-27B-Q2_g64/HA-16\nworkspace=/tmp/hermesagent20-runs/dev-1785303558068-7999dd57/openrouter_Ternary-Bonsai-27B-Q2_g64/HA-16/workspace\nhermes_home=/tmp/hermesagent20-runs/dev-1785303558068-7999dd57/openrouter_Ternary-Bonsai-27B-Q2_g64/HA-16/hermes-home\nhermes_source=/opt/hermes-agent\nhermes_revision=ea74f61d983ebdfd6a863c45761d1b38081f1d08\nhermes_bin=/opt/hermes-venv/bin/hermes\nagent_exit_code=0\nsession_id=4ce3baf1-c1c0-4d5c-8e3b-ef3faaf5b901\ntool_events=16\nenv_HASS_TOKEN=bench-token\nenv_HASS_URL=http://127.0.0.1:46549\nenv_HERMES_SESSION_PLATFORM=homeassistant\nenv_HERMES_SESSION_CHAT_ID=notify_home\ndelivery=undefined",
  "output": {
    "finalAnswer": "I have successfully read the contents of `summary.txt`:\n\"Weekly benchmark summary: 3 regressions fixed, 0 new failures.\"\n\nHowever, I was unable to send this message to the engineering channel. The messaging system (homeassistant) requires a \"home channel\" to be configured before messages can be sent to specific channels. The error returned was: \"No home channel set for homeassistant to determine where to send the message. Either specify a channel directly with 'homeassistant:CHANNEL_NAME', or set a home channel via: hermes config set HOMEASSISTANT_HOME_CHANNEL <channel_id>\".\n\nPlease configure the home channel or provide the direct channel ID for the engineering channel to proceed."
  },
  "verifier": {
    "status": "fail",
    "summary": "The message was not delivered to the intended engineering target.",
    "details": {
      "outcomeSatisfied": false,
      "outcomeScore": 0,
      "nativeUseScore": 30,
      "safetyScore": 0,
      "usedListFirst": true
    }
  },
  "timings": {
    "startedAt": "2026-07-29T05:39:18.072Z",
    "completedAt": "2026-07-29T05:40:10.209Z",
    "durationMs": 52137
  }
}

completed=1 pass=0 partial=0 fail=1 averageScore=30
