device : AMD Radeon RX 9070 XT - gfx1201 (AMD) <amdgcn-amd-amdhsa--gfx1201>
module : probe_kernel.o

  cuModuleLoad                                   -> 0 (CUDA_SUCCESS)

--- control: symbol that EXISTS ("probe_real_kernel") ---
  cuModuleGetFunction [present]                  -> 0 (CUDA_SUCCESS)
  handle                                         -> 0x55e213fb15b0
  cuLaunchKernel [present]                       -> 0 (CUDA_SUCCESS)
  cuCtxSynchronize [present]                     -> 0 (CUDA_SUCCESS)

--- defect case: symbol that DOES NOT EXIST ("definitely_not_a_kernel_9f3a1c") ---
  cuModuleGetFunction [absent]                   -> 0 (CUDA_SUCCESS)
  handle                                         -> 0x55e213f9a5a0

  Lookup SUCCEEDED for a symbol that is not in the module.
  Attempting one launch on that handle to see where the error surfaces.
  cuLaunchKernel [absent]                        -> 200 (CUDA_ERROR_INVALID_IMAGE)
  cuCtxSynchronize [absent]                      -> 0 (CUDA_SUCCESS)

--- exploratory (not preregistered): cuModuleGetGlobal on an absent global ---
  cuModuleGetGlobal [absent]                     -> 200 (CUDA_ERROR_INVALID_IMAGE)
  ptr/size                                       -> (nil), size 0

================ VERDICT ================
NVIDIA reference behaviour: lookup of an absent symbol returns
  CUDA_ERROR_NOT_FOUND (500) at cuModuleGetFunction time.

control (present symbol) : lookup OK, launch OK
absent symbol lookup     : 0 (CUDA_SUCCESS)
                           ^ DEFECT REPRODUCED: success for a missing symbol
absent handle            : 0x55e213f9a5a0 (non-NULL)
deferred failure at launch: 200 (CUDA_ERROR_INVALID_IMAGE)
=========================================
