[2026-09-11 13:02:43] ### three-way v2 on ai-supermicro-server: version: 0.3.0-dev (build 11804, commit 3823c9eb6) | f16 KV explicit ###
  clocks: 0, 1063 MHz, 405 MHz, 150.00 W, 42 1, 1063 MHz, 405 MHz, 150.00 W, 37 2, 1063 MHz, 405 MHz, 150.00 W, 34 3, 1063 MHz, 405 MHz, 150.00 W, 35 
  clocks: 0, 1063 MHz, 405 MHz, 150.00 W, 42 1, 1063 MHz, 405 MHz, 150.00 W, 37 2, 1063 MHz, 405 MHz, 150.00 W, 34 3, 1063 MHz, 405 MHz, 150.00 W, 35 
[2026-09-11 13:02:54]   slot A (NEX_R1):
   loaded nex-agi_Nex-N2.5-mini-Q4_K_M.gguf | n_ctx 32768
[2026-09-11 13:03:09]   slot B (QWEN_R1):
   loaded Qwen_Qwen3.6-35B-A3B-Q4_K_M.gguf | n_ctx 32768
[2026-09-11 15:57:58]   NEX_R1 harness exit 0 | pass@1 POOLED = 89.84%  (442/492 samples)
  clocks: 0, 1063 MHz, 1063 MHz, 150.00 W, 46 1, 1063 MHz, 1063 MHz, 150.00 W, 41 2, 1063 MHz, 1063 MHz, 150.00 W, 41 3, 1063 MHz, 1063 MHz, 150.00 W, 44 
  clocks: 0, 1063 MHz, 1063 MHz, 150.00 W, 46 1, 1063 MHz, 1063 MHz, 150.00 W, 41 2, 1063 MHz, 1063 MHz, 150.00 W, 41 3, 1063 MHz, 1063 MHz, 150.00 W, 44 
[2026-09-11 15:58:54]   slot A (ORNITH_R2):
   loaded Ornith-1.5-35B-A3B-Q4_K_M.gguf | n_ctx 32768
[2026-09-11 19:35:06]   ORNITH_R2 harness exit 0 | pass@1 POOLED = 90.65%  (446/492 samples)
  clocks: 0, 1063 MHz, 1063 MHz, 150.00 W, 48 1, 1063 MHz, 1063 MHz, 150.00 W, 43 2, 1063 MHz, 1063 MHz, 150.00 W, 43 3, 1063 MHz, 1063 MHz, 150.00 W, 46 
[2026-09-11 19:35:07]   slot A chain done
[2026-09-11 21:22:11]   QWEN_R1 harness exit 0 | pass@1 POOLED = 94.11%  (463/492 samples)
  clocks: 0, 1063 MHz, 405 MHz, 150.00 W, 45 1, 1063 MHz, 405 MHz, 150.00 W, 41 2, 1063 MHz, 1063 MHz, 150.00 W, 41 3, 1063 MHz, 1063 MHz, 150.00 W, 42 
  clocks: 0, 1063 MHz, 405 MHz, 150.00 W, 44 1, 1063 MHz, 405 MHz, 150.00 W, 41 2, 1063 MHz, 1063 MHz, 150.00 W, 41 3, 1063 MHz, 1063 MHz, 150.00 W, 42 
[2026-09-11 21:23:03]   slot B (NEX_R2):
   loaded nex-agi_Nex-N2.5-mini-Q4_K_M.gguf | n_ctx 32768
[2026-09-12 00:37:26]   NEX_R2 harness exit 0 | pass@1 POOLED = 86.99%  (428/492 samples)
  clocks: 0, 1063 MHz, 405 MHz, 150.00 W, 44 1, 1063 MHz, 405 MHz, 150.00 W, 41 2, 1063 MHz, 1063 MHz, 150.00 W, 40 3, 1063 MHz, 1063 MHz, 150.00 W, 41 
[2026-09-12 00:37:27]   slot B chain done
[2026-09-12 00:37:27] ### THREE-WAY COMPLETE (v2) ###
