M1-E-cap-000  P_abs=0.000  CORRECT    got='São Luís'  gold='São Luís'
M1-E-cap-001  P_abs=0.000  CORRECT    got='Melbourne'  gold='Melbourne'
M1-E-cap-002  P_abs=0.000  WRONG      got='Daegu'  gold='Andong'
M1-E-cap-003  P_abs=0.000  CORRECT    got='Gorno-Altaysk'  gold='Gorno-Altaysk'
M1-E-cap-004  P_abs=0.000  CORRECT    got='Hilla'  gold='Hillah'
M1-E-cap-005  P_abs=0.000  CORRECT    got='San Juan de los Morros'  gold='San Juan de Los Morros'
M1-E-cap-006  P_abs=0.000  WRONG      got='Mouila'  gold='Makokou'
M1-E-cap-007  P_abs=0.000  CORRECT    got='Tatabánya'  gold='Tatabánya'
M1-E-cap-008  P_abs=0.000  CORRECT    got='Chimoio'  gold='Chimoio'
M1-E-cap-009  P_abs=0.000  CORRECT    got='Cuenca'  gold='Cuenca'
M1-E-nov-010  P_abs=0.000  CORRECT    got='1830'  gold='1830'
M1-E-nov-011  P_abs=0.000  WRONG      got='1849'  gold='1850'
M1-E-nov-012  P_abs=0.000  CORRECT    got='1811'  gold='1811'
M1-E-nov-013  P_abs=0.000  CORRECT    got='1850'  gold='1850'
M1-E-nov-014  P_abs=0.000  CORRECT    got='1862'  gold='1862'
M1-E-nov-015  P_abs=0.000  CORRECT    got='1899'  gold='1899'
M1-E-nov-016  P_abs=0.000  CORRECT    got='1995'  gold='1995'
M1-E-nov-017  P_abs=0.000  CORRECT    got='1961'  gold='1961'
M1-E-nov-018  P_abs=0.000  CORRECT    got='1932'  gold='1932'
M1-E-nov-019  P_abs=0.000  CORRECT    got='1926'  gold='1926'
M1-E-ope-020  P_abs=0.000  CORRECT    got='Pietro Mascagni'  gold='Pietro Mascagni'
M1-E-ope-021  P_abs=0.000  CORRECT    got='Richard Wagner'  gold='Richard Wagner'
M1-E-ope-022  P_abs=0.000  CORRECT    got='Wolfgang Amadeus Mozart'  gold='Wolfgang Amadeus Mozart'
M1-E-ope-023  P_abs=0.000  CORRECT    got='Richard Wagner'  gold='Richard Wagner'
M1-E-ope-024  P_abs=0.000  CORRECT    got='Georges Bizet'  gold='Georges Bizet'
M1-E-ope-025  P_abs=0.000  CORRECT    got='Giuseppe Verdi'  gold='Giuseppe Verdi'
M1-E-ope-026  P_abs=0.000  CORRECT    got='Giuseppe Verdi'  gold='Giuseppe Verdi'
M1-E-ope-027  P_abs=0.000  CORRECT    got='Giacomo Puccini'  gold='Giacomo Puccini'
M1-E-ope-028  P_abs=0.000  CORRECT    got='Pyotr Ilyich Tchaikovsky'  gold='Pyotr Ilyich Tchaikovsky'
M1-E-ope-029  P_abs=0.000  CORRECT    got='Ruggero Leoncavallo'  gold='Ruggero Leoncavallo'
M1-E-uni-030  P_abs=0.000  WRONG      got='1865'  gold='1864'
M1-E-uni-031  P_abs=0.000  CORRECT    got='1852'  gold='1852'
M1-E-uni-032  P_abs=0.000  CORRECT    got='1934'  gold='1934'
M1-E-uni-033  P_abs=0.000  CORRECT    got='1818'  gold='1818'
M1-E-uni-034  P_abs=0.000  CORRECT    got='1996'  gold='1996'
M1-E-uni-035  P_abs=0.001  CORRECT    got='1836'  gold='1836'
M1-E-uni-036  P_abs=0.000  CORRECT    got='1896'  gold='1896'
M1-E-uni-037  P_abs=0.002  WRONG      got='1811'  gold='1702'
M1-E-uni-038  P_abs=0.001  WRONG      got='1932'  gold='1931'
M1-E-uni-039  P_abs=0.005  WRONG      got='1997'  gold='2006'
M1-H-cap-040  P_abs=0.050  CORRECT    got='Kragujevac'  gold='Kragujevac'
M1-H-cap-041  P_abs=0.252  WRONG      got='Charlotte Town'  gold='Georgetown'
M1-H-cap-042  P_abs=0.000  WRONG      got='Kokopo'  gold='Kimbe'
M1-H-cap-043  P_abs=0.000  WRONG      got='Fès'  gold='Fez'
M1-H-cap-044  P_abs=0.020  CORRECT    got='Mogadishu'  gold='Mogadishu'
M1-H-cap-045  P_abs=0.016  CORRECT    got='Jagodina'  gold='Jagodina'
M1-H-cap-046  P_abs=0.055  CORRECT    got='Basse Santa Su'  gold='Basse Santa Su'
M1-H-cap-047  P_abs=0.000  WRONG      got='Daloa'  gold='Korhogo'
M1-H-cap-048  P_abs=0.000  CORRECT    got='Yambio'  gold='Yambio'
M1-H-cap-049  P_abs=0.030  CORRECT    got='Heraklion'  gold='Heraklion'
M1-H-cap-050  P_abs=0.006  CORRECT    got='Beledweyne'  gold='Beledweyne'
M1-H-cap-051  P_abs=0.042  WRONG      got='Turkistan'  gold='Jezkazgan'
M1-H-cap-052  P_abs=0.050  ABSTAINED  got='UNKNOWN'  gold='Gharyan'
M1-H-cap-053  P_abs=0.000  WRONG      got='Suai'  gold='Lospalos'
M1-H-cap-054  P_abs=0.000  WRONG      got='Moundou'  gold='Laï'
M1-H-cap-055  P_abs=0.023  WRONG      got='Sandevo'  gold='Kučevište'
M1-H-cap-056  P_abs=0.048  CORRECT    got='Patras'  gold='Patras'
M1-H-cap-057  P_abs=0.000  WRONG      got='Adré'  gold='Fada'
M1-H-cap-058  P_abs=0.000  WRONG      got='Sanniquellie'  gold='Greenville'
M1-H-cap-059  P_abs=0.000  WRONG      got='Nieuw Nickerie'  gold='Groningen'
M1-H-cap-060  P_abs=0.000  WRONG      got='Fianarantsoa'  gold='Ihosy'
M1-H-cap-061  P_abs=0.000  WRONG      got='San Pedro de Macorís'  gold='Salcedo'
M1-H-cap-062  P_abs=0.000  WRONG      got='Karak'  gold='Salt'
M1-H-cap-063  P_abs=0.468  CORRECT    got='Levuka'  gold='Levuka'
M1-H-cap-064  P_abs=0.000  CORRECT    got='Souillac'  gold='Souillac'
M1-H-nov-065  P_abs=0.014  WRONG      got='1980'  gold='1939'
M1-H-nov-066  P_abs=0.000  WRONG      got='2003'  gold='2005'
M1-H-nov-067  P_abs=0.000  CORRECT    got='2001'  gold='2001'
M1-H-nov-068  P_abs=0.379  ABSTAINED  got='UNKNOWN'  gold='1950'
M1-H-nov-069  P_abs=0.000  CORRECT    got='1908'  gold='1908'
M1-H-nov-070  P_abs=0.212  CORRECT    got='1932'  gold='1932'
M1-H-nov-071  P_abs=0.000  CORRECT    got='1908'  gold='1908'
M1-H-nov-072  P_abs=0.000  CORRECT    got='1933'  gold='1933'
M1-H-nov-073  P_abs=0.001  CORRECT    got='2015'  gold='2015'
M1-H-nov-074  P_abs=0.000  WRONG      got='1989'  gold='1990'
M1-H-nov-075  P_abs=0.003  WRONG      got='1992'  gold='2002'
M1-H-nov-076  P_abs=0.101  WRONG      got='1991'  gold='1994'
M1-H-nov-077  P_abs=0.000  WRONG      got='1885'  gold='1888'
M1-H-nov-078  P_abs=0.000  CORRECT    got='2010'  gold='2010'
M1-H-nov-079  P_abs=0.000  CORRECT    got='1939'  gold='1939'
M1-H-nov-080  P_abs=0.002  WRONG      got='1844'  gold='1838'
M1-H-nov-081  P_abs=0.000  WRONG      got='1953'  gold='1950'
M1-H-nov-082  P_abs=0.002  WRONG      got='1991'  gold='2003'
M1-H-nov-083  P_abs=0.000  CORRECT    got='2000'  gold='2000'
M1-H-nov-084  P_abs=0.000  WRONG      got='1853'  gold='1851'
M1-H-nov-085  P_abs=0.001  CORRECT    got='2010'  gold='2010'
M1-H-nov-086  P_abs=0.471  ABSTAINED  got='UNKNOWN'  gold='2025'
M1-H-nov-087  P_abs=0.000  CORRECT    got='1939'  gold='1939'
M1-H-nov-088  P_abs=0.000  CORRECT    got='1989'  gold='1989'
M1-H-nov-089  P_abs=0.000  CORRECT    got='2012'  gold='2012'
M1-H-ope-090  P_abs=0.016  CORRECT    got='Uzeyir Hajibeyov'  gold='Uzeyir Hajibeyov'
M1-H-ope-091  P_abs=0.076  WRONG      got='Carl Maria von Weber'  gold='Emmerich Kálmán'
M1-H-ope-092  P_abs=0.000  WRONG      got='Darius Milhaud'  gold='Igor Stravinsky'
M1-H-ope-093  P_abs=0.000  CORRECT    got='Jean-Philippe Rameau'  gold='Jean-Philippe Rameau'
M1-H-ope-094  P_abs=0.393  WRONG      got='Manuel de Falla'  gold='Mikhail Matyushin'
M1-H-ope-095  P_abs=0.000  CORRECT    got='Richard Wagner'  gold='Richard Wagner'
M1-H-ope-096  P_abs=0.000  WRONG      got='Mikhail Glinka'  gold='Alexander Dargomyzhsky'
M1-H-ope-097  P_abs=0.435  CORRECT    got='Gaetano Donizetti'  gold='Gaetano Donizetti'
M1-H-ope-098  P_abs=0.004  CORRECT    got='Giuseppe Verdi'  gold='Giuseppe Verdi'
M1-H-ope-099  P_abs=0.000  CORRECT    got='Claudio Monteverdi'  gold='Claudio Monteverdi'
M1-H-ope-100  P_abs=0.014  WRONG      got='André Grétry'  gold='Charles Gounod'
M1-H-ope-101  P_abs=0.000  CORRECT    got='Giuseppe Verdi'  gold='Giuseppe Verdi'
M1-H-ope-102  P_abs=0.000  CORRECT    got='Igor Stravinsky'  gold='Igor Stravinsky'
M1-H-ope-103  P_abs=0.001  CORRECT    got='Antonio Vivaldi'  gold='Antonio Vivaldi'
M1-H-ope-104  P_abs=0.000  CORRECT    got='Sir Arthur Sullivan'  gold='Arthur Sullivan'
M1-H-ope-105  P_abs=0.001  WRONG      got='Jean-Philippe Rameau'  gold='Jean-Baptiste Lully'
M1-H-ope-106  P_abs=0.044  CORRECT    got='Antonio Vivaldi'  gold='Antonio Vivaldi'
M1-H-ope-107  P_abs=0.000  CORRECT    got='Richard Strauss'  gold='Richard Strauss'
M1-H-ope-108  P_abs=0.045  WRONG      got='Giuseppe Verdi'  gold='Gaetano Donizetti'
M1-H-ope-109  P_abs=0.000  CORRECT    got='Jean-Philippe Rameau'  gold='Jean-Philippe Rameau'
M1-H-ope-110  P_abs=0.000  CORRECT    got='Richard Strauss'  gold='Richard Strauss'
M1-H-ope-111  P_abs=0.000  CORRECT    got='John Adams'  gold='John Adams'
M1-H-ope-112  P_abs=0.000  CORRECT    got='Maurice Ravel'  gold='Maurice Ravel'
M1-H-ope-113  P_abs=0.224  WRONG      got='Ivan Zajc'  gold='Jakov Gotovac'
M1-H-ope-114  P_abs=0.000  CORRECT    got='Ivan Zajc'  gold='Ivan Zajc'
M1-H-uni-115  P_abs=0.028  WRONG      got='1918'  gold='2005'
M1-H-uni-116  P_abs=0.000  WRONG      got='2005'  gold='2002'
M1-H-uni-117  P_abs=0.055  WRONG      got='1995'  gold='2003'
M1-H-uni-118  P_abs=0.002  WRONG      got='1958'  gold='2013'
M1-H-uni-119  P_abs=0.003  WRONG      got='1997'  gold='1396'
M1-H-uni-120  P_abs=0.000  CORRECT    got='1850'  gold='1850'
M1-H-uni-121  P_abs=0.000  CORRECT    got='1895'  gold='1895'
M1-H-uni-122  P_abs=0.001  CORRECT    got='1950'  gold='1950'
M1-H-uni-123  P_abs=0.025  WRONG      got='1968'  gold='1965'
M1-H-uni-124  P_abs=0.001  CORRECT    got='1995'  gold='1995'
M1-H-uni-125  P_abs=0.002  WRONG      got='1977'  gold='1974'
M1-H-uni-126  P_abs=0.027  WRONG      got='1970'  gold='1963'
M1-H-uni-127  P_abs=0.003  CORRECT    got='1806'  gold='1806'
M1-H-uni-128  P_abs=0.004  WRONG      got='1975'  gold='2000'
M1-H-uni-129  P_abs=0.001  CORRECT    got='1902'  gold='1902'
M1-H-uni-130  P_abs=0.075  WRONG      got='1963'  gold='1962'
M1-H-uni-131  P_abs=0.010  WRONG      got='1926'  gold='1991'
M1-H-uni-132  P_abs=0.000  WRONG      got='1946'  gold='1943'
M1-H-uni-133  P_abs=0.001  CORRECT    got='1885'  gold='1885'
M1-H-uni-134  P_abs=0.019  WRONG      got='2008'  gold='2012'
M1-H-uni-135  P_abs=0.011  WRONG      got='1961'  gold='1974'
M1-H-uni-136  P_abs=0.001  CORRECT    got='2005'  gold='2005'
M1-H-uni-137  P_abs=0.003  CORRECT    got='2009'  gold='2009'
M1-H-uni-138  P_abs=0.004  WRONG      got='1930'  gold='1966'
M1-H-uni-139  P_abs=0.001  CORRECT    got='1972'  gold='1972'
M1-U-cap-140  P_abs=0.946  ABSTAINED  got='UNKNOWN'  gold='UNKNOWN'
M1-U-cap-141  P_abs=0.877  ABSTAINED  got='UNKNOWN'  gold='UNKNOWN'
M1-U-cap-142  P_abs=0.583  WRONG      got='Ogbomoso'  gold='UNKNOWN'
M1-U-cap-143  P_abs=0.157  TRUNCATED  got='None'  gold='UNKNOWN'
M1-U-cap-144  P_abs=0.968  ABSTAINED  got='UNKNOWN'  gold='UNKNOWN'
M1-U-cap-145  P_abs=0.385  ABSTAINED  got='UNKNOWN'  gold='UNKNOWN'
M1-U-cap-146  P_abs=0.980  ABSTAINED  got='UNKNOWN'  gold='UNKNOWN'
M1-U-cap-147  P_abs=0.970  ABSTAINED  got='UNKNOWN'  gold='UNKNOWN'
M1-U-cap-148  P_abs=0.955  ABSTAINED  got='UNKNOWN'  gold='UNKNOWN'
M1-U-cap-149  P_abs=0.965  ABSTAINED  got='UNKNOWN'  gold='UNKNOWN'
M1-U-cap-150  P_abs=0.978  ABSTAINED  got='UNKNOWN'  gold='UNKNOWN'
M1-U-cap-151  P_abs=0.966  ABSTAINED  got='UNKNOWN'  gold='UNKNOWN'
M1-U-cap-152  P_abs=0.468  ABSTAINED  got='UNKNOWN'  gold='UNKNOWN'
M1-U-cap-153  P_abs=0.966  ABSTAINED  got='UNKNOWN'  gold='UNKNOWN'
M1-U-cap-154  P_abs=0.889  ABSTAINED  got='UNKNOWN'  gold='UNKNOWN'
M1-U-cap-155  P_abs=0.919  ABSTAINED  got='UNKNOWN'  gold='UNKNOWN'
M1-U-cap-156  P_abs=0.112  WRONG      got='Aktogay'  gold='UNKNOWN'
M1-U-cap-157  P_abs=0.873  ABSTAINED  got='UNKNOWN'  gold='UNKNOWN'
M1-U-cap-158  P_abs=0.095  ABSTAINED  got='UNKNOWN'  gold='UNKNOWN'
M1-U-cap-159  P_abs=0.920  WRONG      got='Río Chalanco'  gold='UNKNOWN'
M1-U-cap-160  P_abs=0.423  ABSTAINED  got='UNKNOWN'  gold='UNKNOWN'
M1-U-cap-161  P_abs=0.122  WRONG      got='Dolisie'  gold='UNKNOWN'
M1-U-cap-162  P_abs=0.029  ABSTAINED  got='UNKNOWN'  gold='UNKNOWN'
M1-U-cap-163  P_abs=0.885  ABSTAINED  got='UNKNOWN'  gold='UNKNOWN'
M1-U-cap-164  P_abs=0.955  ABSTAINED  got='UNKNOWN'  gold='UNKNOWN'
M1-U-nov-165  P_abs=0.998  ABSTAINED  got='UNKNOWN'  gold='UNKNOWN'
M1-U-nov-166  P_abs=0.401  WRONG      got='1866'  gold='UNKNOWN'
M1-U-nov-167  P_abs=0.265  ABSTAINED  got='UNKNOWN'  gold='UNKNOWN'
M1-U-nov-168  P_abs=0.072  WRONG      got='1860'  gold='UNKNOWN'
M1-U-nov-169  P_abs=0.908  ABSTAINED  got='UNKNOWN'  gold='UNKNOWN'
M1-U-nov-170  P_abs=0.970  ABSTAINED  got='UNKNOWN'  gold='UNKNOWN'
M1-U-nov-171  P_abs=0.780  ABSTAINED  got='UNKNOWN'  gold='UNKNOWN'
M1-U-nov-172  P_abs=0.365  WRONG      got='1928'  gold='UNKNOWN'
M1-U-nov-173  P_abs=0.381  WRONG      got='1907'  gold='UNKNOWN'
M1-U-nov-174  P_abs=0.005  WRONG      got='1928'  gold='UNKNOWN'
M1-U-nov-175  P_abs=0.398  WRONG      got='1869'  gold='UNKNOWN'
M1-U-nov-176  P_abs=0.776  ABSTAINED  got='UNKNOWN'  gold='UNKNOWN'
M1-U-nov-177  P_abs=0.636  WRONG      got='1947'  gold='UNKNOWN'
M1-U-nov-178  P_abs=0.107  ABSTAINED  got='UNKNOWN'  gold='UNKNOWN'
M1-U-nov-179  P_abs=0.995  ABSTAINED  got='UNKNOWN'  gold='UNKNOWN'
M1-U-nov-180  P_abs=0.492  WRONG      got='1949'  gold='UNKNOWN'
M1-U-nov-181  P_abs=0.179  WRONG      got='1980'  gold='UNKNOWN'
M1-U-nov-182  P_abs=0.892  WRONG      got='1925'  gold='UNKNOWN'
M1-U-nov-183  P_abs=0.007  WRONG      got='1911'  gold='UNKNOWN'
M1-U-nov-184  P_abs=0.168  ABSTAINED  got='UNKNOWN'  gold='UNKNOWN'
M1-U-nov-185  P_abs=0.138  WRONG      got='1854'  gold='UNKNOWN'
M1-U-nov-186  P_abs=0.938  ABSTAINED  got='UNKNOWN'  gold='UNKNOWN'
M1-U-nov-187  P_abs=0.992  ABSTAINED  got='UNKNOWN'  gold='UNKNOWN'
M1-U-nov-188  P_abs=0.185  WRONG      got='1965'  gold='UNKNOWN'
M1-U-nov-189  P_abs=0.149  WRONG      got='1970'  gold='UNKNOWN'
M1-U-ope-190  P_abs=0.356  WRONG      got='Antonio Salieri'  gold='UNKNOWN'
M1-U-ope-191  P_abs=0.064  WRONG      got='Antonio Salieri'  gold='UNKNOWN'
M1-U-ope-192  P_abs=0.024  WRONG      got='Giuseppe Verdi'  gold='UNKNOWN'
M1-U-ope-193  P_abs=0.181  WRONG      got='Daniel Auber'  gold='UNKNOWN'
M1-U-ope-194  P_abs=0.086  WRONG      got='Antonio Salieri'  gold='UNKNOWN'
M1-U-ope-195  P_abs=0.154  WRONG      got='Gaetano Donizetti'  gold='UNKNOWN'
M1-U-ope-196  P_abs=0.543  WRONG      got='Carl Maria von Weber'  gold='UNKNOWN'
M1-U-ope-197  P_abs=0.356  WRONG      got='Charles Gounod'  gold='UNKNOWN'
M1-U-ope-198  P_abs=0.486  WRONG      got='Gaetano Donizetti'  gold='UNKNOWN'
M1-U-ope-199  P_abs=0.625  WRONG      got='Antonio Salieri'  gold='UNKNOWN'
M1-U-ope-200  P_abs=0.319  WRONG      got='Gioachino Rossini'  gold='UNKNOWN'
M1-U-ope-201  P_abs=0.073  WRONG      got='Carl Maria von Weber'  gold='UNKNOWN'
M1-U-ope-202  P_abs=0.150  WRONG      got='Gioachino Rossini'  gold='UNKNOWN'
M1-U-ope-203  P_abs=0.477  WRONG      got='Charles Gounod'  gold='UNKNOWN'
M1-U-ope-204  P_abs=0.335  WRONG      got='Carl Maria von Weber'  gold='UNKNOWN'
M1-U-ope-205  P_abs=0.407  WRONG      got='Gaetano Donizetti'  gold='UNKNOWN'
M1-U-ope-206  P_abs=0.468  WRONG      got='Carl Maria von Weber'  gold='UNKNOWN'
M1-U-ope-207  P_abs=0.170  WRONG      got='Daniel Auber'  gold='UNKNOWN'
M1-U-ope-208  P_abs=0.354  WRONG      got='Gaetano Donizetti'  gold='UNKNOWN'
M1-U-ope-209  P_abs=0.006  WRONG      got='Carl Maria von Weber'  gold='UNKNOWN'
M1-U-ope-210  P_abs=0.431  WRONG      got='Niccolò Jommelli'  gold='UNKNOWN'
M1-U-ope-211  P_abs=0.914  WRONG      got='Carl Maria von Weber'  gold='UNKNOWN'
M1-U-ope-212  P_abs=0.628  WRONG      got='Charles Gounod'  gold='UNKNOWN'
M1-U-ope-213  P_abs=0.436  WRONG      got='Carl Maria von Weber'  gold='UNKNOWN'
M1-U-ope-214  P_abs=0.390  WRONG      got='Antonio Salieri'  gold='UNKNOWN'
M1-U-uni-215  P_abs=0.987  WRONG      got='1968'  gold='UNKNOWN'
M1-U-uni-216  P_abs=0.997  ABSTAINED  got='UNKNOWN'  gold='UNKNOWN'
M1-U-uni-217  P_abs=0.967  ABSTAINED  got='UNKNOWN'  gold='UNKNOWN'
M1-U-uni-218  P_abs=0.378  ABSTAINED  got='UNKNOWN'  gold='UNKNOWN'
M1-U-uni-219  P_abs=0.869  ABSTAINED  got='UNKNOWN'  gold='UNKNOWN'
M1-U-uni-220  P_abs=0.992  ABSTAINED  got='UNKNOWN'  gold='UNKNOWN'
M1-U-uni-221  P_abs=0.992  ABSTAINED  got='UNKNOWN'  gold='UNKNOWN'
M1-U-uni-222  P_abs=0.831  ABSTAINED  got='UNKNOWN'  gold='UNKNOWN'
M1-U-uni-223  P_abs=0.921  ABSTAINED  got='UNKNOWN'  gold='UNKNOWN'
M1-U-uni-224  P_abs=0.997  ABSTAINED  got='UNKNOWN'  gold='UNKNOWN'
M1-U-uni-225  P_abs=0.996  ABSTAINED  got='UNKNOWN'  gold='UNKNOWN'
M1-U-uni-226  P_abs=0.969  ABSTAINED  got='UNKNOWN'  gold='UNKNOWN'
M1-U-uni-227  P_abs=0.980  ABSTAINED  got='UNKNOWN'  gold='UNKNOWN'
M1-U-uni-228  P_abs=0.709  ABSTAINED  got='UNKNOWN'  gold='UNKNOWN'
M1-U-uni-229  P_abs=0.173  TRUNCATED  got='None'  gold='UNKNOWN'
M1-U-uni-230  P_abs=0.988  ABSTAINED  got='UNKNOWN'  gold='UNKNOWN'
M1-U-uni-231  P_abs=0.998  ABSTAINED  got='UNKNOWN'  gold='UNKNOWN'
M1-U-uni-232  P_abs=0.995  ABSTAINED  got='UNKNOWN'  gold='UNKNOWN'
M1-U-uni-233  P_abs=0.908  ABSTAINED  got='UNKNOWN'  gold='UNKNOWN'
M1-U-uni-234  P_abs=0.997  ABSTAINED  got='UNKNOWN'  gold='UNKNOWN'
M1-U-uni-235  P_abs=0.984  ABSTAINED  got='UNKNOWN'  gold='UNKNOWN'
M1-U-uni-236  P_abs=0.997  ABSTAINED  got='UNKNOWN'  gold='UNKNOWN'
M1-U-uni-237  P_abs=0.914  ABSTAINED  got='UNKNOWN'  gold='UNKNOWN'
M1-U-uni-238  P_abs=0.941  ABSTAINED  got='UNKNOWN'  gold='UNKNOWN'
M1-U-uni-239  P_abs=0.986  ABSTAINED  got='UNKNOWN'  gold='UNKNOWN'
