### S2 DFlash vs MTP on P100 (sm_60)  2026-08-18T14:47:44-04:00
###   0, Tesla P100-PCIE-16GB, 150.00 W
###   1, Tesla P100-PCIE-16GB, 150.00 W

### off  2026-08-18T14:47:44-04:00
  off            rep0 code       320 tok  11.07s  28.90 t/s  draft  None/ None acc -  length
  off            rep0 prose      320 tok  11.08s  28.87 t/s  draft  None/ None acc -  length
  off            rep0 list       320 tok  11.08s  28.87 t/s  draft  None/ None acc -  length
  off            rep0 repeat     320 tok  11.09s  28.86 t/s  draft  None/ None acc -  length
  off            rep0 reason     320 tok  11.17s  28.65 t/s  draft  None/ None acc -  length
  off            rep0 json       320 tok  11.09s  28.85 t/s  draft  None/ None acc -  length
  off            rep0 sql        320 tok  11.09s  28.85 t/s  draft  None/ None acc -  length
  off            rep0 table      320 tok  11.09s  28.86 t/s  draft  None/ None acc -  length
  off            rep0 translate  320 tok  11.10s  28.83 t/s  draft  None/ None acc -  length
  off            rep0 regex      320 tok  11.10s  28.84 t/s  draft  None/ None acc -  length
  off            rep0 story      320 tok  11.09s  28.85 t/s  draft  None/ None acc -  length
  off            rep0 math       320 tok  11.16s  28.68 t/s  draft  None/ None acc -  length
  off            rep1 code       320 tok  11.09s  28.86 t/s  draft  None/ None acc -  length
  off            rep1 prose      320 tok  11.03s  29.00 t/s  draft  None/ None acc -  length
  off            rep1 list       320 tok  11.03s  29.02 t/s  draft  None/ None acc -  length
  off            rep1 repeat     320 tok  11.03s  29.01 t/s  draft  None/ None acc -  length
  off            rep1 reason     320 tok  11.11s  28.79 t/s  draft  None/ None acc -  length
  off            rep1 json       320 tok  11.03s  29.02 t/s  draft  None/ None acc -  length
  off            rep1 sql        320 tok  11.03s  29.00 t/s  draft  None/ None acc -  length
  off            rep1 table      320 tok  11.04s  29.00 t/s  draft  None/ None acc -  length
  off            rep1 translate  320 tok  11.03s  29.01 t/s  draft  None/ None acc -  length
  off            rep1 regex      320 tok  11.03s  29.01 t/s  draft  None/ None acc -  length
  off            rep1 story      320 tok  11.03s  29.01 t/s  draft  None/ None acc -  length
  off            rep1 math       320 tok  11.11s  28.80 t/s  draft  None/ None acc -  length

=== off: median 28.87 t/s  mean 28.89 ===
-> /home/mark/dflash_s2/dflash_off.json
    all-samples power 33.7 W  sm 1063 MHz  util 5%  peak 104.5 W  (n=2684)
    BUSY(util>50) power 75.3 W  sm 1063 MHz  (n=128)  headroom vs 150W cap: 74.7 W

### mtp_n3  2026-08-18T14:52:16-04:00
  mtp_n3         rep0 code       320 tok   6.79s  47.14 t/s  draft   306/  216 acc  70.6%  length
  mtp_n3         rep0 prose      320 tok   7.78s  41.12 t/s  draft   352/  200 acc  56.8%  length
  mtp_n3         rep0 list       320 tok   5.55s  57.70 t/s  draft   246/  237 acc  96.3%  length
  mtp_n3         rep0 repeat     320 tok   5.72s  55.95 t/s  draft   254/  234 acc  92.1%  length
  mtp_n3         rep0 reason     320 tok   5.90s  54.21 t/s  draft   258/  232 acc  89.9%  length
  mtp_n3         rep0 json       320 tok   6.32s  50.61 t/s  draft   282/  224 acc  79.4%  length
  mtp_n3         rep0 sql        320 tok   6.22s  51.49 t/s  draft   279/  226 acc  81.0%  length
  mtp_n3         rep0 table      320 tok   6.15s  52.01 t/s  draft   276/  227 acc  82.2%  length
  mtp_n3         rep0 translate  320 tok   7.07s  45.28 t/s  draft   319/  212 acc  66.5%  length
  mtp_n3         rep0 regex      320 tok   6.32s  50.63 t/s  draft   282/  224 acc  79.4%  length
  mtp_n3         rep0 story      320 tok   7.79s  41.09 t/s  draft   354/  200 acc  56.5%  length
  mtp_n3         rep0 math       320 tok   5.91s  54.19 t/s  draft   258/  232 acc  89.9%  length
  mtp_n3         rep1 code       320 tok   6.83s  46.88 t/s  draft   306/  216 acc  70.6%  length
  mtp_n3         rep1 prose      320 tok   7.71s  41.48 t/s  draft   352/  200 acc  56.8%  length
  mtp_n3         rep1 list       320 tok   5.48s  58.36 t/s  draft   246/  237 acc  96.3%  length
  mtp_n3         rep1 repeat     320 tok   5.67s  56.47 t/s  draft   254/  234 acc  92.1%  length
  mtp_n3         rep1 reason     320 tok   5.86s  54.65 t/s  draft   258/  232 acc  89.9%  length
  mtp_n3         rep1 json       320 tok   6.26s  51.14 t/s  draft   282/  224 acc  79.4%  length
  mtp_n3         rep1 sql        320 tok   6.16s  51.98 t/s  draft   279/  226 acc  81.0%  length
  mtp_n3         rep1 table      320 tok   6.16s  51.95 t/s  draft   279/  226 acc  81.0%  length
  mtp_n3         rep1 translate  320 tok   7.01s  45.65 t/s  draft   319/  212 acc  66.5%  length
  mtp_n3         rep1 regex      320 tok   6.26s  51.13 t/s  draft   282/  224 acc  79.4%  length
  mtp_n3         rep1 story      320 tok   7.73s  41.40 t/s  draft   354/  200 acc  56.5%  length
  mtp_n3         rep1 math       320 tok   5.84s  54.78 t/s  draft   258/  232 acc  89.9%  length

=== mtp_n3: median 51.31 t/s  mean 50.30 ===
    draft acceptance 5327/6935 = 76.81%  over 24 responses
      code       70.59%  (432/612)
      prose      56.82%  (400/704)
      list       96.34%  (474/492)
      repeat     92.13%  (468/508)
      reason     89.92%  (464/516)
      json       79.43%  (448/564)
      sql        81.00%  (452/558)
      table      81.62%  (453/555)  <-- BISTABLE across reps
      translate  66.46%  (424/638)
      regex      79.43%  (448/564)
      story      56.50%  (400/708)
      math       89.92%  (464/516)
-> /home/mark/dflash_s2/dflash_mtp_n3.json
    all-samples power 75.7 W  sm 1063 MHz  util 48%  peak 120.8 W  (n=154)
    BUSY(util>50) power 88.5 W  sm 1063 MHz  (n=77)  headroom vs 150W cap: 61.5 W

### mtp_n7  2026-08-18T14:55:00-04:00
  mtp_n7         rep0 code       320 tok   8.43s  37.95 t/s  draft   496/  248 acc  50.0%  length
  mtp_n7         rep0 prose      320 tok  11.31s  28.29 t/s  draft   673/  222 acc  33.0%  length
  mtp_n7         rep0 list       320 tok   5.52s  57.92 t/s  draft   313/  274 acc  87.5%  length
  mtp_n7         rep0 repeat     320 tok   7.64s  41.89 t/s  draft   445/  255 acc  57.3%  length
  mtp_n7         rep0 reason     320 tok   6.21s  51.49 t/s  draft   350/  268 acc  76.6%  length
  mtp_n7         rep0 json       320 tok   7.58s  42.20 t/s  draft   436/  255 acc  58.5%  length
  mtp_n7         rep0 sql        320 tok   7.77s  41.18 t/s  draft   453/  254 acc  56.1%  length
  mtp_n7         rep0 table      320 tok   7.86s  40.74 t/s  draft   458/  253 acc  55.2%  length
  mtp_n7         rep0 translate  320 tok   9.45s  33.86 t/s  draft   559/  239 acc  42.8%  length
  mtp_n7         rep0 regex      320 tok   7.31s  43.80 t/s  draft   423/  258 acc  61.0%  length
  mtp_n7         rep0 story      320 tok  10.19s  31.41 t/s  draft   602/  232 acc  38.5%  length
  mtp_n7         rep0 math       320 tok   7.11s  44.98 t/s  draft   406/  260 acc  64.0%  length
  mtp_n7         rep1 code       320 tok   8.44s  37.93 t/s  draft   496/  248 acc  50.0%  length
  mtp_n7         rep1 prose      320 tok  11.25s  28.44 t/s  draft   673/  222 acc  33.0%  length
  mtp_n7         rep1 list       320 tok   5.47s  58.55 t/s  draft   313/  274 acc  87.5%  length
  mtp_n7         rep1 repeat     320 tok   7.57s  42.27 t/s  draft   445/  255 acc  57.3%  length
  mtp_n7         rep1 reason     320 tok   6.15s  52.03 t/s  draft   350/  268 acc  76.6%  length
  mtp_n7         rep1 json       320 tok   7.52s  42.54 t/s  draft   436/  255 acc  58.5%  length
  mtp_n7         rep1 sql        320 tok   7.69s  41.61 t/s  draft   453/  254 acc  56.1%  length
  mtp_n7         rep1 table      320 tok   8.01s  39.94 t/s  draft   472/  251 acc  53.2%  length
  mtp_n7         rep1 translate  320 tok   9.39s  34.09 t/s  draft   559/  239 acc  42.8%  length
  mtp_n7         rep1 regex      320 tok   7.24s  44.19 t/s  draft   423/  258 acc  61.0%  length
  mtp_n7         rep1 story      320 tok  10.13s  31.59 t/s  draft   602/  232 acc  38.5%  length
  mtp_n7         rep1 math       320 tok   7.04s  45.47 t/s  draft   406/  260 acc  64.0%  length

=== mtp_n7: median 41.75 t/s  mean 41.43 ===
    draft acceptance 6034/11242 = 53.67%  over 24 responses
      code       50.00%  (496/992)
      prose      32.99%  (444/1346)
      list       87.54%  (548/626)
      repeat     57.30%  (510/890)
      reason     76.57%  (536/700)
      json       58.49%  (510/872)
      sql        56.07%  (508/906)
      table      54.19%  (504/930)  <-- BISTABLE across reps
      translate  42.75%  (478/1118)
      regex      60.99%  (516/846)
      story      38.54%  (464/1204)
      math       64.04%  (520/812)
-> /home/mark/dflash_s2/dflash_mtp_n7.json
    all-samples power 75.7 W  sm 1063 MHz  util 48%  peak 129.0 W  (n=190)
    BUSY(util>50) power 91.7 W  sm 1063 MHz  (n=92)  headroom vs 150W cap: 58.3 W

### mtp_n15  2026-08-18T14:58:22-04:00
  mtp_n15        rep0 code       320 tok  28.08s  11.40 t/s  draft  1058/  248 acc  23.4%  length
  mtp_n15        rep0 prose      320 tok  34.60s   9.25 t/s  draft  1299/  227 acc  17.5%  length
  mtp_n15        rep0 list       320 tok  14.55s  21.99 t/s  draft   536/  282 acc  52.6%  length
  mtp_n15        rep0 repeat     320 tok  19.24s  16.63 t/s  draft   723/  270 acc  37.3%  length
  mtp_n15        rep0 reason     320 tok  15.81s  20.24 t/s  draft   586/  279 acc  47.6%  length
  mtp_n15        rep0 json       320 tok  22.61s  14.16 t/s  draft   849/  260 acc  30.6%  length
  mtp_n15        rep0 sql        320 tok  20.43s  15.66 t/s  draft   770/  267 acc  34.7%  length
  mtp_n15        rep0 table      320 tok  23.79s  13.45 t/s  draft   895/  259 acc  28.9%  length
  mtp_n15        rep0 translate  320 tok  30.30s  10.56 t/s  draft  1142/  241 acc  21.1%  length
  mtp_n15        rep0 regex      320 tok  21.18s  15.11 t/s  draft   784/  265 acc  33.8%  length
  mtp_n15        rep0 story      320 tok  34.21s   9.35 t/s  draft  1279/  230 acc  18.0%  length
  mtp_n15        rep0 math       320 tok  18.93s  16.90 t/s  draft   708/  271 acc  38.3%  length
  mtp_n15        rep1 code       320 tok  27.68s  11.56 t/s  draft  1043/  249 acc  23.9%  length
  mtp_n15        rep1 prose      320 tok  34.53s   9.27 t/s  draft  1299/  227 acc  17.5%  length
  mtp_n15        rep1 list       320 tok  14.50s  22.08 t/s  draft   536/  282 acc  52.6%  length
  mtp_n15        rep1 repeat     320 tok  19.18s  16.69 t/s  draft   723/  270 acc  37.3%  length
  mtp_n15        rep1 reason     320 tok  15.75s  20.32 t/s  draft   586/  279 acc  47.6%  length
  mtp_n15        rep1 json       320 tok  22.55s  14.19 t/s  draft   849/  260 acc  30.6%  length
  mtp_n15        rep1 sql        320 tok  20.37s  15.71 t/s  draft   770/  267 acc  34.7%  length
  mtp_n15        rep1 table      320 tok  23.72s  13.49 t/s  draft   895/  259 acc  28.9%  length
  mtp_n15        rep1 translate  320 tok  30.24s  10.58 t/s  draft  1142/  241 acc  21.1%  length
  mtp_n15        rep1 regex      320 tok  21.12s  15.15 t/s  draft   784/  265 acc  33.8%  length
  mtp_n15        rep1 story      320 tok  34.15s   9.37 t/s  draft  1279/  230 acc  18.0%  length
  mtp_n15        rep1 math       320 tok  18.87s  16.96 t/s  draft   708/  271 acc  38.3%  length

=== mtp_n15: median 14.65 t/s  mean 14.59 ===
    draft acceptance 6199/21243 = 29.18%  over 24 responses
      code       23.66%  (497/2101)  <-- BISTABLE across reps
      prose      17.47%  (454/2598)
      list       52.61%  (564/1072)
      repeat     37.34%  (540/1446)
      reason     47.61%  (558/1172)
      json       30.62%  (520/1698)
      sql        34.68%  (534/1540)
      table      28.94%  (518/1790)
      translate  21.10%  (482/2284)
      regex      33.80%  (530/1568)
      story      17.98%  (460/2558)
      math       38.28%  (542/1416)
-> /home/mark/dflash_s2/dflash_mtp_n15.json
    all-samples power 68.4 W  sm 1063 MHz  util 50%  peak 123.0 W  (n=558)
    BUSY(util>50) power 58.8 W  sm 1063 MHz  (n=270)  headroom vs 150W cap: 91.2 W

### dfl_n3  2026-08-18T15:07:57-04:00
0.06.537.454 I common_speculative_impl_draft_dflash: adding speculative implementation 'draft-dflash'
0.06.537.560 I common_speculative_impl_draft_dflash: - n_max=3, n_min=0, p_min=0.00
0.06.537.563 I common_speculative_impl_draft_dflash: - block_size=16, mask_token_id=248077, n_extract=8
  dfl_n3         rep0 code       320 tok   6.41s  49.96 t/s  draft   284/  224 acc  78.9%  length
  dfl_n3         rep0 prose      320 tok   7.79s  41.07 t/s  draft   358/  199 acc  55.6%  length
  dfl_n3         rep0 list       320 tok   5.62s  56.97 t/s  draft   250/  235 acc  94.0%  length
  dfl_n3         rep0 repeat     320 tok   5.73s  55.82 t/s  draft   255/  233 acc  91.4%  length
  dfl_n3         rep0 reason     320 tok   5.96s  53.66 t/s  draft   261/  231 acc  88.5%  length
  dfl_n3         rep0 json       320 tok   6.09s  52.52 t/s  draft   273/  227 acc  83.2%  length
  dfl_n3         rep0 sql        320 tok   5.94s  53.90 t/s  draft   266/  230 acc  86.5%  length
  dfl_n3         rep0 table      320 tok   6.23s  51.37 t/s  draft   280/  225 acc  80.4%  length
  dfl_n3         rep0 translate  320 tok   7.24s  44.22 t/s  draft   330/  208 acc  63.0%  length
  dfl_n3         rep0 regex      320 tok   6.21s  51.52 t/s  draft   279/  225 acc  80.7%  length
  dfl_n3         rep0 story      320 tok   8.04s  39.82 t/s  draft   369/  195 acc  52.8%  length
  dfl_n3         rep0 math       320 tok   5.99s  53.38 t/s  draft   264/  230 acc  87.1%  length
  dfl_n3         rep1 code       320 tok   6.29s  50.84 t/s  draft   284/  224 acc  78.9%  length
  dfl_n3         rep1 prose      320 tok   7.73s  41.40 t/s  draft   358/  199 acc  55.6%  length
  dfl_n3         rep1 list       320 tok   5.55s  57.64 t/s  draft   250/  235 acc  94.0%  length
  dfl_n3         rep1 repeat     320 tok   5.66s  56.52 t/s  draft   255/  233 acc  91.4%  length
  dfl_n3         rep1 reason     320 tok   5.87s  54.51 t/s  draft   261/  231 acc  88.5%  length
  dfl_n3         rep1 json       320 tok   6.03s  53.11 t/s  draft   273/  227 acc  83.2%  length
  dfl_n3         rep1 sql        320 tok   5.85s  54.66 t/s  draft   266/  230 acc  86.5%  length
  dfl_n3         rep1 table      320 tok   6.16s  51.95 t/s  draft   280/  225 acc  80.4%  length
  dfl_n3         rep1 translate  320 tok   7.17s  44.61 t/s  draft   330/  208 acc  63.0%  length
  dfl_n3         rep1 regex      320 tok   6.15s  52.03 t/s  draft   279/  225 acc  80.7%  length
  dfl_n3         rep1 story      320 tok   7.97s  40.15 t/s  draft   369/  195 acc  52.8%  length
  dfl_n3         rep1 math       320 tok   5.94s  53.90 t/s  draft   264/  230 acc  87.1%  length

=== dfl_n3: median 52.28 t/s  mean 50.65 ===
    draft acceptance 5324/6938 = 76.74%  over 24 responses
      code       78.87%  (448/568)
      prose      55.59%  (398/716)
      list       94.00%  (470/500)
      repeat     91.37%  (466/510)
      reason     88.51%  (462/522)
      json       83.15%  (454/546)
      sql        86.47%  (460/532)
      table      80.36%  (450/560)
      translate  63.03%  (416/660)
      regex      80.65%  (450/558)
      story      52.85%  (390/738)
      math       87.12%  (460/528)
-> /home/mark/dflash_s2/dflash_dfl_n3.json
    all-samples power 77.1 W  sm 1063 MHz  util 46%  peak 119.5 W  (n=152)
    BUSY(util>50) power 86.7 W  sm 1063 MHz  (n=73)  headroom vs 150W cap: 63.3 W

### dfl_n7  2026-08-18T15:10:41-04:00
0.09.003.232 I common_speculative_impl_draft_dflash: adding speculative implementation 'draft-dflash'
0.09.003.234 I common_speculative_impl_draft_dflash: - n_max=7, n_min=0, p_min=0.00
0.09.003.234 I common_speculative_impl_draft_dflash: - block_size=16, mask_token_id=248077, n_extract=8
  dfl_n7         rep0 code       320 tok   7.16s  44.69 t/s  draft   435/  256 acc  58.9%  length
  dfl_n7         rep0 prose      320 tok  11.30s  28.32 t/s  draft   743/  212 acc  28.5%  length
  dfl_n7         rep0 list       320 tok   4.95s  64.66 t/s  draft   302/  275 acc  91.1%  length
  dfl_n7         rep0 repeat     320 tok   7.29s  43.90 t/s  draft   465/  252 acc  54.2%  length
  dfl_n7         rep0 reason     320 tok   5.80s  55.22 t/s  draft   354/  268 acc  75.7%  length
  dfl_n7         rep0 json       320 tok   6.54s  48.91 t/s  draft   410/  259 acc  63.2%  length
  dfl_n7         rep0 sql        320 tok   6.30s  50.79 t/s  draft   398/  262 acc  65.8%  length
  dfl_n7         rep0 table      320 tok   6.88s  46.52 t/s  draft   436/  256 acc  58.7%  length
  dfl_n7         rep0 translate  320 tok   8.51s  37.62 t/s  draft   549/  240 acc  43.7%  length
  dfl_n7         rep0 regex      320 tok   6.96s  45.98 t/s  draft   441/  255 acc  57.8%  length
  dfl_n7         rep0 story      320 tok  10.54s  30.35 t/s  draft   685/  219 acc  32.0%  length
  dfl_n7         rep0 math       320 tok   6.24s  51.25 t/s  draft   385/  263 acc  68.3%  length
  dfl_n7         rep1 code       320 tok   6.88s  46.48 t/s  draft   435/  256 acc  58.9%  length
  dfl_n7         rep1 prose      320 tok  11.26s  28.42 t/s  draft   743/  212 acc  28.5%  length
  dfl_n7         rep1 list       320 tok   4.89s  65.49 t/s  draft   302/  275 acc  91.1%  length
  dfl_n7         rep1 repeat     320 tok   7.22s  44.31 t/s  draft   465/  252 acc  54.2%  length
  dfl_n7         rep1 reason     320 tok   5.70s  56.16 t/s  draft   354/  268 acc  75.7%  length
  dfl_n7         rep1 json       320 tok   6.48s  49.36 t/s  draft   410/  259 acc  63.2%  length
  dfl_n7         rep1 sql        320 tok   6.23s  51.33 t/s  draft   398/  262 acc  65.8%  length
  dfl_n7         rep1 table      320 tok   6.82s  46.95 t/s  draft   436/  256 acc  58.7%  length
  dfl_n7         rep1 translate  320 tok   8.44s  37.93 t/s  draft   549/  240 acc  43.7%  length
  dfl_n7         rep1 regex      320 tok   6.89s  46.44 t/s  draft   441/  255 acc  57.8%  length
  dfl_n7         rep1 story      320 tok  10.47s  30.56 t/s  draft   685/  219 acc  32.0%  length
  dfl_n7         rep1 math       320 tok   6.18s  51.76 t/s  draft   385/  263 acc  68.3%  length

=== dfl_n7: median 46.50 t/s  mean 45.98 ===
    draft acceptance 6034/11206 = 53.85%  over 24 responses
      code       58.85%  (512/870)
      prose      28.53%  (424/1486)
      list       91.06%  (550/604)
      repeat     54.19%  (504/930)
      reason     75.71%  (536/708)
      json       63.17%  (518/820)
      sql        65.83%  (524/796)
      table      58.72%  (512/872)
      translate  43.72%  (480/1098)
      regex      57.82%  (510/882)
      story      31.97%  (438/1370)
      math       68.31%  (526/770)
-> /home/mark/dflash_s2/dflash_dfl_n7.json
    all-samples power 75.3 W  sm 1063 MHz  util 47%  peak 130.2 W  (n=174)
    BUSY(util>50) power 89.8 W  sm 1063 MHz  (n=83)  headroom vs 150W cap: 60.2 W

### dfl_n15  2026-08-18T15:13:50-04:00
0.07.067.400 I common_speculative_impl_draft_dflash: adding speculative implementation 'draft-dflash'
0.07.067.401 I common_speculative_impl_draft_dflash: - n_max=15, n_min=0, p_min=0.00
0.07.067.401 I common_speculative_impl_draft_dflash: - block_size=16, mask_token_id=248077, n_extract=8
Traceback (most recent call last):
  File "/home/mark/dflash_s2/dflash_ab.py", line 95, in <module>
    main()
    ~~~~^^
  File "/home/mark/dflash_s2/dflash_ab.py", line 68, in main
    r = gen(p); r.update(prompt=name, rep=rep, arm=tag)
  File "/home/mark/dflash_s2/dflash_ab.py", line 48, in gen
    with urllib.request.urlopen(req, timeout=timeout) as r:
         ~~~~~~~~~~~~~~~~~~~~~~^^^^^^^^^^^^^^^^^^^^^^
  File "/usr/lib/python3.14/urllib/request.py", line 187, in urlopen
    return opener.open(url, data, timeout)
           ~~~~~~~~~~~^^^^^^^^^^^^^^^^^^^^
  File "/usr/lib/python3.14/urllib/request.py", line 487, in open
    response = self._open(req, data)
  File "/usr/lib/python3.14/urllib/request.py", line 504, in _open
    result = self._call_chain(self.handle_open, protocol, protocol +
                              '_open', req)
  File "/usr/lib/python3.14/urllib/request.py", line 464, in _call_chain
    result = func(*args)
  File "/usr/lib/python3.14/urllib/request.py", line 1350, in http_open
    return self.do_open(http.client.HTTPConnection, req)
           ~~~~~~~~~~~~^^^^^^^^^^^^^^^^^^^^^^^^^^^^^^^^^
  File "/usr/lib/python3.14/urllib/request.py", line 1325, in do_open
    r = h.getresponse()
  File "/usr/lib/python3.14/http/client.py", line 1459, in getresponse
    response.begin()
    ~~~~~~~~~~~~~~^^
  File "/usr/lib/python3.14/http/client.py", line 336, in begin
    version, status, reason = self._read_status()
                              ~~~~~~~~~~~~~~~~~^^
  File "/usr/lib/python3.14/http/client.py", line 305, in _read_status
    raise RemoteDisconnected("Remote end closed connection without"
                             " response")
http.client.RemoteDisconnected: Remote end closed connection without response
    all-samples power 31.0 W  sm 1063 MHz  util 0%  peak 31.8 W  (n=10)

### S2 DONE 2026-08-18T15:14:11-04:00
