== indexing (this reads ~61GB, be patient) ==
TC_MAIN: 866 tensors
TC_HEAD: 18 tensors
STOCK:   851 tensors

== TC_HEAD tensor listing ==
  blk.64.attn_k.weight                                         8             5,570,560 8dae113c2c9dea9b675a45760dd51de2
  blk.64.attn_k_norm.weight                                    0                 1,024 ea16a7db3866c282d8f0a9e9713f3d18
  blk.64.attn_norm.weight                                      0                20,480 31e670a2aa6930ca32dfca35063805ae
  blk.64.attn_output.weight                                    8            33,423,360 cbad672b99610baf84e0609a21827efb
  blk.64.attn_q.weight                                         8            66,846,720 36cc9d668d4d211cd7f085b01412ce7a
  blk.64.attn_q_norm.weight                                    0                 1,024 4de7a24d3015d0608246a52161dd711d
  blk.64.attn_v.weight                                         8             5,570,560 7ea2347a6d45b517eefaebaa1fbeeda7
  blk.64.ffn_down.weight                                       8            94,699,520 d631f5b617aa3b84e233cbfe9754dccd
  blk.64.ffn_gate.weight                                       8            94,699,520 4225f187933da00d9289cbe5970d0520
  blk.64.ffn_up.weight                                         8            94,699,520 25bf96ed0622f8294dd43975144aeb89
  blk.64.nextn.eh_proj.weight                                  8            55,705,600 8a94ebedae48c6831698522b1a449387
  blk.64.nextn.enorm.weight                                    0                20,480 c811eda409862e750945a1a2cf2df97c
  blk.64.nextn.hnorm.weight                                    0                20,480 59605d3c7c44be3eaa9821710f24f7de
  blk.64.nextn.shared_head_norm.weight                         0                20,480 8165d19ae7b7fb5cb50e8ba57a02fed0
  blk.64.post_attention_norm.weight                            0                20,480 9131e32e87ef784ba9b9d81b5fa932ff
  output.weight                                                8         1,350,860,800 15f06f3bba11cb8e3f565851787ac731
  output_norm.weight                                           0                20,480 469447ed494ce5a60774a698645357b2
  token_embd.weight                                            8         1,350,860,800 a6e7b2584f6de4763ca544badf5b1842

== MTP-pattern tensors in TC_MAIN ==
  blk.64.nextn.eh_proj.weight                                  8            55,705,600 8a94ebedae48c6831698522b1a449387
  blk.64.nextn.enorm.weight                                    0                20,480 c811eda409862e750945a1a2cf2df97c
  blk.64.nextn.hnorm.weight                                    0                20,480 59605d3c7c44be3eaa9821710f24f7de
  blk.64.nextn.shared_head_norm.weight                         0                20,480 8165d19ae7b7fb5cb50e8ba57a02fed0

== CHECK 1: TC_MAIN embedded MTP vs TC_HEAD standalone ==
  blk.64.attn_k.weight                                         BYTE-MATCH -> head:blk.64.attn_k.weight
  blk.64.attn_k_norm.weight                                    BYTE-MATCH -> head:blk.64.attn_k_norm.weight
  blk.64.attn_norm.weight                                      BYTE-MATCH -> head:blk.64.attn_norm.weight
  blk.64.attn_output.weight                                    BYTE-MATCH -> head:blk.64.attn_output.weight
  blk.64.attn_q.weight                                         BYTE-MATCH -> head:blk.64.attn_q.weight
  blk.64.attn_q_norm.weight                                    BYTE-MATCH -> head:blk.64.attn_q_norm.weight
  blk.64.attn_v.weight                                         BYTE-MATCH -> head:blk.64.attn_v.weight
  blk.64.ffn_down.weight                                       BYTE-MATCH -> head:blk.64.ffn_down.weight
  blk.64.ffn_gate.weight                                       BYTE-MATCH -> head:blk.64.ffn_gate.weight
  blk.64.ffn_up.weight                                         BYTE-MATCH -> head:blk.64.ffn_up.weight
  blk.64.nextn.eh_proj.weight                                  BYTE-MATCH -> head:blk.64.nextn.eh_proj.weight
  blk.64.nextn.enorm.weight                                    BYTE-MATCH -> head:blk.64.nextn.enorm.weight
  blk.64.nextn.hnorm.weight                                    BYTE-MATCH -> head:blk.64.nextn.hnorm.weight
  blk.64.nextn.shared_head_norm.weight                         BYTE-MATCH -> head:blk.64.nextn.shared_head_norm.weight
  blk.64.post_attention_norm.weight                            BYTE-MATCH -> head:blk.64.post_attention_norm.weight
  summary: 15 main-only tensors, 15 byte-match head, 0 differ
  head tensors with NO byte-match in main: 0

== CHECK 2: TC body vs STOCK Q8_0 (common tensor names) ==
  common tensors: 851  byte-identical: 573  differ: 278  type/size-mismatch: 0
  --- differing tensors (first 400) ---
  blk.0.ffn_down.weight                                        bytes differ
  blk.0.ffn_gate.weight                                        bytes differ
  blk.0.ffn_up.weight                                          bytes differ
  blk.1.ffn_down.weight                                        bytes differ
  blk.1.ffn_gate.weight                                        bytes differ
  blk.1.ffn_up.weight                                          bytes differ
  blk.1.ssm_a                                                  bytes differ
  blk.10.ffn_down.weight                                       bytes differ
  blk.10.ffn_gate.weight                                       bytes differ
  blk.10.ffn_up.weight                                         bytes differ
  blk.10.ssm_a                                                 bytes differ
  blk.11.attn_k.weight                                         bytes differ
  blk.11.attn_output.weight                                    bytes differ
  blk.11.attn_q.weight                                         bytes differ
  blk.11.attn_v.weight                                         bytes differ
  blk.11.ffn_down.weight                                       bytes differ
  blk.11.ffn_gate.weight                                       bytes differ
  blk.11.ffn_up.weight                                         bytes differ
  blk.12.ffn_down.weight                                       bytes differ
  blk.12.ffn_gate.weight                                       bytes differ
  blk.12.ffn_up.weight                                         bytes differ
  blk.13.ffn_down.weight                                       bytes differ
  blk.13.ffn_gate.weight                                       bytes differ
  blk.13.ffn_up.weight                                         bytes differ
  blk.13.ssm_a                                                 bytes differ
  blk.14.ffn_down.weight                                       bytes differ
  blk.14.ffn_gate.weight                                       bytes differ
  blk.14.ffn_up.weight                                         bytes differ
  blk.15.attn_k.weight                                         bytes differ
  blk.15.attn_output.weight                                    bytes differ
  blk.15.attn_q.weight                                         bytes differ
  blk.15.attn_v.weight                                         bytes differ
  blk.15.ffn_down.weight                                       bytes differ
  blk.15.ffn_gate.weight                                       bytes differ
  blk.15.ffn_up.weight                                         bytes differ
  blk.16.ffn_down.weight                                       bytes differ
  blk.16.ffn_gate.weight                                       bytes differ
  blk.16.ffn_up.weight                                         bytes differ
  blk.17.ffn_down.weight                                       bytes differ
  blk.17.ffn_gate.weight                                       bytes differ
  blk.17.ffn_up.weight                                         bytes differ
  blk.18.ffn_down.weight                                       bytes differ
  blk.18.ffn_gate.weight                                       bytes differ
  blk.18.ffn_up.weight                                         bytes differ
  blk.18.ssm_a                                                 bytes differ
  blk.19.attn_k.weight                                         bytes differ
  blk.19.attn_output.weight                                    bytes differ
  blk.19.attn_q.weight                                         bytes differ
  blk.19.attn_v.weight                                         bytes differ
  blk.19.ffn_down.weight                                       bytes differ
  blk.19.ffn_gate.weight                                       bytes differ
  blk.19.ffn_up.weight                                         bytes differ
  blk.2.ffn_down.weight                                        bytes differ
  blk.2.ffn_gate.weight                                        bytes differ
  blk.2.ffn_up.weight                                          bytes differ
  blk.20.ffn_down.weight                                       bytes differ
  blk.20.ffn_gate.weight                                       bytes differ
  blk.20.ffn_up.weight                                         bytes differ
  blk.21.ffn_down.weight                                       bytes differ
  blk.21.ffn_gate.weight                                       bytes differ
  blk.21.ffn_up.weight                                         bytes differ
  blk.22.ffn_down.weight                                       bytes differ
  blk.22.ffn_gate.weight                                       bytes differ
  blk.22.ffn_up.weight                                         bytes differ
  blk.23.attn_k.weight                                         bytes differ
  blk.23.attn_output.weight                                    bytes differ
  blk.23.attn_q.weight                                         bytes differ
  blk.23.attn_v.weight                                         bytes differ
  blk.23.ffn_down.weight                                       bytes differ
  blk.23.ffn_gate.weight                                       bytes differ
  blk.23.ffn_up.weight                                         bytes differ
  blk.24.ffn_down.weight                                       bytes differ
  blk.24.ffn_gate.weight                                       bytes differ
  blk.24.ffn_up.weight                                         bytes differ
  blk.24.ssm_a                                                 bytes differ
  blk.25.ffn_down.weight                                       bytes differ
  blk.25.ffn_gate.weight                                       bytes differ
  blk.25.ffn_up.weight                                         bytes differ
  blk.26.ffn_down.weight                                       bytes differ
  blk.26.ffn_gate.weight                                       bytes differ
  blk.26.ffn_up.weight                                         bytes differ
  blk.27.attn_k.weight                                         bytes differ
  blk.27.attn_output.weight                                    bytes differ
  blk.27.attn_q.weight                                         bytes differ
  blk.27.attn_v.weight                                         bytes differ
  blk.27.ffn_down.weight                                       bytes differ
  blk.27.ffn_gate.weight                                       bytes differ
  blk.27.ffn_up.weight                                         bytes differ
  blk.28.ffn_down.weight                                       bytes differ
  blk.28.ffn_gate.weight                                       bytes differ
  blk.28.ffn_up.weight                                         bytes differ
  blk.28.ssm_a                                                 bytes differ
  blk.29.ffn_down.weight                                       bytes differ
  blk.29.ffn_gate.weight                                       bytes differ
  blk.29.ffn_up.weight                                         bytes differ
  blk.29.ssm_a                                                 bytes differ
  blk.3.attn_k.weight                                          bytes differ
  blk.3.attn_output.weight                                     bytes differ
  blk.3.attn_q.weight                                          bytes differ
  blk.3.attn_v.weight                                          bytes differ
  blk.3.ffn_down.weight                                        bytes differ
  blk.3.ffn_gate.weight                                        bytes differ
  blk.3.ffn_up.weight                                          bytes differ
  blk.30.ffn_down.weight                                       bytes differ
  blk.30.ffn_gate.weight                                       bytes differ
  blk.30.ffn_up.weight                                         bytes differ
  blk.30.ssm_a                                                 bytes differ
  blk.31.attn_k.weight                                         bytes differ
  blk.31.attn_output.weight                                    bytes differ
  blk.31.attn_q.weight                                         bytes differ
  blk.31.attn_v.weight                                         bytes differ
  blk.31.ffn_down.weight                                       bytes differ
  blk.31.ffn_gate.weight                                       bytes differ
  blk.31.ffn_up.weight                                         bytes differ
  blk.32.ffn_down.weight                                       bytes differ
  blk.32.ffn_gate.weight                                       bytes differ
  blk.32.ffn_up.weight                                         bytes differ
  blk.32.ssm_a                                                 bytes differ
  blk.33.ffn_down.weight                                       bytes differ
  blk.33.ffn_gate.weight                                       bytes differ
  blk.33.ffn_up.weight                                         bytes differ
  blk.33.ssm_a                                                 bytes differ
  blk.34.ffn_down.weight                                       bytes differ
  blk.34.ffn_gate.weight                                       bytes differ
  blk.34.ffn_up.weight                                         bytes differ
  blk.35.attn_k.weight                                         bytes differ
  blk.35.attn_output.weight                                    bytes differ
  blk.35.attn_q.weight                                         bytes differ
  blk.35.attn_v.weight                                         bytes differ
  blk.35.ffn_down.weight                                       bytes differ
  blk.35.ffn_gate.weight                                       bytes differ
  blk.35.ffn_up.weight                                         bytes differ
  blk.36.ffn_down.weight                                       bytes differ
  blk.36.ffn_gate.weight                                       bytes differ
  blk.36.ffn_up.weight                                         bytes differ
  blk.37.ffn_down.weight                                       bytes differ
  blk.37.ffn_gate.weight                                       bytes differ
  blk.37.ffn_up.weight                                         bytes differ
  blk.38.ffn_down.weight                                       bytes differ
  blk.38.ffn_gate.weight                                       bytes differ
  blk.38.ffn_up.weight                                         bytes differ
  blk.38.ssm_a                                                 bytes differ
  blk.39.attn_k.weight                                         bytes differ
  blk.39.attn_output.weight                                    bytes differ
  blk.39.attn_q.weight                                         bytes differ
  blk.39.attn_v.weight                                         bytes differ
  blk.39.ffn_down.weight                                       bytes differ
  blk.39.ffn_gate.weight                                       bytes differ
  blk.39.ffn_up.weight                                         bytes differ
  blk.4.ffn_down.weight                                        bytes differ
  blk.4.ffn_gate.weight                                        bytes differ
  blk.4.ffn_up.weight                                          bytes differ
  blk.4.ssm_a                                                  bytes differ
  blk.40.ffn_down.weight                                       bytes differ
  blk.40.ffn_gate.weight                                       bytes differ
  blk.40.ffn_up.weight                                         bytes differ
  blk.41.ffn_down.weight                                       bytes differ
  blk.41.ffn_gate.weight                                       bytes differ
  blk.41.ffn_up.weight                                         bytes differ
  blk.41.ssm_a                                                 bytes differ
  blk.42.ffn_down.weight                                       bytes differ
  blk.42.ffn_gate.weight                                       bytes differ
  blk.42.ffn_up.weight                                         bytes differ
  blk.42.ssm_a                                                 bytes differ
  blk.43.attn_k.weight                                         bytes differ
  blk.43.attn_output.weight                                    bytes differ
  blk.43.attn_q.weight                                         bytes differ
  blk.43.attn_v.weight                                         bytes differ
  blk.43.ffn_down.weight                                       bytes differ
  blk.43.ffn_gate.weight                                       bytes differ
  blk.43.ffn_up.weight                                         bytes differ
  blk.44.ffn_down.weight                                       bytes differ
  blk.44.ffn_gate.weight                                       bytes differ
  blk.44.ffn_up.weight                                         bytes differ
  blk.44.ssm_a                                                 bytes differ
  blk.45.ffn_down.weight                                       bytes differ
  blk.45.ffn_gate.weight                                       bytes differ
  blk.45.ffn_up.weight                                         bytes differ
  blk.45.ssm_a                                                 bytes differ
  blk.46.ffn_down.weight                                       bytes differ
  blk.46.ffn_gate.weight                                       bytes differ
  blk.46.ffn_up.weight                                         bytes differ
  blk.47.attn_k.weight                                         bytes differ
  blk.47.attn_output.weight                                    bytes differ
  blk.47.attn_q.weight                                         bytes differ
  blk.47.attn_v.weight                                         bytes differ
  blk.47.ffn_down.weight                                       bytes differ
  blk.47.ffn_gate.weight                                       bytes differ
  blk.47.ffn_up.weight                                         bytes differ
  blk.48.ffn_down.weight                                       bytes differ
  blk.48.ffn_gate.weight                                       bytes differ
  blk.48.ffn_up.weight                                         bytes differ
  blk.48.ssm_a                                                 bytes differ
  blk.49.ffn_down.weight                                       bytes differ
  blk.49.ffn_gate.weight                                       bytes differ
  blk.49.ffn_up.weight                                         bytes differ
  blk.5.ffn_down.weight                                        bytes differ
  blk.5.ffn_gate.weight                                        bytes differ
  blk.5.ffn_up.weight                                          bytes differ
  blk.5.ssm_a                                                  bytes differ
  blk.50.ffn_down.weight                                       bytes differ
  blk.50.ffn_gate.weight                                       bytes differ
  blk.50.ffn_up.weight                                         bytes differ
  blk.51.attn_k.weight                                         bytes differ
  blk.51.attn_output.weight                                    bytes differ
  blk.51.attn_q.weight                                         bytes differ
  blk.51.attn_v.weight                                         bytes differ
  blk.51.ffn_down.weight                                       bytes differ
  blk.51.ffn_gate.weight                                       bytes differ
  blk.51.ffn_up.weight                                         bytes differ
  blk.52.ffn_down.weight                                       bytes differ
  blk.52.ffn_gate.weight                                       bytes differ
  blk.52.ffn_up.weight                                         bytes differ
  blk.53.ffn_down.weight                                       bytes differ
  blk.53.ffn_gate.weight                                       bytes differ
  blk.53.ffn_up.weight                                         bytes differ
  blk.54.ffn_down.weight                                       bytes differ
  blk.54.ffn_gate.weight                                       bytes differ
  blk.54.ffn_up.weight                                         bytes differ
  blk.54.ssm_a                                                 bytes differ
  blk.55.attn_k.weight                                         bytes differ
  blk.55.attn_output.weight                                    bytes differ
  blk.55.attn_q.weight                                         bytes differ
  blk.55.attn_v.weight                                         bytes differ
  blk.55.ffn_down.weight                                       bytes differ
  blk.55.ffn_gate.weight                                       bytes differ
  blk.55.ffn_up.weight                                         bytes differ
  blk.56.ffn_down.weight                                       bytes differ
  blk.56.ffn_gate.weight                                       bytes differ
  blk.56.ffn_up.weight                                         bytes differ
  blk.56.ssm_a                                                 bytes differ
  blk.57.ffn_down.weight                                       bytes differ
  blk.57.ffn_gate.weight                                       bytes differ
  blk.57.ffn_up.weight                                         bytes differ
  blk.57.ssm_a                                                 bytes differ
  blk.58.ffn_down.weight                                       bytes differ
  blk.58.ffn_gate.weight                                       bytes differ
  blk.58.ffn_up.weight                                         bytes differ
  blk.59.attn_k.weight                                         bytes differ
  blk.59.attn_output.weight                                    bytes differ
  blk.59.attn_q.weight                                         bytes differ
  blk.59.attn_v.weight                                         bytes differ
  blk.59.ffn_down.weight                                       bytes differ
  blk.59.ffn_gate.weight                                       bytes differ
  blk.59.ffn_up.weight                                         bytes differ
  blk.6.ffn_down.weight                                        bytes differ
  blk.6.ffn_gate.weight                                        bytes differ
  blk.6.ffn_up.weight                                          bytes differ
  blk.60.ffn_down.weight                                       bytes differ
  blk.60.ffn_gate.weight                                       bytes differ
  blk.60.ffn_up.weight                                         bytes differ
  blk.61.ffn_down.weight                                       bytes differ
  blk.61.ffn_gate.weight                                       bytes differ
  blk.61.ffn_up.weight                                         bytes differ
  blk.62.ffn_down.weight                                       bytes differ
  blk.62.ffn_gate.weight                                       bytes differ
  blk.62.ffn_up.weight                                         bytes differ
  blk.62.ssm_a                                                 bytes differ
  blk.63.attn_k.weight                                         bytes differ
  blk.63.attn_output.weight                                    bytes differ
  blk.63.attn_q.weight                                         bytes differ
  blk.63.attn_v.weight                                         bytes differ
  blk.63.ffn_down.weight                                       bytes differ
  blk.63.ffn_gate.weight                                       bytes differ
  blk.63.ffn_up.weight                                         bytes differ
  blk.7.attn_k.weight                                          bytes differ
  blk.7.attn_output.weight                                     bytes differ
  blk.7.attn_q.weight                                          bytes differ
  blk.7.attn_v.weight                                          bytes differ
  blk.7.ffn_down.weight                                        bytes differ
  blk.7.ffn_gate.weight                                        bytes differ
  blk.7.ffn_up.weight                                          bytes differ
  blk.8.ffn_down.weight                                        bytes differ
  blk.8.ffn_gate.weight                                        bytes differ
  blk.8.ffn_up.weight                                          bytes differ
  blk.9.ffn_down.weight                                        bytes differ
  blk.9.ffn_gate.weight                                        bytes differ
  blk.9.ffn_up.weight                                          bytes differ
  stock-only tensors (absent in TC): 0

DONE_FORENSIC
