############ cache_prompt=1 ############
### off  (cache_prompt=1)
  off_c1    run0  sha=829016f49208eb01  chars= 1284  tok= 320  draft=None/None
  off_c1    run1  sha=829016f49208eb01  chars= 1284  tok= 320  draft=None/None
  off_c1    run2  sha=829016f49208eb01  chars= 1284  tok= 320  draft=None/None
  off_c1    run3  sha=829016f49208eb01  chars= 1284  tok= 320  draft=None/None
  off_c1    run4  sha=829016f49208eb01  chars= 1284  tok= 320  draft=None/None
  off_c1    run5  sha=829016f49208eb01  chars= 1284  tok= 320  draft=None/None
  -> off_c1: 1 distinct OUTPUT(s), 1 distinct draft count(s)  [TEXT STABLE]

### mtp_n3  (cache_prompt=1)
  mtp_n3_c1 run0  sha=62b8019449d989d6  chars= 1284  tok= 320  draft=308/216
  mtp_n3_c1 run1  sha=06ad1b1c38240786  chars= 1279  tok= 320  draft=296/219
  mtp_n3_c1 run2  sha=62b8019449d989d6  chars= 1284  tok= 320  draft=308/216
  mtp_n3_c1 run3  sha=06ad1b1c38240786  chars= 1279  tok= 320  draft=296/219
  mtp_n3_c1 run4  sha=62b8019449d989d6  chars= 1284  tok= 320  draft=308/216
  mtp_n3_c1 run5  sha=06ad1b1c38240786  chars= 1279  tok= 320  draft=296/219
  -> mtp_n3_c1: 2 distinct OUTPUT(s), 2 distinct draft count(s)  [*** TEXT VARIES ***]

### dfl_n3  (cache_prompt=1)
  dfl_n3_c1 run0  sha=06ad1b1c38240786  chars= 1279  tok= 320  draft=275/227
  dfl_n3_c1 run1  sha=06ad1b1c38240786  chars= 1279  tok= 320  draft=275/227
  dfl_n3_c1 run2  sha=06ad1b1c38240786  chars= 1279  tok= 320  draft=275/227
  dfl_n3_c1 run3  sha=06ad1b1c38240786  chars= 1279  tok= 320  draft=275/227
  dfl_n3_c1 run4  sha=06ad1b1c38240786  chars= 1279  tok= 320  draft=275/227
  dfl_n3_c1 run5  sha=06ad1b1c38240786  chars= 1279  tok= 320  draft=275/227
  -> dfl_n3_c1: 1 distinct OUTPUT(s), 1 distinct draft count(s)  [TEXT STABLE]

############ cache_prompt=0 ############
### off  (cache_prompt=0)
  off_c0    run0  sha=829016f49208eb01  chars= 1284  tok= 320  draft=None/None
  off_c0    run1  sha=829016f49208eb01  chars= 1284  tok= 320  draft=None/None
  off_c0    run2  sha=829016f49208eb01  chars= 1284  tok= 320  draft=None/None
  off_c0    run3  sha=829016f49208eb01  chars= 1284  tok= 320  draft=None/None
  off_c0    run4  sha=829016f49208eb01  chars= 1284  tok= 320  draft=None/None
  off_c0    run5  sha=829016f49208eb01  chars= 1284  tok= 320  draft=None/None
  -> off_c0: 1 distinct OUTPUT(s), 1 distinct draft count(s)  [TEXT STABLE]

### mtp_n3  (cache_prompt=0)
  mtp_n3_c0 run0  sha=62b8019449d989d6  chars= 1284  tok= 320  draft=308/216
  mtp_n3_c0 run1  sha=62b8019449d989d6  chars= 1284  tok= 320  draft=308/216
  mtp_n3_c0 run2  sha=62b8019449d989d6  chars= 1284  tok= 320  draft=305/217
  mtp_n3_c0 run3  sha=62b8019449d989d6  chars= 1284  tok= 320  draft=308/216
  mtp_n3_c0 run4  sha=62b8019449d989d6  chars= 1284  tok= 320  draft=305/217
  mtp_n3_c0 run5  sha=62b8019449d989d6  chars= 1284  tok= 320  draft=308/216
  -> mtp_n3_c0: 1 distinct OUTPUT(s), 2 distinct draft count(s)  [TEXT STABLE]

### dfl_n3  (cache_prompt=0)
  dfl_n3_c0 run0  sha=06ad1b1c38240786  chars= 1279  tok= 320  draft=275/227
  dfl_n3_c0 run1  sha=06ad1b1c38240786  chars= 1279  tok= 320  draft=275/227
  dfl_n3_c0 run2  sha=06ad1b1c38240786  chars= 1279  tok= 320  draft=275/227
  dfl_n3_c0 run3  sha=06ad1b1c38240786  chars= 1279  tok= 320  draft=275/227
  dfl_n3_c0 run4  sha=06ad1b1c38240786  chars= 1279  tok= 320  draft=275/227
  dfl_n3_c0 run5  sha=06ad1b1c38240786  chars= 1279  tok= 320  draft=275/227
  -> dfl_n3_c0: 1 distinct OUTPUT(s), 1 distinct draft count(s)  [TEXT STABLE]

### B1 DONE 2026-08-18T10:03:47-04:00
