ggml_cuda_init: found 1 ROCm devices (Total VRAM: 16304 MiB):
  Device 0: AMD Radeon RX 9070 XT, gfx1201 (0x1201), VMM: no, Wave Size: 32, VRAM: 16304 MiB
Testing 2 devices

Backend 1/2: ROCm0
  Device description: AMD Radeon RX 9070 XT
  Device memory: 16304 MB (16006 MB free)

  FLASH_ATTN_EXT(hsk=576,hsv=512,nh=1,nr23=[1,1],kv=113,nb=1,mask=1,sinks=1,max_bias=0.000000,logit_softcap=0.000000,prec=f32,type_K=f16,type_V=f16,permute=[0,1,2,3]): [1;31mNOT SUPPORTED[0m
  FLASH_ATTN_EXT(hsk=576,hsv=512,nh=1,nr23=[1,1],kv=113,nb=3,mask=1,sinks=1,max_bias=0.000000,logit_softcap=0.000000,prec=f32,type_K=f16,type_V=f16,permute=[0,1,2,3]): [1;31mNOT SUPPORTED[0m
  FLASH_ATTN_EXT(hsk=576,hsv=512,nh=1,nr23=[1,1],kv=113,nb=32,mask=1,sinks=1,max_bias=0.000000,logit_softcap=0.000000,prec=f32,type_K=f16,type_V=f16,permute=[0,1,2,3]): [1;31mNOT SUPPORTED[0m
  FLASH_ATTN_EXT(hsk=576,hsv=512,nh=1,nr23=[1,1],kv=113,nb=75,mask=1,sinks=1,max_bias=0.000000,logit_softcap=0.000000,prec=f32,type_K=f16,type_V=f16,permute=[0,1,2,3]): [1;31mNOT SUPPORTED[0m
  FLASH_ATTN_EXT(hsk=576,hsv=512,nh=1,nr23=[1,1],kv=512,nb=1,mask=1,sinks=1,max_bias=0.000000,logit_softcap=0.000000,prec=f32,type_K=f16,type_V=f16,permute=[0,1,2,3]): [1;31mNOT SUPPORTED[0m
  FLASH_ATTN_EXT(hsk=576,hsv=512,nh=1,nr23=[1,1],kv=512,nb=1,mask=1,sinks=1,max_bias=0.000000,logit_softcap=0.000000,prec=f32,type_K=f16,type_V=f16,permute=[0,2,1,3]): [1;31mNOT SUPPORTED[0m
  FLASH_ATTN_EXT(hsk=576,hsv=512,nh=1,nr23=[1,1],kv=512,nb=3,mask=1,sinks=1,max_bias=0.000000,logit_softcap=0.000000,prec=f32,type_K=f16,type_V=f16,permute=[0,1,2,3]): [1;31mNOT SUPPORTED[0m
  FLASH_ATTN_EXT(hsk=576,hsv=512,nh=1,nr23=[1,1],kv=512,nb=3,mask=1,sinks=1,max_bias=0.000000,logit_softcap=0.000000,prec=f32,type_K=f16,type_V=f16,permute=[0,2,1,3]): [1;31mNOT SUPPORTED[0m
  FLASH_ATTN_EXT(hsk=576,hsv=512,nh=1,nr23=[1,1],kv=512,nb=32,mask=1,sinks=1,max_bias=0.000000,logit_softcap=0.000000,prec=f32,type_K=f16,type_V=f16,permute=[0,1,2,3]): [1;31mNOT SUPPORTED[0m
  FLASH_ATTN_EXT(hsk=576,hsv=512,nh=1,nr23=[1,1],kv=512,nb=32,mask=1,sinks=1,max_bias=0.000000,logit_softcap=0.000000,prec=f32,type_K=f16,type_V=f16,permute=[0,2,1,3]): [1;31mNOT SUPPORTED[0m
  FLASH_ATTN_EXT(hsk=576,hsv=512,nh=1,nr23=[1,1],kv=512,nb=75,mask=1,sinks=1,max_bias=0.000000,logit_softcap=0.000000,prec=f32,type_K=f16,type_V=f16,permute=[0,1,2,3]): [1;31mNOT SUPPORTED[0m
  FLASH_ATTN_EXT(hsk=576,hsv=512,nh=1,nr23=[1,1],kv=512,nb=75,mask=1,sinks=1,max_bias=0.000000,logit_softcap=0.000000,prec=f32,type_K=f16,type_V=f16,permute=[0,2,1,3]): [1;31mNOT SUPPORTED[0m
  FLASH_ATTN_EXT(hsk=576,hsv=512,nh=1,nr23=[1,1],kv=1024,nb=1,mask=1,sinks=1,max_bias=0.000000,logit_softcap=0.000000,prec=f32,type_K=f16,type_V=f16,permute=[0,1,2,3]): [1;31mNOT SUPPORTED[0m
  FLASH_ATTN_EXT(hsk=576,hsv=512,nh=1,nr23=[1,1],kv=1024,nb=3,mask=1,sinks=1,max_bias=0.000000,logit_softcap=0.000000,prec=f32,type_K=f16,type_V=f16,permute=[0,1,2,3]): [1;31mNOT SUPPORTED[0m
  FLASH_ATTN_EXT(hsk=576,hsv=512,nh=1,nr23=[1,1],kv=1024,nb=32,mask=1,sinks=1,max_bias=0.000000,logit_softcap=0.000000,prec=f32,type_K=f16,type_V=f16,permute=[0,1,2,3]): [1;31mNOT SUPPORTED[0m
  FLASH_ATTN_EXT(hsk=576,hsv=512,nh=1,nr23=[1,1],kv=1024,nb=75,mask=1,sinks=1,max_bias=0.000000,logit_softcap=0.000000,prec=f32,type_K=f16,type_V=f16,permute=[0,1,2,3]): [1;31mNOT SUPPORTED[0m
  FLASH_ATTN_EXT(hsk=576,hsv=512,nh=1,nr23=[4,1],kv=512,nb=1,mask=1,sinks=1,max_bias=0.000000,logit_softcap=0.000000,prec=f32,type_K=f16,type_V=f16,permute=[0,1,2,3]): [1;32mSUPPORTED[0m
  FLASH_ATTN_EXT(hsk=576,hsv=512,nh=1,nr23=[4,1],kv=512,nb=1,mask=1,sinks=1,max_bias=0.000000,logit_softcap=0.000000,prec=f32,type_K=f16,type_V=f16,permute=[0,2,1,3]): [1;32mSUPPORTED[0m
  FLASH_ATTN_EXT(hsk=576,hsv=512,nh=1,nr23=[4,1],kv=512,nb=3,mask=1,sinks=1,max_bias=0.000000,logit_softcap=0.000000,prec=f32,type_K=f16,type_V=f16,permute=[0,1,2,3]): [1;32mSUPPORTED[0m
  FLASH_ATTN_EXT(hsk=576,hsv=512,nh=1,nr23=[4,1],kv=512,nb=3,mask=1,sinks=1,max_bias=0.000000,logit_softcap=0.000000,prec=f32,type_K=f16,type_V=f16,permute=[0,2,1,3]): [1;32mSUPPORTED[0m
  FLASH_ATTN_EXT(hsk=576,hsv=512,nh=1,nr23=[4,1],kv=512,nb=32,mask=1,sinks=1,max_bias=0.000000,logit_softcap=0.000000,prec=f32,type_K=f16,type_V=f16,permute=[0,1,2,3]): [1;32mSUPPORTED[0m
  FLASH_ATTN_EXT(hsk=576,hsv=512,nh=1,nr23=[4,1],kv=512,nb=32,mask=1,sinks=1,max_bias=0.000000,logit_softcap=0.000000,prec=f32,type_K=f16,type_V=f16,permute=[0,2,1,3]): [1;32mSUPPORTED[0m
  FLASH_ATTN_EXT(hsk=576,hsv=512,nh=1,nr23=[4,1],kv=512,nb=75,mask=1,sinks=1,max_bias=0.000000,logit_softcap=0.000000,prec=f32,type_K=f16,type_V=f16,permute=[0,1,2,3]): [1;32mSUPPORTED[0m
  FLASH_ATTN_EXT(hsk=576,hsv=512,nh=1,nr23=[4,1],kv=512,nb=75,mask=1,sinks=1,max_bias=0.000000,logit_softcap=0.000000,prec=f32,type_K=f16,type_V=f16,permute=[0,2,1,3]): [1;32mSUPPORTED[0m
  FLASH_ATTN_EXT(hsk=576,hsv=512,nh=1,nr23=[20,1],kv=512,nb=1,mask=1,sinks=1,max_bias=0.000000,logit_softcap=0.000000,prec=f32,type_K=f16,type_V=f16,permute=[0,1,2,3]): [1;32mSUPPORTED[0m
  FLASH_ATTN_EXT(hsk=576,hsv=512,nh=1,nr23=[20,1],kv=512,nb=1,mask=1,sinks=1,max_bias=0.000000,logit_softcap=0.000000,prec=f32,type_K=f16,type_V=f16,permute=[0,2,1,3]): [1;32mSUPPORTED[0m
  FLASH_ATTN_EXT(hsk=576,hsv=512,nh=1,nr23=[20,1],kv=512,nb=3,mask=1,sinks=1,max_bias=0.000000,logit_softcap=0.000000,prec=f32,type_K=f16,type_V=f16,permute=[0,1,2,3]): [1;32mSUPPORTED[0m
  FLASH_ATTN_EXT(hsk=576,hsv=512,nh=1,nr23=[20,1],kv=512,nb=3,mask=1,sinks=1,max_bias=0.000000,logit_softcap=0.000000,prec=f32,type_K=f16,type_V=f16,permute=[0,2,1,3]): [1;32mSUPPORTED[0m
  FLASH_ATTN_EXT(hsk=576,hsv=512,nh=1,nr23=[20,1],kv=512,nb=32,mask=1,sinks=1,max_bias=0.000000,logit_softcap=0.000000,prec=f32,type_K=f16,type_V=f16,permute=[0,1,2,3]): [1;32mSUPPORTED[0m
  FLASH_ATTN_EXT(hsk=576,hsv=512,nh=1,nr23=[20,1],kv=512,nb=32,mask=1,sinks=1,max_bias=0.000000,logit_softcap=0.000000,prec=f32,type_K=f16,type_V=f16,permute=[0,2,1,3]): [1;32mSUPPORTED[0m
  FLASH_ATTN_EXT(hsk=576,hsv=512,nh=1,nr23=[20,1],kv=512,nb=75,mask=1,sinks=1,max_bias=0.000000,logit_softcap=0.000000,prec=f32,type_K=f16,type_V=f16,permute=[0,1,2,3]): [1;32mSUPPORTED[0m
  FLASH_ATTN_EXT(hsk=576,hsv=512,nh=1,nr23=[20,1],kv=512,nb=75,mask=1,sinks=1,max_bias=0.000000,logit_softcap=0.000000,prec=f32,type_K=f16,type_V=f16,permute=[0,2,1,3]): [1;32mSUPPORTED[0m
  FLASH_ATTN_EXT(hsk=576,hsv=512,nh=4,nr23=[1,1],kv=113,nb=1,mask=1,sinks=1,max_bias=0.000000,logit_softcap=0.000000,prec=f32,type_K=f16,type_V=f16,permute=[0,1,2,3]): [1;31mNOT SUPPORTED[0m
  FLASH_ATTN_EXT(hsk=576,hsv=512,nh=4,nr23=[1,1],kv=113,nb=3,mask=1,sinks=1,max_bias=0.000000,logit_softcap=0.000000,prec=f32,type_K=f16,type_V=f16,permute=[0,1,2,3]): [1;31mNOT SUPPORTED[0m
  FLASH_ATTN_EXT(hsk=576,hsv=512,nh=4,nr23=[1,1],kv=113,nb=32,mask=1,sinks=1,max_bias=0.000000,logit_softcap=0.000000,prec=f32,type_K=f16,type_V=f16,permute=[0,1,2,3]): [1;31mNOT SUPPORTED[0m
  FLASH_ATTN_EXT(hsk=576,hsv=512,nh=4,nr23=[1,1],kv=113,nb=75,mask=1,sinks=1,max_bias=0.000000,logit_softcap=0.000000,prec=f32,type_K=f16,type_V=f16,permute=[0,1,2,3]): [1;31mNOT SUPPORTED[0m
  FLASH_ATTN_EXT(hsk=576,hsv=512,nh=4,nr23=[1,1],kv=512,nb=1,mask=1,sinks=1,max_bias=0.000000,logit_softcap=0.000000,prec=f32,type_K=f16,type_V=f16,permute=[0,1,2,3]): [1;31mNOT SUPPORTED[0m
  FLASH_ATTN_EXT(hsk=576,hsv=512,nh=4,nr23=[1,1],kv=512,nb=1,mask=1,sinks=1,max_bias=0.000000,logit_softcap=0.000000,prec=f32,type_K=f16,type_V=f16,permute=[0,2,1,3]): [1;31mNOT SUPPORTED[0m
  FLASH_ATTN_EXT(hsk=576,hsv=512,nh=4,nr23=[1,1],kv=512,nb=3,mask=1,sinks=1,max_bias=0.000000,logit_softcap=0.000000,prec=f32,type_K=f16,type_V=f16,permute=[0,1,2,3]): [1;31mNOT SUPPORTED[0m
  FLASH_ATTN_EXT(hsk=576,hsv=512,nh=4,nr23=[1,1],kv=512,nb=3,mask=1,sinks=1,max_bias=0.000000,logit_softcap=0.000000,prec=f32,type_K=f16,type_V=f16,permute=[0,2,1,3]): [1;31mNOT SUPPORTED[0m
  FLASH_ATTN_EXT(hsk=576,hsv=512,nh=4,nr23=[1,1],kv=512,nb=32,mask=1,sinks=1,max_bias=0.000000,logit_softcap=0.000000,prec=f32,type_K=f16,type_V=f16,permute=[0,1,2,3]): [1;31mNOT SUPPORTED[0m
  FLASH_ATTN_EXT(hsk=576,hsv=512,nh=4,nr23=[1,1],kv=512,nb=32,mask=1,sinks=1,max_bias=0.000000,logit_softcap=0.000000,prec=f32,type_K=f16,type_V=f16,permute=[0,2,1,3]): [1;31mNOT SUPPORTED[0m
  FLASH_ATTN_EXT(hsk=576,hsv=512,nh=4,nr23=[1,1],kv=512,nb=75,mask=1,sinks=1,max_bias=0.000000,logit_softcap=0.000000,prec=f32,type_K=f16,type_V=f16,permute=[0,1,2,3]): [1;31mNOT SUPPORTED[0m
  FLASH_ATTN_EXT(hsk=576,hsv=512,nh=4,nr23=[1,1],kv=512,nb=75,mask=1,sinks=1,max_bias=0.000000,logit_softcap=0.000000,prec=f32,type_K=f16,type_V=f16,permute=[0,2,1,3]): [1;31mNOT SUPPORTED[0m
  FLASH_ATTN_EXT(hsk=576,hsv=512,nh=4,nr23=[1,1],kv=1024,nb=1,mask=1,sinks=1,max_bias=0.000000,logit_softcap=0.000000,prec=f32,type_K=f16,type_V=f16,permute=[0,1,2,3]): [1;31mNOT SUPPORTED[0m
  FLASH_ATTN_EXT(hsk=576,hsv=512,nh=4,nr23=[1,1],kv=1024,nb=3,mask=1,sinks=1,max_bias=0.000000,logit_softcap=0.000000,prec=f32,type_K=f16,type_V=f16,permute=[0,1,2,3]): [1;31mNOT SUPPORTED[0m
  FLASH_ATTN_EXT(hsk=576,hsv=512,nh=4,nr23=[1,1],kv=1024,nb=32,mask=1,sinks=1,max_bias=0.000000,logit_softcap=0.000000,prec=f32,type_K=f16,type_V=f16,permute=[0,1,2,3]): [1;31mNOT SUPPORTED[0m
  FLASH_ATTN_EXT(hsk=576,hsv=512,nh=4,nr23=[1,1],kv=1024,nb=75,mask=1,sinks=1,max_bias=0.000000,logit_softcap=0.000000,prec=f32,type_K=f16,type_V=f16,permute=[0,1,2,3]): [1;31mNOT SUPPORTED[0m
  FLASH_ATTN_EXT(hsk=576,hsv=512,nh=4,nr23=[4,1],kv=512,nb=1,mask=1,sinks=1,max_bias=0.000000,logit_softcap=0.000000,prec=f32,type_K=f16,type_V=f16,permute=[0,1,2,3]): [1;32mSUPPORTED[0m
  FLASH_ATTN_EXT(hsk=576,hsv=512,nh=4,nr23=[4,1],kv=512,nb=1,mask=1,sinks=1,max_bias=0.000000,logit_softcap=0.000000,prec=f32,type_K=f16,type_V=f16,permute=[0,2,1,3]): [1;32mSUPPORTED[0m
  FLASH_ATTN_EXT(hsk=576,hsv=512,nh=4,nr23=[4,1],kv=512,nb=3,mask=1,sinks=1,max_bias=0.000000,logit_softcap=0.000000,prec=f32,type_K=f16,type_V=f16,permute=[0,1,2,3]): [1;32mSUPPORTED[0m
  FLASH_ATTN_EXT(hsk=576,hsv=512,nh=4,nr23=[4,1],kv=512,nb=3,mask=1,sinks=1,max_bias=0.000000,logit_softcap=0.000000,prec=f32,type_K=f16,type_V=f16,permute=[0,2,1,3]): [1;32mSUPPORTED[0m
  FLASH_ATTN_EXT(hsk=576,hsv=512,nh=4,nr23=[4,1],kv=512,nb=32,mask=1,sinks=1,max_bias=0.000000,logit_softcap=0.000000,prec=f32,type_K=f16,type_V=f16,permute=[0,1,2,3]): [1;32mSUPPORTED[0m
  FLASH_ATTN_EXT(hsk=576,hsv=512,nh=4,nr23=[4,1],kv=512,nb=32,mask=1,sinks=1,max_bias=0.000000,logit_softcap=0.000000,prec=f32,type_K=f16,type_V=f16,permute=[0,2,1,3]): [1;32mSUPPORTED[0m
  FLASH_ATTN_EXT(hsk=576,hsv=512,nh=4,nr23=[4,1],kv=512,nb=75,mask=1,sinks=1,max_bias=0.000000,logit_softcap=0.000000,prec=f32,type_K=f16,type_V=f16,permute=[0,1,2,3]): [1;32mSUPPORTED[0m
  FLASH_ATTN_EXT(hsk=576,hsv=512,nh=4,nr23=[4,1],kv=512,nb=75,mask=1,sinks=1,max_bias=0.000000,logit_softcap=0.000000,prec=f32,type_K=f16,type_V=f16,permute=[0,2,1,3]): [1;32mSUPPORTED[0m
  FLASH_ATTN_EXT(hsk=576,hsv=512,nh=1,nr23=[1,1],kv=113,nb=1,mask=1,sinks=1,max_bias=8.000000,logit_softcap=0.000000,prec=f32,type_K=f16,type_V=f16,permute=[0,1,2,3]): [1;31mNOT SUPPORTED[0m
  FLASH_ATTN_EXT(hsk=576,hsv=512,nh=1,nr23=[1,1],kv=113,nb=3,mask=1,sinks=1,max_bias=8.000000,logit_softcap=0.000000,prec=f32,type_K=f16,type_V=f16,permute=[0,1,2,3]): [1;31mNOT SUPPORTED[0m
  FLASH_ATTN_EXT(hsk=576,hsv=512,nh=1,nr23=[1,1],kv=113,nb=32,mask=1,sinks=1,max_bias=8.000000,logit_softcap=0.000000,prec=f32,type_K=f16,type_V=f16,permute=[0,1,2,3]): [1;31mNOT SUPPORTED[0m
  FLASH_ATTN_EXT(hsk=576,hsv=512,nh=1,nr23=[1,1],kv=113,nb=75,mask=1,sinks=1,max_bias=8.000000,logit_softcap=0.000000,prec=f32,type_K=f16,type_V=f16,permute=[0,1,2,3]): [1;31mNOT SUPPORTED[0m
  FLASH_ATTN_EXT(hsk=576,hsv=512,nh=1,nr23=[1,1],kv=512,nb=1,mask=1,sinks=1,max_bias=8.000000,logit_softcap=0.000000,prec=f32,type_K=f16,type_V=f16,permute=[0,1,2,3]): [1;31mNOT SUPPORTED[0m
  FLASH_ATTN_EXT(hsk=576,hsv=512,nh=1,nr23=[1,1],kv=512,nb=3,mask=1,sinks=1,max_bias=8.000000,logit_softcap=0.000000,prec=f32,type_K=f16,type_V=f16,permute=[0,1,2,3]): [1;31mNOT SUPPORTED[0m
  FLASH_ATTN_EXT(hsk=576,hsv=512,nh=1,nr23=[1,1],kv=512,nb=32,mask=1,sinks=1,max_bias=8.000000,logit_softcap=0.000000,prec=f32,type_K=f16,type_V=f16,permute=[0,1,2,3]): [1;31mNOT SUPPORTED[0m
  FLASH_ATTN_EXT(hsk=576,hsv=512,nh=1,nr23=[1,1],kv=512,nb=75,mask=1,sinks=1,max_bias=8.000000,logit_softcap=0.000000,prec=f32,type_K=f16,type_V=f16,permute=[0,1,2,3]): [1;31mNOT SUPPORTED[0m
  FLASH_ATTN_EXT(hsk=576,hsv=512,nh=1,nr23=[1,1],kv=1024,nb=1,mask=1,sinks=1,max_bias=8.000000,logit_softcap=0.000000,prec=f32,type_K=f16,type_V=f16,permute=[0,1,2,3]): [1;31mNOT SUPPORTED[0m
  FLASH_ATTN_EXT(hsk=576,hsv=512,nh=1,nr23=[1,1],kv=1024,nb=3,mask=1,sinks=1,max_bias=8.000000,logit_softcap=0.000000,prec=f32,type_K=f16,type_V=f16,permute=[0,1,2,3]): [1;31mNOT SUPPORTED[0m
  FLASH_ATTN_EXT(hsk=576,hsv=512,nh=1,nr23=[1,1],kv=1024,nb=32,mask=1,sinks=1,max_bias=8.000000,logit_softcap=0.000000,prec=f32,type_K=f16,type_V=f16,permute=[0,1,2,3]): [1;31mNOT SUPPORTED[0m
  FLASH_ATTN_EXT(hsk=576,hsv=512,nh=1,nr23=[1,1],kv=1024,nb=75,mask=1,sinks=1,max_bias=8.000000,logit_softcap=0.000000,prec=f32,type_K=f16,type_V=f16,permute=[0,1,2,3]): [1;31mNOT SUPPORTED[0m
  FLASH_ATTN_EXT(hsk=576,hsv=512,nh=1,nr23=[4,1],kv=512,nb=1,mask=1,sinks=1,max_bias=8.000000,logit_softcap=0.000000,prec=f32,type_K=f16,type_V=f16,permute=[0,1,2,3]): [1;31mNOT SUPPORTED[0m
  FLASH_ATTN_EXT(hsk=576,hsv=512,nh=1,nr23=[4,1],kv=512,nb=3,mask=1,sinks=1,max_bias=8.000000,logit_softcap=0.000000,prec=f32,type_K=f16,type_V=f16,permute=[0,1,2,3]): [1;31mNOT SUPPORTED[0m
  FLASH_ATTN_EXT(hsk=576,hsv=512,nh=1,nr23=[4,1],kv=512,nb=32,mask=1,sinks=1,max_bias=8.000000,logit_softcap=0.000000,prec=f32,type_K=f16,type_V=f16,permute=[0,1,2,3]): [1;31mNOT SUPPORTED[0m
  FLASH_ATTN_EXT(hsk=576,hsv=512,nh=1,nr23=[4,1],kv=512,nb=75,mask=1,sinks=1,max_bias=8.000000,logit_softcap=0.000000,prec=f32,type_K=f16,type_V=f16,permute=[0,1,2,3]): [1;31mNOT SUPPORTED[0m
  FLASH_ATTN_EXT(hsk=576,hsv=512,nh=1,nr23=[20,1],kv=512,nb=1,mask=1,sinks=1,max_bias=8.000000,logit_softcap=0.000000,prec=f32,type_K=f16,type_V=f16,permute=[0,1,2,3]): [1;31mNOT SUPPORTED[0m
  FLASH_ATTN_EXT(hsk=576,hsv=512,nh=1,nr23=[20,1],kv=512,nb=3,mask=1,sinks=1,max_bias=8.000000,logit_softcap=0.000000,prec=f32,type_K=f16,type_V=f16,permute=[0,1,2,3]): [1;31mNOT SUPPORTED[0m
  FLASH_ATTN_EXT(hsk=576,hsv=512,nh=1,nr23=[20,1],kv=512,nb=32,mask=1,sinks=1,max_bias=8.000000,logit_softcap=0.000000,prec=f32,type_K=f16,type_V=f16,permute=[0,1,2,3]): [1;31mNOT SUPPORTED[0m
  FLASH_ATTN_EXT(hsk=576,hsv=512,nh=1,nr23=[20,1],kv=512,nb=75,mask=1,sinks=1,max_bias=8.000000,logit_softcap=0.000000,prec=f32,type_K=f16,type_V=f16,permute=[0,1,2,3]): [1;31mNOT SUPPORTED[0m
  FLASH_ATTN_EXT(hsk=576,hsv=512,nh=4,nr23=[1,1],kv=113,nb=1,mask=1,sinks=1,max_bias=8.000000,logit_softcap=0.000000,prec=f32,type_K=f16,type_V=f16,permute=[0,1,2,3]): [1;31mNOT SUPPORTED[0m
  FLASH_ATTN_EXT(hsk=576,hsv=512,nh=4,nr23=[1,1],kv=113,nb=3,mask=1,sinks=1,max_bias=8.000000,logit_softcap=0.000000,prec=f32,type_K=f16,type_V=f16,permute=[0,1,2,3]): [1;31mNOT SUPPORTED[0m
  FLASH_ATTN_EXT(hsk=576,hsv=512,nh=4,nr23=[1,1],kv=113,nb=32,mask=1,sinks=1,max_bias=8.000000,logit_softcap=0.000000,prec=f32,type_K=f16,type_V=f16,permute=[0,1,2,3]): [1;31mNOT SUPPORTED[0m
  FLASH_ATTN_EXT(hsk=576,hsv=512,nh=4,nr23=[1,1],kv=113,nb=75,mask=1,sinks=1,max_bias=8.000000,logit_softcap=0.000000,prec=f32,type_K=f16,type_V=f16,permute=[0,1,2,3]): [1;31mNOT SUPPORTED[0m
  FLASH_ATTN_EXT(hsk=576,hsv=512,nh=4,nr23=[1,1],kv=512,nb=1,mask=1,sinks=1,max_bias=8.000000,logit_softcap=0.000000,prec=f32,type_K=f16,type_V=f16,permute=[0,1,2,3]): [1;31mNOT SUPPORTED[0m
  FLASH_ATTN_EXT(hsk=576,hsv=512,nh=4,nr23=[1,1],kv=512,nb=3,mask=1,sinks=1,max_bias=8.000000,logit_softcap=0.000000,prec=f32,type_K=f16,type_V=f16,permute=[0,1,2,3]): [1;31mNOT SUPPORTED[0m
  FLASH_ATTN_EXT(hsk=576,hsv=512,nh=4,nr23=[1,1],kv=512,nb=32,mask=1,sinks=1,max_bias=8.000000,logit_softcap=0.000000,prec=f32,type_K=f16,type_V=f16,permute=[0,1,2,3]): [1;31mNOT SUPPORTED[0m
  FLASH_ATTN_EXT(hsk=576,hsv=512,nh=4,nr23=[1,1],kv=512,nb=75,mask=1,sinks=1,max_bias=8.000000,logit_softcap=0.000000,prec=f32,type_K=f16,type_V=f16,permute=[0,1,2,3]): [1;31mNOT SUPPORTED[0m
  FLASH_ATTN_EXT(hsk=576,hsv=512,nh=4,nr23=[1,1],kv=1024,nb=1,mask=1,sinks=1,max_bias=8.000000,logit_softcap=0.000000,prec=f32,type_K=f16,type_V=f16,permute=[0,1,2,3]): [1;31mNOT SUPPORTED[0m
  FLASH_ATTN_EXT(hsk=576,hsv=512,nh=4,nr23=[1,1],kv=1024,nb=3,mask=1,sinks=1,max_bias=8.000000,logit_softcap=0.000000,prec=f32,type_K=f16,type_V=f16,permute=[0,1,2,3]): [1;31mNOT SUPPORTED[0m
  FLASH_ATTN_EXT(hsk=576,hsv=512,nh=4,nr23=[1,1],kv=1024,nb=32,mask=1,sinks=1,max_bias=8.000000,logit_softcap=0.000000,prec=f32,type_K=f16,type_V=f16,permute=[0,1,2,3]): [1;31mNOT SUPPORTED[0m
  FLASH_ATTN_EXT(hsk=576,hsv=512,nh=4,nr23=[1,1],kv=1024,nb=75,mask=1,sinks=1,max_bias=8.000000,logit_softcap=0.000000,prec=f32,type_K=f16,type_V=f16,permute=[0,1,2,3]): [1;31mNOT SUPPORTED[0m
  FLASH_ATTN_EXT(hsk=576,hsv=512,nh=4,nr23=[4,1],kv=512,nb=1,mask=1,sinks=1,max_bias=8.000000,logit_softcap=0.000000,prec=f32,type_K=f16,type_V=f16,permute=[0,1,2,3]): [1;31mNOT SUPPORTED[0m
  FLASH_ATTN_EXT(hsk=576,hsv=512,nh=4,nr23=[4,1],kv=512,nb=3,mask=1,sinks=1,max_bias=8.000000,logit_softcap=0.000000,prec=f32,type_K=f16,type_V=f16,permute=[0,1,2,3]): [1;31mNOT SUPPORTED[0m
  FLASH_ATTN_EXT(hsk=576,hsv=512,nh=4,nr23=[4,1],kv=512,nb=32,mask=1,sinks=1,max_bias=8.000000,logit_softcap=0.000000,prec=f32,type_K=f16,type_V=f16,permute=[0,1,2,3]): [1;31mNOT SUPPORTED[0m
  FLASH_ATTN_EXT(hsk=576,hsv=512,nh=4,nr23=[4,1],kv=512,nb=75,mask=1,sinks=1,max_bias=8.000000,logit_softcap=0.000000,prec=f32,type_K=f16,type_V=f16,permute=[0,1,2,3]): [1;31mNOT SUPPORTED[0m
  FLASH_ATTN_EXT(hsk=576,hsv=512,nh=1,nr23=[1,1],kv=113,nb=1,mask=1,sinks=0,max_bias=0.000000,logit_softcap=0.000000,prec=f32,type_K=f16,type_V=f16,permute=[0,1,2,3]): [1;31mNOT SUPPORTED[0m
  FLASH_ATTN_EXT(hsk=576,hsv=512,nh=1,nr23=[1,1],kv=113,nb=3,mask=1,sinks=0,max_bias=0.000000,logit_softcap=0.000000,prec=f32,type_K=f16,type_V=f16,permute=[0,1,2,3]): [1;31mNOT SUPPORTED[0m
  FLASH_ATTN_EXT(hsk=576,hsv=512,nh=1,nr23=[1,1],kv=113,nb=32,mask=1,sinks=0,max_bias=0.000000,logit_softcap=0.000000,prec=f32,type_K=f16,type_V=f16,permute=[0,1,2,3]): [1;31mNOT SUPPORTED[0m
  FLASH_ATTN_EXT(hsk=576,hsv=512,nh=1,nr23=[1,1],kv=113,nb=75,mask=1,sinks=0,max_bias=0.000000,logit_softcap=0.000000,prec=f32,type_K=f16,type_V=f16,permute=[0,1,2,3]): [1;31mNOT SUPPORTED[0m
  FLASH_ATTN_EXT(hsk=576,hsv=512,nh=1,nr23=[1,1],kv=512,nb=1,mask=1,sinks=0,max_bias=0.000000,logit_softcap=0.000000,prec=f32,type_K=f16,type_V=f16,permute=[0,1,2,3]): [1;31mNOT SUPPORTED[0m
  FLASH_ATTN_EXT(hsk=576,hsv=512,nh=1,nr23=[1,1],kv=512,nb=1,mask=1,sinks=0,max_bias=0.000000,logit_softcap=0.000000,prec=f32,type_K=f16,type_V=f16,permute=[0,2,1,3]): [1;31mNOT SUPPORTED[0m
  FLASH_ATTN_EXT(hsk=576,hsv=512,nh=1,nr23=[1,1],kv=512,nb=3,mask=1,sinks=0,max_bias=0.000000,logit_softcap=0.000000,prec=f32,type_K=f16,type_V=f16,permute=[0,1,2,3]): [1;31mNOT SUPPORTED[0m
  FLASH_ATTN_EXT(hsk=576,hsv=512,nh=1,nr23=[1,1],kv=512,nb=3,mask=1,sinks=0,max_bias=0.000000,logit_softcap=0.000000,prec=f32,type_K=f16,type_V=f16,permute=[0,2,1,3]): [1;31mNOT SUPPORTED[0m
  FLASH_ATTN_EXT(hsk=576,hsv=512,nh=1,nr23=[1,1],kv=512,nb=32,mask=1,sinks=0,max_bias=0.000000,logit_softcap=0.000000,prec=f32,type_K=f16,type_V=f16,permute=[0,1,2,3]): [1;31mNOT SUPPORTED[0m
  FLASH_ATTN_EXT(hsk=576,hsv=512,nh=1,nr23=[1,1],kv=512,nb=32,mask=1,sinks=0,max_bias=0.000000,logit_softcap=0.000000,prec=f32,type_K=f16,type_V=f16,permute=[0,2,1,3]): [1;31mNOT SUPPORTED[0m
  FLASH_ATTN_EXT(hsk=576,hsv=512,nh=1,nr23=[1,1],kv=512,nb=75,mask=1,sinks=0,max_bias=0.000000,logit_softcap=0.000000,prec=f32,type_K=f16,type_V=f16,permute=[0,1,2,3]): [1;31mNOT SUPPORTED[0m
  FLASH_ATTN_EXT(hsk=576,hsv=512,nh=1,nr23=[1,1],kv=512,nb=75,mask=1,sinks=0,max_bias=0.000000,logit_softcap=0.000000,prec=f32,type_K=f16,type_V=f16,permute=[0,2,1,3]): [1;31mNOT SUPPORTED[0m
  FLASH_ATTN_EXT(hsk=576,hsv=512,nh=1,nr23=[1,1],kv=1024,nb=1,mask=1,sinks=0,max_bias=0.000000,logit_softcap=0.000000,prec=f32,type_K=f16,type_V=f16,permute=[0,1,2,3]): [1;31mNOT SUPPORTED[0m
  FLASH_ATTN_EXT(hsk=576,hsv=512,nh=1,nr23=[1,1],kv=1024,nb=3,mask=1,sinks=0,max_bias=0.000000,logit_softcap=0.000000,prec=f32,type_K=f16,type_V=f16,permute=[0,1,2,3]): [1;31mNOT SUPPORTED[0m
  FLASH_ATTN_EXT(hsk=576,hsv=512,nh=1,nr23=[1,1],kv=1024,nb=32,mask=1,sinks=0,max_bias=0.000000,logit_softcap=0.000000,prec=f32,type_K=f16,type_V=f16,permute=[0,1,2,3]): [1;31mNOT SUPPORTED[0m
  FLASH_ATTN_EXT(hsk=576,hsv=512,nh=1,nr23=[1,1],kv=1024,nb=75,mask=1,sinks=0,max_bias=0.000000,logit_softcap=0.000000,prec=f32,type_K=f16,type_V=f16,permute=[0,1,2,3]): [1;31mNOT SUPPORTED[0m
  FLASH_ATTN_EXT(hsk=576,hsv=512,nh=1,nr23=[4,1],kv=512,nb=1,mask=1,sinks=0,max_bias=0.000000,logit_softcap=0.000000,prec=f32,type_K=f16,type_V=f16,permute=[0,1,2,3]): [1;32mSUPPORTED[0m
  FLASH_ATTN_EXT(hsk=576,hsv=512,nh=1,nr23=[4,1],kv=512,nb=1,mask=1,sinks=0,max_bias=0.000000,logit_softcap=0.000000,prec=f32,type_K=f16,type_V=f16,permute=[0,2,1,3]): [1;32mSUPPORTED[0m
  FLASH_ATTN_EXT(hsk=576,hsv=512,nh=1,nr23=[4,1],kv=512,nb=3,mask=1,sinks=0,max_bias=0.000000,logit_softcap=0.000000,prec=f32,type_K=f16,type_V=f16,permute=[0,1,2,3]): [1;32mSUPPORTED[0m
  FLASH_ATTN_EXT(hsk=576,hsv=512,nh=1,nr23=[4,1],kv=512,nb=3,mask=1,sinks=0,max_bias=0.000000,logit_softcap=0.000000,prec=f32,type_K=f16,type_V=f16,permute=[0,2,1,3]): [1;32mSUPPORTED[0m
  FLASH_ATTN_EXT(hsk=576,hsv=512,nh=1,nr23=[4,1],kv=512,nb=32,mask=1,sinks=0,max_bias=0.000000,logit_softcap=0.000000,prec=f32,type_K=f16,type_V=f16,permute=[0,1,2,3]): [1;32mSUPPORTED[0m
  FLASH_ATTN_EXT(hsk=576,hsv=512,nh=1,nr23=[4,1],kv=512,nb=32,mask=1,sinks=0,max_bias=0.000000,logit_softcap=0.000000,prec=f32,type_K=f16,type_V=f16,permute=[0,2,1,3]): [1;32mSUPPORTED[0m
  FLASH_ATTN_EXT(hsk=576,hsv=512,nh=1,nr23=[4,1],kv=512,nb=75,mask=1,sinks=0,max_bias=0.000000,logit_softcap=0.000000,prec=f32,type_K=f16,type_V=f16,permute=[0,1,2,3]): [1;32mSUPPORTED[0m
  FLASH_ATTN_EXT(hsk=576,hsv=512,nh=1,nr23=[4,1],kv=512,nb=75,mask=1,sinks=0,max_bias=0.000000,logit_softcap=0.000000,prec=f32,type_K=f16,type_V=f16,permute=[0,2,1,3]): [1;32mSUPPORTED[0m
  FLASH_ATTN_EXT(hsk=576,hsv=512,nh=1,nr23=[20,1],kv=512,nb=1,mask=1,sinks=0,max_bias=0.000000,logit_softcap=0.000000,prec=f32,type_K=f16,type_V=f16,permute=[0,1,2,3]): [1;32mSUPPORTED[0m
  FLASH_ATTN_EXT(hsk=576,hsv=512,nh=1,nr23=[20,1],kv=512,nb=1,mask=1,sinks=0,max_bias=0.000000,logit_softcap=0.000000,prec=f32,type_K=f16,type_V=f16,permute=[0,2,1,3]): [1;32mSUPPORTED[0m
  FLASH_ATTN_EXT(hsk=576,hsv=512,nh=1,nr23=[20,1],kv=512,nb=3,mask=1,sinks=0,max_bias=0.000000,logit_softcap=0.000000,prec=f32,type_K=f16,type_V=f16,permute=[0,1,2,3]): [1;32mSUPPORTED[0m
  FLASH_ATTN_EXT(hsk=576,hsv=512,nh=1,nr23=[20,1],kv=512,nb=3,mask=1,sinks=0,max_bias=0.000000,logit_softcap=0.000000,prec=f32,type_K=f16,type_V=f16,permute=[0,2,1,3]): [1;32mSUPPORTED[0m
  FLASH_ATTN_EXT(hsk=576,hsv=512,nh=1,nr23=[20,1],kv=512,nb=32,mask=1,sinks=0,max_bias=0.000000,logit_softcap=0.000000,prec=f32,type_K=f16,type_V=f16,permute=[0,1,2,3]): [1;32mSUPPORTED[0m
  FLASH_ATTN_EXT(hsk=576,hsv=512,nh=1,nr23=[20,1],kv=512,nb=32,mask=1,sinks=0,max_bias=0.000000,logit_softcap=0.000000,prec=f32,type_K=f16,type_V=f16,permute=[0,2,1,3]): [1;32mSUPPORTED[0m
  FLASH_ATTN_EXT(hsk=576,hsv=512,nh=1,nr23=[20,1],kv=512,nb=75,mask=1,sinks=0,max_bias=0.000000,logit_softcap=0.000000,prec=f32,type_K=f16,type_V=f16,permute=[0,1,2,3]): [1;32mSUPPORTED[0m
  FLASH_ATTN_EXT(hsk=576,hsv=512,nh=1,nr23=[20,1],kv=512,nb=75,mask=1,sinks=0,max_bias=0.000000,logit_softcap=0.000000,prec=f32,type_K=f16,type_V=f16,permute=[0,2,1,3]): [1;32mSUPPORTED[0m
  FLASH_ATTN_EXT(hsk=576,hsv=512,nh=4,nr23=[1,1],kv=113,nb=1,mask=1,sinks=0,max_bias=0.000000,logit_softcap=0.000000,prec=f32,type_K=f16,type_V=f16,permute=[0,1,2,3]): [1;31mNOT SUPPORTED[0m
  FLASH_ATTN_EXT(hsk=576,hsv=512,nh=4,nr23=[1,1],kv=113,nb=3,mask=1,sinks=0,max_bias=0.000000,logit_softcap=0.000000,prec=f32,type_K=f16,type_V=f16,permute=[0,1,2,3]): [1;31mNOT SUPPORTED[0m
  FLASH_ATTN_EXT(hsk=576,hsv=512,nh=4,nr23=[1,1],kv=113,nb=32,mask=1,sinks=0,max_bias=0.000000,logit_softcap=0.000000,prec=f32,type_K=f16,type_V=f16,permute=[0,1,2,3]): [1;31mNOT SUPPORTED[0m
  FLASH_ATTN_EXT(hsk=576,hsv=512,nh=4,nr23=[1,1],kv=113,nb=75,mask=1,sinks=0,max_bias=0.000000,logit_softcap=0.000000,prec=f32,type_K=f16,type_V=f16,permute=[0,1,2,3]): [1;31mNOT SUPPORTED[0m
  FLASH_ATTN_EXT(hsk=576,hsv=512,nh=4,nr23=[1,1],kv=512,nb=1,mask=1,sinks=0,max_bias=0.000000,logit_softcap=0.000000,prec=f32,type_K=f16,type_V=f16,permute=[0,1,2,3]): [1;31mNOT SUPPORTED[0m
  FLASH_ATTN_EXT(hsk=576,hsv=512,nh=4,nr23=[1,1],kv=512,nb=1,mask=1,sinks=0,max_bias=0.000000,logit_softcap=0.000000,prec=f32,type_K=f16,type_V=f16,permute=[0,2,1,3]): [1;31mNOT SUPPORTED[0m
  FLASH_ATTN_EXT(hsk=576,hsv=512,nh=4,nr23=[1,1],kv=512,nb=3,mask=1,sinks=0,max_bias=0.000000,logit_softcap=0.000000,prec=f32,type_K=f16,type_V=f16,permute=[0,1,2,3]): [1;31mNOT SUPPORTED[0m
  FLASH_ATTN_EXT(hsk=576,hsv=512,nh=4,nr23=[1,1],kv=512,nb=3,mask=1,sinks=0,max_bias=0.000000,logit_softcap=0.000000,prec=f32,type_K=f16,type_V=f16,permute=[0,2,1,3]): [1;31mNOT SUPPORTED[0m
  FLASH_ATTN_EXT(hsk=576,hsv=512,nh=4,nr23=[1,1],kv=512,nb=32,mask=1,sinks=0,max_bias=0.000000,logit_softcap=0.000000,prec=f32,type_K=f16,type_V=f16,permute=[0,1,2,3]): [1;31mNOT SUPPORTED[0m
  FLASH_ATTN_EXT(hsk=576,hsv=512,nh=4,nr23=[1,1],kv=512,nb=32,mask=1,sinks=0,max_bias=0.000000,logit_softcap=0.000000,prec=f32,type_K=f16,type_V=f16,permute=[0,2,1,3]): [1;31mNOT SUPPORTED[0m
  FLASH_ATTN_EXT(hsk=576,hsv=512,nh=4,nr23=[1,1],kv=512,nb=75,mask=1,sinks=0,max_bias=0.000000,logit_softcap=0.000000,prec=f32,type_K=f16,type_V=f16,permute=[0,1,2,3]): [1;31mNOT SUPPORTED[0m
  FLASH_ATTN_EXT(hsk=576,hsv=512,nh=4,nr23=[1,1],kv=512,nb=75,mask=1,sinks=0,max_bias=0.000000,logit_softcap=0.000000,prec=f32,type_K=f16,type_V=f16,permute=[0,2,1,3]): [1;31mNOT SUPPORTED[0m
  FLASH_ATTN_EXT(hsk=576,hsv=512,nh=4,nr23=[1,1],kv=1024,nb=1,mask=1,sinks=0,max_bias=0.000000,logit_softcap=0.000000,prec=f32,type_K=f16,type_V=f16,permute=[0,1,2,3]): [1;31mNOT SUPPORTED[0m
  FLASH_ATTN_EXT(hsk=576,hsv=512,nh=4,nr23=[1,1],kv=1024,nb=3,mask=1,sinks=0,max_bias=0.000000,logit_softcap=0.000000,prec=f32,type_K=f16,type_V=f16,permute=[0,1,2,3]): [1;31mNOT SUPPORTED[0m
  FLASH_ATTN_EXT(hsk=576,hsv=512,nh=4,nr23=[1,1],kv=1024,nb=32,mask=1,sinks=0,max_bias=0.000000,logit_softcap=0.000000,prec=f32,type_K=f16,type_V=f16,permute=[0,1,2,3]): [1;31mNOT SUPPORTED[0m
  FLASH_ATTN_EXT(hsk=576,hsv=512,nh=4,nr23=[1,1],kv=1024,nb=75,mask=1,sinks=0,max_bias=0.000000,logit_softcap=0.000000,prec=f32,type_K=f16,type_V=f16,permute=[0,1,2,3]): [1;31mNOT SUPPORTED[0m
  FLASH_ATTN_EXT(hsk=576,hsv=512,nh=4,nr23=[4,1],kv=512,nb=1,mask=1,sinks=0,max_bias=0.000000,logit_softcap=0.000000,prec=f32,type_K=f16,type_V=f16,permute=[0,1,2,3]): [1;32mSUPPORTED[0m
  FLASH_ATTN_EXT(hsk=576,hsv=512,nh=4,nr23=[4,1],kv=512,nb=1,mask=1,sinks=0,max_bias=0.000000,logit_softcap=0.000000,prec=f32,type_K=f16,type_V=f16,permute=[0,2,1,3]): [1;32mSUPPORTED[0m
  FLASH_ATTN_EXT(hsk=576,hsv=512,nh=4,nr23=[4,1],kv=512,nb=3,mask=1,sinks=0,max_bias=0.000000,logit_softcap=0.000000,prec=f32,type_K=f16,type_V=f16,permute=[0,1,2,3]): [1;32mSUPPORTED[0m
  FLASH_ATTN_EXT(hsk=576,hsv=512,nh=4,nr23=[4,1],kv=512,nb=3,mask=1,sinks=0,max_bias=0.000000,logit_softcap=0.000000,prec=f32,type_K=f16,type_V=f16,permute=[0,2,1,3]): [1;32mSUPPORTED[0m
  FLASH_ATTN_EXT(hsk=576,hsv=512,nh=4,nr23=[4,1],kv=512,nb=32,mask=1,sinks=0,max_bias=0.000000,logit_softcap=0.000000,prec=f32,type_K=f16,type_V=f16,permute=[0,1,2,3]): [1;32mSUPPORTED[0m
  FLASH_ATTN_EXT(hsk=576,hsv=512,nh=4,nr23=[4,1],kv=512,nb=32,mask=1,sinks=0,max_bias=0.000000,logit_softcap=0.000000,prec=f32,type_K=f16,type_V=f16,permute=[0,2,1,3]): [1;32mSUPPORTED[0m
  FLASH_ATTN_EXT(hsk=576,hsv=512,nh=4,nr23=[4,1],kv=512,nb=75,mask=1,sinks=0,max_bias=0.000000,logit_softcap=0.000000,prec=f32,type_K=f16,type_V=f16,permute=[0,1,2,3]): [1;32mSUPPORTED[0m
  FLASH_ATTN_EXT(hsk=576,hsv=512,nh=4,nr23=[4,1],kv=512,nb=75,mask=1,sinks=0,max_bias=0.000000,logit_softcap=0.000000,prec=f32,type_K=f16,type_V=f16,permute=[0,2,1,3]): [1;32mSUPPORTED[0m
  FLASH_ATTN_EXT(hsk=576,hsv=512,nh=1,nr23=[1,1],kv=113,nb=1,mask=1,sinks=0,max_bias=8.000000,logit_softcap=0.000000,prec=f32,type_K=f16,type_V=f16,permute=[0,1,2,3]): [1;31mNOT SUPPORTED[0m
  FLASH_ATTN_EXT(hsk=576,hsv=512,nh=1,nr23=[1,1],kv=113,nb=3,mask=1,sinks=0,max_bias=8.000000,logit_softcap=0.000000,prec=f32,type_K=f16,type_V=f16,permute=[0,1,2,3]): [1;31mNOT SUPPORTED[0m
  FLASH_ATTN_EXT(hsk=576,hsv=512,nh=1,nr23=[1,1],kv=113,nb=32,mask=1,sinks=0,max_bias=8.000000,logit_softcap=0.000000,prec=f32,type_K=f16,type_V=f16,permute=[0,1,2,3]): [1;31mNOT SUPPORTED[0m
  FLASH_ATTN_EXT(hsk=576,hsv=512,nh=1,nr23=[1,1],kv=113,nb=75,mask=1,sinks=0,max_bias=8.000000,logit_softcap=0.000000,prec=f32,type_K=f16,type_V=f16,permute=[0,1,2,3]): [1;31mNOT SUPPORTED[0m
  FLASH_ATTN_EXT(hsk=576,hsv=512,nh=1,nr23=[1,1],kv=512,nb=1,mask=1,sinks=0,max_bias=8.000000,logit_softcap=0.000000,prec=f32,type_K=f16,type_V=f16,permute=[0,1,2,3]): [1;31mNOT SUPPORTED[0m
  FLASH_ATTN_EXT(hsk=576,hsv=512,nh=1,nr23=[1,1],kv=512,nb=3,mask=1,sinks=0,max_bias=8.000000,logit_softcap=0.000000,prec=f32,type_K=f16,type_V=f16,permute=[0,1,2,3]): [1;31mNOT SUPPORTED[0m
  FLASH_ATTN_EXT(hsk=576,hsv=512,nh=1,nr23=[1,1],kv=512,nb=32,mask=1,sinks=0,max_bias=8.000000,logit_softcap=0.000000,prec=f32,type_K=f16,type_V=f16,permute=[0,1,2,3]): [1;31mNOT SUPPORTED[0m
  FLASH_ATTN_EXT(hsk=576,hsv=512,nh=1,nr23=[1,1],kv=512,nb=75,mask=1,sinks=0,max_bias=8.000000,logit_softcap=0.000000,prec=f32,type_K=f16,type_V=f16,permute=[0,1,2,3]): [1;31mNOT SUPPORTED[0m
  FLASH_ATTN_EXT(hsk=576,hsv=512,nh=1,nr23=[1,1],kv=1024,nb=1,mask=1,sinks=0,max_bias=8.000000,logit_softcap=0.000000,prec=f32,type_K=f16,type_V=f16,permute=[0,1,2,3]): [1;31mNOT SUPPORTED[0m
  FLASH_ATTN_EXT(hsk=576,hsv=512,nh=1,nr23=[1,1],kv=1024,nb=3,mask=1,sinks=0,max_bias=8.000000,logit_softcap=0.000000,prec=f32,type_K=f16,type_V=f16,permute=[0,1,2,3]): [1;31mNOT SUPPORTED[0m
  FLASH_ATTN_EXT(hsk=576,hsv=512,nh=1,nr23=[1,1],kv=1024,nb=32,mask=1,sinks=0,max_bias=8.000000,logit_softcap=0.000000,prec=f32,type_K=f16,type_V=f16,permute=[0,1,2,3]): [1;31mNOT SUPPORTED[0m
  FLASH_ATTN_EXT(hsk=576,hsv=512,nh=1,nr23=[1,1],kv=1024,nb=75,mask=1,sinks=0,max_bias=8.000000,logit_softcap=0.000000,prec=f32,type_K=f16,type_V=f16,permute=[0,1,2,3]): [1;31mNOT SUPPORTED[0m
  FLASH_ATTN_EXT(hsk=576,hsv=512,nh=1,nr23=[4,1],kv=512,nb=1,mask=1,sinks=0,max_bias=8.000000,logit_softcap=0.000000,prec=f32,type_K=f16,type_V=f16,permute=[0,1,2,3]): [1;31mNOT SUPPORTED[0m
  FLASH_ATTN_EXT(hsk=576,hsv=512,nh=1,nr23=[4,1],kv=512,nb=3,mask=1,sinks=0,max_bias=8.000000,logit_softcap=0.000000,prec=f32,type_K=f16,type_V=f16,permute=[0,1,2,3]): [1;31mNOT SUPPORTED[0m
  FLASH_ATTN_EXT(hsk=576,hsv=512,nh=1,nr23=[4,1],kv=512,nb=32,mask=1,sinks=0,max_bias=8.000000,logit_softcap=0.000000,prec=f32,type_K=f16,type_V=f16,permute=[0,1,2,3]): [1;31mNOT SUPPORTED[0m
  FLASH_ATTN_EXT(hsk=576,hsv=512,nh=1,nr23=[4,1],kv=512,nb=75,mask=1,sinks=0,max_bias=8.000000,logit_softcap=0.000000,prec=f32,type_K=f16,type_V=f16,permute=[0,1,2,3]): [1;31mNOT SUPPORTED[0m
  FLASH_ATTN_EXT(hsk=576,hsv=512,nh=1,nr23=[20,1],kv=512,nb=1,mask=1,sinks=0,max_bias=8.000000,logit_softcap=0.000000,prec=f32,type_K=f16,type_V=f16,permute=[0,1,2,3]): [1;31mNOT SUPPORTED[0m
  FLASH_ATTN_EXT(hsk=576,hsv=512,nh=1,nr23=[20,1],kv=512,nb=3,mask=1,sinks=0,max_bias=8.000000,logit_softcap=0.000000,prec=f32,type_K=f16,type_V=f16,permute=[0,1,2,3]): [1;31mNOT SUPPORTED[0m
  FLASH_ATTN_EXT(hsk=576,hsv=512,nh=1,nr23=[20,1],kv=512,nb=32,mask=1,sinks=0,max_bias=8.000000,logit_softcap=0.000000,prec=f32,type_K=f16,type_V=f16,permute=[0,1,2,3]): [1;31mNOT SUPPORTED[0m
  FLASH_ATTN_EXT(hsk=576,hsv=512,nh=1,nr23=[20,1],kv=512,nb=75,mask=1,sinks=0,max_bias=8.000000,logit_softcap=0.000000,prec=f32,type_K=f16,type_V=f16,permute=[0,1,2,3]): [1;31mNOT SUPPORTED[0m
  FLASH_ATTN_EXT(hsk=576,hsv=512,nh=4,nr23=[1,1],kv=113,nb=1,mask=1,sinks=0,max_bias=8.000000,logit_softcap=0.000000,prec=f32,type_K=f16,type_V=f16,permute=[0,1,2,3]): [1;31mNOT SUPPORTED[0m
  FLASH_ATTN_EXT(hsk=576,hsv=512,nh=4,nr23=[1,1],kv=113,nb=3,mask=1,sinks=0,max_bias=8.000000,logit_softcap=0.000000,prec=f32,type_K=f16,type_V=f16,permute=[0,1,2,3]): [1;31mNOT SUPPORTED[0m
  FLASH_ATTN_EXT(hsk=576,hsv=512,nh=4,nr23=[1,1],kv=113,nb=32,mask=1,sinks=0,max_bias=8.000000,logit_softcap=0.000000,prec=f32,type_K=f16,type_V=f16,permute=[0,1,2,3]): [1;31mNOT SUPPORTED[0m
  FLASH_ATTN_EXT(hsk=576,hsv=512,nh=4,nr23=[1,1],kv=113,nb=75,mask=1,sinks=0,max_bias=8.000000,logit_softcap=0.000000,prec=f32,type_K=f16,type_V=f16,permute=[0,1,2,3]): [1;31mNOT SUPPORTED[0m
  FLASH_ATTN_EXT(hsk=576,hsv=512,nh=4,nr23=[1,1],kv=512,nb=1,mask=1,sinks=0,max_bias=8.000000,logit_softcap=0.000000,prec=f32,type_K=f16,type_V=f16,permute=[0,1,2,3]): [1;31mNOT SUPPORTED[0m
  FLASH_ATTN_EXT(hsk=576,hsv=512,nh=4,nr23=[1,1],kv=512,nb=3,mask=1,sinks=0,max_bias=8.000000,logit_softcap=0.000000,prec=f32,type_K=f16,type_V=f16,permute=[0,1,2,3]): [1;31mNOT SUPPORTED[0m
  FLASH_ATTN_EXT(hsk=576,hsv=512,nh=4,nr23=[1,1],kv=512,nb=32,mask=1,sinks=0,max_bias=8.000000,logit_softcap=0.000000,prec=f32,type_K=f16,type_V=f16,permute=[0,1,2,3]): [1;31mNOT SUPPORTED[0m
  FLASH_ATTN_EXT(hsk=576,hsv=512,nh=4,nr23=[1,1],kv=512,nb=75,mask=1,sinks=0,max_bias=8.000000,logit_softcap=0.000000,prec=f32,type_K=f16,type_V=f16,permute=[0,1,2,3]): [1;31mNOT SUPPORTED[0m
  FLASH_ATTN_EXT(hsk=576,hsv=512,nh=4,nr23=[1,1],kv=1024,nb=1,mask=1,sinks=0,max_bias=8.000000,logit_softcap=0.000000,prec=f32,type_K=f16,type_V=f16,permute=[0,1,2,3]): [1;31mNOT SUPPORTED[0m
  FLASH_ATTN_EXT(hsk=576,hsv=512,nh=4,nr23=[1,1],kv=1024,nb=3,mask=1,sinks=0,max_bias=8.000000,logit_softcap=0.000000,prec=f32,type_K=f16,type_V=f16,permute=[0,1,2,3]): [1;31mNOT SUPPORTED[0m
  FLASH_ATTN_EXT(hsk=576,hsv=512,nh=4,nr23=[1,1],kv=1024,nb=32,mask=1,sinks=0,max_bias=8.000000,logit_softcap=0.000000,prec=f32,type_K=f16,type_V=f16,permute=[0,1,2,3]): [1;31mNOT SUPPORTED[0m
  FLASH_ATTN_EXT(hsk=576,hsv=512,nh=4,nr23=[1,1],kv=1024,nb=75,mask=1,sinks=0,max_bias=8.000000,logit_softcap=0.000000,prec=f32,type_K=f16,type_V=f16,permute=[0,1,2,3]): [1;31mNOT SUPPORTED[0m
  FLASH_ATTN_EXT(hsk=576,hsv=512,nh=4,nr23=[4,1],kv=512,nb=1,mask=1,sinks=0,max_bias=8.000000,logit_softcap=0.000000,prec=f32,type_K=f16,type_V=f16,permute=[0,1,2,3]): [1;31mNOT SUPPORTED[0m
  FLASH_ATTN_EXT(hsk=576,hsv=512,nh=4,nr23=[4,1],kv=512,nb=3,mask=1,sinks=0,max_bias=8.000000,logit_softcap=0.000000,prec=f32,type_K=f16,type_V=f16,permute=[0,1,2,3]): [1;31mNOT SUPPORTED[0m
  FLASH_ATTN_EXT(hsk=576,hsv=512,nh=4,nr23=[4,1],kv=512,nb=32,mask=1,sinks=0,max_bias=8.000000,logit_softcap=0.000000,prec=f32,type_K=f16,type_V=f16,permute=[0,1,2,3]): [1;31mNOT SUPPORTED[0m
  FLASH_ATTN_EXT(hsk=576,hsv=512,nh=4,nr23=[4,1],kv=512,nb=75,mask=1,sinks=0,max_bias=8.000000,logit_softcap=0.000000,prec=f32,type_K=f16,type_V=f16,permute=[0,1,2,3]): [1;31mNOT SUPPORTED[0m
  FLASH_ATTN_EXT(hsk=576,hsv=512,nh=1,nr23=[1,1],kv=113,nb=1,mask=0,sinks=1,max_bias=0.000000,logit_softcap=0.000000,prec=f32,type_K=f16,type_V=f16,permute=[0,1,2,3]): [1;31mNOT SUPPORTED[0m
  FLASH_ATTN_EXT(hsk=576,hsv=512,nh=1,nr23=[1,1],kv=113,nb=3,mask=0,sinks=1,max_bias=0.000000,logit_softcap=0.000000,prec=f32,type_K=f16,type_V=f16,permute=[0,1,2,3]): [1;31mNOT SUPPORTED[0m
  FLASH_ATTN_EXT(hsk=576,hsv=512,nh=1,nr23=[1,1],kv=113,nb=32,mask=0,sinks=1,max_bias=0.000000,logit_softcap=0.000000,prec=f32,type_K=f16,type_V=f16,permute=[0,1,2,3]): [1;31mNOT SUPPORTED[0m
  FLASH_ATTN_EXT(hsk=576,hsv=512,nh=1,nr23=[1,1],kv=113,nb=75,mask=0,sinks=1,max_bias=0.000000,logit_softcap=0.000000,prec=f32,type_K=f16,type_V=f16,permute=[0,1,2,3]): [1;31mNOT SUPPORTED[0m
  FLASH_ATTN_EXT(hsk=576,hsv=512,nh=1,nr23=[1,1],kv=512,nb=1,mask=0,sinks=1,max_bias=0.000000,logit_softcap=0.000000,prec=f32,type_K=f16,type_V=f16,permute=[0,1,2,3]): [1;31mNOT SUPPORTED[0m
  FLASH_ATTN_EXT(hsk=576,hsv=512,nh=1,nr23=[1,1],kv=512,nb=3,mask=0,sinks=1,max_bias=0.000000,logit_softcap=0.000000,prec=f32,type_K=f16,type_V=f16,permute=[0,1,2,3]): [1;31mNOT SUPPORTED[0m
  FLASH_ATTN_EXT(hsk=576,hsv=512,nh=1,nr23=[1,1],kv=512,nb=32,mask=0,sinks=1,max_bias=0.000000,logit_softcap=0.000000,prec=f32,type_K=f16,type_V=f16,permute=[0,1,2,3]): [1;31mNOT SUPPORTED[0m
  FLASH_ATTN_EXT(hsk=576,hsv=512,nh=1,nr23=[1,1],kv=512,nb=75,mask=0,sinks=1,max_bias=0.000000,logit_softcap=0.000000,prec=f32,type_K=f16,type_V=f16,permute=[0,1,2,3]): [1;31mNOT SUPPORTED[0m
  FLASH_ATTN_EXT(hsk=576,hsv=512,nh=1,nr23=[1,1],kv=1024,nb=1,mask=0,sinks=1,max_bias=0.000000,logit_softcap=0.000000,prec=f32,type_K=f16,type_V=f16,permute=[0,1,2,3]): [1;31mNOT SUPPORTED[0m
  FLASH_ATTN_EXT(hsk=576,hsv=512,nh=1,nr23=[1,1],kv=1024,nb=3,mask=0,sinks=1,max_bias=0.000000,logit_softcap=0.000000,prec=f32,type_K=f16,type_V=f16,permute=[0,1,2,3]): [1;31mNOT SUPPORTED[0m
  FLASH_ATTN_EXT(hsk=576,hsv=512,nh=1,nr23=[1,1],kv=1024,nb=32,mask=0,sinks=1,max_bias=0.000000,logit_softcap=0.000000,prec=f32,type_K=f16,type_V=f16,permute=[0,1,2,3]): [1;31mNOT SUPPORTED[0m
  FLASH_ATTN_EXT(hsk=576,hsv=512,nh=1,nr23=[1,1],kv=1024,nb=75,mask=0,sinks=1,max_bias=0.000000,logit_softcap=0.000000,prec=f32,type_K=f16,type_V=f16,permute=[0,1,2,3]): [1;31mNOT SUPPORTED[0m
  FLASH_ATTN_EXT(hsk=576,hsv=512,nh=1,nr23=[4,1],kv=512,nb=1,mask=0,sinks=1,max_bias=0.000000,logit_softcap=0.000000,prec=f32,type_K=f16,type_V=f16,permute=[0,1,2,3]): [1;31mNOT SUPPORTED[0m
  FLASH_ATTN_EXT(hsk=576,hsv=512,nh=1,nr23=[4,1],kv=512,nb=3,mask=0,sinks=1,max_bias=0.000000,logit_softcap=0.000000,prec=f32,type_K=f16,type_V=f16,permute=[0,1,2,3]): [1;31mNOT SUPPORTED[0m
  FLASH_ATTN_EXT(hsk=576,hsv=512,nh=1,nr23=[4,1],kv=512,nb=32,mask=0,sinks=1,max_bias=0.000000,logit_softcap=0.000000,prec=f32,type_K=f16,type_V=f16,permute=[0,1,2,3]): [1;31mNOT SUPPORTED[0m
  FLASH_ATTN_EXT(hsk=576,hsv=512,nh=1,nr23=[4,1],kv=512,nb=75,mask=0,sinks=1,max_bias=0.000000,logit_softcap=0.000000,prec=f32,type_K=f16,type_V=f16,permute=[0,1,2,3]): [1;31mNOT SUPPORTED[0m
  FLASH_ATTN_EXT(hsk=576,hsv=512,nh=1,nr23=[20,1],kv=512,nb=1,mask=0,sinks=1,max_bias=0.000000,logit_softcap=0.000000,prec=f32,type_K=f16,type_V=f16,permute=[0,1,2,3]): [1;31mNOT SUPPORTED[0m
  FLASH_ATTN_EXT(hsk=576,hsv=512,nh=1,nr23=[20,1],kv=512,nb=3,mask=0,sinks=1,max_bias=0.000000,logit_softcap=0.000000,prec=f32,type_K=f16,type_V=f16,permute=[0,1,2,3]): [1;31mNOT SUPPORTED[0m
  FLASH_ATTN_EXT(hsk=576,hsv=512,nh=1,nr23=[20,1],kv=512,nb=32,mask=0,sinks=1,max_bias=0.000000,logit_softcap=0.000000,prec=f32,type_K=f16,type_V=f16,permute=[0,1,2,3]): [1;31mNOT SUPPORTED[0m
  FLASH_ATTN_EXT(hsk=576,hsv=512,nh=1,nr23=[20,1],kv=512,nb=75,mask=0,sinks=1,max_bias=0.000000,logit_softcap=0.000000,prec=f32,type_K=f16,type_V=f16,permute=[0,1,2,3]): [1;31mNOT SUPPORTED[0m
  FLASH_ATTN_EXT(hsk=576,hsv=512,nh=4,nr23=[1,1],kv=113,nb=1,mask=0,sinks=1,max_bias=0.000000,logit_softcap=0.000000,prec=f32,type_K=f16,type_V=f16,permute=[0,1,2,3]): [1;31mNOT SUPPORTED[0m
  FLASH_ATTN_EXT(hsk=576,hsv=512,nh=4,nr23=[1,1],kv=113,nb=3,mask=0,sinks=1,max_bias=0.000000,logit_softcap=0.000000,prec=f32,type_K=f16,type_V=f16,permute=[0,1,2,3]): [1;31mNOT SUPPORTED[0m
  FLASH_ATTN_EXT(hsk=576,hsv=512,nh=4,nr23=[1,1],kv=113,nb=32,mask=0,sinks=1,max_bias=0.000000,logit_softcap=0.000000,prec=f32,type_K=f16,type_V=f16,permute=[0,1,2,3]): [1;31mNOT SUPPORTED[0m
  FLASH_ATTN_EXT(hsk=576,hsv=512,nh=4,nr23=[1,1],kv=113,nb=75,mask=0,sinks=1,max_bias=0.000000,logit_softcap=0.000000,prec=f32,type_K=f16,type_V=f16,permute=[0,1,2,3]): [1;31mNOT SUPPORTED[0m
  FLASH_ATTN_EXT(hsk=576,hsv=512,nh=4,nr23=[1,1],kv=512,nb=1,mask=0,sinks=1,max_bias=0.000000,logit_softcap=0.000000,prec=f32,type_K=f16,type_V=f16,permute=[0,1,2,3]): [1;31mNOT SUPPORTED[0m
  FLASH_ATTN_EXT(hsk=576,hsv=512,nh=4,nr23=[1,1],kv=512,nb=3,mask=0,sinks=1,max_bias=0.000000,logit_softcap=0.000000,prec=f32,type_K=f16,type_V=f16,permute=[0,1,2,3]): [1;31mNOT SUPPORTED[0m
  FLASH_ATTN_EXT(hsk=576,hsv=512,nh=4,nr23=[1,1],kv=512,nb=32,mask=0,sinks=1,max_bias=0.000000,logit_softcap=0.000000,prec=f32,type_K=f16,type_V=f16,permute=[0,1,2,3]): [1;31mNOT SUPPORTED[0m
  FLASH_ATTN_EXT(hsk=576,hsv=512,nh=4,nr23=[1,1],kv=512,nb=75,mask=0,sinks=1,max_bias=0.000000,logit_softcap=0.000000,prec=f32,type_K=f16,type_V=f16,permute=[0,1,2,3]): [1;31mNOT SUPPORTED[0m
  FLASH_ATTN_EXT(hsk=576,hsv=512,nh=4,nr23=[1,1],kv=1024,nb=1,mask=0,sinks=1,max_bias=0.000000,logit_softcap=0.000000,prec=f32,type_K=f16,type_V=f16,permute=[0,1,2,3]): [1;31mNOT SUPPORTED[0m
  FLASH_ATTN_EXT(hsk=576,hsv=512,nh=4,nr23=[1,1],kv=1024,nb=3,mask=0,sinks=1,max_bias=0.000000,logit_softcap=0.000000,prec=f32,type_K=f16,type_V=f16,permute=[0,1,2,3]): [1;31mNOT SUPPORTED[0m
  FLASH_ATTN_EXT(hsk=576,hsv=512,nh=4,nr23=[1,1],kv=1024,nb=32,mask=0,sinks=1,max_bias=0.000000,logit_softcap=0.000000,prec=f32,type_K=f16,type_V=f16,permute=[0,1,2,3]): [1;31mNOT SUPPORTED[0m
  FLASH_ATTN_EXT(hsk=576,hsv=512,nh=4,nr23=[1,1],kv=1024,nb=75,mask=0,sinks=1,max_bias=0.000000,logit_softcap=0.000000,prec=f32,type_K=f16,type_V=f16,permute=[0,1,2,3]): [1;31mNOT SUPPORTED[0m
  FLASH_ATTN_EXT(hsk=576,hsv=512,nh=4,nr23=[4,1],kv=512,nb=1,mask=0,sinks=1,max_bias=0.000000,logit_softcap=0.000000,prec=f32,type_K=f16,type_V=f16,permute=[0,1,2,3]): [1;31mNOT SUPPORTED[0m
  FLASH_ATTN_EXT(hsk=576,hsv=512,nh=4,nr23=[4,1],kv=512,nb=3,mask=0,sinks=1,max_bias=0.000000,logit_softcap=0.000000,prec=f32,type_K=f16,type_V=f16,permute=[0,1,2,3]): [1;31mNOT SUPPORTED[0m
  FLASH_ATTN_EXT(hsk=576,hsv=512,nh=4,nr23=[4,1],kv=512,nb=32,mask=0,sinks=1,max_bias=0.000000,logit_softcap=0.000000,prec=f32,type_K=f16,type_V=f16,permute=[0,1,2,3]): [1;31mNOT SUPPORTED[0m
  FLASH_ATTN_EXT(hsk=576,hsv=512,nh=4,nr23=[4,1],kv=512,nb=75,mask=0,sinks=1,max_bias=0.000000,logit_softcap=0.000000,prec=f32,type_K=f16,type_V=f16,permute=[0,1,2,3]): [1;31mNOT SUPPORTED[0m
  FLASH_ATTN_EXT(hsk=576,hsv=512,nh=1,nr23=[1,1],kv=113,nb=1,mask=0,sinks=0,max_bias=0.000000,logit_softcap=0.000000,prec=f32,type_K=f16,type_V=f16,permute=[0,1,2,3]): [1;31mNOT SUPPORTED[0m
  FLASH_ATTN_EXT(hsk=576,hsv=512,nh=1,nr23=[1,1],kv=113,nb=3,mask=0,sinks=0,max_bias=0.000000,logit_softcap=0.000000,prec=f32,type_K=f16,type_V=f16,permute=[0,1,2,3]): [1;31mNOT SUPPORTED[0m
  FLASH_ATTN_EXT(hsk=576,hsv=512,nh=1,nr23=[1,1],kv=113,nb=32,mask=0,sinks=0,max_bias=0.000000,logit_softcap=0.000000,prec=f32,type_K=f16,type_V=f16,permute=[0,1,2,3]): [1;31mNOT SUPPORTED[0m
  FLASH_ATTN_EXT(hsk=576,hsv=512,nh=1,nr23=[1,1],kv=113,nb=75,mask=0,sinks=0,max_bias=0.000000,logit_softcap=0.000000,prec=f32,type_K=f16,type_V=f16,permute=[0,1,2,3]): [1;31mNOT SUPPORTED[0m
  FLASH_ATTN_EXT(hsk=576,hsv=512,nh=1,nr23=[1,1],kv=512,nb=1,mask=0,sinks=0,max_bias=0.000000,logit_softcap=0.000000,prec=f32,type_K=f16,type_V=f16,permute=[0,1,2,3]): [1;31mNOT SUPPORTED[0m
  FLASH_ATTN_EXT(hsk=576,hsv=512,nh=1,nr23=[1,1],kv=512,nb=3,mask=0,sinks=0,max_bias=0.000000,logit_softcap=0.000000,prec=f32,type_K=f16,type_V=f16,permute=[0,1,2,3]): [1;31mNOT SUPPORTED[0m
  FLASH_ATTN_EXT(hsk=576,hsv=512,nh=1,nr23=[1,1],kv=512,nb=32,mask=0,sinks=0,max_bias=0.000000,logit_softcap=0.000000,prec=f32,type_K=f16,type_V=f16,permute=[0,1,2,3]): [1;31mNOT SUPPORTED[0m
  FLASH_ATTN_EXT(hsk=576,hsv=512,nh=1,nr23=[1,1],kv=512,nb=75,mask=0,sinks=0,max_bias=0.000000,logit_softcap=0.000000,prec=f32,type_K=f16,type_V=f16,permute=[0,1,2,3]): [1;31mNOT SUPPORTED[0m
  FLASH_ATTN_EXT(hsk=576,hsv=512,nh=1,nr23=[1,1],kv=1024,nb=1,mask=0,sinks=0,max_bias=0.000000,logit_softcap=0.000000,prec=f32,type_K=f16,type_V=f16,permute=[0,1,2,3]): [1;31mNOT SUPPORTED[0m
  FLASH_ATTN_EXT(hsk=576,hsv=512,nh=1,nr23=[1,1],kv=1024,nb=3,mask=0,sinks=0,max_bias=0.000000,logit_softcap=0.000000,prec=f32,type_K=f16,type_V=f16,permute=[0,1,2,3]): [1;31mNOT SUPPORTED[0m
  FLASH_ATTN_EXT(hsk=576,hsv=512,nh=1,nr23=[1,1],kv=1024,nb=32,mask=0,sinks=0,max_bias=0.000000,logit_softcap=0.000000,prec=f32,type_K=f16,type_V=f16,permute=[0,1,2,3]): [1;31mNOT SUPPORTED[0m
  FLASH_ATTN_EXT(hsk=576,hsv=512,nh=1,nr23=[1,1],kv=1024,nb=75,mask=0,sinks=0,max_bias=0.000000,logit_softcap=0.000000,prec=f32,type_K=f16,type_V=f16,permute=[0,1,2,3]): [1;31mNOT SUPPORTED[0m
  FLASH_ATTN_EXT(hsk=576,hsv=512,nh=1,nr23=[4,1],kv=512,nb=1,mask=0,sinks=0,max_bias=0.000000,logit_softcap=0.000000,prec=f32,type_K=f16,type_V=f16,permute=[0,1,2,3]): [1;31mNOT SUPPORTED[0m
  FLASH_ATTN_EXT(hsk=576,hsv=512,nh=1,nr23=[4,1],kv=512,nb=3,mask=0,sinks=0,max_bias=0.000000,logit_softcap=0.000000,prec=f32,type_K=f16,type_V=f16,permute=[0,1,2,3]): [1;31mNOT SUPPORTED[0m
  FLASH_ATTN_EXT(hsk=576,hsv=512,nh=1,nr23=[4,1],kv=512,nb=32,mask=0,sinks=0,max_bias=0.000000,logit_softcap=0.000000,prec=f32,type_K=f16,type_V=f16,permute=[0,1,2,3]): [1;31mNOT SUPPORTED[0m
  FLASH_ATTN_EXT(hsk=576,hsv=512,nh=1,nr23=[4,1],kv=512,nb=75,mask=0,sinks=0,max_bias=0.000000,logit_softcap=0.000000,prec=f32,type_K=f16,type_V=f16,permute=[0,1,2,3]): [1;31mNOT SUPPORTED[0m
  FLASH_ATTN_EXT(hsk=576,hsv=512,nh=1,nr23=[20,1],kv=512,nb=1,mask=0,sinks=0,max_bias=0.000000,logit_softcap=0.000000,prec=f32,type_K=f16,type_V=f16,permute=[0,1,2,3]): [1;31mNOT SUPPORTED[0m
  FLASH_ATTN_EXT(hsk=576,hsv=512,nh=1,nr23=[20,1],kv=512,nb=3,mask=0,sinks=0,max_bias=0.000000,logit_softcap=0.000000,prec=f32,type_K=f16,type_V=f16,permute=[0,1,2,3]): [1;31mNOT SUPPORTED[0m
  FLASH_ATTN_EXT(hsk=576,hsv=512,nh=1,nr23=[20,1],kv=512,nb=32,mask=0,sinks=0,max_bias=0.000000,logit_softcap=0.000000,prec=f32,type_K=f16,type_V=f16,permute=[0,1,2,3]): [1;31mNOT SUPPORTED[0m
  FLASH_ATTN_EXT(hsk=576,hsv=512,nh=1,nr23=[20,1],kv=512,nb=75,mask=0,sinks=0,max_bias=0.000000,logit_softcap=0.000000,prec=f32,type_K=f16,type_V=f16,permute=[0,1,2,3]): [1;31mNOT SUPPORTED[0m
  FLASH_ATTN_EXT(hsk=576,hsv=512,nh=4,nr23=[1,1],kv=113,nb=1,mask=0,sinks=0,max_bias=0.000000,logit_softcap=0.000000,prec=f32,type_K=f16,type_V=f16,permute=[0,1,2,3]): [1;31mNOT SUPPORTED[0m
  FLASH_ATTN_EXT(hsk=576,hsv=512,nh=4,nr23=[1,1],kv=113,nb=3,mask=0,sinks=0,max_bias=0.000000,logit_softcap=0.000000,prec=f32,type_K=f16,type_V=f16,permute=[0,1,2,3]): [1;31mNOT SUPPORTED[0m
  FLASH_ATTN_EXT(hsk=576,hsv=512,nh=4,nr23=[1,1],kv=113,nb=32,mask=0,sinks=0,max_bias=0.000000,logit_softcap=0.000000,prec=f32,type_K=f16,type_V=f16,permute=[0,1,2,3]): [1;31mNOT SUPPORTED[0m
  FLASH_ATTN_EXT(hsk=576,hsv=512,nh=4,nr23=[1,1],kv=113,nb=75,mask=0,sinks=0,max_bias=0.000000,logit_softcap=0.000000,prec=f32,type_K=f16,type_V=f16,permute=[0,1,2,3]): [1;31mNOT SUPPORTED[0m
  FLASH_ATTN_EXT(hsk=576,hsv=512,nh=4,nr23=[1,1],kv=512,nb=1,mask=0,sinks=0,max_bias=0.000000,logit_softcap=0.000000,prec=f32,type_K=f16,type_V=f16,permute=[0,1,2,3]): [1;31mNOT SUPPORTED[0m
  FLASH_ATTN_EXT(hsk=576,hsv=512,nh=4,nr23=[1,1],kv=512,nb=3,mask=0,sinks=0,max_bias=0.000000,logit_softcap=0.000000,prec=f32,type_K=f16,type_V=f16,permute=[0,1,2,3]): [1;31mNOT SUPPORTED[0m
  FLASH_ATTN_EXT(hsk=576,hsv=512,nh=4,nr23=[1,1],kv=512,nb=32,mask=0,sinks=0,max_bias=0.000000,logit_softcap=0.000000,prec=f32,type_K=f16,type_V=f16,permute=[0,1,2,3]): [1;31mNOT SUPPORTED[0m
  FLASH_ATTN_EXT(hsk=576,hsv=512,nh=4,nr23=[1,1],kv=512,nb=75,mask=0,sinks=0,max_bias=0.000000,logit_softcap=0.000000,prec=f32,type_K=f16,type_V=f16,permute=[0,1,2,3]): [1;31mNOT SUPPORTED[0m
  FLASH_ATTN_EXT(hsk=576,hsv=512,nh=4,nr23=[1,1],kv=1024,nb=1,mask=0,sinks=0,max_bias=0.000000,logit_softcap=0.000000,prec=f32,type_K=f16,type_V=f16,permute=[0,1,2,3]): [1;31mNOT SUPPORTED[0m
  FLASH_ATTN_EXT(hsk=576,hsv=512,nh=4,nr23=[1,1],kv=1024,nb=3,mask=0,sinks=0,max_bias=0.000000,logit_softcap=0.000000,prec=f32,type_K=f16,type_V=f16,permute=[0,1,2,3]): [1;31mNOT SUPPORTED[0m
  FLASH_ATTN_EXT(hsk=576,hsv=512,nh=4,nr23=[1,1],kv=1024,nb=32,mask=0,sinks=0,max_bias=0.000000,logit_softcap=0.000000,prec=f32,type_K=f16,type_V=f16,permute=[0,1,2,3]): [1;31mNOT SUPPORTED[0m
  FLASH_ATTN_EXT(hsk=576,hsv=512,nh=4,nr23=[1,1],kv=1024,nb=75,mask=0,sinks=0,max_bias=0.000000,logit_softcap=0.000000,prec=f32,type_K=f16,type_V=f16,permute=[0,1,2,3]): [1;31mNOT SUPPORTED[0m
  FLASH_ATTN_EXT(hsk=576,hsv=512,nh=4,nr23=[4,1],kv=512,nb=1,mask=0,sinks=0,max_bias=0.000000,logit_softcap=0.000000,prec=f32,type_K=f16,type_V=f16,permute=[0,1,2,3]): [1;31mNOT SUPPORTED[0m
  FLASH_ATTN_EXT(hsk=576,hsv=512,nh=4,nr23=[4,1],kv=512,nb=3,mask=0,sinks=0,max_bias=0.000000,logit_softcap=0.000000,prec=f32,type_K=f16,type_V=f16,permute=[0,1,2,3]): [1;31mNOT SUPPORTED[0m
  FLASH_ATTN_EXT(hsk=576,hsv=512,nh=4,nr23=[4,1],kv=512,nb=32,mask=0,sinks=0,max_bias=0.000000,logit_softcap=0.000000,prec=f32,type_K=f16,type_V=f16,permute=[0,1,2,3]): [1;31mNOT SUPPORTED[0m
  FLASH_ATTN_EXT(hsk=576,hsv=512,nh=4,nr23=[4,1],kv=512,nb=75,mask=0,sinks=0,max_bias=0.000000,logit_softcap=0.000000,prec=f32,type_K=f16,type_V=f16,permute=[0,1,2,3]): [1;31mNOT SUPPORTED[0m
  Backend ROCm0: [1;32mOK[0m
Backend 2/2: CPU
  Skipping CPU backend
2/2 backends passed
[1;32mOK[0m
