server ready
/mnt/TG_2TB/Projects/Apollo/venv_cachyos/lib/python3.14/site-packages/requests/__init__.py:113: RequestsDependencyWarning: urllib3 (2.6.3) or chardet (6.0.0.post1)/charset_normalizer (3.4.6) doesn't match a supported version!
  warnings.warn(
subset hle-screen-v1  n=5  id_sha256=f6e22787c4b9e107
  [1/5] Other              .   needs_judge conf= None tok=8192 fin=length run_acc=0.000
  [2/5] Other              .   needs_judge conf= None tok=8192 fin=length run_acc=0.000
  [3/5] Math               .   needs_judge conf= None tok=8192 fin=length run_acc=0.000
  [4/5] Computer Science/A .   mc          conf= None tok=8192 fin=length run_acc=0.000
  [5/5] Math               .   needs_judge conf= None tok=8192 fin=length run_acc=0.000

=== smoke ===
  accuracy            0.0%   (0/5)
    multipleChoice      0.0%  (n=1) <- carries a guessing baseline
    exactMatch          0.0%  (n=4) <- no guessing baseline
  RMS calibration err None
  truncated (length)  5     no answer parsed 5

  -- readiness (the gate when accuracy floors) --
  answer-parse rate   0.0%   truncation 100.0%
  median tokens/q     8192      median wall 145s
  projected full 200q run: 8.1 h at this rate
  !! 4 items unresolved with no judge configured — this accuracy is a LOWER BOUND
    Computer Science/AI                            0.0%  (n=1)
    Math                                           0.0%  (n=2)
    Other                                          0.0%  (n=2)
-> /mnt/TG_2TB/Projects/Apollo/data/receipts/hle-mini/results_smoke.json
### HLE SMOKE DONE
