0.47.793.552 I 
0.47.793.688 I system_info: n_threads = 20 (n_threads_batch = 20) / 40 | CUDA : ARCHS = 600 | USE_GRAPHS = 1 | CPU : SSE3 = 1 | SSSE3 = 1 | AVX = 1 | AVX2 = 1 | F16C = 1 | FMA = 1 | BMI2 = 1 | LLAMAFILE = 1 | OPENMP = 1 | REPACK = 1 | 
0.48.211.788 I kl_divergence: computing over 32 chunks, n_ctx=2048, batch_size=2048, n_seq=1
1.11.309.091 I kl_divergence: 23.10 seconds per pass - ETA 12.32 minutes

chunk             PPL               ln(PPL(Q)/PPL(base))          KL Divergence              Δp RMS            Same top p
   1       4.8310 ±    0.3450       0.00629 ±    0.00565       0.01893 ±    0.00330     4.401 ±  0.515 %    94.721 ±  0.699 %
   2       5.8596 ±    0.3046       0.00361 ±    0.00389       0.01481 ±    0.00168     3.605 ±  0.320 %    94.575 ±  0.501 %
   3       6.2920 ±    0.2739       0.00899 ±    0.00327       0.01466 ±    0.00159     3.577 ±  0.317 %    94.982 ±  0.394 %
   4       6.8269 ±    0.2769       0.02352 ±    0.00577       0.02849 ±    0.00482     4.622 ±  0.479 %    94.966 ±  0.342 %
   5       6.8576 ±    0.2520       0.01995 ±    0.00497       0.02877 ±    0.00427     4.658 ±  0.423 %    94.976 ±  0.305 %
   6       5.9134 ±    0.1918       0.01997 ±    0.00452       0.03314 ±    0.00487     5.090 ±  0.394 %    94.884 ±  0.281 %
   7       6.3055 ±    0.2073       0.02005 ±    0.00840       0.12451 ±    0.01377     6.778 ±  0.417 %    93.884 ±  0.283 %
   8       6.0731 ±    0.1826       0.01898 ±    0.00739       0.11079 ±    0.01206     6.474 ±  0.384 %    94.000 ±  0.263 %
   9       6.5249 ±    0.1890       0.02107 ±    0.00676       0.10413 ±    0.01078     6.286 ±  0.355 %    94.070 ±  0.246 %
  10       6.4933 ±    0.1768       0.02040 ±    0.00611       0.09443 ±    0.00970     6.002 ±  0.334 %    94.311 ±  0.229 %
  11       6.4844 ±    0.1662       0.02076 ±    0.00558       0.08686 ±    0.00883     5.781 ±  0.316 %    94.401 ±  0.217 %
  12       6.6971 ±    0.1646       0.02190 ±    0.00514       0.08068 ±    0.00809     5.581 ±  0.300 %    94.453 ±  0.207 %
  13       6.6810 ±    0.1565       0.02138 ±    0.00477       0.07533 ±    0.00747     5.429 ±  0.285 %    94.421 ±  0.199 %
  14       6.6899 ±    0.1499       0.02095 ±    0.00445       0.07084 ±    0.00694     5.336 ±  0.272 %    94.582 ±  0.189 %
  15       6.6699 ±    0.1434       0.01994 ±    0.00417       0.06701 ±    0.00648     5.237 ±  0.260 %    94.578 ±  0.183 %
  16       7.0614 ±    0.1511       0.02422 ±    0.00405       0.06686 ±    0.00619     5.302 ±  0.251 %    94.483 ±  0.178 %
  17       7.0431 ±    0.1447       0.02310 ±    0.00382       0.06344 ±    0.00583     5.176 ±  0.242 %    94.526 ±  0.172 %
  18       7.0750 ±    0.1406       0.02261 ±    0.00362       0.06055 ±    0.00551     5.091 ±  0.233 %    94.558 ±  0.167 %
  19       7.0202 ±    0.1360       0.02243 ±    0.00366       0.06227 ±    0.00546     5.210 ±  0.230 %    94.557 ±  0.163 %
  20       6.8239 ±    0.1282       0.02524 ±    0.00373       0.06675 ±    0.00551     5.564 ±  0.231 %    94.467 ±  0.160 %
  21       6.8280 ±    0.1249       0.02426 ±    0.00363       0.06526 ±    0.00527     5.501 ±  0.224 %    94.461 ±  0.156 %
  22       6.8163 ±    0.1216       0.02402 ±    0.00348       0.06287 ±    0.00503     5.429 ±  0.217 %    94.561 ±  0.151 %
  23       6.8045 ±    0.1181       0.02328 ±    0.00333       0.06047 ±    0.00481     5.332 ±  0.211 %    94.645 ±  0.147 %
  24       6.8536 ±    0.1166       0.02347 ±    0.00330       0.06073 ±    0.00472     5.304 ±  0.206 %    94.616 ±  0.144 %
  25       6.8629 ±    0.1142       0.02359 ±    0.00318       0.05901 ±    0.00453     5.275 ±  0.201 %    94.647 ±  0.141 %
  26       6.7980 ±    0.1104       0.02278 ±    0.00307       0.05708 ±    0.00436     5.199 ±  0.196 %    94.710 ±  0.137 %
  27       6.9808 ±    0.1122       0.02229 ±    0.00299       0.05697 ±    0.00424     5.151 ±  0.191 %    94.667 ±  0.135 %
  28       7.0253 ±    0.1107       0.02182 ±    0.00289       0.05536 ±    0.00409     5.127 ±  0.188 %    94.721 ±  0.132 %
  29       6.9802 ±    0.1077       0.02135 ±    0.00280       0.05387 ±    0.00395     5.084 ±  0.184 %    94.755 ±  0.129 %
  30       6.9001 ±    0.1042       0.02100 ±    0.00271       0.05249 ±    0.00382     5.026 ±  0.180 %    94.793 ±  0.127 %
  31       6.7869 ±    0.1003       0.02060 ±    0.00263       0.05113 ±    0.00370     4.969 ±  0.176 %    94.835 ±  0.124 %
  32       6.6457 ±    0.0962       0.02041 ±    0.00255       0.05023 ±    0.00359     4.986 ±  0.173 %    94.862 ±  0.122 %

====== Perplexity statistics ======
Mean PPL(Q)                   :   6.645729 ±   0.096210
Mean PPL(base)                :   6.511488 ±   0.092533
Cor(ln(PPL(Q)), ln(PPL(base))):  98.43%
Mean ln(PPL(Q)/PPL(base))     :   0.020406 ±   0.002554
Mean PPL(Q)/PPL(base)         :   1.020616 ±   0.002607
Mean PPL(Q)-PPL(base)         :   0.134241 ±   0.017110

====== KL divergence statistics ======
Mean    KLD:   0.050234 ±   0.003588
Maximum KLD:  28.715385
99.9%   KLD:  10.751770
99.0%   KLD:   0.340256
95.0%   KLD:   0.052417
90.0%   KLD:   0.027270
Median  KLD:   0.004878
10.0%   KLD:   0.000080
 5.0%   KLD:   0.000021
 1.0%   KLD:   0.000002
 0.1%   KLD:  -0.000002
Minimum KLD:  -0.000017

====== Token probability statistics ======
Mean    Δp: -0.107 ± 0.028 %
Maximum Δp: 99.937%
99.9%   Δp: 51.483%
99.0%   Δp:  9.036%
95.0%   Δp:  3.939%
90.0%   Δp:  2.227%
75.0%   Δp:  0.431%
Median  Δp: -0.000%
25.0%   Δp: -0.487%
10.0%   Δp: -2.392%
 5.0%   Δp: -4.224%
 1.0%   Δp: -11.152%
 0.1%   Δp: -56.397%
Minimum Δp: -99.933%
RMS Δp    :  4.986 ± 0.173 %
Same top p: 94.862 ± 0.122 %

