0.09.446.193 I 
0.09.446.344 I system_info: n_threads = 16 (n_threads_batch = 16) / 40 | CUDA : ARCHS = 600 | USE_GRAPHS = 1 | CPU : SSE3 = 1 | SSSE3 = 1 | AVX = 1 | AVX2 = 1 | F16C = 1 | FMA = 1 | BMI2 = 1 | LLAMAFILE = 1 | OPENMP = 1 | REPACK = 1 | 
0.09.913.200 I kl_divergence: computing over 145 chunks, n_ctx=2048, batch_size=2048, n_seq=1
0.25.677.181 I kl_divergence: 15.76 seconds per pass - ETA 38.08 minutes

chunk             PPL               ln(PPL(Q)/PPL(base))          KL Divergence              Δp RMS            Same top p
   1       4.9785 ±    0.3592       0.00038 ±    0.00039      -0.00000 ±    0.00000     0.001 ±  0.000 %    100.000 ±  0.000 %
   2       6.0548 ±    0.3180       0.00019 ±    0.00019      -0.00000 ±    0.00000     0.001 ±  0.000 %    100.000 ±  0.000 %
   3       6.4843 ±    0.2854       0.00013 ±    0.00013      -0.00000 ±    0.00000     0.001 ±  0.000 %    100.000 ±  0.000 %
   4       7.2603 ±    0.3048       0.00060 ±    0.00039      -0.00000 ±    0.00000     0.001 ±  0.000 %    100.000 ±  0.000 %
   5       7.3795 ±    0.2826       0.00061 ±    0.00034      -0.00000 ±    0.00000     0.001 ±  0.000 %    100.000 ±  0.000 %
   6       6.3674 ±    0.2160       0.00079 ±    0.00035      -0.00000 ±    0.00000     0.001 ±  0.000 %    100.000 ±  0.000 %
   7       6.8455 ±    0.2327       0.00588 ±    0.00170      -0.00000 ±    0.00000     0.001 ±  0.000 %    100.000 ±  0.000 %
   8       6.5346 ±    0.2027       0.00515 ±    0.00149      -0.00000 ±    0.00000     0.001 ±  0.000 %    100.000 ±  0.000 %
   9       6.9591 ±    0.2066       0.00599 ±    0.00150      -0.00000 ±    0.00000     0.001 ±  0.000 %    100.000 ±  0.000 %
  10       6.8862 ±    0.1918       0.00579 ±    0.00141      -0.00000 ±    0.00000     0.001 ±  0.000 %    100.000 ±  0.000 %
  11       6.8571 ±    0.1798       0.00526 ±    0.00128      -0.00000 ±    0.00000     0.001 ±  0.000 %    100.000 ±  0.000 %
  12       7.0772 ±    0.1781       0.00505 ±    0.00120      -0.00000 ±    0.00000     0.001 ±  0.000 %    100.000 ±  0.000 %
  13       7.0469 ±    0.1689       0.00466 ±    0.00110      -0.00000 ±    0.00000     0.001 ±  0.000 %    100.000 ±  0.000 %
  14       7.0409 ±    0.1612       0.00433 ±    0.00103      -0.00000 ±    0.00000     0.001 ±  0.000 %    100.000 ±  0.000 %
  15       7.0127 ±    0.1540       0.00404 ±    0.00096      -0.00000 ±    0.00000     0.001 ±  0.000 %    100.000 ±  0.000 %
  16       7.3787 ±    0.1605       0.00500 ±    0.00104      -0.00000 ±    0.00000     0.001 ±  0.000 %    100.000 ±  0.000 %
  17       7.3440 ±    0.1532       0.00470 ±    0.00098      -0.00000 ±    0.00000     0.001 ±  0.000 %    100.000 ±  0.000 %
  18       7.3680 ±    0.1486       0.00447 ±    0.00093      -0.00000 ±    0.00000     0.001 ±  0.000 %    100.000 ±  0.000 %
  19       7.3038 ±    0.1437       0.00475 ±    0.00095      -0.00000 ±    0.00000     0.001 ±  0.000 %    100.000 ±  0.000 %
  20       7.1101 ±    0.1356       0.00455 ±    0.00091      -0.00000 ±    0.00000     0.001 ±  0.000 %    100.000 ±  0.000 %
  21       7.1044 ±    0.1319       0.00434 ±    0.00086      -0.00000 ±    0.00000     0.001 ±  0.000 %    100.000 ±  0.000 %
  22       7.0885 ±    0.1283       0.00432 ±    0.00084      -0.00000 ±    0.00000     0.001 ±  0.000 %    100.000 ±  0.000 %
  23       7.0697 ±    0.1245       0.00413 ±    0.00081      -0.00000 ±    0.00000     0.001 ±  0.000 %    100.000 ±  0.000 %
  24       7.1471 ±    0.1237       0.00448 ±    0.00083      -0.00000 ±    0.00000     0.001 ±  0.000 %    100.000 ±  0.000 %
  25       7.1572 ±    0.1211       0.00430 ±    0.00080      -0.00000 ±    0.00000     0.001 ±  0.000 %    100.000 ±  0.000 %
  26       7.0833 ±    0.1169       0.00413 ±    0.00077      -0.00000 ±    0.00000     0.001 ±  0.000 %    100.000 ±  0.000 %
  27       7.2925 ±    0.1194       0.00443 ±    0.00078      -0.00000 ±    0.00000     0.001 ±  0.000 %    100.000 ±  0.000 %
  28       7.3322 ±    0.1177       0.00427 ±    0.00075      -0.00000 ±    0.00000     0.001 ±  0.000 %    100.000 ±  0.000 %
  29       7.2815 ±    0.1144       0.00412 ±    0.00073      -0.00000 ±    0.00000     0.001 ±  0.000 %    100.000 ±  0.000 %
  30       7.1911 ±    0.1106       0.00406 ±    0.00071      -0.00000 ±    0.00000     0.001 ±  0.000 %    100.000 ±  0.000 %
  31       7.0690 ±    0.1064       0.00393 ±    0.00068      -0.00000 ±    0.00000     0.001 ±  0.000 %    100.000 ±  0.000 %
  32       6.9137 ±    0.1019       0.00381 ±    0.00066      -0.00000 ±    0.00000     0.001 ±  0.000 %    99.997 ±  0.003 %
  33       6.9329 ±    0.1012       0.00397 ±    0.00066      -0.00000 ±    0.00000     0.001 ±  0.000 %    99.997 ±  0.003 %
  34       6.8947 ±    0.0988       0.00385 ±    0.00064      -0.00000 ±    0.00000     0.001 ±  0.000 %    99.997 ±  0.003 %
  35       6.8867 ±    0.0972       0.00376 ±    0.00063      -0.00000 ±    0.00000     0.001 ±  0.000 %    99.997 ±  0.003 %
  36       6.9194 ±    0.0965       0.00379 ±    0.00062      -0.00000 ±    0.00000     0.001 ±  0.000 %    99.997 ±  0.003 %
  37       6.7967 ±    0.0930       0.00368 ±    0.00060      -0.00000 ±    0.00000     0.001 ±  0.000 %    99.997 ±  0.003 %
  38       6.7146 ±    0.0903       0.00359 ±    0.00058      -0.00000 ±    0.00000     0.001 ±  0.000 %    99.997 ±  0.003 %
  39       6.6616 ±    0.0884       0.00379 ±    0.00059      -0.00000 ±    0.00000     0.001 ±  0.000 %    99.997 ±  0.003 %
  40       6.5463 ±    0.0853       0.00370 ±    0.00058      -0.00000 ±    0.00000     0.001 ±  0.000 %    99.998 ±  0.002 %
  41       6.4797 ±    0.0830       0.00361 ±    0.00056      -0.00000 ±    0.00000     0.001 ±  0.000 %    99.998 ±  0.002 %
  42       6.4966 ±    0.0822       0.00356 ±    0.00055      -0.00000 ±    0.00000     0.001 ±  0.000 %    99.998 ±  0.002 %
  43       6.6680 ±    0.0842       0.00377 ±    0.00056      -0.00000 ±    0.00000     0.001 ±  0.000 %    99.998 ±  0.002 %
  44       6.7607 ±    0.0845       0.00372 ±    0.00055      -0.00000 ±    0.00000     0.001 ±  0.000 %    99.998 ±  0.002 %
  45       6.7516 ±    0.0833       0.00364 ±    0.00054      -0.00000 ±    0.00000     0.001 ±  0.000 %    99.998 ±  0.002 %
  46       6.7481 ±    0.0822       0.00362 ±    0.00053      -0.00000 ±    0.00000     0.001 ±  0.000 %    99.998 ±  0.002 %
  47       6.7863 ±    0.0819       0.00355 ±    0.00052      -0.00000 ±    0.00000     0.001 ±  0.000 %    99.998 ±  0.002 %
  48       6.7821 ±    0.0808       0.00348 ±    0.00051      -0.00000 ±    0.00000     0.001 ±  0.000 %    99.996 ±  0.003 %
  49       6.8097 ±    0.0802       0.00341 ±    0.00050      -0.00000 ±    0.00000     0.001 ±  0.000 %    99.994 ±  0.003 %
  50       6.7600 ±    0.0786       0.00334 ±    0.00049      -0.00000 ±    0.00000     0.001 ±  0.000 %    99.994 ±  0.003 %
  51       6.7824 ±    0.0780       0.00328 ±    0.00048      -0.00000 ±    0.00000     0.001 ±  0.000 %    99.994 ±  0.003 %
  52       6.7298 ±    0.0765       0.00326 ±    0.00047      -0.00000 ±    0.00000     0.001 ±  0.000 %    99.994 ±  0.003 %
  53       6.7236 ±    0.0758       0.00321 ±    0.00046      -0.00000 ±    0.00000     0.001 ±  0.000 %    99.994 ±  0.003 %
  54       6.7262 ±    0.0753       0.00330 ±    0.00046      -0.00000 ±    0.00000     0.001 ±  0.000 %    99.995 ±  0.003 %
  55       6.6820 ±    0.0739       0.00324 ±    0.00045      -0.00000 ±    0.00000     0.001 ±  0.000 %    99.995 ±  0.003 %
  56       6.7226 ±    0.0742       0.00347 ±    0.00046      -0.00000 ±    0.00000     0.001 ±  0.000 %    99.995 ±  0.003 %
  57       6.6493 ±    0.0725       0.00341 ±    0.00045      -0.00000 ±    0.00000     0.001 ±  0.000 %    99.995 ±  0.003 %
  58       6.7099 ±    0.0732       0.00378 ±    0.00048      -0.00000 ±    0.00000     0.001 ±  0.000 %    99.995 ±  0.003 %
  59       6.6749 ±    0.0720       0.00371 ±    0.00047      -0.00000 ±    0.00000     0.001 ±  0.000 %    99.995 ±  0.003 %
  60       6.6510 ±    0.0711       0.00365 ±    0.00046      -0.00000 ±    0.00000     0.001 ±  0.000 %    99.995 ±  0.003 %
  61       6.6704 ±    0.0707       0.00359 ±    0.00045      -0.00000 ±    0.00000     0.001 ±  0.000 %    99.995 ±  0.003 %
  62       6.6825 ±    0.0702       0.00353 ±    0.00045      -0.00000 ±    0.00000     0.001 ±  0.000 %    99.995 ±  0.003 %
  63       6.7056 ±    0.0698       0.00348 ±    0.00044      -0.00000 ±    0.00000     0.001 ±  0.000 %    99.995 ±  0.003 %
  64       6.7330 ±    0.0695       0.00342 ±    0.00043      -0.00000 ±    0.00000     0.001 ±  0.000 %    99.995 ±  0.003 %
  65       6.6735 ±    0.0682       0.00337 ±    0.00043      -0.00000 ±    0.00000     0.001 ±  0.000 %    99.995 ±  0.003 %
  66       6.7037 ±    0.0682       0.00338 ±    0.00042      -0.00000 ±    0.00000     0.001 ±  0.000 %    99.996 ±  0.003 %
  67       6.6877 ±    0.0674       0.00333 ±    0.00042      -0.00000 ±    0.00000     0.001 ±  0.000 %    99.996 ±  0.003 %
  68       6.6531 ±    0.0664       0.00328 ±    0.00041      -0.00000 ±    0.00000     0.001 ±  0.000 %    99.996 ±  0.002 %
  69       6.6369 ±    0.0656       0.00323 ±    0.00040      -0.00000 ±    0.00000     0.001 ±  0.000 %    99.996 ±  0.002 %
  70       6.6428 ±    0.0653       0.00319 ±    0.00040      -0.00000 ±    0.00000     0.001 ±  0.000 %    99.996 ±  0.002 %
  71       6.6453 ±    0.0650       0.00350 ±    0.00042      -0.00000 ±    0.00000     0.001 ±  0.000 %    99.996 ±  0.002 %
  72       6.6325 ±    0.0643       0.00345 ±    0.00041      -0.00000 ±    0.00000     0.001 ±  0.000 %    99.996 ±  0.002 %
  73       6.6430 ±    0.0640       0.00341 ±    0.00041      -0.00000 ±    0.00000     0.001 ±  0.000 %    99.996 ±  0.002 %
  74       6.6626 ±    0.0637       0.00336 ±    0.00040      -0.00000 ±    0.00000     0.001 ±  0.000 %    99.996 ±  0.002 %
  75       6.6482 ±    0.0630       0.00332 ±    0.00040      -0.00000 ±    0.00000     0.001 ±  0.000 %    99.996 ±  0.002 %
  76       6.6940 ±    0.0632       0.00337 ±    0.00040      -0.00000 ±    0.00000     0.001 ±  0.000 %    99.996 ±  0.002 %
  77       6.6816 ±    0.0626       0.00333 ±    0.00040      -0.00000 ±    0.00000     0.001 ±  0.000 %    99.996 ±  0.002 %
  78       6.6564 ±    0.0618       0.00328 ±    0.00039      -0.00000 ±    0.00000     0.001 ±  0.000 %    99.996 ±  0.002 %
  79       6.7113 ±    0.0622       0.00343 ±    0.00040      -0.00000 ±    0.00000     0.001 ±  0.000 %    99.996 ±  0.002 %
  80       6.7174 ±    0.0620       0.00358 ±    0.00040      -0.00000 ±    0.00000     0.001 ±  0.000 %    99.996 ±  0.002 %
  81       6.7374 ±    0.0618       0.00356 ±    0.00040      -0.00000 ±    0.00000     0.001 ±  0.000 %    99.996 ±  0.002 %
  82       6.6948 ±    0.0609       0.00352 ±    0.00039      -0.00000 ±    0.00000     0.001 ±  0.000 %    99.996 ±  0.002 %
  83       6.6688 ±    0.0602       0.00348 ±    0.00039      -0.00000 ±    0.00000     0.001 ±  0.000 %    99.996 ±  0.002 %
  84       6.6430 ±    0.0595       0.00343 ±    0.00038      -0.00000 ±    0.00000     0.001 ±  0.000 %    99.997 ±  0.002 %
  85       6.6149 ±    0.0588       0.00339 ±    0.00038      -0.00000 ±    0.00000     0.001 ±  0.000 %    99.997 ±  0.002 %
  86       6.6352 ±    0.0588       0.00359 ±    0.00041      -0.00000 ±    0.00000     0.001 ±  0.000 %    99.997 ±  0.002 %
  87       6.6177 ±    0.0582       0.00355 ±    0.00041      -0.00000 ±    0.00000     0.001 ±  0.000 %    99.997 ±  0.002 %
  88       6.6048 ±    0.0577       0.00351 ±    0.00040      -0.00000 ±    0.00000     0.001 ±  0.000 %    99.997 ±  0.002 %
  89       6.6177 ±    0.0575       0.00359 ±    0.00041      -0.00000 ±    0.00000     0.001 ±  0.000 %    99.997 ±  0.002 %
  90       6.6173 ±    0.0571       0.00355 ±    0.00040      -0.00000 ±    0.00000     0.001 ±  0.000 %    99.997 ±  0.002 %
  91       6.6674 ±    0.0573       0.00351 ±    0.00040      -0.00000 ±    0.00000     0.001 ±  0.000 %    99.997 ±  0.002 %
  92       6.6990 ±    0.0573       0.00348 ±    0.00039      -0.00000 ±    0.00000     0.001 ±  0.000 %    99.997 ±  0.002 %
  93       6.7191 ±    0.0572       0.00344 ±    0.00039      -0.00000 ±    0.00000     0.001 ±  0.000 %    99.997 ±  0.002 %
  94       6.7394 ±    0.0570       0.00340 ±    0.00038      -0.00000 ±    0.00000     0.001 ±  0.000 %    99.997 ±  0.002 %
  95       6.7753 ±    0.0571       0.00352 ±    0.00039      -0.00000 ±    0.00000     0.001 ±  0.000 %    99.997 ±  0.002 %
  96       6.8127 ±    0.0572       0.00348 ±    0.00039      -0.00000 ±    0.00000     0.001 ±  0.000 %    99.997 ±  0.002 %
  97       6.9075 ±    0.0581       0.00369 ±    0.00040      -0.00000 ±    0.00000     0.001 ±  0.000 %    99.997 ±  0.002 %
  98       6.8921 ±    0.0576       0.00366 ±    0.00039      -0.00000 ±    0.00000     0.001 ±  0.000 %    99.997 ±  0.002 %
  99       6.9311 ±    0.0578       0.00365 ±    0.00039      -0.00000 ±    0.00000     0.001 ±  0.000 %    99.997 ±  0.002 %
 100       6.9747 ±    0.0581       0.00386 ±    0.00040       0.00000 ±    0.00000     0.001 ±  0.000 %    99.997 ±  0.002 %
 101       6.9397 ±    0.0574       0.00382 ±    0.00039      -0.00000 ±    0.00000     0.001 ±  0.000 %    99.997 ±  0.002 %
 102       6.9339 ±    0.0570       0.00379 ±    0.00039      -0.00000 ±    0.00000     0.001 ±  0.000 %    99.997 ±  0.002 %
 103       6.9410 ±    0.0568       0.00376 ±    0.00039      -0.00000 ±    0.00000     0.001 ±  0.000 %    99.997 ±  0.002 %
 104       6.9454 ±    0.0565       0.00372 ±    0.00038      -0.00000 ±    0.00000     0.001 ±  0.000 %    99.997 ±  0.002 %
 105       6.9357 ±    0.0561       0.00369 ±    0.00038      -0.00000 ±    0.00000     0.001 ±  0.000 %    99.997 ±  0.002 %
 106       6.9166 ±    0.0556       0.00369 ±    0.00038      -0.00000 ±    0.00000     0.001 ±  0.000 %    99.997 ±  0.002 %
 107       6.9313 ±    0.0555       0.00367 ±    0.00037      -0.00000 ±    0.00000     0.001 ±  0.000 %    99.997 ±  0.002 %
 108       6.9412 ±    0.0554       0.00371 ±    0.00037      -0.00000 ±    0.00000     0.001 ±  0.000 %    99.997 ±  0.002 %
 109       6.9619 ±    0.0554       0.00372 ±    0.00037      -0.00000 ±    0.00000     0.001 ±  0.000 %    99.997 ±  0.002 %
 110       6.9809 ±    0.0554       0.00381 ±    0.00037      -0.00000 ±    0.00000     0.001 ±  0.000 %    99.997 ±  0.002 %
 111       6.9640 ±    0.0550       0.00378 ±    0.00037      -0.00000 ±    0.00000     0.001 ±  0.000 %    99.997 ±  0.002 %
 112       6.9514 ±    0.0546       0.00395 ±    0.00039      -0.00000 ±    0.00000     0.001 ±  0.000 %    99.997 ±  0.002 %
 113       6.9264 ±    0.0541       0.00398 ±    0.00038      -0.00000 ±    0.00000     0.001 ±  0.000 %    99.997 ±  0.001 %
 114       6.9495 ±    0.0541       0.00394 ±    0.00038      -0.00000 ±    0.00000     0.001 ±  0.000 %    99.997 ±  0.001 %
 115       6.9487 ±    0.0539       0.00391 ±    0.00038      -0.00000 ±    0.00000     0.001 ±  0.000 %    99.997 ±  0.001 %
 116       6.9465 ±    0.0536       0.00387 ±    0.00037      -0.00000 ±    0.00000     0.001 ±  0.000 %    99.997 ±  0.001 %
 117       6.9590 ±    0.0535       0.00390 ±    0.00038      -0.00000 ±    0.00000     0.001 ±  0.000 %    99.997 ±  0.001 %
 118       6.9830 ±    0.0536       0.00388 ±    0.00037      -0.00000 ±    0.00000     0.001 ±  0.000 %    99.998 ±  0.001 %
 119       6.9908 ±    0.0536       0.00419 ±    0.00039      -0.00000 ±    0.00000     0.001 ±  0.000 %    99.998 ±  0.001 %
 120       6.9950 ±    0.0534       0.00424 ±    0.00039      -0.00000 ±    0.00000     0.001 ±  0.000 %    99.998 ±  0.001 %
 121       6.9929 ±    0.0532       0.00423 ±    0.00038       0.00000 ±    0.00000     0.001 ±  0.000 %    99.998 ±  0.001 %
 122       6.9794 ±    0.0528       0.00419 ±    0.00038       0.00000 ±    0.00000     0.001 ±  0.000 %    99.998 ±  0.001 %
 123       6.9607 ±    0.0524       0.00416 ±    0.00038       0.00000 ±    0.00000     0.001 ±  0.000 %    99.998 ±  0.001 %
 124       6.9636 ±    0.0523       0.00426 ±    0.00038       0.00000 ±    0.00000     0.001 ±  0.000 %    99.998 ±  0.001 %
 125       6.9710 ±    0.0521       0.00423 ±    0.00038       0.00000 ±    0.00000     0.001 ±  0.000 %    99.998 ±  0.001 %
 126       6.9561 ±    0.0518       0.00419 ±    0.00038       0.00000 ±    0.00000     0.001 ±  0.000 %    99.998 ±  0.001 %
 127       6.9611 ±    0.0516       0.00416 ±    0.00037       0.00000 ±    0.00000     0.001 ±  0.000 %    99.998 ±  0.001 %
 128       6.9403 ±    0.0512       0.00413 ±    0.00037       0.00000 ±    0.00000     0.001 ±  0.000 %    99.998 ±  0.001 %
 129       6.9311 ±    0.0509       0.00409 ±    0.00037      -0.00000 ±    0.00000     0.001 ±  0.000 %    99.998 ±  0.001 %
 130       6.9791 ±    0.0514       0.00462 ±    0.00039      -0.00000 ±    0.00000     0.001 ±  0.000 %    99.998 ±  0.001 %
 131       6.9766 ±    0.0511       0.00459 ±    0.00039      -0.00000 ±    0.00000     0.001 ±  0.000 %    99.998 ±  0.001 %
 132       6.9716 ±    0.0509       0.00455 ±    0.00039       0.00000 ±    0.00000     0.001 ±  0.000 %    99.998 ±  0.001 %
 133       7.0124 ±    0.0512       0.00478 ±    0.00040      -0.00000 ±    0.00000     0.001 ±  0.000 %    99.998 ±  0.001 %
 134       7.0230 ±    0.0511       0.00474 ±    0.00039      -0.00000 ±    0.00000     0.001 ±  0.000 %    99.998 ±  0.001 %
 135       7.0118 ±    0.0508       0.00471 ±    0.00039      -0.00000 ±    0.00000     0.001 ±  0.000 %    99.998 ±  0.001 %
 136       6.9807 ±    0.0503       0.00467 ±    0.00039      -0.00000 ±    0.00000     0.001 ±  0.000 %    99.998 ±  0.001 %
 137       6.9818 ±    0.0502       0.00473 ±    0.00039      -0.00000 ±    0.00000     0.001 ±  0.000 %    99.998 ±  0.001 %
 138       7.0331 ±    0.0507       0.00506 ±    0.00041      -0.00000 ±    0.00000     0.001 ±  0.000 %    99.998 ±  0.001 %
 139       7.0431 ±    0.0505       0.00504 ±    0.00040      -0.00000 ±    0.00000     0.001 ±  0.000 %    99.998 ±  0.001 %
 140       7.0642 ±    0.0505       0.00500 ±    0.00040      -0.00000 ±    0.00000     0.001 ±  0.000 %    99.998 ±  0.001 %
 141       7.0475 ±    0.0502       0.00496 ±    0.00040      -0.00000 ±    0.00000     0.001 ±  0.000 %    99.998 ±  0.001 %
 142       7.0457 ±    0.0499       0.00493 ±    0.00040      -0.00000 ±    0.00000     0.001 ±  0.000 %    99.998 ±  0.001 %
 143       7.0547 ±    0.0498       0.00490 ±    0.00039      -0.00000 ±    0.00000     0.001 ±  0.000 %    99.998 ±  0.001 %
 144       7.0699 ±    0.0498       0.00489 ±    0.00039      -0.00000 ±    0.00000     0.001 ±  0.000 %    99.998 ±  0.001 %
 145       7.0569 ±    0.0495       0.00490 ±    0.00039      -0.00000 ±    0.00000     0.001 ±  0.000 %    99.998 ±  0.001 %

====== Perplexity statistics ======
Mean PPL(Q)                   :   7.056911 ±   0.049520
Mean PPL(base)                :   7.022392 ±   0.048724
Cor(ln(PPL(Q)), ln(PPL(base))):  99.85%
Mean ln(PPL(Q)/PPL(base))     :   0.004903 ±   0.000392
Mean PPL(Q)/PPL(base)         :   1.004916 ±   0.000394
Mean PPL(Q)-PPL(base)         :   0.034519 ±   0.002818

====== KL divergence statistics ======
Mean    KLD:  -0.000000 ±   0.000000
Maximum KLD:   0.000072
99.9%   KLD:   0.000051
99.0%   KLD:   0.000037
95.0%   KLD:   0.000023
90.0%   KLD:   0.000016
Median  KLD:  -0.000000
10.0%   KLD:  -0.000016
 5.0%   KLD:  -0.000023
 1.0%   KLD:  -0.000038
 0.1%   KLD:  -0.000051
Minimum KLD:  -0.000076

====== Token probability statistics ======
Mean    Δp:  0.000 ± 0.000 %
Maximum Δp:  0.006%
99.9%   Δp:  0.004%
99.0%   Δp:  0.002%
95.0%   Δp:  0.001%
90.0%   Δp:  0.000%
75.0%   Δp:  0.000%
Median  Δp:  0.000%
25.0%   Δp:  0.000%
10.0%   Δp: -0.000%
 5.0%   Δp: -0.001%
 1.0%   Δp: -0.002%
 0.1%   Δp: -0.004%
Minimum Δp: -0.006%
RMS Δp    :  0.001 ± 0.000 %
Same top p: 99.998 ± 0.001 %

