1.56.145.588 W llama_kv_cache: the V embeddings have different sizes across layers and FA is not enabled - padding V cache to 256
1.59.659.554 I 
1.59.660.268 I system_info: n_threads = 20 (n_threads_batch = 20) / 40 | CUDA : ARCHS = 600 | USE_GRAPHS = 1 | CPU : SSE3 = 1 | SSSE3 = 1 | AVX = 1 | AVX2 = 1 | F16C = 1 | FMA = 1 | BMI2 = 1 | LLAMAFILE = 1 | OPENMP = 1 | REPACK = 1 | 
1.59.883.122 I kl_divergence: computing over 32 chunks, n_ctx=2048, batch_size=2048, n_seq=1
2.23.132.352 I kl_divergence: 23.25 seconds per pass - ETA 12.38 minutes

chunk             PPL               ln(PPL(Q)/PPL(base))          KL Divergence              Δp RMS            Same top p
   1       3.2587 ±    0.2175       0.05138 ±    0.00887       0.02964 ±    0.00195     6.167 ±  0.341 %    94.233 ±  0.729 %
   2       4.1728 ±    0.2021       0.03642 ±    0.00607       0.03018 ±    0.00120     5.391 ±  0.219 %    92.522 ±  0.582 %
   3       4.6388 ±    0.1852       0.02785 ±    0.00487       0.02896 ±    0.00089     5.129 ±  0.178 %    92.473 ±  0.476 %
   4       4.7305 ±    0.1676       0.02387 ±    0.00390       0.02410 ±    0.00070     4.688 ±  0.150 %    93.304 ±  0.391 %
   5       4.8195 ±    0.1578       0.02106 ±    0.00335       0.02188 ±    0.00058     4.494 ±  0.131 %    93.783 ±  0.338 %
   6       4.5538 ±    0.1338       0.01786 ±    0.00303       0.02131 ±    0.00052     4.513 ±  0.121 %    93.972 ±  0.304 %
   7       4.1815 ±    0.1101       0.01866 ±    0.00277       0.02102 ±    0.00048     4.539 ±  0.109 %    94.051 ±  0.280 %
   8       4.2127 ±    0.1036       0.01857 ±    0.00258       0.02048 ±    0.00044     4.469 ±  0.100 %    94.074 ±  0.261 %
   9       4.3362 ±    0.1009       0.01801 ±    0.00246       0.02022 ±    0.00041     4.418 ±  0.095 %    94.070 ±  0.246 %
  10       4.4130 ±    0.0978       0.01627 ±    0.00228       0.01955 ±    0.00038     4.337 ±  0.089 %    94.184 ±  0.231 %
  11       4.5107 ±    0.0957       0.01483 ±    0.00215       0.01902 ±    0.00037     4.262 ±  0.086 %    94.322 ±  0.218 %
  12       4.6115 ±    0.0949       0.01469 ±    0.00203       0.01859 ±    0.00035     4.189 ±  0.083 %    94.404 ±  0.207 %
  13       4.6093 ±    0.0908       0.01556 ±    0.00202       0.01999 ±    0.00036     4.423 ±  0.088 %    94.188 ±  0.203 %
  14       4.7202 ±    0.0901       0.01521 ±    0.00193       0.01963 ±    0.00034     4.342 ±  0.084 %    94.149 ±  0.196 %
  15       4.8374 ±    0.0899       0.01486 ±    0.00185       0.01928 ±    0.00032     4.278 ±  0.081 %    94.233 ±  0.188 %
  16       4.9474 ±    0.0894       0.01502 ±    0.00178       0.01909 ±    0.00031     4.230 ±  0.079 %    94.178 ±  0.183 %
  17       5.0878 ±    0.0901       0.01455 ±    0.00172       0.01889 ±    0.00030     4.180 ±  0.076 %    94.187 ±  0.177 %
  18       5.1203 ±    0.0881       0.01466 ±    0.00166       0.01875 ±    0.00028     4.166 ±  0.074 %    94.167 ±  0.173 %
  19       5.1503 ±    0.0864       0.01513 ±    0.00162       0.01880 ±    0.00028     4.164 ±  0.072 %    94.191 ±  0.168 %
  20       5.1371 ±    0.0844       0.01442 ±    0.00156       0.01837 ±    0.00027     4.104 ±  0.070 %    94.242 ±  0.163 %
  21       5.1111 ±    0.0818       0.01433 ±    0.00154       0.01893 ±    0.00026     4.197 ±  0.068 %    94.177 ±  0.160 %
  22       5.2112 ±    0.0819       0.01402 ±    0.00151       0.01899 ±    0.00026     4.188 ±  0.066 %    94.122 ±  0.157 %
  23       5.2098 ±    0.0801       0.01415 ±    0.00147       0.01876 ±    0.00025     4.153 ±  0.064 %    94.160 ±  0.153 %
  24       5.2669 ±    0.0795       0.01398 ±    0.00144       0.01880 ±    0.00024     4.132 ±  0.062 %    94.098 ±  0.150 %
  25       5.2892 ±    0.0782       0.01384 ±    0.00142       0.01890 ±    0.00024     4.118 ±  0.060 %    94.029 ±  0.148 %
  26       5.3883 ±    0.0788       0.01429 ±    0.00139       0.01888 ±    0.00023     4.084 ±  0.059 %    93.992 ±  0.146 %
  27       5.3757 ±    0.0771       0.01401 ±    0.00136       0.01878 ±    0.00022     4.074 ±  0.058 %    94.001 ±  0.143 %
  28       5.4879 ±    0.0779       0.01405 ±    0.00134       0.01876 ±    0.00022     4.056 ±  0.057 %    93.957 ±  0.141 %
  29       5.5339 ±    0.0775       0.01417 ±    0.00131       0.01860 ±    0.00021     4.031 ±  0.056 %    93.987 ±  0.138 %
  30       5.4717 ±    0.0752       0.01445 ±    0.00129       0.01878 ±    0.00021     4.067 ±  0.055 %    93.965 ±  0.136 %
  31       5.5007 ±    0.0744       0.01442 ±    0.00127       0.01877 ±    0.00021     4.060 ±  0.054 %    93.965 ±  0.134 %
  32       5.4585 ±    0.0726       0.01440 ±    0.00125       0.01873 ±    0.00021     4.057 ±  0.053 %    94.010 ±  0.131 %

====== Perplexity statistics ======
Mean PPL(Q)                   :   5.458543 ±   0.072565
Mean PPL(base)                :   5.380521 ±   0.071132
Cor(ln(PPL(Q)), ln(PPL(base))):  99.56%
Mean ln(PPL(Q)/PPL(base))     :   0.014397 ±   0.001252
Mean PPL(Q)/PPL(base)         :   1.014501 ±   0.001270
Mean PPL(Q)-PPL(base)         :   0.078022 ±   0.006922

====== KL divergence statistics ======
Mean    KLD:   0.018732 ±   0.000207
Maximum KLD:   1.405820
99.9%   KLD:   0.421621
99.0%   KLD:   0.165382
95.0%   KLD:   0.074290
90.0%   KLD:   0.046780
Median  KLD:   0.007221
10.0%   KLD:   0.000096
 5.0%   KLD:   0.000033
 1.0%   KLD:   0.000005
 0.1%   KLD:  -0.000004
Minimum KLD:  -0.000035

====== Token probability statistics ======
Mean    Δp: -0.268 ± 0.022 %
Maximum Δp: 43.823%
99.9%   Δp: 23.909%
99.0%   Δp: 11.442%
95.0%   Δp:  5.030%
90.0%   Δp:  2.737%
75.0%   Δp:  0.441%
Median  Δp: -0.004%
25.0%   Δp: -0.775%
10.0%   Δp: -3.480%
 5.0%   Δp: -6.106%
 1.0%   Δp: -14.456%
 0.1%   Δp: -30.682%
Minimum Δp: -58.696%
RMS Δp    :  4.057 ± 0.053 %
Same top p: 94.010 ± 0.131 %

