0.06.935.552 I 
0.06.935.687 I system_info: n_threads = 20 (n_threads_batch = 20) / 40 | CUDA : ARCHS = 600 | USE_GRAPHS = 1 | CPU : SSE3 = 1 | SSSE3 = 1 | AVX = 1 | AVX2 = 1 | F16C = 1 | FMA = 1 | BMI2 = 1 | LLAMAFILE = 1 | OPENMP = 1 | REPACK = 1 | 
0.07.339.613 I kl_divergence: computing over 32 chunks, n_ctx=2048, batch_size=2048, n_seq=1
0.18.048.559 I kl_divergence: 10.71 seconds per pass - ETA 5.70 minutes

chunk             PPL               ln(PPL(Q)/PPL(base))          KL Divergence              Δp RMS            Same top p
   1       4.8046 ±    0.3420       0.00110 ±    0.00134       0.00001 ±    0.00000     0.074 ±  0.005 %    99.902 ±  0.098 %
   2       5.8404 ±    0.3030       0.00072 ±    0.00068       0.00001 ±    0.00000     0.099 ±  0.022 %    99.951 ±  0.049 %
   3       6.2320 ±    0.2693       0.00060 ±    0.00049       0.00003 ±    0.00002     0.117 ±  0.015 %    99.870 ±  0.065 %
   4       6.6928 ±    0.2683       0.00079 ±    0.00050       0.00007 ±    0.00003     0.129 ±  0.014 %    99.829 ±  0.065 %
   5       6.7435 ±    0.2454       0.00108 ±    0.00041       0.00007 ±    0.00003     0.136 ±  0.012 %    99.824 ±  0.059 %
   6       5.8154 ±    0.1868       0.00074 ±    0.00038       0.00016 ±    0.00008     0.448 ±  0.167 %    99.788 ±  0.059 %
   7       6.2205 ±    0.2029       0.00577 ±    0.00237       0.00389 ±    0.00142     1.423 ±  0.500 %    99.651 ±  0.070 %
   8       5.9934 ±    0.1789       0.00496 ±    0.00207       0.00342 ±    0.00125     1.334 ±  0.467 %    99.682 ±  0.062 %
   9       6.4426 ±    0.1855       0.00584 ±    0.00196       0.00305 ±    0.00111     1.259 ±  0.440 %    99.707 ±  0.056 %
  10       6.4133 ±    0.1736       0.00563 ±    0.00180       0.00275 ±    0.00100     1.195 ±  0.417 %    99.736 ±  0.051 %
  11       6.3986 ±    0.1630       0.00513 ±    0.00164       0.00250 ±    0.00091     1.140 ±  0.398 %    99.751 ±  0.047 %
  12       6.6117 ±    0.1616       0.00489 ±    0.00151       0.00230 ±    0.00083     1.093 ±  0.380 %    99.723 ±  0.047 %
  13       6.5957 ±    0.1536       0.00454 ±    0.00139       0.00216 ±    0.00077     1.050 ±  0.365 %    99.729 ±  0.045 %
  14       6.6052 ±    0.1471       0.00426 ±    0.00129       0.00201 ±    0.00071     1.013 ±  0.351 %    99.749 ±  0.042 %
  15       6.5890 ±    0.1409       0.00404 ±    0.00121       0.00189 ±    0.00067     0.990 ±  0.336 %    99.752 ±  0.040 %
  16       6.9617 ±    0.1479       0.00484 ±    0.00129       0.00179 ±    0.00062     0.962 ±  0.324 %    99.762 ±  0.038 %
  17       6.9483 ±    0.1417       0.00458 ±    0.00121       0.00169 ±    0.00059     0.933 ±  0.314 %    99.758 ±  0.037 %
  18       6.9806 ±    0.1378       0.00435 ±    0.00115       0.00160 ±    0.00055     0.908 ±  0.305 %    99.756 ±  0.036 %
  19       6.9301 ±    0.1334       0.00449 ±    0.00111       0.00152 ±    0.00053     0.891 ±  0.295 %    99.732 ±  0.037 %
  20       6.7130 ±    0.1251       0.00430 ±    0.00105       0.00147 ±    0.00050     0.888 ±  0.281 %    99.746 ±  0.035 %
  21       6.7199 ±    0.1219       0.00406 ±    0.00100       0.00140 ±    0.00048     0.868 ±  0.274 %    99.753 ±  0.034 %
  22       6.7119 ±    0.1188       0.00405 ±    0.00097       0.00134 ±    0.00045     0.848 ±  0.268 %    99.756 ±  0.033 %
  23       6.7042 ±    0.1155       0.00386 ±    0.00093       0.00128 ±    0.00043     0.830 ±  0.262 %    99.766 ±  0.031 %
  24       6.7580 ±    0.1142       0.00408 ±    0.00091       0.00126 ±    0.00042     0.826 ±  0.252 %    99.768 ±  0.031 %
  25       6.7691 ±    0.1118       0.00391 ±    0.00087       0.00121 ±    0.00040     0.810 ±  0.247 %    99.777 ±  0.029 %
  26       6.7078 ±    0.1081       0.00377 ±    0.00084       0.00117 ±    0.00038     0.795 ±  0.242 %    99.786 ±  0.028 %
  27       6.8948 ±    0.1101       0.00408 ±    0.00085       0.00113 ±    0.00037     0.781 ±  0.237 %    99.786 ±  0.028 %
  28       6.9400 ±    0.1087       0.00396 ±    0.00082       0.00109 ±    0.00036     0.767 ±  0.233 %    99.791 ±  0.027 %
  29       6.8958 ±    0.1058       0.00383 ±    0.00079       0.00105 ±    0.00034     0.754 ±  0.229 %    99.798 ±  0.026 %
  30       6.8172 ±    0.1024       0.00377 ±    0.00077       0.00102 ±    0.00033     0.742 ±  0.225 %    99.798 ±  0.026 %
  31       6.7066 ±    0.0986       0.00365 ±    0.00075       0.00099 ±    0.00032     0.730 ±  0.221 %    99.801 ±  0.025 %
  32       6.5658 ±    0.0945       0.00354 ±    0.00072       0.00096 ±    0.00031     0.719 ±  0.217 %    99.795 ±  0.025 %

====== Perplexity statistics ======
Mean PPL(Q)                   :   6.565848 ±   0.094516
Mean PPL(base)                :   6.542662 ±   0.093383
Cor(ln(PPL(Q)), ln(PPL(base))):  99.88%
Mean ln(PPL(Q)/PPL(base))     :   0.003538 ±   0.000722
Mean PPL(Q)/PPL(base)         :   1.003544 ±   0.000725
Mean PPL(Q)-PPL(base)         :   0.023186 ±   0.004799

====== KL divergence statistics ======
Mean    KLD:   0.000957 ±   0.000313
Maximum KLD:   8.172153
99.9%   KLD:   0.065988
99.0%   KLD:   0.000979
95.0%   KLD:   0.000102
90.0%   KLD:   0.000052
Median  KLD:   0.000005
10.0%   KLD:  -0.000006
 5.0%   KLD:  -0.000014
 1.0%   KLD:  -0.000030
 0.1%   KLD:  -0.000049
Minimum KLD:  -0.000066

====== Token probability statistics ======
Mean    Δp:  0.002 ± 0.004 %
Maximum Δp: 99.560%
99.9%   Δp:  1.973%
99.0%   Δp:  0.399%
95.0%   Δp:  0.144%
90.0%   Δp:  0.080%
75.0%   Δp:  0.016%
Median  Δp:  0.000%
25.0%   Δp: -0.016%
10.0%   Δp: -0.079%
 5.0%   Δp: -0.143%
 1.0%   Δp: -0.395%
 0.1%   Δp: -2.065%
Minimum Δp: -46.746%
RMS Δp    :  0.719 ± 0.217 %
Same top p: 99.795 ± 0.025 %

