0.51.894.400 I 
0.51.894.536 I system_info: n_threads = 20 (n_threads_batch = 20) / 40 | CUDA : ARCHS = 600 | USE_GRAPHS = 1 | CPU : SSE3 = 1 | SSSE3 = 1 | AVX = 1 | AVX2 = 1 | F16C = 1 | FMA = 1 | BMI2 = 1 | LLAMAFILE = 1 | OPENMP = 1 | REPACK = 1 | 
0.52.307.369 I kl_divergence: computing over 32 chunks, n_ctx=2048, batch_size=2048, n_seq=1
1.04.044.981 I kl_divergence: 11.74 seconds per pass - ETA 6.25 minutes

chunk             PPL               ln(PPL(Q)/PPL(base))          KL Divergence              Δp RMS            Same top p
   1       4.8057 ±    0.3422      -0.00783 ±    0.00402       0.00645 ±    0.00025     2.821 ±  0.114 %    95.797 ±  0.628 %
   2       5.8403 ±    0.3029      -0.01193 ±    0.00286       0.00719 ±    0.00021     2.852 ±  0.082 %    94.819 ±  0.490 %
   3       6.2300 ±    0.2691      -0.00946 ±    0.00260       0.00976 ±    0.00249     2.799 ±  0.074 %    94.656 ±  0.406 %
   4       6.6909 ±    0.2681      -0.00815 ±    0.00268       0.01350 ±    0.00401     3.425 ±  0.356 %    95.039 ±  0.339 %
   5       6.7395 ±    0.2451      -0.00597 ±    0.00234       0.01266 ±    0.00322     3.395 ±  0.297 %    94.956 ±  0.306 %
   6       5.8133 ±    0.1866      -0.00640 ±    0.00226       0.01519 ±    0.00375     3.560 ±  0.264 %    95.064 ±  0.277 %
   7       6.2287 ±    0.2033      -0.00466 ±    0.00555       0.05489 ±    0.00879     4.752 ±  0.365 %    94.680 ±  0.265 %
   8       6.0007 ±    0.1792      -0.00535 ±    0.00488       0.04901 ±    0.00769     4.581 ±  0.332 %    94.831 ±  0.245 %
   9       6.4498 ±    0.1858      -0.00352 ±    0.00453       0.04607 ±    0.00690     4.441 ±  0.306 %    94.743 ±  0.233 %
  10       6.4198 ±    0.1738      -0.00335 ±    0.00411       0.04212 ±    0.00621     4.295 ±  0.285 %    94.829 ±  0.219 %
  11       6.4044 ±    0.1633      -0.00396 ±    0.00376       0.03891 ±    0.00565     4.180 ±  0.266 %    94.792 ±  0.209 %
  12       6.6172 ±    0.1618      -0.00271 ±    0.00348       0.03641 ±    0.00518     4.097 ±  0.249 %    94.787 ±  0.201 %
  13       6.6005 ±    0.1538      -0.00290 ±    0.00323       0.03432 ±    0.00478     4.031 ±  0.234 %    94.782 ±  0.193 %
  14       6.6095 ±    0.1473      -0.00323 ±    0.00301       0.03244 ±    0.00444     3.953 ±  0.222 %    94.777 ±  0.186 %
  15       6.5928 ±    0.1410      -0.00331 ±    0.00283       0.03088 ±    0.00415     3.895 ±  0.211 %    94.806 ±  0.179 %
  16       6.9679 ±    0.1481      -0.00250 ±    0.00275       0.02998 ±    0.00390     3.827 ±  0.201 %    94.825 ±  0.173 %
  17       6.9539 ±    0.1419      -0.00243 ±    0.00260       0.02871 ±    0.00367     3.785 ±  0.192 %    94.808 ±  0.168 %
  18       6.9860 ±    0.1379      -0.00289 ±    0.00247       0.02761 ±    0.00346     3.768 ±  0.182 %    94.754 ±  0.164 %
  19       6.9350 ±    0.1335      -0.00382 ±    0.00246       0.02946 ±    0.00353     3.845 ±  0.183 %    94.763 ±  0.160 %
  20       6.7177 ±    0.1252      -0.00577 ±    0.00245       0.03129 ±    0.00359     4.065 ±  0.187 %    94.775 ±  0.156 %
  21       6.7247 ±    0.1221      -0.00536 ±    0.00235       0.03029 ±    0.00342     4.023 ±  0.180 %    94.796 ±  0.152 %
  22       6.7163 ±    0.1189      -0.00584 ±    0.00225       0.02928 ±    0.00327     3.979 ±  0.174 %    94.832 ±  0.148 %
  23       6.7085 ±    0.1156      -0.00579 ±    0.00216       0.02832 ±    0.00312     3.939 ±  0.168 %    94.938 ±  0.143 %
  24       6.7621 ±    0.1143      -0.00535 ±    0.00214       0.02902 ±    0.00311     3.949 ±  0.163 %    94.897 ±  0.140 %
  25       6.7733 ±    0.1119      -0.00603 ±    0.00206       0.02832 ±    0.00299     3.953 ±  0.159 %    94.882 ±  0.138 %
  26       6.7118 ±    0.1082      -0.00617 ±    0.00199       0.02748 ±    0.00287     3.915 ±  0.154 %    94.947 ±  0.134 %
  27       6.8985 ±    0.1102      -0.00499 ±    0.00196       0.02715 ±    0.00278     3.895 ±  0.150 %    94.845 ±  0.133 %
  28       6.9435 ±    0.1088      -0.00505 ±    0.00190       0.02641 ±    0.00269     3.858 ±  0.146 %    94.830 ±  0.131 %
  29       6.8992 ±    0.1059      -0.00546 ±    0.00184       0.02572 ±    0.00259     3.824 ±  0.142 %    94.887 ±  0.128 %
  30       6.8206 ±    0.1025      -0.00545 ±    0.00178       0.02507 ±    0.00251     3.789 ±  0.139 %    94.923 ±  0.125 %
  31       6.7098 ±    0.0987      -0.00554 ±    0.00173       0.02446 ±    0.00243     3.763 ±  0.135 %    94.945 ±  0.123 %
  32       6.5689 ±    0.0946      -0.00584 ±    0.00169       0.02399 ±    0.00235     3.772 ±  0.136 %    95.002 ±  0.120 %

====== Perplexity statistics ======
Mean PPL(Q)                   :   6.568854 ±   0.094583
Mean PPL(base)                :   6.607356 ±   0.094851
Cor(ln(PPL(Q)), ln(PPL(base))):  99.31%
Mean ln(PPL(Q)/PPL(base))     :  -0.005844 ±   0.001692
Mean PPL(Q)/PPL(base)         :   0.994173 ±   0.001682
Mean PPL(Q)-PPL(base)         :  -0.038502 ±   0.011147

====== KL divergence statistics ======
Mean    KLD:   0.023987 ±   0.002352
Maximum KLD:  23.703991
99.9%   KLD:   4.913658
99.0%   KLD:   0.069814
95.0%   KLD:   0.024563
90.0%   KLD:   0.017338
Median  KLD:   0.004962
10.0%   KLD:   0.000045
 5.0%   KLD:   0.000009
 1.0%   KLD:   0.000000
 0.1%   KLD:  -0.000006
Minimum KLD:  -0.000055

====== Token probability statistics ======
Mean    Δp:  0.013 ± 0.021 %
Maximum Δp: 98.895%
99.9%   Δp: 28.684%
99.0%   Δp:  9.163%
95.0%   Δp:  4.640%
90.0%   Δp:  2.728%
75.0%   Δp:  0.523%
Median  Δp:  0.002%
25.0%   Δp: -0.473%
10.0%   Δp: -2.766%
 5.0%   Δp: -4.791%
 1.0%   Δp: -9.311%
 0.1%   Δp: -22.291%
Minimum Δp: -99.456%
RMS Δp    :  3.772 ± 0.136 %
Same top p: 95.002 ± 0.120 %

