### RDNA4 DECODE BENCH  2026-08-17T18:34:15-04:00
### gpu: GPU[0]		: Card Series: 		AMD Radeon RX 9070 XT
### power cap: 

############ fca3093c9 ############
fca3093c9  D128   f16      tg128 = 74.39 ± 0.27 t/s
fca3093c9  D128   turbo2   tg128 = 72.95 ± 0.26 t/s
fca3093c9  D128   turbo3   tg128 = 72.67 ± 0.22 t/s
fca3093c9  D128   turbo4   tg128 = 71.81 ± 0.29 t/s
fca3093c9  D256   f16      tg128 = 56.59 ± 1.19 t/s
fca3093c9  D256   turbo2   tg128 = 56.04 ± 1.37 t/s
fca3093c9  D256   turbo3   tg128 = 56.27 ± 0.16 t/s
fca3093c9  D256   turbo4   tg128 = 55.65 ± 0.19 t/s

############ f6124e914 ############
f6124e914  D128   f16      tg128 = 73.55 ± 1.35 t/s
f6124e914  D128   turbo2   tg128 = 72.71 ± 0.36 t/s
f6124e914  D128   turbo3   tg128 = 72.00 ± 1.74 t/s
f6124e914  D128   turbo4   tg128 = 72.50 ± 0.19 t/s
f6124e914  D256   f16      tg128 = 56.98 ± 0.24 t/s
f6124e914  D256   turbo2   tg128 = 56.59 ± 0.21 t/s
f6124e914  D256   turbo3   tg128 = 56.42 ± 0.24 t/s
f6124e914  D256   turbo4   tg128 = 56.43 ± 0.19 t/s

### BENCH DONE 2026-08-17T18:41:24-04:00
