### RDNA4 DECODE BENCH  2026-08-17T18:30:09-04:00
### gpu: GPU[0]		: Card Series: 		AMD Radeon RX 9070 XT
### power cap: 

############ fca3093c9 ############
fca3093c9  D128   f16      tg128 = 74.11 ± 0.34 t/s
fca3093c9  D128   turbo2   tg128 = 72.63 ± 0.22 t/s
fca3093c9  D128   turbo3   tg128 = 72.23 ± 0.23 t/s
fca3093c9  D128   turbo4   tg128 = 71.60 ± 0.20 t/s
fca3093c9  D256   f16      tg128 = 54.44 ± 3.34 t/s
fca3093c9  D256   turbo2   tg128 = 56.42 ± 0.21 t/s
fca3093c9  D256   turbo3   tg128 = 56.52 ± 0.12 t/s
fca3093c9  D256   turbo4   tg128 = 55.76 ± 0.15 t/s

############ f6124e914 ############
f6124e914  D128   f16      tg128 = 73.25 ± 1.48 t/s
f6124e914  D128   turbo2   tg128 = 72.93 ± 0.18 t/s
f6124e914  D128   turbo3   tg128 = 72.79 ± 0.18 t/s
f6124e914  D128   turbo4   tg128 = 72.29 ± 0.19 t/s
f6124e914  D256   f16      tg128 = 56.09 ± 0.28 t/s
f6124e914  D256   turbo2   tg128 = 54.97 ± 3.28 t/s
f6124e914  D256   turbo3   tg128 = 56.19 ± 0.25 t/s
f6124e914  D256   turbo4   tg128 = 56.29 ± 0.21 t/s

### BENCH DONE 2026-08-17T18:33:51-04:00
