######## struct-big rep=1 2026-09-07T18:48:18-04:00
per-item results -> sparkstruct_rep1.jsonl
reasoning_effort = unset -> template default xhigh
  template injects -> xhigh: 'validate key assumptions, consider plausible alternatives...'
=== TIER STRUCT (tool calling / JSON)
    TS-01  PASS               ok
    TS-02  PASS               ok
    TS-03  TRUNCATED          unparseable
    TS-04  PASS               ok
    TS-05  TRUNCATED          unparseable
    TS-06  TRUNCATED          unparseable
    -> 3/6   (3 truncated -> VOID)
TIER STRUCT VOID (truncation)  (3/6, gate >=5/6)
######## struct-big rep=2 2026-09-07T18:52:48-04:00
per-item results -> sparkstruct_rep2.jsonl
reasoning_effort = unset -> template default xhigh
  template injects -> xhigh: 'validate key assumptions, consider plausible alternatives.per-item results -> sparkstruct_rep3.jsonl
reasoning_effort = unset -> template default xhigh
  template injects -> xhigh: 'validate key assumptions, consider plausible alternatives...'
=== TIER STRUCT (tool calling / JSON)
    TS-01  PASS               ok
    TS-02  PASS               ok
######## STRUCT BIG DONE 2026-09-07T19:08:57-04:00
te >=5/6)
######## struct-big rep=3 2026-09-07T18:57:22-04:00
per-item results -> sparkstruct_rep3.jsonl
reasoning_effort = unset -> template default xhigh
  template injects -> xhigh: 'validate key assumptions, consider plausible alternatives...'
=== TIER STRUCT (tool calling / JSON)
    TS-01  PASS               ok
    TS-02  PASS               ok
    TS-03  TRUNCATED          unparseable
    TS-04  TRUNCATED          unparseable
    TS-05  PASS               ok
    TS-06  PASS               ok
    -> 4/6   (2 truncated -> VOID)
TIER STRUCT VOID (truncation)  (4/6, gate >=5/6)
######## STRUCT BIG DONE 2026-09-07T19:04:48-04:00
