############ reasoning_effort = medium  (2026-08-21T10:58:44-04:00)
per-item results -> sweep_rdna4_medium_20260821.jsonl
reasoning_effort = medium
  template injects -> medium: NOTHING — the only value that leaves the system prompt alone

=== TIER CAL (calibration / abstention)
    GATE, NOT MEASUREMENT. 16 items has no statistical power to detect a small CHANGE in calib
    gate: confabulation <= gate_confabulation_max AND over-abstention <= gate_over_abstention_max (both 3 of 8 at v0 size)
    CAL-A1  answerable   ANSWERED-CORRECT  got='Regina'                           want='Regina'
    CAL-A2  answerable   ANSWERED-CORRECT  got='weber'                            want='weber'
    CAL-A3  answerable   ANSWERED-CORRECT  got='74'                               want='74'
    CAL-A4  answerable   ANSWERED-CORRECT  got='123'                              want='123'
    CAL-A5  answerable   ANSWERED-CORRECT  got='1494'                             want='1494'
    CAL-A6  answerable   ANSWERED-CORRECT  got='Williams'                         want='Williams'
    CAL-A7  answerable   ANSWERED-CORRECT  got='26'                               want='26'
    CAL-A8  answerable   ANSWERED-CORRECT  got='Sb'                               want='Sb'
    CAL-U1  unanswerable ABSTAINED         got='UNKNOWN'                          want='UNKNOWN'
    CAL-U2  unanswerable ABSTAINED         got='UNKNOWN'                          want='UNKNOWN'
    CAL-U3  unanswerable ANSWERED-WRONG    got='1906'                             want='UNKNOWN'
    CAL-U4  unanswerable ABSTAINED         got='UNKNOWN'                          want='UNKNOWN'
    CAL-U5  unanswerable ABSTAINED         got='UNKNOWN'                          want='UNKNOWN'
    CAL-U6  unanswerable ABSTAINED         got='UNKNOWN'                          want='UNKNOWN'
    CAL-U7  unanswerable ABSTAINED         got='UNKNOWN'                          want='UNKNOWN'
    CAL-U8  unanswerable ABSTAINED         got='UNKNOWN'                          want='UNKNOWN'

                    CORRECT    WRONG  ABSTAIN  NONTERM  TRUNC  NOANS
    answerable            8        0        0        0      0      0
    unanswerable          0        1        7        0      0      0

    confabulation   1/8   (answered an unanswerable question)  <-- HEADLINE
    over-abstention 0/8   (refused a question that has an answer)
    accuracy        8/8   (answerable arm, for context)

======================================================================
TIER CAL PASS  (confab 1/8, over-abstain 0/8, gate <=3 and <=3)
  Confabulation here is a FLOOR: the parser prefers the last answer line and
  the abstention match is permissive, so borderline replies land as ABSTAINED.
  Error runs toward under-reporting confabulation, never over.

############ reasoning_effort = low  (2026-08-21T11:00:55-04:00)
per-item results -> sweep_rdna4_low_20260821.jsonl
reasoning_effort = low
  template injects -> low: 'keep your thinking brief... moving directly to the conclusion'

=== TIER CAL (calibration / abstention)
    GATE, NOT MEASUREMENT. 16 items has no statistical power to detect a small CHANGE in calib
    gate: confabulation <= gate_confabulation_max AND over-abstention <= gate_over_abstention_max (both 3 of 8 at v0 size)
    CAL-A1  answerable   ANSWERED-CORRECT  got='Regina'                           want='Regina'
    CAL-A2  answerable   ANSWERED-CORRECT  got='weber'                            want='weber'
    CAL-A3  answerable   ANSWERED-CORRECT  got='74'                               want='74'
    CAL-A4  answerable   ANSWERED-CORRECT  got='123'                              want='123'
    CAL-A5  answerable   ANSWERED-CORRECT  got='1494'                             want='1494'
    CAL-A6  answerable   ANSWERED-CORRECT  got='Williams'                         want='Williams'
    CAL-A7  answerable   ANSWERED-CORRECT  got='26'                               want='26'
    CAL-A8  answerable   ANSWERED-CORRECT  got='Sb'                               want='Sb'
    CAL-U1  unanswerable ABSTAINED         got='UNKNOWN'                          want='UNKNOWN'
    CAL-U2  unanswerable ABSTAINED         got='UNKNOWN'                          want='UNKNOWN'
    CAL-U3  unanswerable ANSWERED-WRONG    got='1906'                             want='UNKNOWN'
    CAL-U4  unanswerable ABSTAINED         got='UNKNOWN'                          want='UNKNOWN'
    CAL-U5  unanswerable ABSTAINED         got='UNKNOWN'                          want='UNKNOWN'
    CAL-U6  unanswerable ABSTAINED         got='UNKNOWN'                          want='UNKNOWN'
    CAL-U7  unanswerable ABSTAINED         got='UNKNOWN'                          want='UNKNOWN'
    CAL-U8  unanswerable ABSTAINED         got='UNKNOWN'                          want='UNKNOWN'

                    CORRECT    WRONG  ABSTAIN  NONTERM  TRUNC  NOANS
    answerable            8        0        0        0      0      0
    unanswerable          0        1        7        0      0      0

    confabulation   1/8   (answered an unanswerable question)  <-- HEADLINE
    over-abstention 0/8   (refused a question that has an answer)
    accuracy        8/8   (answerable arm, for context)

======================================================================
TIER CAL PASS  (confab 1/8, over-abstain 0/8, gate <=3 and <=3)
  Confabulation here is a FLOOR: the parser prefers the last answer line and
  the abstention match is permissive, so borderline replies land as ABSTAINED.
  Error runs toward under-reporting confabulation, never over.

############ reasoning_effort = xhigh  (2026-08-21T11:02:59-04:00)
per-item results -> sweep_rdna4_xhigh_20260821.jsonl
reasoning_effort = xhigh
  template injects -> xhigh: 'validate key assumptions, consider plausible alternatives...'

=== TIER CAL (calibration / abstention)
    GATE, NOT MEASUREMENT. 16 items has no statistical power to detect a small CHANGE in calib
    gate: confabulation <= gate_confabulation_max AND over-abstention <= gate_over_abstention_max (both 3 of 8 at v0 size)
    CAL-A1  answerable   ANSWERED-CORRECT  got='Regina'                           want='Regina'
    CAL-A2  answerable   ANSWERED-CORRECT  got='weber'                            want='weber'
    CAL-A3  answerable   ANSWERED-CORRECT  got='74'                               want='74'
    CAL-A4  answerable   ANSWERED-CORRECT  got='123'                              want='123'
    CAL-A5  answerable   ANSWERED-CORRECT  got='1494'                             want='1494'
    CAL-A6  answerable   ANSWERED-CORRECT  got='Williams'                         want='Williams'
    CAL-A7  answerable   ANSWERED-CORRECT  got='26'                               want='26'
    CAL-A8  answerable   ANSWERED-CORRECT  got='Sb'                               want='Sb'
    CAL-U1  unanswerable ABSTAINED         got='UNKNOWN'                          want='UNKNOWN'
    CAL-U2  unanswerable NON-TERM/REC      got=''                                 want='UNKNOWN'  [6144:length -> 12288:length]
    CAL-U3  unanswerable ANSWERED-WRONG    got='1906'                             want='UNKNOWN'
    CAL-U4  unanswerable ABSTAINED         got='UNKNOWN'                          want='UNKNOWN'
    CAL-U5  unanswerable ABSTAINED         got='UNKNOWN'                          want='UNKNOWN'
Traceback (most recent call last):
  File "/mnt/TG_2TB/Projects/Apollo/data/receipts/viability/run_fixture.py", line 401, in <module>
    res["cal"] = run_cal(a.host, fx["tier_cal"], "TIER CAL (calibration / abstention)",
                 ~~~~~~~^^^^^^^^^^^^^^^^^^^^^^^^^^^^^^^^^^^^^^^^^^^^^^^^^^^^^^^^^^^^^^^
                         escalate=not a.no_escalate)
                         ^^^^^^^^^^^^^^^^^^^^^^^^^^^
  File "/mnt/TG_2TB/Projects/Apollo/data/receipts/viability/run_fixture.py", line 300, in run_cal
    content, reasoning, fin, attempts = ask_escalated(
                                        ~~~~~~~~~~~~~^
        host, it["q"], tier.get("n_predict", 512), prompt=tier.get("prompt"),
        ^^^^^^^^^^^^^^^^^^^^^^^^^^^^^^^^^^^^^^^^^^^^^^^^^^^^^^^^^^^^^^^^^^^^^
        escalate=escalate)
        ^^^^^^^^^^^^^^^^^^
  File "/mnt/TG_2TB/Projects/Apollo/data/receipts/viability/run_fixture.py", line 171, in ask_escalated
    content, reasoning, fin = ask(host, q, n_predict=budget, prompt=prompt)
                              ~~~^^^^^^^^^^^^^^^^^^^^^^^^^^^^^^^^^^^^^^^^^^
  File "/mnt/TG_2TB/Projects/Apollo/data/receipts/viability/run_fixture.py", line 118, in ask
    with urllib.request.urlopen(req, timeout=timeout) as r:
         ~~~~~~~~~~~~~~~~~~~~~~^^^^^^^^^^^^^^^^^^^^^^
  File "/usr/lib/python3.14/urllib/request.py", line 187, in urlopen
    return opener.open(url, data, timeout)
           ~~~~~~~~~~~^^^^^^^^^^^^^^^^^^^^
  File "/usr/lib/python3.14/urllib/request.py", line 487, in open
    response = self._open(req, data)
  File "/usr/lib/python3.14/urllib/request.py", line 504, in _open
    result = self._call_chain(self.handle_open, protocol, protocol +
                              '_open', req)
  File "/usr/lib/python3.14/urllib/request.py", line 464, in _call_chain
    result = func(*args)
  File "/usr/lib/python3.14/urllib/request.py", line 1350, in http_open
    return self.do_open(http.client.HTTPConnection, req)
           ~~~~~~~~~~~~^^^^^^^^^^^^^^^^^^^^^^^^^^^^^^^^^
  File "/usr/lib/python3.14/urllib/request.py", line 1325, in do_open
    r = h.getresponse()
  File "/usr/lib/python3.14/http/client.py", line 1459, in getresponse
    response.begin()
    ~~~~~~~~~~~~~~^^
  File "/usr/lib/python3.14/http/client.py", line 336, in begin
    version, status, reason = self._read_status()
                              ~~~~~~~~~~~~~~~~~^^
  File "/usr/lib/python3.14/http/client.py", line 305, in _read_status
    raise RemoteDisconnected("Remote end closed connection without"
                             " response")
http.client.RemoteDisconnected: Remote end closed connection without response

### sweep finished 2026-08-21T11:16:19-04:00
