19:43:41 gate pre test_base try1 servers=0 apps=0 app_clk,max_clk,temp=1328,1328,39
19:43:52 leg test_base rc=0 env=unset
19:43:52 gate post test_base try1 servers=0 apps=0 app_clk,max_clk,temp=1328,1328,38
19:43:52 gate pre test_tune_R4 try1 servers=0 apps=0 app_clk,max_clk,temp=1328,1328,38
19:44:02 leg test_tune_R4 rc=0 env=4,4096
19:44:02 gate post test_tune_R4 try1 servers=0 apps=0 app_clk,max_clk,temp=1328,1328,37
19:44:02 gate pre perf_base_r1 try1 servers=0 apps=0 app_clk,max_clk,temp=1328,1328,37
19:44:39 leg perf_base_r1 rc=0 env=unset
19:44:39 gate post perf_base_r1 try1 servers=0 apps=0 app_clk,max_clk,temp=1328,1328,45
19:44:39 gate pre perf_unset_r1 try1 servers=0 apps=0 app_clk,max_clk,temp=1328,1328,45
19:45:16 leg perf_unset_r1 rc=0 env=unset
19:45:16 gate post perf_unset_r1 try1 servers=0 apps=0 app_clk,max_clk,temp=1328,1328,47
19:45:16 gate pre perf_R1_r1 try1 servers=0 apps=0 app_clk,max_clk,temp=1328,1328,47
19:45:50 leg perf_R1_r1 rc=0 env=1,4096
19:45:50 gate post perf_R1_r1 try1 servers=0 apps=0 app_clk,max_clk,temp=1328,1328,48
19:45:50 gate pre perf_R2_r1 try1 servers=0 apps=0 app_clk,max_clk,temp=1328,1328,48
19:46:23 leg perf_R2_r1 rc=0 env=2,4096
19:46:23 gate post perf_R2_r1 try1 servers=0 apps=0 app_clk,max_clk,temp=1328,1328,49
19:46:23 gate pre perf_R4_r1 try1 servers=0 apps=0 app_clk,max_clk,temp=1328,1328,49
19:46:57 leg perf_R4_r1 rc=0 env=4,4096
19:46:57 gate post perf_R4_r1 try1 servers=0 apps=0 app_clk,max_clk,temp=1328,1328,49
19:46:57 gate pre perf_R8_r1 try1 servers=0 apps=0 app_clk,max_clk,temp=1328,1328,49
19:47:31 leg perf_R8_r1 rc=0 env=8,4096
19:47:31 gate post perf_R8_r1 try1 servers=0 apps=0 app_clk,max_clk,temp=1328,1328,49
19:47:31 gate pre perf_base_r2 try1 servers=0 apps=0 app_clk,max_clk,temp=1328,1328,49
19:48:08 leg perf_base_r2 rc=0 env=unset
19:48:08 gate post perf_base_r2 try1 servers=0 apps=0 app_clk,max_clk,temp=1328,1328,49
19:48:08 gate pre perf_unset_r2 try1 servers=0 apps=0 app_clk,max_clk,temp=1328,1328,49
19:48:46 leg perf_unset_r2 rc=0 env=unset
19:48:46 gate post perf_unset_r2 try1 servers=0 apps=0 app_clk,max_clk,temp=1328,1328,49
19:48:46 gate pre perf_R1_r2 try1 servers=0 apps=0 app_clk,max_clk,temp=1328,1328,49
19:49:19 leg perf_R1_r2 rc=0 env=1,4096
19:49:19 gate post perf_R1_r2 try1 servers=0 apps=0 app_clk,max_clk,temp=1328,1328,49
19:49:19 gate pre perf_R2_r2 try1 servers=0 apps=0 app_clk,max_clk,temp=1328,1328,49
19:49:53 leg perf_R2_r2 rc=0 env=2,4096
19:49:53 gate post perf_R2_r2 try1 servers=0 apps=0 app_clk,max_clk,temp=1328,1328,49
19:49:53 gate pre perf_R4_r2 try1 servers=0 apps=0 app_clk,max_clk,temp=1328,1328,49
19:50:27 leg perf_R4_r2 rc=0 env=4,4096
19:50:27 gate post perf_R4_r2 try1 servers=0 apps=0 app_clk,max_clk,temp=1328,1328,49
19:50:27 gate pre perf_R8_r2 try1 servers=0 apps=0 app_clk,max_clk,temp=1328,1328,49
19:51:01 leg perf_R8_r2 rc=0 env=8,4096
19:51:01 gate post perf_R8_r2 try1 servers=0 apps=0 app_clk,max_clk,temp=1328,1328,49
19:51:01 gate pre perf_base_r3 try1 servers=0 apps=0 app_clk,max_clk,temp=1328,1328,49
19:51:38 leg perf_base_r3 rc=0 env=unset
19:51:38 gate post perf_base_r3 try1 servers=0 apps=0 app_clk,max_clk,temp=1328,1328,49
19:51:38 gate pre perf_unset_r3 try1 servers=0 apps=0 app_clk,max_clk,temp=1328,1328,49
19:52:15 leg perf_unset_r3 rc=0 env=unset
19:52:15 gate post perf_unset_r3 try1 servers=0 apps=0 app_clk,max_clk,temp=1328,1328,49
19:52:15 gate pre perf_R1_r3 try1 servers=0 apps=0 app_clk,max_clk,temp=1328,1328,49
19:52:48 leg perf_R1_r3 rc=0 env=1,4096
19:52:49 gate post perf_R1_r3 try1 servers=0 apps=0 app_clk,max_clk,temp=1328,1328,49
19:52:49 gate pre perf_R2_r3 try1 servers=0 apps=0 app_clk,max_clk,temp=1328,1328,49
19:53:22 leg perf_R2_r3 rc=0 env=2,4096
19:53:22 gate post perf_R2_r3 try1 servers=0 apps=0 app_clk,max_clk,temp=1328,1328,50
19:53:22 gate pre perf_R4_r3 try1 servers=0 apps=0 app_clk,max_clk,temp=1328,1328,49
19:53:56 leg perf_R4_r3 rc=0 env=4,4096
19:53:56 gate post perf_R4_r3 try1 servers=0 apps=0 app_clk,max_clk,temp=1328,1328,50
19:53:56 gate pre perf_R8_r3 try1 servers=0 apps=0 app_clk,max_clk,temp=1328,1328,50
19:54:30 leg perf_R8_r3 rc=0 env=8,4096
19:54:30 gate post perf_R8_r3 try1 servers=0 apps=0 app_clk,max_clk,temp=1328,1328,50
