2026-10-02 15:05:21 == glm-numa start; cfg: 150.00 W, 1063 MHz 
2026-10-02 15:10:05 M: up in 281 s; pid 3519731; n_threads = 20; VRAM 14797 14743 15217 15181 ; numa_maps pages: N0=2693444 N1=12889849 
{"arm": "M", "pass": 1, "prompt": 0, "wall_s": 60.89, "tps": 4.402935024893627, "pp_tps": 5.801165498773053, "n": 249}
{"arm": "M", "pass": 1, "prompt": 1, "wall_s": 62.1, "tps": 4.392535659078185, "pp_tps": 6.31469150292241, "n": 256}
{"arm": "M", "pass": 1, "prompt": 2, "wall_s": 60.53, "tps": 4.428806823592513, "pp_tps": 7.079369432698663, "n": 250}
{"arm": "M", "pass": 2, "prompt": 0, "wall_s": 60.81, "tps": 4.392591009659184, "pp_tps": 6.85073719201984, "n": 249}
{"arm": "M", "pass": 2, "prompt": 1, "wall_s": 61.72, "tps": 4.381001359811281, "pp_tps": 6.33500788708482, "n": 256}
{"arm": "M", "pass": 2, "prompt": 2, "wall_s": 60.51, "tps": 4.397264872993481, "pp_tps": 7.020399460729315, "n": 250}
2026-10-02 15:16:12 M: tps [(1, 4.4), (1, 4.39), (1, 4.43), (2, 4.39), (2, 4.38), (2, 4.4)]
2026-10-02 15:16:22 B1: server died: error: invalid argument: --no-mmap
2026-10-02 15:16:22 B1: no server
2026-10-02 15:16:29 D: server died: error: invalid argument: --no-mmap
2026-10-02 15:16:29 D: no server
2026-10-02 15:16:57 == glm-numa start; cfg: 150.00 W, 1063 MHz 
2026-10-02 15:16:57 M done, skipped
2026-10-02 15:22:13 B1: up in 313 s; pid 3678085; n_threads = 20; VRAM 14909 14855 15329 15293 ; numa_maps pages: N0=14994330 N1=7916 
{"arm": "B1", "pass": 1, "prompt": 0, "wall_s": 60.92, "tps": 4.382368663547728, "pp_tps": 6.117398044738414, "n": 249}
{"arm": "B1", "pass": 1, "prompt": 1, "wall_s": 62.25, "tps": 4.385368354346156, "pp_tps": 6.247243758648528, "n": 256}
{"arm": "B1", "pass": 1, "prompt": 2, "wall_s": 60.87, "tps": 4.402565730438963, "pp_tps": 7.169174461594998, "n": 250}
{"arm": "B1", "pass": 2, "prompt": 0, "wall_s": 60.93, "tps": 4.386629997505811, "pp_tps": 6.762964342530617, "n": 249}
{"arm": "B1", "pass": 2, "prompt": 1, "wall_s": 61.44, "tps": 4.398956967626109, "pp_tps": 6.4140708387476355, "n": 256}
{"arm": "B1", "pass": 2, "prompt": 2, "wall_s": 59.61, "tps": 4.474868196710965, "pp_tps": 6.875288380151501, "n": 250}
2026-10-02 15:28:19 B1: tps [(1, 4.38), (1, 4.39), (1, 4.4), (2, 4.39), (2, 4.4), (2, 4.47)]
2026-10-02 15:33:52 D: up in 316 s; pid 3835809; n_threads = 20; VRAM 14909 14855 15329 15293 ; numa_maps pages: N0=3558795 N1=11382146 
{"arm": "D", "pass": 1, "prompt": 0, "wall_s": 57.92, "tps": 4.656531513030073, "pp_tps": 5.724069469948966, "n": 249}
{"arm": "D", "pass": 1, "prompt": 1, "wall_s": 59.28, "tps": 4.6479471657820675, "pp_tps": 5.830273323213393, "n": 256}
{"arm": "D", "pass": 1, "prompt": 2, "wall_s": 58.52, "tps": 4.6718499184161795, "pp_tps": 5.84281781358295, "n": 250}
{"arm": "D", "pass": 2, "prompt": 0, "wall_s": 58.32, "tps": 4.650466703399102, "pp_tps": 6.1120383647946595, "n": 249}
{"arm": "D", "pass": 2, "prompt": 1, "wall_s": 58.48, "tps": 4.679512914455512, "pp_tps": 5.574671328781192, "n": 256}
{"arm": "D", "pass": 2, "prompt": 2, "wall_s": 57.42, "tps": 4.679045567157731, "pp_tps": 6.479857961513484, "n": 250}
2026-10-02 15:39:42 D: tps [(1, 4.66), (1, 4.65), (1, 4.67), (2, 4.65), (2, 4.68), (2, 4.68)]
2026-10-02 15:45:41 I: up in 341 s; pid 3990529; n_threads = 20; VRAM 14909 14855 15329 15293 ; numa_maps pages: N0=7501382 N1=7500731 
{"arm": "I", "pass": 1, "prompt": 0, "wall_s": 64.89, "tps": 4.207056244372426, "pp_tps": 4.427546354281701, "n": 249}
{"arm": "I", "pass": 1, "prompt": 1, "wall_s": 66.39, "tps": 4.180862813676406, "pp_tps": 4.648182254381069, "n": 256}
{"arm": "I", "pass": 1, "prompt": 2, "wall_s": 60.05, "tps": 4.5611975044864135, "pp_tps": 5.405752802132029, "n": 250}
{"arm": "I", "pass": 2, "prompt": 0, "wall_s": 64.06, "tps": 4.226801799110916, "pp_tps": 5.282981910053983, "n": 249}
{"arm": "I", "pass": 2, "prompt": 1, "wall_s": 63.23, "tps": 4.362686221902954, "pp_tps": 4.662349472338598, "n": 256}
{"arm": "I", "pass": 2, "prompt": 2, "wall_s": 60.33, "tps": 4.505049481998013, "pp_tps": 5.377637631672453, "n": 250}
2026-10-02 15:52:00 I: tps [(1, 4.21), (1, 4.18), (1, 4.56), (2, 4.23), (2, 4.36), (2, 4.51)]
2026-10-02 15:57:46 B2: up in 329 s; pid 4156483; n_threads = 20; VRAM 14909 14855 15329 15293 ; numa_maps pages: N0=3571142 N1=11370549 
{"arm": "B2", "pass": 1, "prompt": 0, "wall_s": 68.36, "tps": 4.002693748333051, "pp_tps": 4.157143875871522, "n": 249}
{"arm": "B2", "pass": 1, "prompt": 1, "wall_s": 63.08, "tps": 4.370426295322799, "pp_tps": 5.665434949604668, "n": 256}
{"arm": "B2", "pass": 1, "prompt": 2, "wall_s": 61.56, "tps": 4.362961992117932, "pp_tps": 6.859559164078877, "n": 250}
{"arm": "B2", "pass": 2, "prompt": 0, "wall_s": 60.57, "tps": 4.405181566396949, "pp_tps": 6.987795278024216, "n": 249}
{"arm": "B2", "pass": 2, "prompt": 1, "wall_s": 61.98, "tps": 4.360787328352357, "pp_tps": 6.3375755719878, "n": 256}
{"arm": "B2", "pass": 2, "prompt": 2, "wall_s": 60.81, "tps": 4.372726807676043, "pp_tps": 7.050933857017506, "n": 250}
2026-10-02 16:04:03 B2: tps [(1, 4.0), (1, 4.37), (1, 4.36), (2, 4.41), (2, 4.36), (2, 4.37)]
2026-10-02 16:04:19 == glm-numa done
