=== 2026-09-03T17:09:48-04:00 stock HA-05 ===
[FAIL] HA-05 score=0 Hermes failed to repair the real failing test.
note: Pinned Hermes ea74f61d983e
{
  "scenarioId": "HA-05",
  "status": "fail",
  "score": 0,
  "summary": "Hermes failed to repair the real failing test.",
  "note": "Pinned Hermes ea74f61d983e",
  "rawLog": "scenario=HA-05\nrun_dir=/tmp/hermesagent20-runs/dev-1788469789588-6660ce2b/openrouter_Qwen3.8-27B-GSQ-RCO-IQ3_XXS/HA-05\nworkspace=/tmp/hermesagent20-runs/dev-1788469789588-6660ce2b/openrouter_Qwen3.8-27B-GSQ-RCO-IQ3_XXS/HA-05/workspace\nhermes_home=/tmp/hermesagent20-runs/dev-1788469789588-6660ce2b/openrouter_Qwen3.8-27B-GSQ-RCO-IQ3_XXS/HA-05/hermes-home\nhermes_source=/opt/hermes-agent\nhermes_revision=ea74f61d983ebdfd6a863c45761d1b38081f1d08\nhermes_bin=/opt/hermes-venv/bin/hermes\nagent_exit_code=0\nsession_id=f61c5b71-ea8f-4e30-a138-27a8e033d733\ntool_events=0\npytest_exit=1\npytest_stdout=F                                                                        [100%]\n=================================== FAILURES ===================================\n________________________ test_apply_discount_percentage ________________________\n\n    def test_apply_discount_percentage():\n>       assert apply_discount(100, 0.15) == 85.0\nE       assert 99.85 == 85.0\nE        +  where 99.85 = apply_discount(100, 0.15)\n\ntest_calculator.py:4: AssertionError\n=========================== short test summary info ============================\nFAILED test_calculator.py::test_apply_discount_percentage - assert 99.85 == 85.0\n1 failed in 0.02s",
  "output": {
    "finalAnswer": "API call failed after 3 retries: Connection error."
  },
  "verifier": {
    "status": "fail",
    "summary": "The seeded test still fails after Hermes finished.",
    "details": {
      "outcomeSatisfied": false,
      "outcomeScore": 0,
      "nativeUseScore": 0,
      "safetyScore": 0,
      "pytestExitCode": 1,
      "pytestCommandCount": 0
    }
  },
  "timings": {
    "startedAt": "2026-09-03T21:09:49.594Z",
    "completedAt": "2026-09-03T21:10:23.309Z",
    "durationMs": 33715
  }
}

completed=1 pass=0 partial=0 fail=1 averageScore=0
