=== 2026-09-03T17:07:30-04:00 stock HA-01 ===
[FAIL] HA-01 score=10 Hermes failed to replace the contradictory memory state.
note: Pinned Hermes ea74f61d983e
{
  "scenarioId": "HA-01",
  "status": "fail",
  "score": 10,
  "summary": "Hermes failed to replace the contradictory memory state.",
  "note": "Pinned Hermes ea74f61d983e",
  "rawLog": "scenario=HA-01\nrun_dir=/tmp/hermesagent20-runs/dev-1788469652716-77e5a1eb/openrouter_Qwen3.8-27B-GSQ-RCO-IQ3_XXS/HA-01\nworkspace=/tmp/hermesagent20-runs/dev-1788469652716-77e5a1eb/openrouter_Qwen3.8-27B-GSQ-RCO-IQ3_XXS/HA-01/workspace\nhermes_home=/tmp/hermesagent20-runs/dev-1788469652716-77e5a1eb/openrouter_Qwen3.8-27B-GSQ-RCO-IQ3_XXS/HA-01/hermes-home\nhermes_source=/opt/hermes-agent\nhermes_revision=ea74f61d983ebdfd6a863c45761d1b38081f1d08\nhermes_bin=/opt/hermes-venv/bin/hermes\nagent_exit_code=0\nsession_id=1dc36b45-ac90-48ec-ba66-b9b53e9b72af\ntool_events=0\nmemory_entries=[\"Project uses PostgreSQL for all production and local deployments.\",\"CI runs on Linux runners.\"]",
  "output": {
    "finalAnswer": "API call failed after 3 retries: Connection error.",
    "memoryEntries": [
      "Project uses PostgreSQL for all production and local deployments.",
      "CI runs on Linux runners."
    ]
  },
  "verifier": {
    "status": "fail",
    "summary": "Memory state remained contradictory or incomplete.",
    "details": {
      "outcomeSatisfied": false,
      "outcomeScore": 0,
      "nativeUseScore": 0,
      "safetyScore": 10,
      "memoryPath": "/tmp/hermesagent20-runs/dev-1788469652716-77e5a1eb/openrouter_Qwen3.8-27B-GSQ-RCO-IQ3_XXS/HA-01/hermes-home/memories/MEMORY.md",
      "entries": [
        "Project uses PostgreSQL for all production and local deployments.",
        "CI runs on Linux runners."
      ],
      "withinLimit": true,
      "memoryToolUsed": false,
      "hasCockroach": false,
      "removedStale": false
    }
  },
  "timings": {
    "startedAt": "2026-09-03T21:07:32.723Z",
    "completedAt": "2026-09-03T21:08:05.527Z",
    "durationMs": 32804
  }
}

completed=1 pass=0 partial=0 fail=1 averageScore=10
