LONG-OK  CAL-U2 rep2 ABSTAINED        tokens   8470 probes   116    419s
LONG-OK  CAL-U4 rep2 ANSWERED-WRONG   tokens  11294 probes   353   1825s
LOOP     CAL-U2 rep3 NO-STOP/REC      tokens  12288 probes   178    936s
LOOP     CAL-U5 rep2 NO-STOP/REC      tokens  12286 probes   173    903s
LOOP     CAL-U5 rep3 NO-STOP/REC      tokens  12288 probes   212   1023s
SHORT    CAL-A1 rep1 ANSWERED-CORRECT tokens     71 probes     1      1s
SHORT    CAL-A2 rep1 ANSWERED-CORRECT tokens     91 probes     1      0s
SHORT    CAL-A3 rep1 ANSWERED-CORRECT tokens     60 probes     1      0s
SHORT    CAL-A4 rep1 ANSWERED-CORRECT tokens    162 probes     2      1s
SHORT    CAL-A5 rep1 ANSWERED-CORRECT tokens     69 probes     1      0s
SHORT    CAL-A6 rep1 ANSWERED-CORRECT tokens    163 probes     2      1s
SHORT    CAL-A7 rep1 ANSWERED-CORRECT tokens    260 probes     2      1s
SHORT    CAL-A8 rep1 ANSWERED-CORRECT tokens    113 probes     2      1s
SHORT    CAL-U1 rep1 ABSTAINED        tokens    184 probes     5      3s
SHORT    CAL-U2 rep1 ABSTAINED        tokens   5838 probes   100    274s
SHORT    CAL-U3 rep1 ANSWERED-WRONG   tokens    213 probes     2      2s
SHORT    CAL-U4 rep1 ABSTAINED        tokens    366 probes     4      2s
SHORT    CAL-U5 rep1 ANSWERED-WRONG   tokens   2218 probes    16     20s
SHORT    CAL-U6 rep1 ABSTAINED        tokens   4210 probes   130    263s
SHORT    CAL-U7 rep1 ABSTAINED        tokens    804 probes    10      6s
SHORT    CAL-U8 rep1 ABSTAINED        tokens   3067 probes    78     89s
