LOOP_CAL-U2_rep3 @   79 Q6K 'Need' 0.67 | Bonsai 'Need' 0.92
LOOP_CAL-U2_rep3 @  720 Q6K 'Maybe' 0.44 | Bonsai 'Maybe' 0.43
LOOP_CAL-U2_rep3 @ 1753 Q6K 'Let' 0.83 | Bonsai 'Let' 0.78
LOOP_CAL-U2_rep3 @ 2797 Q6K 'Let' 0.27 | Bonsai 'Let' 0.37
LOOP_CAL-U2_rep3 @ 3318 Q6K '-' 1.00 | Bonsai '-' 1.00
LOOP_CAL-U2_rep3 @ 3974 Q6K 'Maybe' 0.46 | Bonsai 'Maybe' 0.40
LOOP_CAL-U2_rep3 @ 4685 Q6K 'Maybe' 0.28 | Bonsai 'Maybe' 0.32
LOOP_CAL-U2_rep3 @ 5295 Q6K 'Let' 0.40 | Bonsai 'Let' 0.38
LOOP_CAL-U2_rep3 @ 5635 Q6K '-' 1.00 | Bonsai '-' 0.97
LOOP_CAL-U2_rep3 @ 6188 Q6K 'Let' 0.45 | Bonsai 'Let' 0.41
LOOP_CAL-U2_rep3 @ 7009 Q6K 'In' 0.59 | Bonsai 'In' 0.55
LOOP_CAL-U2_rep3 @ 7602 Q6K '-' 0.91 | Bonsai '-' 0.94
LOOP_CAL-U2_rep3 @ 7815 Q6K 'If' 0.39 | Bonsai 'If' 0.28
LOOP_CAL-U2_rep3 @ 8834 Q6K 'Let' 0.48 | Bonsai 'Let' 0.47
LOOP_CAL-U2_rep3 @ 9465 Q6K '2' 1.00 | Bonsai '2' 1.00
LOOP_CAL-U2_rep3 @10282 Q6K 'Need' 0.68 | Bonsai 'Need' 0.43
LOOP_CAL-U2_rep3 @11398 Q6K 'Need' 0.95 | Bonsai 'Need' 0.91
LOOP_CAL-U2_rep3 @12163 Q6K '-' 0.95 | Bonsai '-' 0.96
LOOP_CAL-U5_rep2 @   88 Q6K 'Need' 0.59 | Bonsai 'Need' 0.89
LOOP_CAL-U5_rep2 @  910 Q6K '-' 0.64 | Bonsai '-' 0.62
LOOP_CAL-U5_rep2 @ 1493 Q6K '-' 0.69 | Bonsai '-' 0.53
LOOP_CAL-U5_rep2 @ 2270 Q6K '-' 0.93 | Bonsai '-' 0.92
LOOP_CAL-U5_rep2 @ 3011 Q6K 'Let' 0.96 | Bonsai 'Let' 0.98
LOOP_CAL-U5_rep2 @ 3585 Q6K '-' 1.00 | Bonsai '-' 1.00
LOOP_CAL-U5_rep2 @ 4145 Q6K 'Let' 0.98 | Bonsai 'Let' 0.99
LOOP_CAL-U5_rep2 @ 4977 Q6K 'Let' 0.53 | Bonsai 'Let' 0.61
LOOP_CAL-U5_rep2 @ 5900 Q6K 'F' 0.30 | Bonsai 'F' 0.32
LOOP_CAL-U5_rep2 @ 6635 Q6K 'Let' 0.58 | Bonsai 'Let' 0.60
LOOP_CAL-U5_rep2 @ 7390 Q6K '-' 1.00 | Bonsai '-' 0.99
LOOP_CAL-U5_rep2 @ 7757 Q6K '-' 1.00 | Bonsai '-' 1.00
LOOP_CAL-U5_rep2 @ 8090 Q6K 'Let' 0.74 | Bonsai 'Let' 0.84
LOOP_CAL-U5_rep2 @ 9077 Q6K '-' 0.98 | Bonsai '-' 1.00
LOOP_CAL-U5_rep2 @ 9529 Q6K 'Let' 0.59 | Bonsai 'Let' 0.73
LOOP_CAL-U5_rep2 @10310 Q6K 'Let' 0.81 | Bonsai 'Let' 0.81
LOOP_CAL-U5_rep2 @11431 Q6K '-' 1.00 | Bonsai '-' 1.00
LOOP_CAL-U5_rep2 @12068 Q6K 'Let' 0.61 | Bonsai 'Let' 0.65
LOOP_CAL-U5_rep3 @   88 Q6K 'Need' 0.59 | Bonsai 'Need' 0.89
LOOP_CAL-U5_rep3 @  519 Q6K 'Maybe' 0.28 | Bonsai 'Maybe' 0.27
LOOP_CAL-U5_rep3 @  964 Q6K '-' 0.97 | Bonsai '-' 0.97
LOOP_CAL-U5_rep3 @ 1329 Q6K 'Let' 0.96 | Bonsai 'Let' 0.97
LOOP_CAL-U5_rep3 @ 1900 Q6K '-' 1.00 | Bonsai '-' 1.00
LOOP_CAL-U5_rep3 @ 2452 Q6K 'Maybe' 0.50 | Bonsai 'Maybe' 0.48
LOOP_CAL-U5_rep3 @ 2837 Q6K '-' 0.99 | Bonsai '-' 0.99
LOOP_CAL-U5_rep3 @ 3313 Q6K 'Let' 0.45 | Bonsai 'Let' 0.52
LOOP_CAL-U5_rep3 @ 4053 Q6K 'What' 0.14 | Bonsai 'What' 0.18
LOOP_CAL-U5_rep3 @ 4643 Q6K 'Let' 0.21 | Bonsai 'Let' 0.31
LOOP_CAL-U5_rep3 @ 5166 Q6K 'Henry' 0.28 | Bonsai 'In' 0.23
LOOP_CAL-U5_rep3 @ 5990 Q6K '-' 1.00 | Bonsai '-' 1.00
LOOP_CAL-U5_rep3 @ 6321 Q6K 'Let' 1.00 | Bonsai 'Let' 1.00
LOOP_CAL-U5_rep3 @ 6971 Q6K 'Maybe' 0.30 | Bonsai 'Maybe' 0.31
LOOP_CAL-U5_rep3 @ 7624 Q6K '-' 0.99 | Bonsai '-' 0.87
LOOP_CAL-U5_rep3 @ 7943 Q6K '-' 1.00 | Bonsai '-' 1.00
LOOP_CAL-U5_rep3 @ 8624 Q6K '-' 0.96 | Bonsai '-' 0.99
LOOP_CAL-U5_rep3 @ 9376 Q6K '-' 1.00 | Bonsai '-' 1.00
LOOP_CAL-U5_rep3 @ 9779 Q6K 'Let' 0.50 | Bonsai 'Let' 0.58
LOOP_CAL-U5_rep3 @10903 Q6K 'Maybe' 0.15 | Bonsai 'In' 0.22
LOOP_CAL-U5_rep3 @11412 Q6K '-' 0.87 | Bonsai '-' 0.86
LOOP_CAL-U5_rep3 @12257 Q6K 'Let' 0.96 | Bonsai 'Let' 0.96
LONG-OK_CAL-U2_rep2 @   79 Q6K 'Need' 0.67 | Bonsai 'Need' 0.92
LONG-OK_CAL-U2_rep2 @  702 Q6K 'Maybe' 0.59 | Bonsai 'Maybe' 0.56
LONG-OK_CAL-U2_rep2 @ 1438 Q6K 'Let' 0.95 | Bonsai 'Let' 0.95
LONG-OK_CAL-U2_rep2 @ 2494 Q6K 'Let' 0.38 | Bonsai 'Maybe' 0.39
LONG-OK_CAL-U2_rep2 @ 3421 Q6K 'Maybe' 0.33 | Bonsai 'Maybe' 0.30
LONG-OK_CAL-U2_rep2 @ 4140 Q6K '"' 0.27 | Bonsai 'Mer' 0.24
LONG-OK_CAL-U2_rep2 @ 4511 Q6K '-' 1.00 | Bonsai '-' 1.00
LONG-OK_CAL-U2_rep2 @ 5449 Q6K 'Maybe' 0.39 | Bonsai 'Maybe' 0.43
LONG-OK_CAL-U2_rep2 @ 5696 Q6K '"' 0.17 | Bonsai 'Term' 0.20
LONG-OK_CAL-U2_rep2 @ 6403 Q6K '"What' 0.26 | Bonsai 'The' 0.27
LONG-OK_CAL-U2_rep2 @ 7362 Q6K 'Maybe' 0.28 | Bonsai 'Maybe' 0.26
LONG-OK_CAL-U2_rep2 @ 8143 Q6K 'If' 0.25 | Bonsai 'If' 0.20
