LONG-OK_CAL-U2_rep2: gate S PASS (n_prompt 127/127, total 8597/8597, mismatches 0)
  @ 7957 wrapup P(</think>) Q6_K 0.000 vs Bonsai 0.000 | Q6_K [('Double', 0.737), ('Let', 0.216), ('Before', 0.027)] | Bonsai [('Double', 0.77), ('Let', 0.175), ('Before', 0.027)]
  @ 8470 END    P(</think>) Q6_K 0.998 vs Bonsai 1.000 | Q6_K [('</think>', 0.998), ('Exact', 0.002), (' Exact', 0.0)] | Bonsai [('</think>', 1.0), ('', 0.0), ('Exact', 0.0)]
LONG-OK_CAL-U4_rep2: gate S PASS (n_prompt 127/127, total 11421/11421, mismatches 0)
  @10876 wrapup P(</think>) Q6_K 0.000 vs Bonsai 0.000 | Q6_K [('Need', 0.752), ('Double', 0.153), ('Final', 0.033)] | Bonsai [('Need', 0.83), ('Double', 0.095), ('But', 0.033)]
  @11294 END    P(</think>) Q6_K 1.000 vs Bonsai 0.999 | Q6_K [('</think>', 1.0), ('No', 0.0), ('But', 0.0)] | Bonsai [('</think>', 0.999), ('No', 0.0), ('Ensure', 0.0)]
LOOP_CAL-U2_rep3: gate S PASS (n_prompt 127/127, total 12415/12415, mismatches 0)
  @ 8049 wrapup P(</think>) Q6_K 0.000 vs Bonsai 0.000 | Q6_K [('But', 0.976), ('Let', 0.014), ('However', 0.005)] | Bonsai [('But', 0.974), ('Let', 0.016), ('However', 0.004)]
  @ 9825 wrapup P(</think>) Q6_K 0.000 vs Bonsai 0.000 | Q6_K [('Let', 0.998), ('Before', 0.002), ('Maybe', 0.0)] | Bonsai [('Let', 0.996), ('Before', 0.002), ('Maybe', 0.001)]
  @10437 wrapup P(</think>) Q6_K 0.000 vs Bonsai 0.000 | Q6_K [('Double', 0.719), ('Need', 0.177), ('Let', 0.064)] | Bonsai [('Double', 0.705), ('Need', 0.163), ('But', 0.044)]
LOOP_CAL-U5_rep2: gate S PASS (n_prompt 136/136, total 12422/12422, mismatches 0)
  @ 5722 wrapup P(</think>) Q6_K 0.000 vs Bonsai 0.000 | Q6_K [('But', 0.886), ('Let', 0.057), ('Double', 0.042)] | Bonsai [('But', 0.896), ('Let', 0.061), ('Double', 0.029)]
  @10703 wrapup P(</think>) Q6_K 0.000 vs Bonsai 0.000 | Q6_K [('Double', 0.893), ('Let', 0.06), ('But', 0.044)] | Bonsai [('Double', 0.912), ('But', 0.058), ('Let', 0.026)]
LOOP_CAL-U5_rep3: gate S PASS (n_prompt 136/136, total 12424/12424, mismatches 0)
SHORT_CAL-U1_rep1: gate S PASS (n_prompt 129/129, total 313/313, mismatches 0)
  @  184 END    P(</think>) Q6_K 1.000 vs Bonsai 1.000 | Q6_K [('</think>', 1.0), ('Need', 0.0), ('', 0.0)] | Bonsai [('</think>', 1.0), ('Need', 0.0), ('', 0.0)]
SHORT_CAL-U2_rep1: gate S PASS (n_prompt 127/127, total 5965/5965, mismatches 0)
  @ 3982 wrapup P(</think>) Q6_K 0.000 vs Bonsai 0.000 | Q6_K [('Double', 0.634), ('Need', 0.219), ('But', 0.075)] | Bonsai [('Double', 0.553), ('Need', 0.289), ('But', 0.102)]
  @ 4004 wrapup P(</think>) Q6_K 0.000 vs Bonsai 0.000 | Q6_K [('Double', 0.858), ('Let', 0.083), ('But', 0.042)] | Bonsai [('Double', 0.858), ('Let', 0.066), ('But', 0.058)]
  @ 5838 END    P(</think>) Q6_K 0.997 vs Bonsai 1.000 | Q6_K [('</think>', 0.997), ('Exact', 0.003), ('Final', 0.0)] | Bonsai [('</think>', 1.0), ('Exact', 0.0), ('Final', 0.0)]
SHORT_CAL-U3_rep1: gate S PASS (n_prompt 132/132, total 345/345, mismatches 0)
  @  213 END    P(</think>) Q6_K 1.000 vs Bonsai 1.000 | Q6_K [('</think>', 1.0), ('Exact', 0.0), ('Final', 0.0)] | Bonsai [('</think>', 1.0), ('Final', 0.0), ('', 0.0)]
SHORT_CAL-U4_rep1: gate S PASS (n_prompt 127/127, total 493/493, mismatches 0)
  @  246 wrapup P(</think>) Q6_K 0.000 vs Bonsai 0.000 | Q6_K [('Question', 0.39), ('What', 0.186), ('D', 0.132)] | Bonsai [('Question', 0.489), ('Could', 0.188), ('D', 0.082)]
  @  366 END    P(</think>) Q6_K 1.000 vs Bonsai 0.999 | Q6_K [('</think>', 1.0), ('Exact', 0.0), ('Final', 0.0)] | Bonsai [('</think>', 0.999), ('Exact', 0.0), ('Final', 0.0)]
SHORT_CAL-U5_rep1: gate S PASS (n_prompt 136/136, total 2354/2354, mismatches 0)
  @ 1866 wrapup P(</think>) Q6_K 0.000 vs Bonsai 0.000 | Q6_K [('Need', 0.611), ('Let', 0.267), ('Double', 0.078)] | Bonsai [('Need', 0.79), ('Let', 0.13), ('Double', 0.047)]
  @ 1905 wrapup P(</think>) Q6_K 0.000 vs Bonsai 0.000 | Q6_K [('Let', 0.804), ('Double', 0.111), ('Need', 0.035)] | Bonsai [('Let', 0.704), ('Double', 0.208), ('Need', 0.056)]
  @ 2218 END    P(</think>) Q6_K 0.999 vs Bonsai 1.000 | Q6_K [('</think>', 0.999), ('Exact', 0.001), ('Final', 0.0)] | Bonsai [('</think>', 1.0), ('Exact', 0.0), ('Final', 0.0)]
SHORT_CAL-U6_rep1: gate S PASS (n_prompt 135/135, total 4345/4345, mismatches 0)
  @ 2640 wrapup P(</think>) Q6_K 0.000 vs Bonsai 0.000 | Q6_K [('Double', 0.843), ('Let', 0.109), ('But', 0.028)] | Bonsai [('Double', 0.795), ('Let', 0.139), ('But', 0.039)]
  @ 4210 END    P(</think>) Q6_K 0.999 vs Bonsai 1.000 | Q6_K [('</think>', 0.999), ('Exact', 0.001), ('Final', 0.0)] | Bonsai [('</think>', 1.0), ('Final', 0.0), ('', 0.0)]
SHORT_CAL-U7_rep1: gate S PASS (n_prompt 131/131, total 935/935, mismatches 0)
  @  493 wrapup P(</think>) Q6_K 0.000 vs Bonsai 0.000 | Q6_K [('Double', 0.808), ('Need', 0.135), ('Let', 0.044)] | Bonsai [('Double', 0.754), ('Need', 0.207), ('Let', 0.025)]
  @  804 END    P(</think>) Q6_K 0.999 vs Bonsai 0.984 | Q6_K [('</think>', 0.999), ('No', 0.0), ('Ensure', 0.0)] | Bonsai [('</think>', 0.984), ('No', 0.007), ('Ensure', 0.004)]
SHORT_CAL-U8_rep1: gate S PASS (n_prompt 130/130, total 3197/3197, mismatches 0)
  @ 1749 wrapup P(</think>) Q6_K 0.000 vs Bonsai 0.000 | Q6_K [('Let', 0.984), ('Need', 0.016), ('We', 0.001)] | Bonsai [('Let', 0.979), ('Need', 0.019), ('We', 0.001)]
  @ 3058 wrapup P(</think>) Q6_K 0.000 vs Bonsai 0.000 | Q6_K [('Double', 0.652), ('Let', 0.128), ('But', 0.127)] | Bonsai [('Double', 0.521), ('But', 0.15), ('Let', 0.128)]
  @ 3067 END    P(</think>) Q6_K 1.000 vs Bonsai 1.000 | Q6_K [('</think>', 1.0), ('We', 0.0), ('Final', 0.0)] | Bonsai [('</think>', 1.0), ('But', 0.0), ('Final', 0.0)]
