[2026-08-02 03:54:38] ===== ADOPTED HEAD c19884fb4 turbo3 MATRIX (GCN sign-off), K=3, max_tokens=500 =====
[2026-08-02 03:54:38] build: version: 10249 (c19884fb4)
[2026-08-02 03:54:38] scoring: gzip band. healthy>=0.45, corrupt<0.40. SHA mismatch vs 9981 is EXPECTED.
[2026-08-02 03:54:38] ########## REP 1 / 3 ##########
    rep1 kturbo4_vturbo3  gzip=0.4961 healthy              455s chars=1919  sha=5afcafda0c5d (9981 ref b031d9c337e8/0.4866)
    rep1 kf16_vf16        gzip=0.5097 healthy              412s chars=1903  sha=ad9dd4fa776f (9981 ref ad9dd4fa776f/0.5097)
    rep1 kturbo4_vturbo4  gzip=0.5101 healthy              449s chars=1931  sha=4a86d5f4c3f3 (9981 ref 9e33a09474a1/0.5024)
    rep1 kturbo4_vturbo2  gzip=0.5021 healthy              449s chars=1944  sha=0b3b5c4235d5 (9981 ref 0b3b5c4235d5/0.5021)
    rep1 kturbo3_vturbo3  gzip=0.5149 healthy              449s chars=1847  sha=2cf82bbbff4a (9981 ref 4cb388a93d6d/0.5152)
    rep1 kf16_vturbo3     gzip=0.5251 healthy              414s chars=1876  sha=1dc38ed16d50 (9981 ref 169b27a7251c/0.5251)
    rep1 kturbo3_vf16     gzip=0.5206 healthy              415s chars=1892  sha=6f6426953a0a (9981 ref e89131fbe39d/0.5199)
[2026-08-02 04:57:04] ########## REP 2 / 3 ##########
    rep2 kturbo4_vturbo3  gzip=0.4961 healthy              454s chars=1919  sha=5afcafda0c5d (9981 ref b031d9c337e8/0.4866)
    rep2 kf16_vf16        gzip=0.5097 healthy              412s chars=1903  sha=ad9dd4fa776f (9981 ref ad9dd4fa776f/0.5097)
    rep2 kturbo4_vturbo4  gzip=0.5101 healthy              454s chars=1931  sha=4a86d5f4c3f3 (9981 ref 9e33a09474a1/0.5024)
    rep2 kturbo4_vturbo2  gzip=0.5021 healthy              454s chars=1944  sha=0b3b5c4235d5 (9981 ref 0b3b5c4235d5/0.5021)
    rep2 kturbo3_vturbo3  gzip=0.5149 healthy              449s chars=1847  sha=2cf82bbbff4a (9981 ref 4cb388a93d6d/0.5152)
    rep2 kf16_vturbo3     gzip=0.5251 healthy              414s chars=1876  sha=1dc38ed16d50 (9981 ref 169b27a7251c/0.5251)
    rep2 kturbo3_vf16     gzip=0.5206 healthy              412s chars=1892  sha=6f6426953a0a (9981 ref e89131fbe39d/0.5199)
[2026-08-02 06:00:17] ########## REP 3 / 3 ##########
    rep3 kturbo4_vturbo3  gzip=0.4961 healthy              454s chars=1919  sha=5afcafda0c5d (9981 ref b031d9c337e8/0.4866)
    rep3 kf16_vf16        gzip=0.5097 healthy              411s chars=1903  sha=ad9dd4fa776f (9981 ref ad9dd4fa776f/0.5097)
    rep3 kturbo4_vturbo4  gzip=0.5101 healthy              452s chars=1931  sha=4a86d5f4c3f3 (9981 ref 9e33a09474a1/0.5024)
    rep3 kturbo4_vturbo2  gzip=0.5021 healthy              450s chars=1944  sha=0b3b5c4235d5 (9981 ref 0b3b5c4235d5/0.5021)
    rep3 kturbo3_vturbo3  gzip=0.5149 healthy              449s chars=1847  sha=2cf82bbbff4a (9981 ref 4cb388a93d6d/0.5152)
    rep3 kf16_vturbo3     gzip=0.5251 healthy              414s chars=1876  sha=1dc38ed16d50 (9981 ref 169b27a7251c/0.5251)
    rep3 kturbo3_vf16     gzip=0.5206 healthy              411s chars=1892  sha=6f6426953a0a (9981 ref e89131fbe39d/0.5199)
[2026-08-02 07:03:08] --- copying artifacts to USB (all servers stopped) ---
[2026-08-02 07:03:08] ===== MATRIX v2 DONE =====
