ggml_vulkan: Found 1 Vulkan devices:
ggml_vulkan: 0 = AMD Radeon RX 580 Series (RADV POLARIS10) (radv) | uma: 0 | fp16: 0 | bf16: 0 | warp size: 64 | shared memory: 65536 | int dot: 0 | matrix cores: none
Testing 2 devices

Backend 1/2: Vulkan0
  Device description: AMD Radeon RX 580 Series (RADV POLARIS10)
  Device memory: 8192 MB (7868 MB free)

  SET_ROWS_TURBO3(type_idx=i32,ne0=128,ne1=16,r=1): not supported [Vulkan0] 
  SET_ROWS_TURBO3(type_idx=i32,ne0=128,ne1=16,r=4): not supported [Vulkan0] 
  SET_ROWS_TURBO3(type_idx=i32,ne0=128,ne1=16,r=7): not supported [Vulkan0] 
  SET_ROWS_TURBO3(type_idx=i32,ne0=256,ne1=16,r=1): not supported [Vulkan0] 
  SET_ROWS_TURBO3(type_idx=i32,ne0=256,ne1=16,r=4): not supported [Vulkan0] 
  SET_ROWS_TURBO3(type_idx=i32,ne0=256,ne1=16,r=7): not supported [Vulkan0] 
  SET_ROWS_TURBO3(type_idx=i32,ne0=512,ne1=16,r=1): not supported [Vulkan0] 
  SET_ROWS_TURBO3(type_idx=i32,ne0=512,ne1=16,r=4): not supported [Vulkan0] 
  SET_ROWS_TURBO3(type_idx=i32,ne0=512,ne1=16,r=7): not supported [Vulkan0] 
  SET_ROWS_TURBO3(type_idx=i64,ne0=128,ne1=16,r=1): not supported [Vulkan0] 
  SET_ROWS_TURBO3(type_idx=i64,ne0=128,ne1=16,r=4): not supported [Vulkan0] 
  SET_ROWS_TURBO3(type_idx=i64,ne0=128,ne1=16,r=7): not supported [Vulkan0] 
  SET_ROWS_TURBO3(type_idx=i64,ne0=256,ne1=16,r=1): not supported [Vulkan0] 
  SET_ROWS_TURBO3(type_idx=i64,ne0=256,ne1=16,r=4): not supported [Vulkan0] 
  SET_ROWS_TURBO3(type_idx=i64,ne0=256,ne1=16,r=7): not supported [Vulkan0] 
  SET_ROWS_TURBO3(type_idx=i64,ne0=512,ne1=16,r=1): not supported [Vulkan0] 
  SET_ROWS_TURBO3(type_idx=i64,ne0=512,ne1=16,r=4): not supported [Vulkan0] 
  SET_ROWS_TURBO3(type_idx=i64,ne0=512,ne1=16,r=7): not supported [Vulkan0] 
  SET_ROWS_TURBO3(type_idx=i32,ne0=128,ne1=4096,r=1024): not supported [Vulkan0] 
  SET_ROWS_TURBO3(type_idx=i32,ne0=256,ne1=2048,r=512): not supported [Vulkan0] 
  SET_ROWS_TURBO3(type_idx=i32,ne0=512,ne1=1024,r=256): not supported [Vulkan0] 
  0/0 tests passed
  Backend Vulkan0: [1;32mOK[0m
Backend 2/2: CPU
  Skipping CPU backend
2/2 backends passed
[1;32mOK[0m
