ggml_vulkan: Found 1 Vulkan devices:
ggml_vulkan: 0 = AMD Radeon RX 580 Series (RADV POLARIS10) (radv) | uma: 0 | fp16: 0 | bf16: 0 | warp size: 64 | shared memory: 65536 | int dot: 0 | matrix cores: none
Testing 2 devices

Backend 1/2: Vulkan0
  Device description: AMD Radeon RX 580 Series (RADV POLARIS10)
  Device memory: 8192 MB (7868 MB free)

  SET_ROWS(type=f32,type_idx=i64,ne=[1,8,1,3],nr23=[1,1],r=2,v=0): [1;32mOK[0m
  SET_ROWS(type=f32,type_idx=i32,ne=[1,8,1,3],nr23=[1,1],r=2,v=0): [1;32mOK[0m
  SET_ROWS(type=q8_0,type_idx=i32,ne=[256,5,1,3],nr23=[1,1],r=1,v=0): [1;32mOK[0m
  SET_ROWS(type=f32,type_idx=i64,ne=[256,5,1,3],nr23=[1,1],r=1,v=0): [1;32mOK[0m
  SET_ROWS(type=f32,type_idx=i64,ne=[256,11,1,1],nr23=[2,3],r=7,v=0): [1;32mOK[0m
  SET_ROWS(type=f32,type_idx=i64,ne=[3,3,1,1],nr23=[2,3],r=2,v=0): [1;32mOK[0m
  SET_ROWS(type=f32,type_idx=i64,ne=[31,3,1,1],nr23=[2,3],r=2,v=0): [1;32mOK[0m
  SET_ROWS(type=f32,type_idx=i64,ne=[33,5,1,1],nr23=[2,3],r=1,v=0): [1;32mOK[0m
  SET_ROWS(type=f32,type_idx=i64,ne=[256,5,1,3],nr23=[1,1],r=1,v=1): [1;32mOK[0m
  SET_ROWS(type=f32,type_idx=i64,ne=[256,11,1,1],nr23=[2,3],r=7,v=1): [1;32mOK[0m
  SET_ROWS(type=f32,type_idx=i64,ne=[3,3,1,1],nr23=[2,3],r=2,v=1): [1;32mOK[0m
  SET_ROWS(type=f32,type_idx=i64,ne=[31,3,1,1],nr23=[2,3],r=2,v=1): [1;32mOK[0m
  SET_ROWS(type=f32,type_idx=i64,ne=[33,5,1,1],nr23=[2,3],r=1,v=1): [1;32mOK[0m
  SET_ROWS(type=f32,type_idx=i64,ne=[256,5,7,3],nr23=[1,1],r=1,v=0): [1;32mOK[0m
  SET_ROWS(type=f32,type_idx=i64,ne=[256,11,1,7],nr23=[2,3],r=7,v=0): [1;32mOK[0m
  SET_ROWS(type=f32,type_idx=i64,ne=[3,3,7,1],nr23=[2,3],r=2,v=0): [1;32mOK[0m
  SET_ROWS(type=f32,type_idx=i64,ne=[31,3,7,1],nr23=[2,3],r=2,v=0): [1;32mOK[0m
  SET_ROWS(type=f32,type_idx=i64,ne=[33,5,1,7],nr23=[2,3],r=1,v=0): [1;32mOK[0m
  SET_ROWS(type=f32,type_idx=i64,ne=[256,5,7,3],nr23=[1,1],r=1,v=1): [1;32mOK[0m
  SET_ROWS(type=f32,type_idx=i64,ne=[256,11,1,7],nr23=[2,3],r=7,v=1): [1;32mOK[0m
  SET_ROWS(type=f32,type_idx=i64,ne=[3,3,7,1],nr23=[2,3],r=2,v=1): [1;32mOK[0m
  SET_ROWS(type=f32,type_idx=i64,ne=[31,3,7,1],nr23=[2,3],r=2,v=1): [1;32mOK[0m
  SET_ROWS(type=f32,type_idx=i64,ne=[33,5,1,7],nr23=[2,3],r=1,v=1): [1;32mOK[0m
  SET_ROWS(type=f16,type_idx=i64,ne=[256,5,1,3],nr23=[1,1],r=1,v=0): [1;32mOK[0m
  SET_ROWS(type=f16,type_idx=i64,ne=[256,11,1,1],nr23=[2,3],r=7,v=0): [1;32mOK[0m
  SET_ROWS(type=f16,type_idx=i64,ne=[3,3,1,1],nr23=[2,3],r=2,v=0): [1;32mOK[0m
  SET_ROWS(type=f16,type_idx=i64,ne=[31,3,1,1],nr23=[2,3],r=2,v=0): [1;32mOK[0m
  SET_ROWS(type=f16,type_idx=i64,ne=[33,5,1,1],nr23=[2,3],r=1,v=0): [1;32mOK[0m
  SET_ROWS(type=f16,type_idx=i64,ne=[256,5,1,3],nr23=[1,1],r=1,v=1): [1;32mOK[0m
  SET_ROWS(type=f16,type_idx=i64,ne=[256,11,1,1],nr23=[2,3],r=7,v=1): [1;32mOK[0m
  SET_ROWS(type=f16,type_idx=i64,ne=[3,3,1,1],nr23=[2,3],r=2,v=1): [1;32mOK[0m
  SET_ROWS(type=f16,type_idx=i64,ne=[31,3,1,1],nr23=[2,3],r=2,v=1): [1;32mOK[0m
  SET_ROWS(type=f16,type_idx=i64,ne=[33,5,1,1],nr23=[2,3],r=1,v=1): [1;32mOK[0m
  SET_ROWS(type=f16,type_idx=i64,ne=[256,5,7,3],nr23=[1,1],r=1,v=0): [1;32mOK[0m
  SET_ROWS(type=f16,type_idx=i64,ne=[256,11,1,7],nr23=[2,3],r=7,v=0): [1;32mOK[0m
  SET_ROWS(type=f16,type_idx=i64,ne=[3,3,7,1],nr23=[2,3],r=2,v=0): [1;32mOK[0m
  SET_ROWS(type=f16,type_idx=i64,ne=[31,3,7,1],nr23=[2,3],r=2,v=0): [1;32mOK[0m
  SET_ROWS(type=f16,type_idx=i64,ne=[33,5,1,7],nr23=[2,3],r=1,v=0): [1;32mOK[0m
  SET_ROWS(type=f16,type_idx=i64,ne=[256,5,7,3],nr23=[1,1],r=1,v=1): [1;32mOK[0m
  SET_ROWS(type=f16,type_idx=i64,ne=[256,11,1,7],nr23=[2,3],r=7,v=1): [1;32mOK[0m
  SET_ROWS(type=f16,type_idx=i64,ne=[3,3,7,1],nr23=[2,3],r=2,v=1): [1;32mOK[0m
  SET_ROWS(type=f16,type_idx=i64,ne=[31,3,7,1],nr23=[2,3],r=2,v=1): [1;32mOK[0m
  SET_ROWS(type=f16,type_idx=i64,ne=[33,5,1,7],nr23=[2,3],r=1,v=1): [1;32mOK[0m
  SET_ROWS(type=bf16,type_idx=i64,ne=[256,5,1,3],nr23=[1,1],r=1,v=0): [1;32mOK[0m
  SET_ROWS(type=bf16,type_idx=i64,ne=[256,11,1,1],nr23=[2,3],r=7,v=0): [1;32mOK[0m
  SET_ROWS(type=bf16,type_idx=i64,ne=[3,3,1,1],nr23=[2,3],r=2,v=0): [1;32mOK[0m
  SET_ROWS(type=bf16,type_idx=i64,ne=[31,3,1,1],nr23=[2,3],r=2,v=0): [1;32mOK[0m
  SET_ROWS(type=bf16,type_idx=i64,ne=[33,5,1,1],nr23=[2,3],r=1,v=0): [1;32mOK[0m
  SET_ROWS(type=bf16,type_idx=i64,ne=[256,5,1,3],nr23=[1,1],r=1,v=1): [1;32mOK[0m
  SET_ROWS(type=bf16,type_idx=i64,ne=[256,11,1,1],nr23=[2,3],r=7,v=1): [1;32mOK[0m
  SET_ROWS(type=bf16,type_idx=i64,ne=[3,3,1,1],nr23=[2,3],r=2,v=1): [1;32mOK[0m
  SET_ROWS(type=bf16,type_idx=i64,ne=[31,3,1,1],nr23=[2,3],r=2,v=1): [1;32mOK[0m
  SET_ROWS(type=bf16,type_idx=i64,ne=[33,5,1,1],nr23=[2,3],r=1,v=1): [1;32mOK[0m
  SET_ROWS(type=bf16,type_idx=i64,ne=[256,5,7,3],nr23=[1,1],r=1,v=0): [1;32mOK[0m
  SET_ROWS(type=bf16,type_idx=i64,ne=[256,11,1,7],nr23=[2,3],r=7,v=0): [1;32mOK[0m
  SET_ROWS(type=bf16,type_idx=i64,ne=[3,3,7,1],nr23=[2,3],r=2,v=0): [1;32mOK[0m
  SET_ROWS(type=bf16,type_idx=i64,ne=[31,3,7,1],nr23=[2,3],r=2,v=0): [1;32mOK[0m
  SET_ROWS(type=bf16,type_idx=i64,ne=[33,5,1,7],nr23=[2,3],r=1,v=0): [1;32mOK[0m
  SET_ROWS(type=bf16,type_idx=i64,ne=[256,5,7,3],nr23=[1,1],r=1,v=1): [1;32mOK[0m
  SET_ROWS(type=bf16,type_idx=i64,ne=[256,11,1,7],nr23=[2,3],r=7,v=1): [1;32mOK[0m
  SET_ROWS(type=bf16,type_idx=i64,ne=[3,3,7,1],nr23=[2,3],r=2,v=1): [1;32mOK[0m
  SET_ROWS(type=bf16,type_idx=i64,ne=[31,3,7,1],nr23=[2,3],r=2,v=1): [1;32mOK[0m
  SET_ROWS(type=bf16,type_idx=i64,ne=[33,5,1,7],nr23=[2,3],r=1,v=1): [1;32mOK[0m
  SET_ROWS(type=q4_0,type_idx=i64,ne=[256,5,1,3],nr23=[1,1],r=1,v=0): [1;32mOK[0m
  SET_ROWS(type=q4_0,type_idx=i64,ne=[256,11,1,1],nr23=[2,3],r=7,v=0): [1;32mOK[0m
  SET_ROWS(type=q4_0,type_idx=i64,ne=[96,3,1,1],nr23=[2,3],r=2,v=0): [1;32mOK[0m
  SET_ROWS(type=q4_0,type_idx=i64,ne=[256,5,1,3],nr23=[1,1],r=1,v=1): [1;32mOK[0m
  SET_ROWS(type=q4_0,type_idx=i64,ne=[256,11,1,1],nr23=[2,3],r=7,v=1): [1;32mOK[0m
  SET_ROWS(type=q4_0,type_idx=i64,ne=[96,3,1,1],nr23=[2,3],r=2,v=1): [1;32mOK[0m
  SET_ROWS(type=q4_0,type_idx=i64,ne=[256,5,7,3],nr23=[1,1],r=1,v=0): [1;32mOK[0m
  SET_ROWS(type=q4_0,type_idx=i64,ne=[256,11,1,7],nr23=[2,3],r=7,v=0): [1;32mOK[0m
  SET_ROWS(type=q4_0,type_idx=i64,ne=[96,3,7,1],nr23=[2,3],r=2,v=0): [1;32mOK[0m
  SET_ROWS(type=q4_0,type_idx=i64,ne=[256,5,7,3],nr23=[1,1],r=1,v=1): [1;32mOK[0m
  SET_ROWS(type=q4_0,type_idx=i64,ne=[256,11,1,7],nr23=[2,3],r=7,v=1): [1;32mOK[0m
  SET_ROWS(type=q4_0,type_idx=i64,ne=[96,3,7,1],nr23=[2,3],r=2,v=1): [1;32mOK[0m
  SET_ROWS(type=q4_1,type_idx=i64,ne=[256,5,1,3],nr23=[1,1],r=1,v=0): [1;32mOK[0m
  SET_ROWS(type=q4_1,type_idx=i64,ne=[256,11,1,1],nr23=[2,3],r=7,v=0): [1;32mOK[0m
  SET_ROWS(type=q4_1,type_idx=i64,ne=[96,3,1,1],nr23=[2,3],r=2,v=0): [1;32mOK[0m
  SET_ROWS(type=q4_1,type_idx=i64,ne=[256,5,1,3],nr23=[1,1],r=1,v=1): [1;32mOK[0m
  SET_ROWS(type=q4_1,type_idx=i64,ne=[256,11,1,1],nr23=[2,3],r=7,v=1): [1;32mOK[0m
  SET_ROWS(type=q4_1,type_idx=i64,ne=[96,3,1,1],nr23=[2,3],r=2,v=1): [1;32mOK[0m
  SET_ROWS(type=q4_1,type_idx=i64,ne=[256,5,7,3],nr23=[1,1],r=1,v=0): [1;32mOK[0m
  SET_ROWS(type=q4_1,type_idx=i64,ne=[256,11,1,7],nr23=[2,3],r=7,v=0): [1;32mOK[0m
  SET_ROWS(type=q4_1,type_idx=i64,ne=[96,3,7,1],nr23=[2,3],r=2,v=0): [1;32mOK[0m
  SET_ROWS(type=q4_1,type_idx=i64,ne=[256,5,7,3],nr23=[1,1],r=1,v=1): [1;32mOK[0m
  SET_ROWS(type=q4_1,type_idx=i64,ne=[256,11,1,7],nr23=[2,3],r=7,v=1): [1;32mOK[0m
  SET_ROWS(type=q4_1,type_idx=i64,ne=[96,3,7,1],nr23=[2,3],r=2,v=1): [1;32mOK[0m
  SET_ROWS(type=q5_0,type_idx=i64,ne=[256,5,1,3],nr23=[1,1],r=1,v=0): [1;32mOK[0m
  SET_ROWS(type=q5_0,type_idx=i64,ne=[256,11,1,1],nr23=[2,3],r=7,v=0): [1;32mOK[0m
  SET_ROWS(type=q5_0,type_idx=i64,ne=[96,3,1,1],nr23=[2,3],r=2,v=0): [1;32mOK[0m
  SET_ROWS(type=q5_0,type_idx=i64,ne=[256,5,1,3],nr23=[1,1],r=1,v=1): [1;32mOK[0m
  SET_ROWS(type=q5_0,type_idx=i64,ne=[256,11,1,1],nr23=[2,3],r=7,v=1): [1;32mOK[0m
  SET_ROWS(type=q5_0,type_idx=i64,ne=[96,3,1,1],nr23=[2,3],r=2,v=1): [1;32mOK[0m
  SET_ROWS(type=q5_0,type_idx=i64,ne=[256,5,7,3],nr23=[1,1],r=1,v=0): [1;32mOK[0m
  SET_ROWS(type=q5_0,type_idx=i64,ne=[256,11,1,7],nr23=[2,3],r=7,v=0): [1;32mOK[0m
  SET_ROWS(type=q5_0,type_idx=i64,ne=[96,3,7,1],nr23=[2,3],r=2,v=0): [1;32mOK[0m
  SET_ROWS(type=q5_0,type_idx=i64,ne=[256,5,7,3],nr23=[1,1],r=1,v=1): [1;32mOK[0m
  SET_ROWS(type=q5_0,type_idx=i64,ne=[256,11,1,7],nr23=[2,3],r=7,v=1): [1;32mOK[0m
  SET_ROWS(type=q5_0,type_idx=i64,ne=[96,3,7,1],nr23=[2,3],r=2,v=1): [1;32mOK[0m
  SET_ROWS(type=q5_1,type_idx=i64,ne=[256,5,1,3],nr23=[1,1],r=1,v=0): [1;32mOK[0m
  SET_ROWS(type=q5_1,type_idx=i64,ne=[256,11,1,1],nr23=[2,3],r=7,v=0): [1;32mOK[0m
  SET_ROWS(type=q5_1,type_idx=i64,ne=[96,3,1,1],nr23=[2,3],r=2,v=0): [1;32mOK[0m
  SET_ROWS(type=q5_1,type_idx=i64,ne=[256,5,1,3],nr23=[1,1],r=1,v=1): [1;32mOK[0m
  SET_ROWS(type=q5_1,type_idx=i64,ne=[256,11,1,1],nr23=[2,3],r=7,v=1): [1;32mOK[0m
  SET_ROWS(type=q5_1,type_idx=i64,ne=[96,3,1,1],nr23=[2,3],r=2,v=1): [1;32mOK[0m
  SET_ROWS(type=q5_1,type_idx=i64,ne=[256,5,7,3],nr23=[1,1],r=1,v=0): [1;32mOK[0m
  SET_ROWS(type=q5_1,type_idx=i64,ne=[256,11,1,7],nr23=[2,3],r=7,v=0): [1;32mOK[0m
  SET_ROWS(type=q5_1,type_idx=i64,ne=[96,3,7,1],nr23=[2,3],r=2,v=0): [1;32mOK[0m
  SET_ROWS(type=q5_1,type_idx=i64,ne=[256,5,7,3],nr23=[1,1],r=1,v=1): [1;32mOK[0m
  SET_ROWS(type=q5_1,type_idx=i64,ne=[256,11,1,7],nr23=[2,3],r=7,v=1): [1;32mOK[0m
  SET_ROWS(type=q5_1,type_idx=i64,ne=[96,3,7,1],nr23=[2,3],r=2,v=1): [1;32mOK[0m
  SET_ROWS(type=q8_0,type_idx=i64,ne=[256,5,1,3],nr23=[1,1],r=1,v=0): [1;32mOK[0m
  SET_ROWS(type=q8_0,type_idx=i64,ne=[256,11,1,1],nr23=[2,3],r=7,v=0): [1;32mOK[0m
  SET_ROWS(type=q8_0,type_idx=i64,ne=[96,3,1,1],nr23=[2,3],r=2,v=0): [1;32mOK[0m
  SET_ROWS(type=q8_0,type_idx=i64,ne=[256,5,1,3],nr23=[1,1],r=1,v=1): [1;32mOK[0m
  SET_ROWS(type=q8_0,type_idx=i64,ne=[256,11,1,1],nr23=[2,3],r=7,v=1): [1;32mOK[0m
  SET_ROWS(type=q8_0,type_idx=i64,ne=[96,3,1,1],nr23=[2,3],r=2,v=1): [1;32mOK[0m
  SET_ROWS(type=q8_0,type_idx=i64,ne=[256,5,7,3],nr23=[1,1],r=1,v=0): [1;32mOK[0m
  SET_ROWS(type=q8_0,type_idx=i64,ne=[256,11,1,7],nr23=[2,3],r=7,v=0): [1;32mOK[0m
  SET_ROWS(type=q8_0,type_idx=i64,ne=[96,3,7,1],nr23=[2,3],r=2,v=0): [1;32mOK[0m
  SET_ROWS(type=q8_0,type_idx=i64,ne=[256,5,7,3],nr23=[1,1],r=1,v=1): [1;32mOK[0m
  SET_ROWS(type=q8_0,type_idx=i64,ne=[256,11,1,7],nr23=[2,3],r=7,v=1): [1;32mOK[0m
  SET_ROWS(type=q8_0,type_idx=i64,ne=[96,3,7,1],nr23=[2,3],r=2,v=1): [1;32mOK[0m
  SET_ROWS(type=q1_0,type_idx=i64,ne=[256,5,1,3],nr23=[1,1],r=1,v=0): [1;32mOK[0m
  SET_ROWS(type=q1_0,type_idx=i64,ne=[256,11,1,1],nr23=[2,3],r=7,v=0): [1;32mOK[0m
  SET_ROWS(type=q1_0,type_idx=i64,ne=[384,3,1,1],nr23=[2,3],r=2,v=0): [1;32mOK[0m
  SET_ROWS(type=q1_0,type_idx=i64,ne=[256,5,1,3],nr23=[1,1],r=1,v=1): [1;32mOK[0m
  SET_ROWS(type=q1_0,type_idx=i64,ne=[256,11,1,1],nr23=[2,3],r=7,v=1): [1;32mOK[0m
  SET_ROWS(type=q1_0,type_idx=i64,ne=[384,3,1,1],nr23=[2,3],r=2,v=1): [1;32mOK[0m
  SET_ROWS(type=q1_0,type_idx=i64,ne=[256,5,7,3],nr23=[1,1],r=1,v=0): [1;32mOK[0m
  SET_ROWS(type=q1_0,type_idx=i64,ne=[256,11,1,7],nr23=[2,3],r=7,v=0): [1;32mOK[0m
  SET_ROWS(type=q1_0,type_idx=i64,ne=[384,3,7,1],nr23=[2,3],r=2,v=0): [1;32mOK[0m
  SET_ROWS(type=q1_0,type_idx=i64,ne=[256,5,7,3],nr23=[1,1],r=1,v=1): [1;32mOK[0m
  SET_ROWS(type=q1_0,type_idx=i64,ne=[256,11,1,7],nr23=[2,3],r=7,v=1): [1;32mOK[0m
  SET_ROWS(type=q1_0,type_idx=i64,ne=[384,3,7,1],nr23=[2,3],r=2,v=1): [1;32mOK[0m
  SET_ROWS(type=mxfp4,type_idx=i64,ne=[256,5,1,3],nr23=[1,1],r=1,v=0): not supported [Vulkan0] 
  SET_ROWS(type=mxfp4,type_idx=i64,ne=[256,11,1,1],nr23=[2,3],r=7,v=0): not supported [Vulkan0] 
  SET_ROWS(type=mxfp4,type_idx=i64,ne=[96,3,1,1],nr23=[2,3],r=2,v=0): not supported [Vulkan0] 
  SET_ROWS(type=mxfp4,type_idx=i64,ne=[256,5,1,3],nr23=[1,1],r=1,v=1): not supported [Vulkan0] 
  SET_ROWS(type=mxfp4,type_idx=i64,ne=[256,11,1,1],nr23=[2,3],r=7,v=1): not supported [Vulkan0] 
  SET_ROWS(type=mxfp4,type_idx=i64,ne=[96,3,1,1],nr23=[2,3],r=2,v=1): not supported [Vulkan0] 
  SET_ROWS(type=mxfp4,type_idx=i64,ne=[256,5,7,3],nr23=[1,1],r=1,v=0): not supported [Vulkan0] 
  SET_ROWS(type=mxfp4,type_idx=i64,ne=[256,11,1,7],nr23=[2,3],r=7,v=0): not supported [Vulkan0] 
  SET_ROWS(type=mxfp4,type_idx=i64,ne=[96,3,7,1],nr23=[2,3],r=2,v=0): not supported [Vulkan0] 
  SET_ROWS(type=mxfp4,type_idx=i64,ne=[256,5,7,3],nr23=[1,1],r=1,v=1): not supported [Vulkan0] 
  SET_ROWS(type=mxfp4,type_idx=i64,ne=[256,11,1,7],nr23=[2,3],r=7,v=1): not supported [Vulkan0] 
  SET_ROWS(type=mxfp4,type_idx=i64,ne=[96,3,7,1],nr23=[2,3],r=2,v=1): not supported [Vulkan0] 
  SET_ROWS(type=nvfp4,type_idx=i64,ne=[256,5,1,3],nr23=[1,1],r=1,v=0): not supported [Vulkan0] 
  SET_ROWS(type=nvfp4,type_idx=i64,ne=[256,11,1,1],nr23=[2,3],r=7,v=0): not supported [Vulkan0] 
  SET_ROWS(type=nvfp4,type_idx=i64,ne=[192,3,1,1],nr23=[2,3],r=2,v=0): not supported [Vulkan0] 
  SET_ROWS(type=nvfp4,type_idx=i64,ne=[256,5,1,3],nr23=[1,1],r=1,v=1): not supported [Vulkan0] 
  SET_ROWS(type=nvfp4,type_idx=i64,ne=[256,11,1,1],nr23=[2,3],r=7,v=1): not supported [Vulkan0] 
  SET_ROWS(type=nvfp4,type_idx=i64,ne=[192,3,1,1],nr23=[2,3],r=2,v=1): not supported [Vulkan0] 
  SET_ROWS(type=nvfp4,type_idx=i64,ne=[256,5,7,3],nr23=[1,1],r=1,v=0): not supported [Vulkan0] 
  SET_ROWS(type=nvfp4,type_idx=i64,ne=[256,11,1,7],nr23=[2,3],r=7,v=0): not supported [Vulkan0] 
  SET_ROWS(type=nvfp4,type_idx=i64,ne=[192,3,7,1],nr23=[2,3],r=2,v=0): not supported [Vulkan0] 
  SET_ROWS(type=nvfp4,type_idx=i64,ne=[256,5,7,3],nr23=[1,1],r=1,v=1): not supported [Vulkan0] 
  SET_ROWS(type=nvfp4,type_idx=i64,ne=[256,11,1,7],nr23=[2,3],r=7,v=1): not supported [Vulkan0] 
  SET_ROWS(type=nvfp4,type_idx=i64,ne=[192,3,7,1],nr23=[2,3],r=2,v=1): not supported [Vulkan0] 
  SET_ROWS(type=q2_K,type_idx=i64,ne=[256,5,1,3],nr23=[1,1],r=1,v=0): not supported [Vulkan0] 
  SET_ROWS(type=q2_K,type_idx=i64,ne=[256,11,1,1],nr23=[2,3],r=7,v=0): not supported [Vulkan0] 
  SET_ROWS(type=q2_K,type_idx=i64,ne=[768,3,1,1],nr23=[2,3],r=2,v=0): not supported [Vulkan0] 
  SET_ROWS(type=q2_K,type_idx=i64,ne=[256,5,1,3],nr23=[1,1],r=1,v=1): not supported [Vulkan0] 
  SET_ROWS(type=q2_K,type_idx=i64,ne=[256,11,1,1],nr23=[2,3],r=7,v=1): not supported [Vulkan0] 
  SET_ROWS(type=q2_K,type_idx=i64,ne=[768,3,1,1],nr23=[2,3],r=2,v=1): not supported [Vulkan0] 
  SET_ROWS(type=q2_K,type_idx=i64,ne=[256,5,7,3],nr23=[1,1],r=1,v=0): not supported [Vulkan0] 
  SET_ROWS(type=q2_K,type_idx=i64,ne=[256,11,1,7],nr23=[2,3],r=7,v=0): not supported [Vulkan0] 
  SET_ROWS(type=q2_K,type_idx=i64,ne=[768,3,7,1],nr23=[2,3],r=2,v=0): not supported [Vulkan0] 
  SET_ROWS(type=q2_K,type_idx=i64,ne=[256,5,7,3],nr23=[1,1],r=1,v=1): not supported [Vulkan0] 
  SET_ROWS(type=q2_K,type_idx=i64,ne=[256,11,1,7],nr23=[2,3],r=7,v=1): not supported [Vulkan0] 
  SET_ROWS(type=q2_K,type_idx=i64,ne=[768,3,7,1],nr23=[2,3],r=2,v=1): not supported [Vulkan0] 
  SET_ROWS(type=q3_K,type_idx=i64,ne=[256,5,1,3],nr23=[1,1],r=1,v=0): not supported [Vulkan0] 
  SET_ROWS(type=q3_K,type_idx=i64,ne=[256,11,1,1],nr23=[2,3],r=7,v=0): not supported [Vulkan0] 
  SET_ROWS(type=q3_K,type_idx=i64,ne=[768,3,1,1],nr23=[2,3],r=2,v=0): not supported [Vulkan0] 
  SET_ROWS(type=q3_K,type_idx=i64,ne=[256,5,1,3],nr23=[1,1],r=1,v=1): not supported [Vulkan0] 
  SET_ROWS(type=q3_K,type_idx=i64,ne=[256,11,1,1],nr23=[2,3],r=7,v=1): not supported [Vulkan0] 
  SET_ROWS(type=q3_K,type_idx=i64,ne=[768,3,1,1],nr23=[2,3],r=2,v=1): not supported [Vulkan0] 
  SET_ROWS(type=q3_K,type_idx=i64,ne=[256,5,7,3],nr23=[1,1],r=1,v=0): not supported [Vulkan0] 
  SET_ROWS(type=q3_K,type_idx=i64,ne=[256,11,1,7],nr23=[2,3],r=7,v=0): not supported [Vulkan0] 
  SET_ROWS(type=q3_K,type_idx=i64,ne=[768,3,7,1],nr23=[2,3],r=2,v=0): not supported [Vulkan0] 
  SET_ROWS(type=q3_K,type_idx=i64,ne=[256,5,7,3],nr23=[1,1],r=1,v=1): not supported [Vulkan0] 
  SET_ROWS(type=q3_K,type_idx=i64,ne=[256,11,1,7],nr23=[2,3],r=7,v=1): not supported [Vulkan0] 
  SET_ROWS(type=q3_K,type_idx=i64,ne=[768,3,7,1],nr23=[2,3],r=2,v=1): not supported [Vulkan0] 
  SET_ROWS(type=q4_K,type_idx=i64,ne=[256,5,1,3],nr23=[1,1],r=1,v=0): not supported [Vulkan0] 
  SET_ROWS(type=q4_K,type_idx=i64,ne=[256,11,1,1],nr23=[2,3],r=7,v=0): not supported [Vulkan0] 
  SET_ROWS(type=q4_K,type_idx=i64,ne=[768,3,1,1],nr23=[2,3],r=2,v=0): not supported [Vulkan0] 
  SET_ROWS(type=q4_K,type_idx=i64,ne=[256,5,1,3],nr23=[1,1],r=1,v=1): not supported [Vulkan0] 
  SET_ROWS(type=q4_K,type_idx=i64,ne=[256,11,1,1],nr23=[2,3],r=7,v=1): not supported [Vulkan0] 
  SET_ROWS(type=q4_K,type_idx=i64,ne=[768,3,1,1],nr23=[2,3],r=2,v=1): not supported [Vulkan0] 
  SET_ROWS(type=q4_K,type_idx=i64,ne=[256,5,7,3],nr23=[1,1],r=1,v=0): not supported [Vulkan0] 
  SET_ROWS(type=q4_K,type_idx=i64,ne=[256,11,1,7],nr23=[2,3],r=7,v=0): not supported [Vulkan0] 
  SET_ROWS(type=q4_K,type_idx=i64,ne=[768,3,7,1],nr23=[2,3],r=2,v=0): not supported [Vulkan0] 
  SET_ROWS(type=q4_K,type_idx=i64,ne=[256,5,7,3],nr23=[1,1],r=1,v=1): not supported [Vulkan0] 
  SET_ROWS(type=q4_K,type_idx=i64,ne=[256,11,1,7],nr23=[2,3],r=7,v=1): not supported [Vulkan0] 
  SET_ROWS(type=q4_K,type_idx=i64,ne=[768,3,7,1],nr23=[2,3],r=2,v=1): not supported [Vulkan0] 
  SET_ROWS(type=q5_K,type_idx=i64,ne=[256,5,1,3],nr23=[1,1],r=1,v=0): not supported [Vulkan0] 
  SET_ROWS(type=q5_K,type_idx=i64,ne=[256,11,1,1],nr23=[2,3],r=7,v=0): not supported [Vulkan0] 
  SET_ROWS(type=q5_K,type_idx=i64,ne=[768,3,1,1],nr23=[2,3],r=2,v=0): not supported [Vulkan0] 
  SET_ROWS(type=q5_K,type_idx=i64,ne=[256,5,1,3],nr23=[1,1],r=1,v=1): not supported [Vulkan0] 
  SET_ROWS(type=q5_K,type_idx=i64,ne=[256,11,1,1],nr23=[2,3],r=7,v=1): not supported [Vulkan0] 
  SET_ROWS(type=q5_K,type_idx=i64,ne=[768,3,1,1],nr23=[2,3],r=2,v=1): not supported [Vulkan0] 
  SET_ROWS(type=q5_K,type_idx=i64,ne=[256,5,7,3],nr23=[1,1],r=1,v=0): not supported [Vulkan0] 
  SET_ROWS(type=q5_K,type_idx=i64,ne=[256,11,1,7],nr23=[2,3],r=7,v=0): not supported [Vulkan0] 
  SET_ROWS(type=q5_K,type_idx=i64,ne=[768,3,7,1],nr23=[2,3],r=2,v=0): not supported [Vulkan0] 
  SET_ROWS(type=q5_K,type_idx=i64,ne=[256,5,7,3],nr23=[1,1],r=1,v=1): not supported [Vulkan0] 
  SET_ROWS(type=q5_K,type_idx=i64,ne=[256,11,1,7],nr23=[2,3],r=7,v=1): not supported [Vulkan0] 
  SET_ROWS(type=q5_K,type_idx=i64,ne=[768,3,7,1],nr23=[2,3],r=2,v=1): not supported [Vulkan0] 
  SET_ROWS(type=q6_K,type_idx=i64,ne=[256,5,1,3],nr23=[1,1],r=1,v=0): not supported [Vulkan0] 
  SET_ROWS(type=q6_K,type_idx=i64,ne=[256,11,1,1],nr23=[2,3],r=7,v=0): not supported [Vulkan0] 
  SET_ROWS(type=q6_K,type_idx=i64,ne=[768,3,1,1],nr23=[2,3],r=2,v=0): not supported [Vulkan0] 
  SET_ROWS(type=q6_K,type_idx=i64,ne=[256,5,1,3],nr23=[1,1],r=1,v=1): not supported [Vulkan0] 
  SET_ROWS(type=q6_K,type_idx=i64,ne=[256,11,1,1],nr23=[2,3],r=7,v=1): not supported [Vulkan0] 
  SET_ROWS(type=q6_K,type_idx=i64,ne=[768,3,1,1],nr23=[2,3],r=2,v=1): not supported [Vulkan0] 
  SET_ROWS(type=q6_K,type_idx=i64,ne=[256,5,7,3],nr23=[1,1],r=1,v=0): not supported [Vulkan0] 
  SET_ROWS(type=q6_K,type_idx=i64,ne=[256,11,1,7],nr23=[2,3],r=7,v=0): not supported [Vulkan0] 
  SET_ROWS(type=q6_K,type_idx=i64,ne=[768,3,7,1],nr23=[2,3],r=2,v=0): not supported [Vulkan0] 
  SET_ROWS(type=q6_K,type_idx=i64,ne=[256,5,7,3],nr23=[1,1],r=1,v=1): not supported [Vulkan0] 
  SET_ROWS(type=q6_K,type_idx=i64,ne=[256,11,1,7],nr23=[2,3],r=7,v=1): not supported [Vulkan0] 
  SET_ROWS(type=q6_K,type_idx=i64,ne=[768,3,7,1],nr23=[2,3],r=2,v=1): not supported [Vulkan0] 
  SET_ROWS(type=iq2_xxs,type_idx=i64,ne=[256,5,1,3],nr23=[1,1],r=1,v=0): not supported [Vulkan0] 
  SET_ROWS(type=iq2_xxs,type_idx=i64,ne=[256,11,1,1],nr23=[2,3],r=7,v=0): not supported [Vulkan0] 
  SET_ROWS(type=iq2_xxs,type_idx=i64,ne=[768,3,1,1],nr23=[2,3],r=2,v=0): not supported [Vulkan0] 
  SET_ROWS(type=iq2_xxs,type_idx=i64,ne=[256,5,1,3],nr23=[1,1],r=1,v=1): not supported [Vulkan0] 
  SET_ROWS(type=iq2_xxs,type_idx=i64,ne=[256,11,1,1],nr23=[2,3],r=7,v=1): not supported [Vulkan0] 
  SET_ROWS(type=iq2_xxs,type_idx=i64,ne=[768,3,1,1],nr23=[2,3],r=2,v=1): not supported [Vulkan0] 
  SET_ROWS(type=iq2_xxs,type_idx=i64,ne=[256,5,7,3],nr23=[1,1],r=1,v=0): not supported [Vulkan0] 
  SET_ROWS(type=iq2_xxs,type_idx=i64,ne=[256,11,1,7],nr23=[2,3],r=7,v=0): not supported [Vulkan0] 
  SET_ROWS(type=iq2_xxs,type_idx=i64,ne=[768,3,7,1],nr23=[2,3],r=2,v=0): not supported [Vulkan0] 
  SET_ROWS(type=iq2_xxs,type_idx=i64,ne=[256,5,7,3],nr23=[1,1],r=1,v=1): not supported [Vulkan0] 
  SET_ROWS(type=iq2_xxs,type_idx=i64,ne=[256,11,1,7],nr23=[2,3],r=7,v=1): not supported [Vulkan0] 
  SET_ROWS(type=iq2_xxs,type_idx=i64,ne=[768,3,7,1],nr23=[2,3],r=2,v=1): not supported [Vulkan0] 
  SET_ROWS(type=iq2_xs,type_idx=i64,ne=[256,5,1,3],nr23=[1,1],r=1,v=0): not supported [Vulkan0] 
  SET_ROWS(type=iq2_xs,type_idx=i64,ne=[256,11,1,1],nr23=[2,3],r=7,v=0): not supported [Vulkan0] 
  SET_ROWS(type=iq2_xs,type_idx=i64,ne=[768,3,1,1],nr23=[2,3],r=2,v=0): not supported [Vulkan0] 
  SET_ROWS(type=iq2_xs,type_idx=i64,ne=[256,5,1,3],nr23=[1,1],r=1,v=1): not supported [Vulkan0] 
  SET_ROWS(type=iq2_xs,type_idx=i64,ne=[256,11,1,1],nr23=[2,3],r=7,v=1): not supported [Vulkan0] 
  SET_ROWS(type=iq2_xs,type_idx=i64,ne=[768,3,1,1],nr23=[2,3],r=2,v=1): not supported [Vulkan0] 
  SET_ROWS(type=iq2_xs,type_idx=i64,ne=[256,5,7,3],nr23=[1,1],r=1,v=0): not supported [Vulkan0] 
  SET_ROWS(type=iq2_xs,type_idx=i64,ne=[256,11,1,7],nr23=[2,3],r=7,v=0): not supported [Vulkan0] 
  SET_ROWS(type=iq2_xs,type_idx=i64,ne=[768,3,7,1],nr23=[2,3],r=2,v=0): not supported [Vulkan0] 
  SET_ROWS(type=iq2_xs,type_idx=i64,ne=[256,5,7,3],nr23=[1,1],r=1,v=1): not supported [Vulkan0] 
  SET_ROWS(type=iq2_xs,type_idx=i64,ne=[256,11,1,7],nr23=[2,3],r=7,v=1): not supported [Vulkan0] 
  SET_ROWS(type=iq2_xs,type_idx=i64,ne=[768,3,7,1],nr23=[2,3],r=2,v=1): not supported [Vulkan0] 
  SET_ROWS(type=iq2_s,type_idx=i64,ne=[256,5,1,3],nr23=[1,1],r=1,v=0): not supported [Vulkan0] 
  SET_ROWS(type=iq2_s,type_idx=i64,ne=[256,11,1,1],nr23=[2,3],r=7,v=0): not supported [Vulkan0] 
  SET_ROWS(type=iq2_s,type_idx=i64,ne=[768,3,1,1],nr23=[2,3],r=2,v=0): not supported [Vulkan0] 
  SET_ROWS(type=iq2_s,type_idx=i64,ne=[256,5,1,3],nr23=[1,1],r=1,v=1): not supported [Vulkan0] 
  SET_ROWS(type=iq2_s,type_idx=i64,ne=[256,11,1,1],nr23=[2,3],r=7,v=1): not supported [Vulkan0] 
  SET_ROWS(type=iq2_s,type_idx=i64,ne=[768,3,1,1],nr23=[2,3],r=2,v=1): not supported [Vulkan0] 
  SET_ROWS(type=iq2_s,type_idx=i64,ne=[256,5,7,3],nr23=[1,1],r=1,v=0): not supported [Vulkan0] 
  SET_ROWS(type=iq2_s,type_idx=i64,ne=[256,11,1,7],nr23=[2,3],r=7,v=0): not supported [Vulkan0] 
  SET_ROWS(type=iq2_s,type_idx=i64,ne=[768,3,7,1],nr23=[2,3],r=2,v=0): not supported [Vulkan0] 
  SET_ROWS(type=iq2_s,type_idx=i64,ne=[256,5,7,3],nr23=[1,1],r=1,v=1): not supported [Vulkan0] 
  SET_ROWS(type=iq2_s,type_idx=i64,ne=[256,11,1,7],nr23=[2,3],r=7,v=1): not supported [Vulkan0] 
  SET_ROWS(type=iq2_s,type_idx=i64,ne=[768,3,7,1],nr23=[2,3],r=2,v=1): not supported [Vulkan0] 
  SET_ROWS(type=iq3_xxs,type_idx=i64,ne=[256,5,1,3],nr23=[1,1],r=1,v=0): not supported [Vulkan0] 
  SET_ROWS(type=iq3_xxs,type_idx=i64,ne=[256,11,1,1],nr23=[2,3],r=7,v=0): not supported [Vulkan0] 
  SET_ROWS(type=iq3_xxs,type_idx=i64,ne=[768,3,1,1],nr23=[2,3],r=2,v=0): not supported [Vulkan0] 
  SET_ROWS(type=iq3_xxs,type_idx=i64,ne=[256,5,1,3],nr23=[1,1],r=1,v=1): not supported [Vulkan0] 
  SET_ROWS(type=iq3_xxs,type_idx=i64,ne=[256,11,1,1],nr23=[2,3],r=7,v=1): not supported [Vulkan0] 
  SET_ROWS(type=iq3_xxs,type_idx=i64,ne=[768,3,1,1],nr23=[2,3],r=2,v=1): not supported [Vulkan0] 
  SET_ROWS(type=iq3_xxs,type_idx=i64,ne=[256,5,7,3],nr23=[1,1],r=1,v=0): not supported [Vulkan0] 
  SET_ROWS(type=iq3_xxs,type_idx=i64,ne=[256,11,1,7],nr23=[2,3],r=7,v=0): not supported [Vulkan0] 
  SET_ROWS(type=iq3_xxs,type_idx=i64,ne=[768,3,7,1],nr23=[2,3],r=2,v=0): not supported [Vulkan0] 
  SET_ROWS(type=iq3_xxs,type_idx=i64,ne=[256,5,7,3],nr23=[1,1],r=1,v=1): not supported [Vulkan0] 
  SET_ROWS(type=iq3_xxs,type_idx=i64,ne=[256,11,1,7],nr23=[2,3],r=7,v=1): not supported [Vulkan0] 
  SET_ROWS(type=iq3_xxs,type_idx=i64,ne=[768,3,7,1],nr23=[2,3],r=2,v=1): not supported [Vulkan0] 
  SET_ROWS(type=iq1_s,type_idx=i64,ne=[256,5,1,3],nr23=[1,1],r=1,v=0): not supported [Vulkan0] 
  SET_ROWS(type=iq1_s,type_idx=i64,ne=[256,11,1,1],nr23=[2,3],r=7,v=0): not supported [Vulkan0] 
  SET_ROWS(type=iq1_s,type_idx=i64,ne=[768,3,1,1],nr23=[2,3],r=2,v=0): not supported [Vulkan0] 
  SET_ROWS(type=iq1_s,type_idx=i64,ne=[256,5,1,3],nr23=[1,1],r=1,v=1): not supported [Vulkan0] 
  SET_ROWS(type=iq1_s,type_idx=i64,ne=[256,11,1,1],nr23=[2,3],r=7,v=1): not supported [Vulkan0] 
  SET_ROWS(type=iq1_s,type_idx=i64,ne=[768,3,1,1],nr23=[2,3],r=2,v=1): not supported [Vulkan0] 
  SET_ROWS(type=iq1_s,type_idx=i64,ne=[256,5,7,3],nr23=[1,1],r=1,v=0): not supported [Vulkan0] 
  SET_ROWS(type=iq1_s,type_idx=i64,ne=[256,11,1,7],nr23=[2,3],r=7,v=0): not supported [Vulkan0] 
  SET_ROWS(type=iq1_s,type_idx=i64,ne=[768,3,7,1],nr23=[2,3],r=2,v=0): not supported [Vulkan0] 
  SET_ROWS(type=iq1_s,type_idx=i64,ne=[256,5,7,3],nr23=[1,1],r=1,v=1): not supported [Vulkan0] 
  SET_ROWS(type=iq1_s,type_idx=i64,ne=[256,11,1,7],nr23=[2,3],r=7,v=1): not supported [Vulkan0] 
  SET_ROWS(type=iq1_s,type_idx=i64,ne=[768,3,7,1],nr23=[2,3],r=2,v=1): not supported [Vulkan0] 
  SET_ROWS(type=iq1_m,type_idx=i64,ne=[256,5,1,3],nr23=[1,1],r=1,v=0): not supported [Vulkan0] 
  SET_ROWS(type=iq1_m,type_idx=i64,ne=[256,11,1,1],nr23=[2,3],r=7,v=0): not supported [Vulkan0] 
  SET_ROWS(type=iq1_m,type_idx=i64,ne=[768,3,1,1],nr23=[2,3],r=2,v=0): not supported [Vulkan0] 
  SET_ROWS(type=iq1_m,type_idx=i64,ne=[256,5,1,3],nr23=[1,1],r=1,v=1): not supported [Vulkan0] 
  SET_ROWS(type=iq1_m,type_idx=i64,ne=[256,11,1,1],nr23=[2,3],r=7,v=1): not supported [Vulkan0] 
  SET_ROWS(type=iq1_m,type_idx=i64,ne=[768,3,1,1],nr23=[2,3],r=2,v=1): not supported [Vulkan0] 
  SET_ROWS(type=iq1_m,type_idx=i64,ne=[256,5,7,3],nr23=[1,1],r=1,v=0): not supported [Vulkan0] 
  SET_ROWS(type=iq1_m,type_idx=i64,ne=[256,11,1,7],nr23=[2,3],r=7,v=0): not supported [Vulkan0] 
  SET_ROWS(type=iq1_m,type_idx=i64,ne=[768,3,7,1],nr23=[2,3],r=2,v=0): not supported [Vulkan0] 
  SET_ROWS(type=iq1_m,type_idx=i64,ne=[256,5,7,3],nr23=[1,1],r=1,v=1): not supported [Vulkan0] 
  SET_ROWS(type=iq1_m,type_idx=i64,ne=[256,11,1,7],nr23=[2,3],r=7,v=1): not supported [Vulkan0] 
  SET_ROWS(type=iq1_m,type_idx=i64,ne=[768,3,7,1],nr23=[2,3],r=2,v=1): not supported [Vulkan0] 
  SET_ROWS(type=iq4_nl,type_idx=i64,ne=[256,5,1,3],nr23=[1,1],r=1,v=0): [1;32mOK[0m
  SET_ROWS(type=iq4_nl,type_idx=i64,ne=[256,11,1,1],nr23=[2,3],r=7,v=0): [1;32mOK[0m
  SET_ROWS(type=iq4_nl,type_idx=i64,ne=[96,3,1,1],nr23=[2,3],r=2,v=0): [1;32mOK[0m
  SET_ROWS(type=iq4_nl,type_idx=i64,ne=[256,5,1,3],nr23=[1,1],r=1,v=1): [1;32mOK[0m
  SET_ROWS(type=iq4_nl,type_idx=i64,ne=[256,11,1,1],nr23=[2,3],r=7,v=1): [1;32mOK[0m
  SET_ROWS(type=iq4_nl,type_idx=i64,ne=[96,3,1,1],nr23=[2,3],r=2,v=1): [1;32mOK[0m
  SET_ROWS(type=iq4_nl,type_idx=i64,ne=[256,5,7,3],nr23=[1,1],r=1,v=0): [1;32mOK[0m
  SET_ROWS(type=iq4_nl,type_idx=i64,ne=[256,11,1,7],nr23=[2,3],r=7,v=0): [1;32mOK[0m
  SET_ROWS(type=iq4_nl,type_idx=i64,ne=[96,3,7,1],nr23=[2,3],r=2,v=0): [1;32mOK[0m
  SET_ROWS(type=iq4_nl,type_idx=i64,ne=[256,5,7,3],nr23=[1,1],r=1,v=1): [1;32mOK[0m
  SET_ROWS(type=iq4_nl,type_idx=i64,ne=[256,11,1,7],nr23=[2,3],r=7,v=1): [1;32mOK[0m
  SET_ROWS(type=iq4_nl,type_idx=i64,ne=[96,3,7,1],nr23=[2,3],r=2,v=1): [1;32mOK[0m
  SET_ROWS(type=iq3_s,type_idx=i64,ne=[256,5,1,3],nr23=[1,1],r=1,v=0): not supported [Vulkan0] 
  SET_ROWS(type=iq3_s,type_idx=i64,ne=[256,11,1,1],nr23=[2,3],r=7,v=0): not supported [Vulkan0] 
  SET_ROWS(type=iq3_s,type_idx=i64,ne=[768,3,1,1],nr23=[2,3],r=2,v=0): not supported [Vulkan0] 
  SET_ROWS(type=iq3_s,type_idx=i64,ne=[256,5,1,3],nr23=[1,1],r=1,v=1): not supported [Vulkan0] 
  SET_ROWS(type=iq3_s,type_idx=i64,ne=[256,11,1,1],nr23=[2,3],r=7,v=1): not supported [Vulkan0] 
  SET_ROWS(type=iq3_s,type_idx=i64,ne=[768,3,1,1],nr23=[2,3],r=2,v=1): not supported [Vulkan0] 
  SET_ROWS(type=iq3_s,type_idx=i64,ne=[256,5,7,3],nr23=[1,1],r=1,v=0): not supported [Vulkan0] 
  SET_ROWS(type=iq3_s,type_idx=i64,ne=[256,11,1,7],nr23=[2,3],r=7,v=0): not supported [Vulkan0] 
  SET_ROWS(type=iq3_s,type_idx=i64,ne=[768,3,7,1],nr23=[2,3],r=2,v=0): not supported [Vulkan0] 
  SET_ROWS(type=iq3_s,type_idx=i64,ne=[256,5,7,3],nr23=[1,1],r=1,v=1): not supported [Vulkan0] 
  SET_ROWS(type=iq3_s,type_idx=i64,ne=[256,11,1,7],nr23=[2,3],r=7,v=1): not supported [Vulkan0] 
  SET_ROWS(type=iq3_s,type_idx=i64,ne=[768,3,7,1],nr23=[2,3],r=2,v=1): not supported [Vulkan0] 
  SET_ROWS(type=iq4_xs,type_idx=i64,ne=[256,5,1,3],nr23=[1,1],r=1,v=0): not supported [Vulkan0] 
  SET_ROWS(type=iq4_xs,type_idx=i64,ne=[256,11,1,1],nr23=[2,3],r=7,v=0): not supported [Vulkan0] 
  SET_ROWS(type=iq4_xs,type_idx=i64,ne=[768,3,1,1],nr23=[2,3],r=2,v=0): not supported [Vulkan0] 
  SET_ROWS(type=iq4_xs,type_idx=i64,ne=[256,5,1,3],nr23=[1,1],r=1,v=1): not supported [Vulkan0] 
  SET_ROWS(type=iq4_xs,type_idx=i64,ne=[256,11,1,1],nr23=[2,3],r=7,v=1): not supported [Vulkan0] 
  SET_ROWS(type=iq4_xs,type_idx=i64,ne=[768,3,1,1],nr23=[2,3],r=2,v=1): not supported [Vulkan0] 
  SET_ROWS(type=iq4_xs,type_idx=i64,ne=[256,5,7,3],nr23=[1,1],r=1,v=0): not supported [Vulkan0] 
  SET_ROWS(type=iq4_xs,type_idx=i64,ne=[256,11,1,7],nr23=[2,3],r=7,v=0): not supported [Vulkan0] 
  SET_ROWS(type=iq4_xs,type_idx=i64,ne=[768,3,7,1],nr23=[2,3],r=2,v=0): not supported [Vulkan0] 
  SET_ROWS(type=iq4_xs,type_idx=i64,ne=[256,5,7,3],nr23=[1,1],r=1,v=1): not supported [Vulkan0] 
  SET_ROWS(type=iq4_xs,type_idx=i64,ne=[256,11,1,7],nr23=[2,3],r=7,v=1): not supported [Vulkan0] 
  SET_ROWS(type=iq4_xs,type_idx=i64,ne=[768,3,7,1],nr23=[2,3],r=2,v=1): not supported [Vulkan0] 
  SET_ROWS(type=tq3_1s,type_idx=i64,ne=[256,5,1,3],nr23=[1,1],r=1,v=0): not supported [Vulkan0] 
  SET_ROWS(type=tq3_1s,type_idx=i64,ne=[256,11,1,1],nr23=[2,3],r=7,v=0): not supported [Vulkan0] 
  SET_ROWS(type=tq3_1s,type_idx=i64,ne=[96,3,1,1],nr23=[2,3],r=2,v=0): not supported [Vulkan0] 
  SET_ROWS(type=tq3_1s,type_idx=i64,ne=[256,5,1,3],nr23=[1,1],r=1,v=1): not supported [Vulkan0] 
  SET_ROWS(type=tq3_1s,type_idx=i64,ne=[256,11,1,1],nr23=[2,3],r=7,v=1): not supported [Vulkan0] 
  SET_ROWS(type=tq3_1s,type_idx=i64,ne=[96,3,1,1],nr23=[2,3],r=2,v=1): not supported [Vulkan0] 
  SET_ROWS(type=tq3_1s,type_idx=i64,ne=[256,5,7,3],nr23=[1,1],r=1,v=0): not supported [Vulkan0] 
  SET_ROWS(type=tq3_1s,type_idx=i64,ne=[256,11,1,7],nr23=[2,3],r=7,v=0): not supported [Vulkan0] 
  SET_ROWS(type=tq3_1s,type_idx=i64,ne=[96,3,7,1],nr23=[2,3],r=2,v=0): not supported [Vulkan0] 
  SET_ROWS(type=tq3_1s,type_idx=i64,ne=[256,5,7,3],nr23=[1,1],r=1,v=1): not supported [Vulkan0] 
  SET_ROWS(type=tq3_1s,type_idx=i64,ne=[256,11,1,7],nr23=[2,3],r=7,v=1): not supported [Vulkan0] 
  SET_ROWS(type=tq3_1s,type_idx=i64,ne=[96,3,7,1],nr23=[2,3],r=2,v=1): not supported [Vulkan0] 
  SET_ROWS(type=tq4_1s,type_idx=i64,ne=[256,5,1,3],nr23=[1,1],r=1,v=0): not supported [Vulkan0] 
  SET_ROWS(type=tq4_1s,type_idx=i64,ne=[256,11,1,1],nr23=[2,3],r=7,v=0): not supported [Vulkan0] 
  SET_ROWS(type=tq4_1s,type_idx=i64,ne=[96,3,1,1],nr23=[2,3],r=2,v=0): not supported [Vulkan0] 
  SET_ROWS(type=tq4_1s,type_idx=i64,ne=[256,5,1,3],nr23=[1,1],r=1,v=1): not supported [Vulkan0] 
  SET_ROWS(type=tq4_1s,type_idx=i64,ne=[256,11,1,1],nr23=[2,3],r=7,v=1): not supported [Vulkan0] 
  SET_ROWS(type=tq4_1s,type_idx=i64,ne=[96,3,1,1],nr23=[2,3],r=2,v=1): not supported [Vulkan0] 
  SET_ROWS(type=tq4_1s,type_idx=i64,ne=[256,5,7,3],nr23=[1,1],r=1,v=0): not supported [Vulkan0] 
  SET_ROWS(type=tq4_1s,type_idx=i64,ne=[256,11,1,7],nr23=[2,3],r=7,v=0): not supported [Vulkan0] 
  SET_ROWS(type=tq4_1s,type_idx=i64,ne=[96,3,7,1],nr23=[2,3],r=2,v=0): not supported [Vulkan0] 
  SET_ROWS(type=tq4_1s,type_idx=i64,ne=[256,5,7,3],nr23=[1,1],r=1,v=1): not supported [Vulkan0] 
  SET_ROWS(type=tq4_1s,type_idx=i64,ne=[256,11,1,7],nr23=[2,3],r=7,v=1): not supported [Vulkan0] 
  SET_ROWS(type=tq4_1s,type_idx=i64,ne=[96,3,7,1],nr23=[2,3],r=2,v=1): not supported [Vulkan0] 
  147/147 tests passed
  Backend Vulkan0: [1;32mOK[0m
Backend 2/2: CPU
  Skipping CPU backend
2/2 backends passed
[1;32mOK[0m
