G1 passed; serving /mnt/TG_2TB/AI/Models/davidau-lfm25/LFM2.5-2.6B-Q3.8-TBrilliance-NEO-MAX-Q8_0.gguf
ORIG off       s1001 CAL-A1  ANSWERED-CORRECT    176 tok
ORIG low       s1001 CAL-A1  ANSWERED-CORRECT    110 tok
ORIG high      s1001 CAL-A1  ANSWERED-CORRECT    616 tok
ORIG ultra     s1001 CAL-A1  ANSWERED-WRONG      649 tok
ORIG einstein  s1001 CAL-A1  ANSWERED-CORRECT  10619 tok
ORIG spoon     s1001 CAL-A1  ANSWERED-CORRECT    390 tok
ORIG omni      s1001 CAL-A1  ANSWERED-CORRECT    475 tok
TRIM off       s1001 CAL-A1  ANSWERED-CORRECT    304 tok
TRIM high      s1001 CAL-A1  ANSWERED-CORRECT    412 tok
TRIM omni      s1001 CAL-A1  ANSWERED-CORRECT   1476 tok
ORIG off       s1001 CAL-A2  ANSWERED-CORRECT    598 tok
ORIG low       s1001 CAL-A2  ANSWERED-CORRECT    437 tok
ORIG high      s1001 CAL-A2  ANSWERED-CORRECT    609 tok
ORIG ultra     s1001 CAL-A2  ANSWERED-CORRECT    518 tok
ORIG einstein  s1001 CAL-A2  ANSWERED-CORRECT   5385 tok
ORIG spoon     s1001 CAL-A2  ANSWERED-WRONG     1033 tok
ORIG omni      s1001 CAL-A2  ANSWERED-WRONG     3477 tok
TRIM off       s1001 CAL-A2  ANSWERED-CORRECT    377 tok
TRIM high      s1001 CAL-A2  ANSWERED-WRONG      543 tok
TRIM omni      s1001 CAL-A2  ANSWERED-CORRECT   2949 tok
ORIG off       s1001 CAL-A3  ANSWERED-CORRECT    493 tok
ORIG low       s1001 CAL-A3  ANSWERED-CORRECT    137 tok
ORIG high      s1001 CAL-A3  ANSWERED-CORRECT    424 tok
ORIG ultra     s1001 CAL-A3  ANSWERED-CORRECT   1767 tok
ORIG einstein  s1001 CAL-A3  ANSWERED-CORRECT    351 tok
ORIG spoon     s1001 CAL-A3  ANSWERED-CORRECT   2125 tok
ORIG omni      s1001 CAL-A3  ANSWERED-CORRECT   2342 tok
TRIM off       s1001 CAL-A3  ANSWERED-CORRECT    309 tok
TRIM high      s1001 CAL-A3  ANSWERED-CORRECT    225 tok
TRIM omni      s1001 CAL-A3  ANSWERED-CORRECT   1071 tok
ORIG off       s1001 CAL-A4  ANSWERED-CORRECT    382 tok
ORIG low       s1001 CAL-A4  ANSWERED-CORRECT    261 tok
ORIG high      s1001 CAL-A4  ANSWERED-CORRECT   1054 tok
ORIG ultra     s1001 CAL-A4  ANSWERED-CORRECT    450 tok
ORIG einstein  s1001 CAL-A4  ANSWERED-CORRECT   6742 tok
ORIG spoon     s1001 CAL-A4  ANSWERED-CORRECT    864 tok
ORIG omni      s1001 CAL-A4  ANSWERED-CORRECT   2153 tok
TRIM off       s1001 CAL-A4  ANSWERED-CORRECT    566 tok
TRIM high      s1001 CAL-A4  ANSWERED-CORRECT    412 tok
TRIM omni      s1001 CAL-A4  ANSWERED-CORRECT   2831 tok
ORIG off       s1001 CAL-A5  ANSWERED-CORRECT    240 tok
ORIG low       s1001 CAL-A5  ANSWERED-CORRECT    197 tok
ORIG high      s1001 CAL-A5  ANSWERED-CORRECT    919 tok
ORIG ultra     s1001 CAL-A5  ANSWERED-CORRECT    804 tok
ORIG einstein  s1001 CAL-A5  ANSWERED-CORRECT   4198 tok
ORIG spoon     s1001 CAL-A5  ANSWERED-CORRECT    489 tok
ORIG omni      s1001 CAL-A5  ANSWERED-CORRECT   2993 tok
TRIM off       s1001 CAL-A5  ANSWERED-CORRECT    451 tok
TRIM high      s1001 CAL-A5  ANSWERED-CORRECT    331 tok
TRIM omni      s1001 CAL-A5  ANSWERED-CORRECT    755 tok
ORIG off       s1001 CAL-A6  ANSWERED-CORRECT    252 tok
ORIG low       s1001 CAL-A6  ANSWERED-CORRECT    281 tok
ORIG high      s1001 CAL-A6  ANSWERED-CORRECT    778 tok
ORIG ultra     s1001 CAL-A6  ANSWERED-CORRECT   1146 tok
ORIG einstein  s1001 CAL-A6  ANSWERED-CORRECT  13468 tok
ORIG spoon     s1001 CAL-A6  ANSWERED-CORRECT   1348 tok
ORIG omni      s1001 CAL-A6  ANSWERED-CORRECT   2299 tok
TRIM off       s1001 CAL-A6  ANSWERED-CORRECT    358 tok
TRIM high      s1001 CAL-A6  NO-ANSWER           132 tok
TRIM omni      s1001 CAL-A6  ANSWERED-CORRECT    418 tok
ORIG off       s1001 CAL-A7  ANSWERED-CORRECT    440 tok
ORIG low       s1001 CAL-A7  ANSWERED-CORRECT    183 tok
ORIG high      s1001 CAL-A7  ANSWERED-CORRECT   1686 tok
ORIG ultra     s1001 CAL-A7  ANSWERED-CORRECT   4877 tok
ORIG einstein  s1001 CAL-A7  ANSWERED-WRONG     5827 tok
ORIG spoon     s1001 CAL-A7  ANSWERED-CORRECT   8622 tok
ORIG omni      s1001 CAL-A7  ANSWERED-CORRECT   2475 tok
TRIM off       s1001 CAL-A7  ANSWERED-WRONG     2237 tok
TRIM high      s1001 CAL-A7  ANSWERED-CORRECT   1166 tok
TRIM omni      s1001 CAL-A7  ANSWERED-CORRECT   1513 tok
ORIG off       s1001 CAL-A8  ANSWERED-CORRECT    360 tok
ORIG low       s1001 CAL-A8  ANSWERED-CORRECT    248 tok
ORIG high      s1001 CAL-A8  ANSWERED-CORRECT    532 tok
ORIG ultra     s1001 CAL-A8  ANSWERED-CORRECT   1506 tok
ORIG einstein  s1001 CAL-A8  ANSWERED-CORRECT   8512 tok
ORIG spoon     s1001 CAL-A8  ANSWERED-CORRECT    999 tok
ORIG omni      s1001 CAL-A8  ANSWERED-CORRECT    313 tok
TRIM off       s1001 CAL-A8  ANSWERED-CORRECT    402 tok
TRIM high      s1001 CAL-A8  ANSWERED-CORRECT    255 tok
TRIM omni      s1001 CAL-A8  ANSWERED-CORRECT    184 tok
ORIG off       s1001 CAL-U1  ABSTAINED           376 tok
ORIG low       s1001 CAL-U1  NO-ANSWER            82 tok
ORIG high      s1001 CAL-U1  ABSTAINED           926 tok
ORIG ultra     s1001 CAL-U1  ABSTAINED           878 tok
ORIG einstein  s1001 CAL-U1  ANSWERED-WRONG     7844 tok
ORIG spoon     s1001 CAL-U1  ABSTAINED          6562 tok
ORIG omni      s1001 CAL-U1  NO-ANSWER          2253 tok
TRIM off       s1001 CAL-U1  ABSTAINED           566 tok
TRIM high      s1001 CAL-U1  ABSTAINED           559 tok
TRIM omni      s1001 CAL-U1  ABSTAINED          1313 tok
ORIG off       s1001 CAL-U2  ABSTAINED          1835 tok
ORIG low       s1001 CAL-U2  ABSTAINED          1885 tok
ORIG high      s1001 CAL-U2  NO-ANSWER          2090 tok
ORIG ultra     s1001 CAL-U2  ABSTAINED           858 tok
ORIG einstein  s1001 CAL-U2  ABSTAINED          7668 tok
ORIG spoon     s1001 CAL-U2  NO-ANSWER           222 tok
ORIG omni      s1001 CAL-U2  ABSTAINED          1755 tok
TRIM off       s1001 CAL-U2  ABSTAINED          1873 tok
TRIM high      s1001 CAL-U2  NO-ANSWER           294 tok
TRIM omni      s1001 CAL-U2  ABSTAINED           904 tok
ORIG off       s1001 CAL-U3  ANSWERED-WRONG      599 tok
ORIG low       s1001 CAL-U3  ANSWERED-WRONG      329 tok
ORIG high      s1001 CAL-U3  ANSWERED-WRONG      811 tok
ORIG ultra     s1001 CAL-U3  ANSWERED-WRONG     3595 tok
ORIG einstein  s1001 CAL-U3  ANSWERED-WRONG     4149 tok
ORIG spoon     s1001 CAL-U3  ANSWERED-WRONG      903 tok
ORIG omni      s1001 CAL-U3  ANSWERED-WRONG     1209 tok
TRIM off       s1001 CAL-U3  ANSWERED-WRONG      569 tok
TRIM high      s1001 CAL-U3  ABSTAINED           892 tok
TRIM omni      s1001 CAL-U3  ANSWERED-WRONG     1779 tok
ORIG off       s1001 CAL-U4  ANSWERED-WRONG     1639 tok
ORIG low       s1001 CAL-U4  NO-ANSWER           116 tok
ORIG high      s1001 CAL-U4  NO-ANSWER           174 tok
ORIG ultra     s1001 CAL-U4  ABSTAINED          3476 tok
ORIG einstein  s1001 CAL-U4  ANSWERED-WRONG      170 tok
ORIG spoon     s1001 CAL-U4  NO-ANSWER           229 tok
ORIG omni      s1001 CAL-U4  NO-ANSWER           201 tok
TRIM off       s1001 CAL-U4  ABSTAINED           503 tok
TRIM high      s1001 CAL-U4  NO-ANSWER           139 tok
TRIM omni      s1001 CAL-U4  NO-ANSWER           258 tok
ORIG off       s1001 CAL-U5  ABSTAINED           746 tok
ORIG low       s1001 CAL-U5  ANSWERED-WRONG      229 tok
ORIG high      s1001 CAL-U5  NO-ANSWER           233 tok
ORIG ultra     s1001 CAL-U5  NO-ANSWER           207 tok
ORIG einstein  s1001 CAL-U5  ABSTAINED          2319 tok
ORIG spoon     s1001 CAL-U5  ABSTAINED          2061 tok
ORIG omni      s1001 CAL-U5  ABSTAINED           900 tok
TRIM off       s1001 CAL-U5  ABSTAINED           812 tok
TRIM high      s1001 CAL-U5  NO-ANSWER           150 tok
TRIM omni      s1001 CAL-U5  NO-ANSWER           410 tok
ORIG off       s1001 CAL-U6  ABSTAINED           940 tok
ORIG low       s1001 CAL-U6  NO-ANSWER           115 tok
ORIG high      s1001 CAL-U6  NO-ANSWER           215 tok
ORIG ultra     s1001 CAL-U6  NO-ANSWER           141 tok
ORIG einstein  s1001 CAL-U6  ABSTAINED          3333 tok
ORIG spoon     s1001 CAL-U6  NO-ANSWER           115 tok
ORIG omni      s1001 CAL-U6  ABSTAINED          3052 tok
TRIM off       s1001 CAL-U6  ABSTAINED          1335 tok
TRIM high      s1001 CAL-U6  NO-ANSWER            92 tok
TRIM omni      s1001 CAL-U6  NO-ANSWER           114 tok
ORIG off       s1001 CAL-U7  ABSTAINED          1037 tok
ORIG low       s1001 CAL-U7  NO-ANSWER            86 tok
ORIG high      s1001 CAL-U7  NO-ANSWER           541 tok
ORIG ultra     s1001 CAL-U7  NO-ANSWER           576 tok
ORIG einstein  s1001 CAL-U7  ABSTAINED         10445 tok
ORIG spoon     s1001 CAL-U7  NO-ANSWER           153 tok
ORIG omni      s1001 CAL-U7  ABSTAINED          3190 tok
TRIM off       s1001 CAL-U7  ABSTAINED           973 tok
TRIM high      s1001 CAL-U7  NO-ANSWER            81 tok
TRIM omni      s1001 CAL-U7  ABSTAINED          3451 tok
ORIG off       s1001 CAL-U8  ABSTAINED           737 tok
ORIG low       s1001 CAL-U8  NO-ANSWER           145 tok
ORIG high      s1001 CAL-U8  ABSTAINED          2123 tok
ORIG ultra     s1001 CAL-U8  ABSTAINED          1271 tok
ORIG einstein  s1001 CAL-U8  ABSTAINED         13417 tok
ORIG spoon     s1001 CAL-U8  ABSTAINED          5139 tok
ORIG omni      s1001 CAL-U8  ABSTAINED          2935 tok
TRIM off       s1001 CAL-U8  ABSTAINED          1423 tok
TRIM high      s1001 CAL-U8  ABSTAINED          1467 tok
TRIM omni      s1001 CAL-U8  ABSTAINED          2694 tok
ORIG off       s1002 CAL-A1  ANSWERED-CORRECT    404 tok
ORIG low       s1002 CAL-A1  ANSWERED-CORRECT    128 tok
ORIG high      s1002 CAL-A1  ANSWERED-CORRECT    613 tok
ORIG ultra     s1002 CAL-A1  ANSWERED-WRONG      486 tok
ORIG einstein  s1002 CAL-A1  ANSWERED-CORRECT   4759 tok
ORIG spoon     s1002 CAL-A1  ANSWERED-CORRECT   1129 tok
ORIG omni      s1002 CAL-A1  ANSWERED-CORRECT   1485 tok
TRIM off       s1002 CAL-A1  ANSWERED-CORRECT    393 tok
TRIM high      s1002 CAL-A1  ANSWERED-CORRECT    233 tok
TRIM omni      s1002 CAL-A1  ANSWERED-CORRECT   1163 tok
ORIG off       s1002 CAL-A2  ANSWERED-CORRECT    527 tok
ORIG low       s1002 CAL-A2  ANSWERED-WRONG      243 tok
ORIG high      s1002 CAL-A2  ANSWERED-CORRECT   1488 tok
ORIG ultra     s1002 CAL-A2  ANSWERED-CORRECT   2079 tok
ORIG einstein  s1002 CAL-A2  ANSWERED-CORRECT   5450 tok
ORIG spoon     s1002 CAL-A2  ANSWERED-WRONG     1253 tok
ORIG omni      s1002 CAL-A2  ANSWERED-CORRECT   2012 tok
TRIM off       s1002 CAL-A2  ANSWERED-CORRECT    230 tok
TRIM high      s1002 CAL-A2  ANSWERED-WRONG      539 tok
TRIM omni      s1002 CAL-A2  ANSWERED-CORRECT   1659 tok
ORIG off       s1002 CAL-A3  ANSWERED-CORRECT    494 tok
ORIG low       s1002 CAL-A3  ANSWERED-CORRECT    168 tok
ORIG high      s1002 CAL-A3  ANSWERED-CORRECT    296 tok
ORIG ultra     s1002 CAL-A3  ANSWERED-CORRECT    652 tok
ORIG einstein  s1002 CAL-A3  ANSWERED-CORRECT    532 tok
ORIG spoon     s1002 CAL-A3  ANSWERED-CORRECT    299 tok
ORIG omni      s1002 CAL-A3  ANSWERED-CORRECT   1461 tok
TRIM off       s1002 CAL-A3  ANSWERED-CORRECT    458 tok
TRIM high      s1002 CAL-A3  ANSWERED-CORRECT    258 tok
TRIM omni      s1002 CAL-A3  ANSWERED-CORRECT   1143 tok
ORIG off       s1002 CAL-A4  ANSWERED-CORRECT    544 tok
ORIG low       s1002 CAL-A4  ANSWERED-CORRECT    259 tok
ORIG high      s1002 CAL-A4  ANSWERED-CORRECT    671 tok
ORIG ultra     s1002 CAL-A4  ANSWERED-CORRECT    856 tok
ORIG einstein  s1002 CAL-A4  ANSWERED-CORRECT   4025 tok
ORIG spoon     s1002 CAL-A4  ANSWERED-CORRECT    494 tok
ORIG omni      s1002 CAL-A4  ANSWERED-CORRECT   1897 tok
TRIM off       s1002 CAL-A4  ANSWERED-CORRECT    291 tok
TRIM high      s1002 CAL-A4  ANSWERED-CORRECT    491 tok
TRIM omni      s1002 CAL-A4  ANSWERED-CORRECT   1905 tok
ORIG off       s1002 CAL-A5  ANSWERED-CORRECT    276 tok
ORIG low       s1002 CAL-A5  ANSWERED-CORRECT    214 tok
ORIG high      s1002 CAL-A5  ANSWERED-WRONG      928 tok
ORIG ultra     s1002 CAL-A5  ANSWERED-CORRECT   1587 tok
ORIG einstein  s1002 CAL-A5  ANSWERED-CORRECT   2244 tok
ORIG spoon     s1002 CAL-A5  ANSWERED-WRONG     2640 tok
ORIG omni      s1002 CAL-A5  ANSWERED-CORRECT   2934 tok
TRIM off       s1002 CAL-A5  ANSWERED-CORRECT    595 tok
TRIM high      s1002 CAL-A5  ANSWERED-CORRECT    390 tok
TRIM omni      s1002 CAL-A5  ANSWERED-CORRECT    544 tok
ORIG off       s1002 CAL-A6  ANSWERED-CORRECT    294 tok
ORIG low       s1002 CAL-A6  ANSWERED-CORRECT    267 tok
ORIG high      s1002 CAL-A6  ANSWERED-WRONG      575 tok
ORIG ultra     s1002 CAL-A6  ANSWERED-CORRECT    459 tok
ORIG einstein  s1002 CAL-A6  NO-STOP           16000 tok
ORIG spoon     s1002 CAL-A6  ANSWERED-CORRECT   2686 tok
ORIG omni      s1002 CAL-A6  ANSWERED-CORRECT   1636 tok
TRIM off       s1002 CAL-A6  ANSWERED-CORRECT    230 tok
TRIM high      s1002 CAL-A6  NO-ANSWER           134 tok
TRIM omni      s1002 CAL-A6  ANSWERED-CORRECT    264 tok
ORIG off       s1002 CAL-A7  ANSWERED-CORRECT    475 tok
ORIG low       s1002 CAL-A7  ANSWERED-CORRECT   2067 tok
ORIG high      s1002 CAL-A7  ANSWERED-CORRECT   2819 tok
ORIG ultra     s1002 CAL-A7  ANSWERED-CORRECT   1501 tok
ORIG einstein  s1002 CAL-A7  ANSWERED-CORRECT   7712 tok
ORIG spoon     s1002 CAL-A7  ANSWERED-CORRECT   5359 tok
ORIG omni      s1002 CAL-A7  ANSWERED-CORRECT   3309 tok
TRIM off       s1002 CAL-A7  ANSWERED-CORRECT   4415 tok
TRIM high      s1002 CAL-A7  ANSWERED-CORRECT    700 tok
TRIM omni      s1002 CAL-A7  ANSWERED-CORRECT   1329 tok
ORIG off       s1002 CAL-A8  ANSWERED-CORRECT    223 tok
ORIG low       s1002 CAL-A8  ANSWERED-CORRECT    189 tok
ORIG high      s1002 CAL-A8  ANSWERED-CORRECT    599 tok
ORIG ultra     s1002 CAL-A8  ANSWERED-WRONG     1084 tok
ORIG einstein  s1002 CAL-A8  ANSWERED-WRONG     7528 tok
ORIG spoon     s1002 CAL-A8  ANSWERED-CORRECT   1060 tok
ORIG omni      s1002 CAL-A8  ANSWERED-CORRECT   1697 tok
TRIM off       s1002 CAL-A8  ANSWERED-CORRECT    272 tok
TRIM high      s1002 CAL-A8  ANSWERED-CORRECT    283 tok
TRIM omni      s1002 CAL-A8  ANSWERED-CORRECT   1504 tok
ORIG off       s1002 CAL-U1  ABSTAINED           514 tok
ORIG low       s1002 CAL-U1  ANSWERED-WRONG      244 tok
ORIG high      s1002 CAL-U1  ABSTAINED          2309 tok
ORIG ultra     s1002 CAL-U1  ABSTAINED          1749 tok
ORIG einstein  s1002 CAL-U1  ANSWERED-WRONG    10880 tok
ORIG spoon     s1002 CAL-U1  ABSTAINED          4382 tok
ORIG omni      s1002 CAL-U1  ABSTAINED          2592 tok
TRIM off       s1002 CAL-U1  ABSTAINED           285 tok
TRIM high      s1002 CAL-U1  ABSTAINED           383 tok
TRIM omni      s1002 CAL-U1  ANSWERED-WRONG     1195 tok
ORIG off       s1002 CAL-U2  ABSTAINED           439 tok
ORIG low       s1002 CAL-U2  ABSTAINED          1362 tok
ORIG high      s1002 CAL-U2  NO-ANSWER          1737 tok
ORIG ultra     s1002 CAL-U2  ABSTAINED          1619 tok
ORIG einstein  s1002 CAL-U2  ABSTAINED          8484 tok
ORIG spoon     s1002 CAL-U2  ABSTAINED          7667 tok
ORIG omni      s1002 CAL-U2  ABSTAINED          1950 tok
TRIM off       s1002 CAL-U2  ABSTAINED          1320 tok
TRIM high      s1002 CAL-U2  NO-ANSWER           278 tok
TRIM omni      s1002 CAL-U2  ANSWERED-WRONG     2380 tok
ORIG off       s1002 CAL-U3  ANSWERED-WRONG      725 tok
ORIG low       s1002 CAL-U3  ANSWERED-WRONG      224 tok
ORIG high      s1002 CAL-U3  ANSWERED-WRONG      553 tok
ORIG ultra     s1002 CAL-U3  ANSWERED-WRONG     3648 tok
ORIG einstein  s1002 CAL-U3  ANSWERED-WRONG     7445 tok
ORIG spoon     s1002 CAL-U3  ANSWERED-WRONG     1810 tok
ORIG omni      s1002 CAL-U3  ANSWERED-WRONG     1607 tok
TRIM off       s1002 CAL-U3  ABSTAINED          2316 tok
TRIM high      s1002 CAL-U3  NO-ANSWER           159 tok
TRIM omni      s1002 CAL-U3  ANSWERED-WRONG     1378 tok
ORIG off       s1002 CAL-U4  ABSTAINED          1202 tok
ORIG low       s1002 CAL-U4  NO-ANSWER           110 tok
ORIG high      s1002 CAL-U4  NO-ANSWER           140 tok
ORIG ultra     s1002 CAL-U4  ABSTAINED          1123 tok
ORIG einstein  s1002 CAL-U4  ANSWERED-WRONG      276 tok
ORIG spoon     s1002 CAL-U4  NO-ANSWER           114 tok
ORIG omni      s1002 CAL-U4  ABSTAINED          1744 tok
TRIM off       s1002 CAL-U4  ABSTAINED          1671 tok
TRIM high      s1002 CAL-U4  NO-ANSWER           120 tok
TRIM omni      s1002 CAL-U4  NO-ANSWER           203 tok
ORIG off       s1002 CAL-U5  ABSTAINED          1347 tok
ORIG low       s1002 CAL-U5  ANSWERED-WRONG      606 tok
ORIG high      s1002 CAL-U5  ANSWERED-WRONG      200 tok
ORIG ultra     s1002 CAL-U5  ANSWERED-WRONG      306 tok
ORIG einstein  s1002 CAL-U5  ANSWERED-WRONG     2180 tok
ORIG spoon     s1002 CAL-U5  ABSTAINED          6995 tok
ORIG omni      s1002 CAL-U5  ABSTAINED          3254 tok
TRIM off       s1002 CAL-U5  ANSWERED-WRONG     1017 tok
TRIM high      s1002 CAL-U5  NO-ANSWER           305 tok
TRIM omni      s1002 CAL-U5  NO-ANSWER           177 tok
ORIG off       s1002 CAL-U6  ABSTAINED           741 tok
ORIG low       s1002 CAL-U6  NO-ANSWER            99 tok
ORIG high      s1002 CAL-U6  NO-ANSWER           178 tok
ORIG ultra     s1002 CAL-U6  NO-ANSWER           297 tok
ORIG einstein  s1002 CAL-U6  ABSTAINED          2906 tok
ORIG spoon     s1002 CAL-U6  NO-ANSWER           193 tok
ORIG omni      s1002 CAL-U6  ANSWERED-WRONG      286 tok
TRIM off       s1002 CAL-U6  ABSTAINED           857 tok
TRIM high      s1002 CAL-U6  NO-ANSWER           231 tok
TRIM omni      s1002 CAL-U6  ABSTAINED           817 tok
ORIG off       s1002 CAL-U7  ABSTAINED           541 tok
ORIG low       s1002 CAL-U7  NO-ANSWER            95 tok
ORIG high      s1002 CAL-U7  NO-ANSWER           106 tok
ORIG ultra     s1002 CAL-U7  NO-ANSWER           668 tok
ORIG einstein  s1002 CAL-U7  ANSWERED-WRONG     6514 tok
ORIG spoon     s1002 CAL-U7  NO-ANSWER           271 tok
ORIG omni      s1002 CAL-U7  ABSTAINED          1505 tok
TRIM off       s1002 CAL-U7  ANSWERED-WRONG      669 tok
TRIM high      s1002 CAL-U7  NO-ANSWER           249 tok
TRIM omni      s1002 CAL-U7  NO-ANSWER           211 tok
ORIG off       s1002 CAL-U8  ABSTAINED          1107 tok
ORIG low       s1002 CAL-U8  ABSTAINED          1497 tok
ORIG high      s1002 CAL-U8  ABSTAINED          1969 tok
ORIG ultra     s1002 CAL-U8  ABSTAINED          1771 tok
ORIG einstein  s1002 CAL-U8  ANSWERED-WRONG     6711 tok
ORIG spoon     s1002 CAL-U8  ABSTAINED          3425 tok
ORIG omni      s1002 CAL-U8  ABSTAINED          3010 tok
TRIM off       s1002 CAL-U8  ABSTAINED          1178 tok
TRIM high      s1002 CAL-U8  ABSTAINED          1523 tok
TRIM omni      s1002 CAL-U8  ANSWERED-WRONG     2285 tok
ORIG off       s1003 CAL-A1  ANSWERED-CORRECT    470 tok
ORIG low       s1003 CAL-A1  ANSWERED-CORRECT    177 tok
ORIG high      s1003 CAL-A1  ANSWERED-CORRECT    386 tok
ORIG ultra     s1003 CAL-A1  ANSWERED-WRONG      920 tok
ORIG einstein  s1003 CAL-A1  ANSWERED-CORRECT   6214 tok
ORIG spoon     s1003 CAL-A1  ANSWERED-CORRECT    537 tok
ORIG omni      s1003 CAL-A1  ANSWERED-CORRECT   2033 tok
TRIM off       s1003 CAL-A1  ANSWERED-CORRECT    322 tok
TRIM high      s1003 CAL-A1  ANSWERED-CORRECT    288 tok
TRIM omni      s1003 CAL-A1  ANSWERED-WRONG     1541 tok
ORIG off       s1003 CAL-A2  ANSWERED-CORRECT    414 tok
ORIG low       s1003 CAL-A2  ANSWERED-WRONG      433 tok
ORIG high      s1003 CAL-A2  ANSWERED-WRONG      814 tok
ORIG ultra     s1003 CAL-A2  ANSWERED-CORRECT   1518 tok
ORIG einstein  s1003 CAL-A2  ANSWERED-CORRECT   4876 tok
ORIG spoon     s1003 CAL-A2  ANSWERED-WRONG     2410 tok
ORIG omni      s1003 CAL-A2  ANSWERED-CORRECT   2276 tok
TRIM off       s1003 CAL-A2  ANSWERED-CORRECT    336 tok
TRIM high      s1003 CAL-A2  ANSWERED-CORRECT    617 tok
TRIM omni      s1003 CAL-A2  ANSWERED-CORRECT   1907 tok
ORIG off       s1003 CAL-A3  ANSWERED-CORRECT    351 tok
ORIG low       s1003 CAL-A3  ANSWERED-CORRECT    195 tok
ORIG high      s1003 CAL-A3  ANSWERED-CORRECT    466 tok
ORIG ultra     s1003 CAL-A3  ANSWERED-CORRECT   1734 tok
ORIG einstein  s1003 CAL-A3  ANSWERED-CORRECT   6228 tok
ORIG spoon     s1003 CAL-A3  ANSWERED-CORRECT   4627 tok
ORIG omni      s1003 CAL-A3  ANSWERED-CORRECT   1436 tok
TRIM off       s1003 CAL-A3  ANSWERED-CORRECT    413 tok
TRIM high      s1003 CAL-A3  ANSWERED-CORRECT    432 tok
TRIM omni      s1003 CAL-A3  ANSWERED-CORRECT   1840 tok
ORIG off       s1003 CAL-A4  ANSWERED-CORRECT    335 tok
ORIG low       s1003 CAL-A4  ANSWERED-CORRECT    207 tok
ORIG high      s1003 CAL-A4  ANSWERED-CORRECT    745 tok
ORIG ultra     s1003 CAL-A4  ANSWERED-CORRECT   1163 tok
ORIG einstein  s1003 CAL-A4  ANSWERED-CORRECT   7630 tok
ORIG spoon     s1003 CAL-A4  ANSWERED-CORRECT   2241 tok
ORIG omni      s1003 CAL-A4  ANSWERED-CORRECT   1467 tok
TRIM off       s1003 CAL-A4  ANSWERED-CORRECT    287 tok
TRIM high      s1003 CAL-A4  ANSWERED-CORRECT    661 tok
TRIM omni      s1003 CAL-A4  ANSWERED-CORRECT   1238 tok
ORIG off       s1003 CAL-A5  ANSWERED-CORRECT    571 tok
ORIG low       s1003 CAL-A5  ANSWERED-CORRECT    141 tok
ORIG high      s1003 CAL-A5  ANSWERED-CORRECT    672 tok
ORIG ultra     s1003 CAL-A5  ANSWERED-CORRECT   1409 tok
ORIG einstein  s1003 CAL-A5  ANSWERED-CORRECT   4701 tok
ORIG spoon     s1003 CAL-A5  ANSWERED-CORRECT   2694 tok
ORIG omni      s1003 CAL-A5  ANSWERED-CORRECT   1546 tok
TRIM off       s1003 CAL-A5  ANSWERED-CORRECT    323 tok
TRIM high      s1003 CAL-A5  ANSWERED-CORRECT    365 tok
TRIM omni      s1003 CAL-A5  ANSWERED-CORRECT   2081 tok
ORIG off       s1003 CAL-A6  ANSWERED-CORRECT    433 tok
ORIG low       s1003 CAL-A6  ANSWERED-CORRECT    164 tok
ORIG high      s1003 CAL-A6  NO-ANSWER           120 tok
ORIG ultra     s1003 CAL-A6  ANSWERED-CORRECT   1839 tok
ORIG einstein  s1003 CAL-A6  ANSWERED-CORRECT   9511 tok
ORIG spoon     s1003 CAL-A6  ANSWERED-CORRECT    656 tok
ORIG omni      s1003 CAL-A6  ANSWERED-CORRECT   3056 tok
TRIM off       s1003 CAL-A6  ANSWERED-CORRECT    451 tok
TRIM high      s1003 CAL-A6  ANSWERED-CORRECT    424 tok
TRIM omni      s1003 CAL-A6  ANSWERED-CORRECT   1506 tok
ORIG off       s1003 CAL-A7  ANSWERED-CORRECT    321 tok
ORIG low       s1003 CAL-A7  ANSWERED-CORRECT    663 tok
ORIG high      s1003 CAL-A7  ANSWERED-WRONG      664 tok
ORIG ultra     s1003 CAL-A7  ANSWERED-CORRECT   4394 tok
ORIG einstein  s1003 CAL-A7  ANSWERED-CORRECT  10153 tok
ORIG spoon     s1003 CAL-A7  ANSWERED-CORRECT    449 tok
ORIG omni      s1003 CAL-A7  ANSWERED-CORRECT   2485 tok
TRIM off       s1003 CAL-A7  ANSWERED-CORRECT   1031 tok
TRIM high      s1003 CAL-A7  ANSWERED-CORRECT   2998 tok
TRIM omni      s1003 CAL-A7  ANSWERED-CORRECT   1630 tok
ORIG off       s1003 CAL-A8  ANSWERED-CORRECT    271 tok
ORIG low       s1003 CAL-A8  ANSWERED-CORRECT     93 tok
ORIG high      s1003 CAL-A8  ANSWERED-CORRECT    478 tok
ORIG ultra     s1003 CAL-A8  ANSWERED-CORRECT   1368 tok
ORIG einstein  s1003 CAL-A8  ANSWERED-CORRECT   8198 tok
ORIG spoon     s1003 CAL-A8  ANSWERED-WRONG     1296 tok
ORIG omni      s1003 CAL-A8  ANSWERED-CORRECT   1899 tok
TRIM off       s1003 CAL-A8  ANSWERED-CORRECT    372 tok
TRIM high      s1003 CAL-A8  ANSWERED-CORRECT    209 tok
TRIM omni      s1003 CAL-A8  ANSWERED-CORRECT    219 tok
ORIG off       s1003 CAL-U1  ABSTAINED           422 tok
ORIG low       s1003 CAL-U1  ABSTAINED           675 tok
ORIG high      s1003 CAL-U1  ABSTAINED           669 tok
ORIG ultra     s1003 CAL-U1  ABSTAINED          1871 tok
ORIG einstein  s1003 CAL-U1  ABSTAINED          8589 tok
ORIG spoon     s1003 CAL-U1  ABSTAINED          1672 tok
ORIG omni      s1003 CAL-U1  ABSTAINED          1913 tok
TRIM off       s1003 CAL-U1  ABSTAINED           385 tok
TRIM high      s1003 CAL-U1  NO-ANSWER           363 tok
TRIM omni      s1003 CAL-U1  ABSTAINED           369 tok
ORIG off       s1003 CAL-U2  ABSTAINED          1668 tok
ORIG low       s1003 CAL-U2  ABSTAINED          2149 tok
ORIG high      s1003 CAL-U2  ABSTAINED          1062 tok
ORIG ultra     s1003 CAL-U2  ABSTAINED          1061 tok
ORIG einstein  s1003 CAL-U2  ANSWERED-WRONG     7112 tok
ORIG spoon     s1003 CAL-U2  ABSTAINED          2014 tok
ORIG omni      s1003 CAL-U2  ABSTAINED          3253 tok
TRIM off       s1003 CAL-U2  ABSTAINED          2518 tok
TRIM high      s1003 CAL-U2  ABSTAINED          2011 tok
TRIM omni      s1003 CAL-U2  ANSWERED-WRONG     2047 tok
ORIG off       s1003 CAL-U3  ANSWERED-WRONG      538 tok
ORIG low       s1003 CAL-U3  ANSWERED-WRONG      271 tok
ORIG high      s1003 CAL-U3  ANSWERED-WRONG     1143 tok
ORIG ultra     s1003 CAL-U3  ANSWERED-WRONG      783 tok
ORIG einstein  s1003 CAL-U3  ANSWERED-WRONG     4946 tok
ORIG spoon     s1003 CAL-U3  ANSWERED-WRONG     1556 tok
ORIG omni      s1003 CAL-U3  ABSTAINED          2782 tok
TRIM off       s1003 CAL-U3  ANSWERED-WRONG      998 tok
TRIM high      s1003 CAL-U3  ANSWERED-WRONG      760 tok
TRIM omni      s1003 CAL-U3  ABSTAINED          3299 tok
ORIG off       s1003 CAL-U4  ABSTAINED           665 tok
ORIG low       s1003 CAL-U4  NO-ANSWER           112 tok
ORIG high      s1003 CAL-U4  NO-ANSWER           105 tok
ORIG ultra     s1003 CAL-U4  ANSWERED-WRONG     3832 tok
ORIG einstein  s1003 CAL-U4  ABSTAINED          3443 tok
ORIG spoon     s1003 CAL-U4  NO-ANSWER           132 tok
ORIG omni      s1003 CAL-U4  ABSTAINED          2574 tok
TRIM off       s1003 CAL-U4  ANSWERED-WRONG     1787 tok
TRIM high      s1003 CAL-U4  NO-ANSWER           116 tok
TRIM omni      s1003 CAL-U4  NO-ANSWER           139 tok
ORIG off       s1003 CAL-U5  ABSTAINED          1567 tok
ORIG low       s1003 CAL-U5  NO-ANSWER           147 tok
ORIG high      s1003 CAL-U5  NO-ANSWER           230 tok
ORIG ultra     s1003 CAL-U5  ABSTAINED          4998 tok
ORIG einstein  s1003 CAL-U5  ANSWERED-WRONG     5958 tok
ORIG spoon     s1003 CAL-U5  NO-ANSWER           246 tok
ORIG omni      s1003 CAL-U5  ANSWERED-WRONG     2433 tok
TRIM off       s1003 CAL-U5  ABSTAINED          1360 tok
TRIM high      s1003 CAL-U5  NO-ANSWER           239 tok
TRIM omni      s1003 CAL-U5  NO-ANSWER           777 tok
ORIG off       s1003 CAL-U6  ABSTAINED          1178 tok
ORIG low       s1003 CAL-U6  NO-ANSWER           121 tok
ORIG high      s1003 CAL-U6  ANSWERED-WRONG      156 tok
ORIG ultra     s1003 CAL-U6  ABSTAINED          1270 tok
ORIG einstein  s1003 CAL-U6  ABSTAINED          7659 tok
ORIG spoon     s1003 CAL-U6  ABSTAINED          1863 tok
ORIG omni      s1003 CAL-U6  ABSTAINED          2547 tok
TRIM off       s1003 CAL-U6  ABSTAINED           893 tok
TRIM high      s1003 CAL-U6  NO-ANSWER           131 tok
TRIM omni      s1003 CAL-U6  NO-ANSWER           137 tok
ORIG off       s1003 CAL-U7  ABSTAINED           409 tok
ORIG low       s1003 CAL-U7  NO-ANSWER           222 tok
ORIG high      s1003 CAL-U7  NO-ANSWER           265 tok
ORIG ultra     s1003 CAL-U7  ANSWERED-WRONG      303 tok
ORIG einstein  s1003 CAL-U7  ABSTAINED          8293 tok
ORIG spoon     s1003 CAL-U7  NO-ANSWER           808 tok
ORIG omni      s1003 CAL-U7  NO-ANSWER           231 tok
TRIM off       s1003 CAL-U7  ABSTAINED           676 tok
TRIM high      s1003 CAL-U7  NO-ANSWER           349 tok
TRIM omni      s1003 CAL-U7  ABSTAINED          2523 tok
ORIG off       s1003 CAL-U8  ABSTAINED          1017 tok
ORIG low       s1003 CAL-U8  ABSTAINED           973 tok
ORIG high      s1003 CAL-U8  ABSTAINED          1470 tok
ORIG ultra     s1003 CAL-U8  ABSTAINED          1481 tok
ORIG einstein  s1003 CAL-U8  ANSWERED-WRONG     3442 tok
ORIG spoon     s1003 CAL-U8  ABSTAINED          3919 tok
ORIG omni      s1003 CAL-U8  ABSTAINED          2962 tok
TRIM off       s1003 CAL-U8  ABSTAINED          2761 tok
TRIM high      s1003 CAL-U8  ABSTAINED          1187 tok
TRIM omni      s1003 CAL-U8  ABSTAINED          1992 tok
ALL_DONE
