gate passed
NONE    s1001 CAL-A1  ANSWERED-CORRECT    304
XHIGH   s1001 CAL-A1  ANSWERED-CORRECT    250
OMNI    s1001 CAL-A1  ANSWERED-CORRECT   1476
OMNID2  s1001 CAL-A1  ANSWERED-CORRECT    916
NONE    s1001 CAL-A2  ANSWERED-CORRECT    377
XHIGH   s1001 CAL-A2  ANSWERED-CORRECT    461
OMNI    s1001 CAL-A2  ANSWERED-CORRECT   2949
OMNID2  s1001 CAL-A2  ANSWERED-CORRECT   1408
NONE    s1001 CAL-A3  ANSWERED-CORRECT    309
XHIGH   s1001 CAL-A3  ANSWERED-CORRECT    157
OMNI    s1001 CAL-A3  ANSWERED-CORRECT   1071
OMNID2  s1001 CAL-A3  ANSWERED-CORRECT   2470
NONE    s1001 CAL-A4  ANSWERED-CORRECT    566
XHIGH   s1001 CAL-A4  ANSWERED-CORRECT    534
OMNI    s1001 CAL-A4  ANSWERED-CORRECT   2831
OMNID2  s1001 CAL-A4  ANSWERED-CORRECT   2512
NONE    s1001 CAL-A5  ANSWERED-CORRECT    451
XHIGH   s1001 CAL-A5  ANSWERED-CORRECT    298
OMNI    s1001 CAL-A5  ANSWERED-CORRECT    755
OMNID2  s1001 CAL-A5  ANSWERED-CORRECT   2823
NONE    s1001 CAL-A6  ANSWERED-CORRECT    358
XHIGH   s1001 CAL-A6  ANSWERED-CORRECT    268
OMNI    s1001 CAL-A6  ANSWERED-CORRECT    418
OMNID2  s1001 CAL-A6  ANSWERED-CORRECT    995
NONE    s1001 CAL-A7  ANSWERED-WRONG     2237
XHIGH   s1001 CAL-A7  ANSWERED-CORRECT    730
OMNI    s1001 CAL-A7  ANSWERED-CORRECT   1513
OMNID2  s1001 CAL-A7  ANSWERED-CORRECT   1774
NONE    s1001 CAL-A8  ANSWERED-CORRECT    402
XHIGH   s1001 CAL-A8  ANSWERED-CORRECT    164
OMNI    s1001 CAL-A8  ANSWERED-CORRECT    184
OMNID2  s1001 CAL-A8  ANSWERED-CORRECT   1344
NONE    s1001 CAL-U1  ABSTAINED           566
XHIGH   s1001 CAL-U1  ABSTAINED           358
OMNI    s1001 CAL-U1  ABSTAINED          1313
OMNID2  s1001 CAL-U1  ABSTAINED           583
NONE    s1001 CAL-U2  ABSTAINED          1873
XHIGH   s1001 CAL-U2  ABSTAINED          2629
OMNI    s1001 CAL-U2  ABSTAINED           904
OMNID2  s1001 CAL-U2  ANSWERED-WRONG     1498
NONE    s1001 CAL-U3  ANSWERED-WRONG      569
XHIGH   s1001 CAL-U3  ABSTAINED           808
OMNI    s1001 CAL-U3  ANSWERED-WRONG     1779
OMNID2  s1001 CAL-U3  ABSTAINED          2450
NONE    s1001 CAL-U4  ABSTAINED           503
XHIGH   s1001 CAL-U4  NO-ANSWER            94
OMNI    s1001 CAL-U4  NO-ANSWER           258
OMNID2  s1001 CAL-U4  NO-ANSWER           250
NONE    s1001 CAL-U5  ABSTAINED           812
XHIGH   s1001 CAL-U5  NO-ANSWER           112
OMNI    s1001 CAL-U5  NO-ANSWER           410
OMNID2  s1001 CAL-U5  NO-ANSWER           149
NONE    s1001 CAL-U6  ABSTAINED          1335
XHIGH   s1001 CAL-U6  NO-ANSWER           123
OMNI    s1001 CAL-U6  NO-ANSWER           114
OMNID2  s1001 CAL-U6  NO-ANSWER           234
NONE    s1001 CAL-U7  ABSTAINED           973
XHIGH   s1001 CAL-U7  NO-ANSWER            75
OMNI    s1001 CAL-U7  ABSTAINED          3451
OMNID2  s1001 CAL-U7  ABSTAINED          3702
NONE    s1001 CAL-U8  ABSTAINED          1423
XHIGH   s1001 CAL-U8  ABSTAINED          2592
OMNI    s1001 CAL-U8  ABSTAINED          2694
OMNID2  s1001 CAL-U8  ABSTAINED          2750
NONE    s1002 CAL-A1  ANSWERED-CORRECT    393
XHIGH   s1002 CAL-A1  ANSWERED-CORRECT    259
OMNI    s1002 CAL-A1  ANSWERED-CORRECT   1163
OMNID2  s1002 CAL-A1  ANSWERED-CORRECT   1074
NONE    s1002 CAL-A2  ANSWERED-CORRECT    230
XHIGH   s1002 CAL-A2  ANSWERED-CORRECT    446
OMNI    s1002 CAL-A2  ANSWERED-CORRECT   1659
OMNID2  s1002 CAL-A2  ANSWERED-CORRECT   1204
NONE    s1002 CAL-A3  ANSWERED-CORRECT    458
XHIGH   s1002 CAL-A3  ANSWERED-CORRECT    246
OMNI    s1002 CAL-A3  ANSWERED-CORRECT   1143
OMNID2  s1002 CAL-A3  ANSWERED-CORRECT   2385
NONE    s1002 CAL-A4  ANSWERED-CORRECT    291
XHIGH   s1002 CAL-A4  ANSWERED-CORRECT    403
OMNI    s1002 CAL-A4  ANSWERED-CORRECT   1905
OMNID2  s1002 CAL-A4  ANSWERED-CORRECT    743
NONE    s1002 CAL-A5  ANSWERED-CORRECT    595
XHIGH   s1002 CAL-A5  ANSWERED-CORRECT    382
OMNI    s1002 CAL-A5  ANSWERED-CORRECT    544
OMNID2  s1002 CAL-A5  ANSWERED-CORRECT   1346
NONE    s1002 CAL-A6  ANSWERED-CORRECT    230
XHIGH   s1002 CAL-A6  ANSWERED-CORRECT    438
OMNI    s1002 CAL-A6  ANSWERED-CORRECT    264
OMNID2  s1002 CAL-A6  ANSWERED-WRONG      209
NONE    s1002 CAL-A7  ANSWERED-CORRECT   4415
XHIGH   s1002 CAL-A7  ANSWERED-CORRECT   2866
OMNI    s1002 CAL-A7  ANSWERED-CORRECT   1329
OMNID2  s1002 CAL-A7  ANSWERED-CORRECT   3230
NONE    s1002 CAL-A8  ANSWERED-CORRECT    272
XHIGH   s1002 CAL-A8  ANSWERED-CORRECT    353
OMNI    s1002 CAL-A8  ANSWERED-CORRECT   1504
OMNID2  s1002 CAL-A8  ANSWERED-CORRECT   1273
NONE    s1002 CAL-U1  ABSTAINED           285
XHIGH   s1002 CAL-U1  NO-ANSWER           122
OMNI    s1002 CAL-U1  ANSWERED-WRONG     1195
OMNID2  s1002 CAL-U1  ABSTAINED           922
NONE    s1002 CAL-U2  ABSTAINED          1320
XHIGH   s1002 CAL-U2  ABSTAINED          1197
OMNI    s1002 CAL-U2  ANSWERED-WRONG     2380
OMNID2  s1002 CAL-U2  NO-ANSWER          1789
NONE    s1002 CAL-U3  ABSTAINED          2316
XHIGH   s1002 CAL-U3  ANSWERED-WRONG      405
OMNI    s1002 CAL-U3  ANSWERED-WRONG     1378
OMNID2  s1002 CAL-U3  NO-ANSWER           119
NONE    s1002 CAL-U4  ABSTAINED          1671
XHIGH   s1002 CAL-U4  NO-ANSWER           130
OMNI    s1002 CAL-U4  NO-ANSWER           203
OMNID2  s1002 CAL-U4  NO-ANSWER           135
NONE    s1002 CAL-U5  ANSWERED-WRONG     1017
XHIGH   s1002 CAL-U5  NO-ANSWER           151
OMNI    s1002 CAL-U5  NO-ANSWER           177
OMNID2  s1002 CAL-U5  NO-ANSWER           161
NONE    s1002 CAL-U6  ABSTAINED           857
XHIGH   s1002 CAL-U6  ABSTAINED          1262
OMNI    s1002 CAL-U6  ABSTAINED           817
OMNID2  s1002 CAL-U6  NO-ANSWER           204
NONE    s1002 CAL-U7  ANSWERED-WRONG      669
XHIGH   s1002 CAL-U7  NO-ANSWER           132
OMNI    s1002 CAL-U7  NO-ANSWER           211
OMNID2  s1002 CAL-U7  NO-ANSWER           224
NONE    s1002 CAL-U8  ABSTAINED          1178
XHIGH   s1002 CAL-U8  ABSTAINED          1785
OMNI    s1002 CAL-U8  ANSWERED-WRONG     2285
OMNID2  s1002 CAL-U8  ABSTAINED          2894
NONE    s1003 CAL-A1  ANSWERED-CORRECT    322
XHIGH   s1003 CAL-A1  ANSWERED-CORRECT    359
OMNI    s1003 CAL-A1  ANSWERED-WRONG     1541
OMNID2  s1003 CAL-A1  ANSWERED-CORRECT   1469
NONE    s1003 CAL-A2  ANSWERED-CORRECT    336
XHIGH   s1003 CAL-A2  ANSWERED-CORRECT    364
OMNI    s1003 CAL-A2  ANSWERED-CORRECT   1907
OMNID2  s1003 CAL-A2  NO-ANSWER           619
NONE    s1003 CAL-A3  ANSWERED-CORRECT    413
XHIGH   s1003 CAL-A3  ANSWERED-CORRECT    226
OMNI    s1003 CAL-A3  ANSWERED-CORRECT   1840
OMNID2  s1003 CAL-A3  ANSWERED-CORRECT   1192
NONE    s1003 CAL-A4  ANSWERED-CORRECT    287
XHIGH   s1003 CAL-A4  ANSWERED-CORRECT    560
OMNI    s1003 CAL-A4  ANSWERED-CORRECT   1238
OMNID2  s1003 CAL-A4  ANSWERED-CORRECT   3667
NONE    s1003 CAL-A5  ANSWERED-CORRECT    323
XHIGH   s1003 CAL-A5  ANSWERED-CORRECT    213
OMNI    s1003 CAL-A5  ANSWERED-CORRECT   2081
OMNID2  s1003 CAL-A5  ANSWERED-CORRECT   1114
NONE    s1003 CAL-A6  ANSWERED-CORRECT    451
XHIGH   s1003 CAL-A6  ANSWERED-CORRECT    307
OMNI    s1003 CAL-A6  ANSWERED-CORRECT   1506
OMNID2  s1003 CAL-A6  ANSWERED-CORRECT    353
NONE    s1003 CAL-A7  ANSWERED-CORRECT   1031
XHIGH   s1003 CAL-A7  ANSWERED-CORRECT    618
OMNI    s1003 CAL-A7  ANSWERED-CORRECT   1630
OMNID2  s1003 CAL-A7  ANSWERED-CORRECT   1363
NONE    s1003 CAL-A8  ANSWERED-CORRECT    372
XHIGH   s1003 CAL-A8  ANSWERED-CORRECT    197
OMNI    s1003 CAL-A8  ANSWERED-CORRECT    219
OMNID2  s1003 CAL-A8  ANSWERED-CORRECT   2171
NONE    s1003 CAL-U1  ABSTAINED           385
XHIGH   s1003 CAL-U1  ABSTAINED           636
OMNI    s1003 CAL-U1  ABSTAINED           369
OMNID2  s1003 CAL-U1  ABSTAINED           602
NONE    s1003 CAL-U2  ABSTAINED          2518
XHIGH   s1003 CAL-U2  ABSTAINED          1134
OMNI    s1003 CAL-U2  ANSWERED-WRONG     2047
OMNID2  s1003 CAL-U2  ANSWERED-WRONG     5368
NONE    s1003 CAL-U3  ANSWERED-WRONG      998
XHIGH   s1003 CAL-U3  NO-ANSWER           136
OMNI    s1003 CAL-U3  ABSTAINED          3299
OMNID2  s1003 CAL-U3  ANSWERED-WRONG     1262
NONE    s1003 CAL-U4  ANSWERED-WRONG     1787
XHIGH   s1003 CAL-U4  NO-ANSWER           125
OMNI    s1003 CAL-U4  NO-ANSWER           139
OMNID2  s1003 CAL-U4  NO-ANSWER           139
NONE    s1003 CAL-U5  ABSTAINED          1360
XHIGH   s1003 CAL-U5  ANSWERED-WRONG     2060
OMNI    s1003 CAL-U5  NO-ANSWER           777
OMNID2  s1003 CAL-U5  NO-ANSWER           343
NONE    s1003 CAL-U6  ABSTAINED           893
XHIGH   s1003 CAL-U6  NO-ANSWER           122
OMNI    s1003 CAL-U6  NO-ANSWER           137
OMNID2  s1003 CAL-U6  NO-ANSWER           114
NONE    s1003 CAL-U7  ABSTAINED           676
XHIGH   s1003 CAL-U7  NO-ANSWER           127
OMNI    s1003 CAL-U7  ABSTAINED          2523
OMNID2  s1003 CAL-U7  ANSWERED-WRONG     3135
NONE    s1003 CAL-U8  ABSTAINED          2761
XHIGH   s1003 CAL-U8  ABSTAINED          2229
OMNI    s1003 CAL-U8  ABSTAINED          1992
OMNID2  s1003 CAL-U8  ANSWERED-WRONG     1997
ALL_DONE
