[FAIL] HA-07 score=30 Hermes failed the programmatic execute_code summarization scenario.
note: Pinned Hermes ea74f61d983e
{
  "scenarioId": "HA-07",
  "status": "fail",
  "score": 30,
  "summary": "Hermes failed the programmatic execute_code summarization scenario.",
  "note": "Pinned Hermes ea74f61d983e",
  "rawLog": "scenario=HA-07\nrun_dir=/tmp/hermesagent20-runs/dev-1785341292798-0d6b263a/openrouter_Qwen3.6-35B-A3B-UD-IQ2_M/HA-07\nworkspace=/tmp/hermesagent20-runs/dev-1785341292798-0d6b263a/openrouter_Qwen3.6-35B-A3B-UD-IQ2_M/HA-07/workspace\nhermes_home=/tmp/hermesagent20-runs/dev-1785341292798-0d6b263a/openrouter_Qwen3.6-35B-A3B-UD-IQ2_M/HA-07/hermes-home\nhermes_source=/opt/hermes-agent\nhermes_revision=ea74f61d983ebdfd6a863c45761d1b38081f1d08\nhermes_bin=/opt/hermes-venv/bin/hermes\nagent_exit_code=0\nsession_id=945ff874-8771-4bf5-bb66-54b451d1f23f\ntool_events=16\nexpected={\"totalIncidents\":200,\"totalSeverity\":600,\"topOffenders\":[{\"owner\":\"alice\",\"count\":50},{\"owner\":\"bob\",\"count\":50},{\"owner\":\"carol\",\"count\":50}],\"duplicateIssueIds\":[\"DUP-0\"]}\nactual=undefined",
  "output": {
    "finalAnswer": "The directory `data/incidents` does not exist in the current environment. The only files present in the working directory are `hermes_tools.py` and `script.py`, and no JSON files were found. Consequently, I could not generate the summary or create `reports/summary.json`."
  },
  "verifier": {
    "status": "fail",
    "summary": "The generated report does not match the deterministic recomputation.",
    "details": {
      "outcomeSatisfied": false,
      "outcomeScore": 0,
      "nativeUseScore": 30,
      "safetyScore": 0,
      "exactMatch": false,
      "executeCodeUsed": true,
      "expected": {
        "totalIncidents": 200,
        "totalSeverity": 600,
        "topOffenders": [
          {
            "owner": "alice",
            "count": 50
          },
          {
            "owner": "bob",
            "count": 50
          },
          {
            "owner": "carol",
            "count": 50
          }
        ],
        "duplicateIssueIds": [
          "DUP-0"
        ]
      }
    }
  },
  "timings": {
    "startedAt": "2026-07-29T16:08:12.802Z",
    "completedAt": "2026-07-29T16:09:02.591Z",
    "durationMs": 49789
  }
}

completed=1 pass=0 partial=0 fail=1 averageScore=30
