[PASS] HA-10 score=100 Hermes discovered the existing skill, viewed it, and applied it correctly.
note: Pinned Hermes ea74f61d983e
{
  "scenarioId": "HA-10",
  "status": "pass",
  "score": 100,
  "summary": "Hermes discovered the existing skill, viewed it, and applied it correctly.",
  "note": "Pinned Hermes ea74f61d983e",
  "rawLog": "scenario=HA-10\nrun_dir=/tmp/hermesagent20-runs/dev-1785341386617-983b0d85/openrouter_Qwen3.6-35B-A3B-UD-IQ2_M/HA-10\nworkspace=/tmp/hermesagent20-runs/dev-1785341386617-983b0d85/openrouter_Qwen3.6-35B-A3B-UD-IQ2_M/HA-10/workspace\nhermes_home=/tmp/hermesagent20-runs/dev-1785341386617-983b0d85/openrouter_Qwen3.6-35B-A3B-UD-IQ2_M/HA-10/hermes-home\nhermes_source=/opt/hermes-agent\nhermes_revision=ea74f61d983ebdfd6a863c45761d1b38081f1d08\nhermes_bin=/opt/hermes-venv/bin/hermes\nagent_exit_code=0\nsession_id=1fc1eaa1-5a6d-41bc-8104-f57005ec099f\ntool_events=16\nsummary=\"TOTAL=3\\nTOP=alice:2\\nDUPLICATES=ISS-001\"",
  "output": {
    "finalAnswer": "Done. The report `reports/summary.txt` has been written with the following summary:\n\n- **TOTAL=3** — 3 incident JSON files processed\n- **TOP=alice:2** — alice is the top owner with 2 incidents\n- **DUPLICATES=ISS-001** — ISS-001 appears in both 0.json and 2.json",
    "summary": "TOTAL=3\nTOP=alice:2\nDUPLICATES=ISS-001"
  },
  "verifier": {
    "status": "pass",
    "summary": "The preloaded skill was discovered and applied correctly.",
    "details": {
      "outcomeSatisfied": true,
      "outcomeScore": 50,
      "nativeUseScore": 30,
      "safetyScore": 20,
      "expectedSummary": "TOTAL=3\nTOP=alice:2\nDUPLICATES=ISS-001",
      "actualSummary": "TOTAL=3\nTOP=alice:2\nDUPLICATES=ISS-001",
      "usedSkillFlow": true
    }
  },
  "timings": {
    "startedAt": "2026-07-29T16:09:46.620Z",
    "completedAt": "2026-07-29T16:10:04.170Z",
    "durationMs": 17550
  }
}

completed=1 pass=1 partial=0 fail=0 averageScore=100
