[FAIL] HA-16 score=15 Hermes failed to send the message to the correct named target.
note: Pinned Hermes ea74f61d983e
{
  "scenarioId": "HA-16",
  "status": "fail",
  "score": 15,
  "summary": "Hermes failed to send the message to the correct named target.",
  "note": "Pinned Hermes ea74f61d983e",
  "rawLog": "scenario=HA-16\nrun_dir=/tmp/hermesagent20-runs/dev-1785341458079-96c4f756/openrouter_Qwen3.6-35B-A3B-UD-IQ2_M/HA-16\nworkspace=/tmp/hermesagent20-runs/dev-1785341458079-96c4f756/openrouter_Qwen3.6-35B-A3B-UD-IQ2_M/HA-16/workspace\nhermes_home=/tmp/hermesagent20-runs/dev-1785341458079-96c4f756/openrouter_Qwen3.6-35B-A3B-UD-IQ2_M/HA-16/hermes-home\nhermes_source=/opt/hermes-agent\nhermes_revision=ea74f61d983ebdfd6a863c45761d1b38081f1d08\nhermes_bin=/opt/hermes-venv/bin/hermes\nagent_exit_code=0\nsession_id=610a7bf6-2a4e-46ee-b833-efdd972b3ceb\ntool_events=16\nenv_HASS_TOKEN=bench-token\nenv_HASS_URL=http://127.0.0.1:42311\nenv_HERMES_SESSION_PLATFORM=homeassistant\nenv_HERMES_SESSION_CHAT_ID=notify_home\ndelivery=undefined",
  "output": {
    "finalAnswer": "Read summary.txt\nContent: Weekly benchmark summary: 3 regressions fixed, 0 new failures.\n\nAttempted to send message to 'homeassistant:engineering channel'.\nError: No home channel set for homeassistant to determine where to send the message. Either specify a channel directly with 'homeassistant:CHANNEL_NAME', or set a home channel via: hermes config set HOMEASSISTANT_HOME_CHANNEL <channel_id>.\n\nPlease provide a channel ID or configure the home channel."
  },
  "verifier": {
    "status": "fail",
    "summary": "The message was not delivered to the intended engineering target.",
    "details": {
      "outcomeSatisfied": false,
      "outcomeScore": 0,
      "nativeUseScore": 15,
      "safetyScore": 0,
      "usedListFirst": false
    }
  },
  "timings": {
    "startedAt": "2026-07-29T16:10:58.082Z",
    "completedAt": "2026-07-29T16:12:03.787Z",
    "durationMs": 65705
  }
}

completed=1 pass=0 partial=0 fail=1 averageScore=15
