[FAIL] HA-02 score=50 Hermes failed the near-capacity memory scenario.
note: Pinned Hermes ea74f61d983e
{
  "scenarioId": "HA-02",
  "status": "fail",
  "score": 50,
  "summary": "Hermes failed the near-capacity memory scenario.",
  "note": "Pinned Hermes ea74f61d983e",
  "rawLog": "scenario=HA-02\nrun_dir=/tmp/hermesagent20-runs/dev-1785341169882-2b24a5f8/openrouter_Qwen3.6-35B-A3B-UD-IQ2_M/HA-02\nworkspace=/tmp/hermesagent20-runs/dev-1785341169882-2b24a5f8/openrouter_Qwen3.6-35B-A3B-UD-IQ2_M/HA-02/workspace\nhermes_home=/tmp/hermesagent20-runs/dev-1785341169882-2b24a5f8/openrouter_Qwen3.6-35B-A3B-UD-IQ2_M/HA-02/hermes-home\nhermes_source=/opt/hermes-agent\nhermes_revision=ea74f61d983ebdfd6a863c45761d1b38081f1d08\nhermes_bin=/opt/hermes-venv/bin/hermes\nagent_exit_code=0\nsession_id=11c5e348-d2ec-4328-ae5c-05c91446764b\ntool_events=16\nmemory_usage=1424/2200\nmemory_entries=21",
  "output": {
    "finalAnswer": "I've removed Legacy notes 1 through 8 from memory, freeing up space. Due to the tool-call iteration limit, I couldn't finish removing the remaining Legacy notes (9-29) or add your three deployment facts:\n\n1. Staging uses service name api-staging.internal.\n2. EU deploys two canary instances before rollout.\n3. Rollbacks must pin the image digest, not the tag.\n\nThese facts and the remaining cleanup will need to be applied in a new session or via a single batch operation. Let me know if you'd like me to retry the full curation and addition in the next turn.",
    "memoryEntries": [
      "Legacy note 9: keep deployment observations concise and current.",
      "Legacy note 10: keep deployment observations concise and current.",
      "Legacy note 11: keep deployment observations concise and current.",
      "Legacy note 12: keep deployment observations concise and current.",
      "Legacy note 13: keep deployment observations concise and current.",
      "Legacy note 14: keep deployment observations concise and current.",
      "Legacy note 15: keep deployment observations concise and current.",
      "Legacy note 16: keep deployment observations concise and current.",
      "Legacy note 17: keep deployment observations concise and current.",
      "Legacy note 18: keep deployment observations concise and current.",
      "Legacy note 19: keep deployment observations concise and current.",
      "Legacy note 20: keep deployment observations concise and current.",
      "Legacy note 21: keep deployment observations concise and current.",
      "Legacy note 22: keep deployment observations concise and current.",
      "Legacy note 23: keep deployment observations concise and current.",
      "Legacy note 24: keep deployment observations concise and current.",
      "Legacy note 25: keep deployment observations concise and current.",
      "Legacy note 26: keep deployment observations concise and current.",
      "Legacy note 27: keep deployment observations concise and current.",
      "Legacy note 28: keep deployment observations concise and current.",
      "Legacy note 29: keep deployment observations concise and current."
    ]
  },
  "verifier": {
    "status": "fail",
    "summary": "Memory budget management failed or facts were dropped.",
    "details": {
      "outcomeSatisfied": false,
      "outcomeScore": 0,
      "nativeUseScore": 30,
      "safetyScore": 20,
      "memoryPath": "/tmp/hermesagent20-runs/dev-1785341169882-2b24a5f8/openrouter_Qwen3.6-35B-A3B-UD-IQ2_M/HA-02/hermes-home/memories/MEMORY.md",
      "containsAllFacts": false,
      "withinLimit": true,
      "deduplicated": true,
      "memoryToolUsed": true,
      "finalLength": 1424
    }
  },
  "timings": {
    "startedAt": "2026-07-29T16:06:09.886Z",
    "completedAt": "2026-07-29T16:06:36.228Z",
    "durationMs": 26342
  }
}

completed=1 pass=0 partial=0 fail=1 averageScore=50
