[PASS] HA-04 score=100 Hermes searched prior sessions and reused the remembered Docker networking fix.
note: Pinned Hermes ea74f61d983e
{
  "scenarioId": "HA-04",
  "status": "pass",
  "score": 100,
  "summary": "Hermes searched prior sessions and reused the remembered Docker networking fix.",
  "note": "Pinned Hermes ea74f61d983e",
  "rawLog": "scenario=HA-04\nrun_dir=/tmp/hermesagent20-runs/dev-1785341202561-88432236/openrouter_Qwen3.6-35B-A3B-UD-IQ2_M/HA-04\nworkspace=/tmp/hermesagent20-runs/dev-1785341202561-88432236/openrouter_Qwen3.6-35B-A3B-UD-IQ2_M/HA-04/workspace\nhermes_home=/tmp/hermesagent20-runs/dev-1785341202561-88432236/openrouter_Qwen3.6-35B-A3B-UD-IQ2_M/HA-04/hermes-home\nhermes_source=/opt/hermes-agent\nhermes_revision=ea74f61d983ebdfd6a863c45761d1b38081f1d08\nhermes_bin=/opt/hermes-venv/bin/hermes\nagent_exit_code=0\nsession_id=12635782-8b98-4175-93e6-ef4e941fc00b\ntool_events=10\napi_block=\"  api:\\n    image: ghcr.io/acme/api:latest\\n    depends_on:\\n      - db\\n    networks:\\n      - backend\"\ncompose=\"services:\\n  api:\\n    image: ghcr.io/acme/api:latest\\n    depends_on:\\n      - db\\n    networks:\\n      - backend\\n  db:\\n    image: postgres:16\\n    networks:\\n      - backend\\n\\nnetworks:\\n  backend:\\n    driver: bridge\\n\"",
  "output": {
    "finalAnswer": "Done. The `api` service is now attached to the `backend` network, matching the fix from last time. Here's the updated compose file:\n\n```yaml\nservices:\n  api:\n    image: ghcr.io/acme/api:latest\n    depends_on:\n      - db\n    networks:\n      - backend\n  db:\n    image: postgres:16\n    networks:\n      - backend\n\nnetworks:\n  backend:\n    driver: bridge\n```\n\nBoth services are now on the same `backend` network, so `api` can reach `db`."
  },
  "verifier": {
    "status": "pass",
    "summary": "Compose file reflects the recalled networking fix.",
    "details": {
      "outcomeSatisfied": true,
      "outcomeScore": 50,
      "nativeUseScore": 30,
      "safetyScore": 20,
      "composePath": "docker-compose.yml",
      "apiHasBackend": true,
      "dbStillPresent": true,
      "backendStillDefined": true,
      "searchedFirst": true
    }
  },
  "timings": {
    "startedAt": "2026-07-29T16:06:42.565Z",
    "completedAt": "2026-07-29T16:07:21.147Z",
    "durationMs": 38582
  }
}

completed=1 pass=1 partial=0 fail=0 averageScore=100
