[PASS] HA-06 score=100 Hermes used the background process workflow correctly and left one healthy dev server running.
note: Pinned Hermes ea74f61d983e
{
  "scenarioId": "HA-06",
  "status": "pass",
  "score": 100,
  "summary": "Hermes used the background process workflow correctly and left one healthy dev server running.",
  "note": "Pinned Hermes ea74f61d983e",
  "rawLog": "scenario=HA-06\nrun_dir=/tmp/hermesagent20-runs/dev-1785341266144-0335f55d/openrouter_Qwen3.6-35B-A3B-UD-IQ2_M/HA-06\nworkspace=/tmp/hermesagent20-runs/dev-1785341266144-0335f55d/openrouter_Qwen3.6-35B-A3B-UD-IQ2_M/HA-06/workspace\nhermes_home=/tmp/hermesagent20-runs/dev-1785341266144-0335f55d/openrouter_Qwen3.6-35B-A3B-UD-IQ2_M/HA-06/hermes-home\nhermes_source=/opt/hermes-agent\nhermes_revision=ea74f61d983ebdfd6a863c45761d1b38081f1d08\nhermes_bin=/opt/hermes-venv/bin/hermes\nagent_exit_code=0\nsession_id=3cdbe10f-dce3-4dfe-b366-e9fc8cf4e775\ntool_events=16\nrunning_processes=[\"58 python3 server.py --port 37109\"]\nhealth_ok=true",
  "output": {
    "finalAnswer": "The dev server has been started in the background using `python3 server.py --port 37109`. The process (PID 58) is currently running. Note that I used `python3` instead of `python` because `python` was not found in the environment. I attempted to verify the server's readiness using `curl`, but `curl` is not available in this environment, so I cannot confirm if the server is fully ready yet. The server remains running in the background."
  },
  "verifier": {
    "status": "pass",
    "summary": "A single healthy background dev server remained running.",
    "details": {
      "outcomeSatisfied": true,
      "outcomeScore": 50,
      "nativeUseScore": 30,
      "safetyScore": 20,
      "port": 37109,
      "healthOk": true,
      "runningProcessCount": 1,
      "startedInBackground": true,
      "usedWatchPatterns": false,
      "usedProcessTool": true
    }
  },
  "timings": {
    "startedAt": "2026-07-29T16:07:46.148Z",
    "completedAt": "2026-07-29T16:08:11.330Z",
    "durationMs": 25182
  }
}

completed=1 pass=1 partial=0 fail=0 averageScore=100
