[PASS] HA-10 score=100 Hermes discovered the existing skill, viewed it, and applied it correctly.
note: Pinned Hermes ea74f61d983e
{
  "scenarioId": "HA-10",
  "status": "pass",
  "score": 100,
  "summary": "Hermes discovered the existing skill, viewed it, and applied it correctly.",
  "note": "Pinned Hermes ea74f61d983e",
  "rawLog": "scenario=HA-10\nrun_dir=/tmp/hermesagent20-runs/dev-1785342661995-ad8ed02e/openrouter_Qwen3.6-35B-A3B-UD-IQ2_M/HA-10\nworkspace=/tmp/hermesagent20-runs/dev-1785342661995-ad8ed02e/openrouter_Qwen3.6-35B-A3B-UD-IQ2_M/HA-10/workspace\nhermes_home=/tmp/hermesagent20-runs/dev-1785342661995-ad8ed02e/openrouter_Qwen3.6-35B-A3B-UD-IQ2_M/HA-10/hermes-home\nhermes_source=/opt/hermes-agent\nhermes_revision=ea74f61d983ebdfd6a863c45761d1b38081f1d08\nhermes_bin=/opt/hermes-venv/bin/hermes\nagent_exit_code=0\nsession_id=591ee20f-bbba-4125-b4f6-936ca167214b\ntool_events=16\nsummary=\"TOTAL=3\\nTOP=alice:2\\nDUPLICATES=ISS-001\"",
  "output": {
    "finalAnswer": "Done. The report `reports/summary.txt` has been written with:\n\n- TOTAL=3 (3 incident JSON files)\n- TOP=alice:2 (alice is the top owner with 2 incidents)\n- DUPLICATES=ISS-001 (ISS-001 appears in both 0.json and 2.json)",
    "summary": "TOTAL=3\nTOP=alice:2\nDUPLICATES=ISS-001"
  },
  "verifier": {
    "status": "pass",
    "summary": "The preloaded skill was discovered and applied correctly.",
    "details": {
      "outcomeSatisfied": true,
      "outcomeScore": 50,
      "nativeUseScore": 30,
      "safetyScore": 20,
      "expectedSummary": "TOTAL=3\nTOP=alice:2\nDUPLICATES=ISS-001",
      "actualSummary": "TOTAL=3\nTOP=alice:2\nDUPLICATES=ISS-001",
      "usedSkillFlow": true
    }
  },
  "timings": {
    "startedAt": "2026-07-29T16:31:02.000Z",
    "completedAt": "2026-07-29T16:31:17.011Z",
    "durationMs": 15011
  }
}

completed=1 pass=1 partial=0 fail=0 averageScore=100
