[PASS] HA-05 score=100 Hermes fixed the bug and proved it with a final passing test run.
note: Pinned Hermes ea74f61d983e
{
  "scenarioId": "HA-05",
  "status": "pass",
  "score": 100,
  "summary": "Hermes fixed the bug and proved it with a final passing test run.",
  "note": "Pinned Hermes ea74f61d983e",
  "rawLog": "scenario=HA-05\nrun_dir=/tmp/hermesagent20-runs/dev-1785342843173-c82ff8c8/openrouter_Qwen3.6-35B-A3B-UD-IQ2_M/HA-05\nworkspace=/tmp/hermesagent20-runs/dev-1785342843173-c82ff8c8/openrouter_Qwen3.6-35B-A3B-UD-IQ2_M/HA-05/workspace\nhermes_home=/tmp/hermesagent20-runs/dev-1785342843173-c82ff8c8/openrouter_Qwen3.6-35B-A3B-UD-IQ2_M/HA-05/hermes-home\nhermes_source=/opt/hermes-agent\nhermes_revision=ea74f61d983ebdfd6a863c45761d1b38081f1d08\nhermes_bin=/opt/hermes-venv/bin/hermes\nagent_exit_code=0\nsession_id=13250b94-01ce-4d6c-8168-5eb8427f1895\ntool_events=24\npytest_exit=0\npytest_stdout=.                                                                        [100%]\n1 passed in 0.00s",
  "output": {
    "finalAnswer": "I identified and fixed the bug in the `apply_discount` function.\n\nThe issue was in `calculator.py`:\n```python\n# Before (buggy):\ndef apply_discount(price, pct):\n    return round(price - pct, 2)\n\n# After (fixed):\ndef apply_discount(price, pct):\n    return round(price * (1 - pct), 2)\n```\n\nThe original code subtracted the percentage value directly from the price (e.g., 100 - 0.15 = 99.85) instead of calculating the discount amount properly (100 * (1 - 0.15) = 85.0). The fix multiplies the price by (1 - pct) to correctly apply the percentage discount.\n\nThe test expects `apply_discount(100, 0.15) == 85.0`, which now passes with the corrected implementation."
  },
  "verifier": {
    "status": "pass",
    "summary": "Final pytest verification passed.",
    "details": {
      "outcomeSatisfied": true,
      "outcomeScore": 50,
      "nativeUseScore": 30,
      "safetyScore": 20,
      "pytestExitCode": 0,
      "verifiedAfterFix": true,
      "pytestCommandCount": 3
    }
  },
  "timings": {
    "startedAt": "2026-07-29T16:34:03.176Z",
    "completedAt": "2026-07-29T16:34:29.354Z",
    "durationMs": 26178
  }
}

completed=1 pass=1 partial=0 fail=0 averageScore=100
