[PASS] HA-09 score=100 Hermes created a valid skill from the completed workflow.
note: Pinned Hermes ea74f61d983e
{
  "scenarioId": "HA-09",
  "status": "pass",
  "score": 100,
  "summary": "Hermes created a valid skill from the completed workflow.",
  "note": "Pinned Hermes ea74f61d983e",
  "rawLog": "scenario=HA-09\nrun_dir=/tmp/hermesagent20-runs/dev-1785342956034-0fc50333/openrouter_Qwen3.6-35B-A3B-UD-IQ2_M/HA-09\nworkspace=/tmp/hermesagent20-runs/dev-1785342956034-0fc50333/openrouter_Qwen3.6-35B-A3B-UD-IQ2_M/HA-09/workspace\nhermes_home=/tmp/hermesagent20-runs/dev-1785342956034-0fc50333/openrouter_Qwen3.6-35B-A3B-UD-IQ2_M/HA-09/hermes-home\nhermes_source=/opt/hermes-agent\nhermes_revision=ea74f61d983ebdfd6a863c45761d1b38081f1d08\nhermes_bin=/opt/hermes-venv/bin/hermes\nagent_exit_code=0\nsession_id=370a0872-e694-4925-b7d2-5b7b4270111a\ntool_events=8\nskill_files=[\"incident-summary-workflow/SKILL.md\"]",
  "output": {
    "finalAnswer": "Skill `incident-summary-workflow` created at `~/.hermes/skills/incident-summary-workflow/SKILL.md`. It includes all four sections: When to Use, Procedure, Pitfalls, and Verification.",
    "skillFile": "incident-summary-workflow/SKILL.md"
  },
  "verifier": {
    "status": "pass",
    "summary": "A valid reusable skill was created.",
    "details": {
      "outcomeSatisfied": true,
      "outcomeScore": 50,
      "nativeUseScore": 30,
      "safetyScore": 20,
      "skillFile": "incident-summary-workflow/SKILL.md",
      "hasFrontmatter": true,
      "hasRequiredSections": true,
      "createEvent": true
    }
  },
  "timings": {
    "startedAt": "2026-07-29T16:35:56.038Z",
    "completedAt": "2026-07-29T16:36:09.827Z",
    "durationMs": 13789
  }
}

completed=1 pass=1 partial=0 fail=0 averageScore=100
