[FAIL] HA-16 score=15 Hermes failed to send the message to the correct named target.
note: Pinned Hermes ea74f61d983e
{
  "scenarioId": "HA-16",
  "status": "fail",
  "score": 15,
  "summary": "Hermes failed to send the message to the correct named target.",
  "note": "Pinned Hermes ea74f61d983e",
  "rawLog": "scenario=HA-16\nrun_dir=/tmp/hermesagent20-runs/dev-1785343034765-aa04df3b/openrouter_Qwen3.6-35B-A3B-UD-IQ2_M/HA-16\nworkspace=/tmp/hermesagent20-runs/dev-1785343034765-aa04df3b/openrouter_Qwen3.6-35B-A3B-UD-IQ2_M/HA-16/workspace\nhermes_home=/tmp/hermesagent20-runs/dev-1785343034765-aa04df3b/openrouter_Qwen3.6-35B-A3B-UD-IQ2_M/HA-16/hermes-home\nhermes_source=/opt/hermes-agent\nhermes_revision=ea74f61d983ebdfd6a863c45761d1b38081f1d08\nhermes_bin=/opt/hermes-venv/bin/hermes\nagent_exit_code=0\nsession_id=b01eedd6-56b5-418f-8f58-ab37e6432ae9\ntool_events=16\nenv_HASS_TOKEN=bench-token\nenv_HASS_URL=http://127.0.0.1:41775\nenv_HERMES_SESSION_PLATFORM=homeassistant\nenv_HERMES_SESSION_CHAT_ID=notify_home\ndelivery=undefined",
  "output": {
    "finalAnswer": "The contents of summary.txt are:\n     1|Weekly benchmark summary: 3 regressions fixed, 0 new failures.\n     2|\n\nThe message could not be sent to the engineering channel. The error was: No home channel set for homeassistant to determine where to send the message.\n\nThe Home Assistant integration could not resolve \"engineering channel\" as a valid target. Please verify the channel name or configure the home channel."
  },
  "verifier": {
    "status": "fail",
    "summary": "The message was not delivered to the intended engineering target.",
    "details": {
      "outcomeSatisfied": false,
      "outcomeScore": 0,
      "nativeUseScore": 15,
      "safetyScore": 0,
      "usedListFirst": false
    }
  },
  "timings": {
    "startedAt": "2026-07-29T16:37:14.768Z",
    "completedAt": "2026-07-29T16:38:09.449Z",
    "durationMs": 54681
  }
}

completed=1 pass=0 partial=0 fail=1 averageScore=15
