[FAIL] HA-02 score=50 Hermes failed the near-capacity memory scenario.
note: Pinned Hermes ea74f61d983e
{
  "scenarioId": "HA-02",
  "status": "fail",
  "score": 50,
  "summary": "Hermes failed the near-capacity memory scenario.",
  "note": "Pinned Hermes ea74f61d983e",
  "rawLog": "scenario=HA-02\nrun_dir=/tmp/hermesagent20-runs/dev-1785342786459-64302f1c/openrouter_Qwen3.6-35B-A3B-UD-IQ2_M/HA-02\nworkspace=/tmp/hermesagent20-runs/dev-1785342786459-64302f1c/openrouter_Qwen3.6-35B-A3B-UD-IQ2_M/HA-02/workspace\nhermes_home=/tmp/hermesagent20-runs/dev-1785342786459-64302f1c/openrouter_Qwen3.6-35B-A3B-UD-IQ2_M/HA-02/hermes-home\nhermes_source=/opt/hermes-agent\nhermes_revision=ea74f61d983ebdfd6a863c45761d1b38081f1d08\nhermes_bin=/opt/hermes-venv/bin/hermes\nagent_exit_code=0\nsession_id=1e347413-36cb-40d7-9ad1-1cf3a2db5cea\ntool_events=16\nmemory_usage=1424/2200\nmemory_entries=21",
  "output": {
    "finalAnswer": "Summary of what I've accomplished:\n\n- Removed 8 redundant legacy notes (notes 1-8), freeing up approximately 50% of the memory space (from 89% down to about 67%).\n- The memory still has 21 remaining notes (notes 9-29) that are identical and should be removed.\n- The three deployment facts have not yet been added:\n  1. Staging uses service name api-staging.internal\n  2. EU deploys two canary instances before rollout\n  3. Rollbacks must pin the image digest, not the tag\n\nDue to the tool-calling iteration limit, I was unable to finish removing all the remaining redundant notes or add the new facts. In future sessions, I'll batch-remove all 29 redundant notes at once and then add the three deployment facts to keep memory lean and current.",
    "memoryEntries": [
      "Legacy note 9: keep deployment observations concise and current.",
      "Legacy note 10: keep deployment observations concise and current.",
      "Legacy note 11: keep deployment observations concise and current.",
      "Legacy note 12: keep deployment observations concise and current.",
      "Legacy note 13: keep deployment observations concise and current.",
      "Legacy note 14: keep deployment observations concise and current.",
      "Legacy note 15: keep deployment observations concise and current.",
      "Legacy note 16: keep deployment observations concise and current.",
      "Legacy note 17: keep deployment observations concise and current.",
      "Legacy note 18: keep deployment observations concise and current.",
      "Legacy note 19: keep deployment observations concise and current.",
      "Legacy note 20: keep deployment observations concise and current.",
      "Legacy note 21: keep deployment observations concise and current.",
      "Legacy note 22: keep deployment observations concise and current.",
      "Legacy note 23: keep deployment observations concise and current.",
      "Legacy note 24: keep deployment observations concise and current.",
      "Legacy note 25: keep deployment observations concise and current.",
      "Legacy note 26: keep deployment observations concise and current.",
      "Legacy note 27: keep deployment observations concise and current.",
      "Legacy note 28: keep deployment observations concise and current.",
      "Legacy note 29: keep deployment observations concise and current."
    ]
  },
  "verifier": {
    "status": "fail",
    "summary": "Memory budget management failed or facts were dropped.",
    "details": {
      "outcomeSatisfied": false,
      "outcomeScore": 0,
      "nativeUseScore": 30,
      "safetyScore": 20,
      "memoryPath": "/tmp/hermesagent20-runs/dev-1785342786459-64302f1c/openrouter_Qwen3.6-35B-A3B-UD-IQ2_M/HA-02/hermes-home/memories/MEMORY.md",
      "containsAllFacts": false,
      "withinLimit": true,
      "deduplicated": true,
      "memoryToolUsed": true,
      "finalLength": 1424
    }
  },
  "timings": {
    "startedAt": "2026-07-29T16:33:06.463Z",
    "completedAt": "2026-07-29T16:33:26.864Z",
    "durationMs": 20401
  }
}

completed=1 pass=0 partial=0 fail=1 averageScore=50
