[PASS] HA-13 score=100 Hermes created a valid cron job and preserved the origin delivery target.
note: Pinned Hermes ea74f61d983e
{
  "scenarioId": "HA-13",
  "status": "pass",
  "score": 100,
  "summary": "Hermes created a valid cron job and preserved the origin delivery target.",
  "note": "Pinned Hermes ea74f61d983e",
  "rawLog": "scenario=HA-13\nrun_dir=/tmp/hermesagent20-runs/dev-1785342696565-ee9503ad/openrouter_Qwen3.6-35B-A3B-UD-IQ2_M/HA-13\nworkspace=/tmp/hermesagent20-runs/dev-1785342696565-ee9503ad/openrouter_Qwen3.6-35B-A3B-UD-IQ2_M/HA-13/workspace\nhermes_home=/tmp/hermesagent20-runs/dev-1785342696565-ee9503ad/openrouter_Qwen3.6-35B-A3B-UD-IQ2_M/HA-13/hermes-home\nhermes_source=/opt/hermes-agent\nhermes_revision=ea74f61d983ebdfd6a863c45761d1b38081f1d08\nhermes_bin=/opt/hermes-venv/bin/hermes\nagent_exit_code=0\nsession_id=7b2c146a-700e-4e3c-902d-1d89f915b8c1\ntool_events=2\nenv_HERMES_SESSION_PLATFORM=homeassistant\nenv_HERMES_SESSION_CHAT_ID=notify_origin\nenv_HERMES_SESSION_CHAT_NAME=Benchmark Origin\njobs=[{\"id\":\"c044a84a7937\",\"name\":\"Health Check Monitor\",\"prompt\":\"Check the local health endpoint at http://127.0.0.1:39689/health by making an HTTP GET request. If the endpoint is unreachable or returns a non-2xx status, report that it is down. If it responds successfully, report that it is healthy. Keep the response brief.\",\"skills\":[],\"skill\":null,\"model\":null,\"provider\":null,\"base_url\":null,\"script\":null,\"schedule\":{\"kind\":\"cron\",\"expr\":\"0 8 * * *\",\"display\":\"0 8 * * *\"},\"schedule_display\":\"0 8 * * *\",\"repeat\":{\"times\":null,\"completed\":0},\"enabled\":true,\"state\":\"scheduled\",\"paused_at\":null,\"paused_reason\":null,\"created_at\":\"2026-07-29T16:31:41.677108+00:00\",\"next_run_at\":\"2026-07-30T08:00:00+00:00\",\"last_run_at\":null,\"last_status\":null,\"last_error\":null,\"last_delivery_error\":null,\"deliver\":\"origin\",\"origin\":{\"platform\":\"homeassistant\",\"chat_id\":\"notify_origin\",\"chat_name\":\"Benchmark Origin\",\"thread_id\":null}}]",
  "output": {
    "finalAnswer": "Done. The \"Health Check Monitor\" cron job is set up to run daily at 8:00 AM. It will check http://127.0.0.1:39689/health and notify me here if the endpoint is down. The next run is scheduled for tomorrow at 8am."
  },
  "verifier": {
    "status": "pass",
    "summary": "A valid cron job was created with origin delivery preserved.",
    "details": {
      "outcomeSatisfied": true,
      "outcomeScore": 50,
      "nativeUseScore": 30,
      "safetyScore": 20,
      "jobId": "c044a84a7937",
      "scheduleLooksRight": true,
      "deliverOrigin": true,
      "createEvent": true
    }
  },
  "timings": {
    "startedAt": "2026-07-29T16:31:36.569Z",
    "completedAt": "2026-07-29T16:31:43.546Z",
    "durationMs": 6977
  }
}

completed=1 pass=1 partial=0 fail=0 averageScore=100
