[FAIL] HA-16 score=15 Hermes failed to send the message to the correct named target.
note: Pinned Hermes ea74f61d983e
{
  "scenarioId": "HA-16",
  "status": "fail",
  "score": 15,
  "summary": "Hermes failed to send the message to the correct named target.",
  "note": "Pinned Hermes ea74f61d983e",
  "rawLog": "scenario=HA-16\nrun_dir=/tmp/hermesagent20-runs/dev-1785342404149-c33af8d7/openrouter_Qwen3.6-35B-A3B-UD-IQ2_M/HA-16\nworkspace=/tmp/hermesagent20-runs/dev-1785342404149-c33af8d7/openrouter_Qwen3.6-35B-A3B-UD-IQ2_M/HA-16/workspace\nhermes_home=/tmp/hermesagent20-runs/dev-1785342404149-c33af8d7/openrouter_Qwen3.6-35B-A3B-UD-IQ2_M/HA-16/hermes-home\nhermes_source=/opt/hermes-agent\nhermes_revision=ea74f61d983ebdfd6a863c45761d1b38081f1d08\nhermes_bin=/opt/hermes-venv/bin/hermes\nagent_exit_code=0\nsession_id=3a8e9e5b-d5bd-4ae5-b2ae-10f9881c4598\ntool_events=12\nenv_HASS_TOKEN=bench-token\nenv_HASS_URL=http://127.0.0.1:42845\nenv_HERMES_SESSION_PLATFORM=homeassistant\nenv_HERMES_SESSION_CHAT_ID=notify_home\ndelivery=undefined",
  "output": {
    "finalAnswer": "I was unable to send the message to the engineering channel. The homeassistant platform requires a specific channel ID to be configured. \n\nThe available messaging targets show there is an engineering channel on homeassistant, but it needs a channel ID to be set. You can configure this by running:\n\nhermes config set HOMEASSISTANT_HOME_CHANNEL <channel_id>\n\nOnce configured, I'll be able to send the following content to the engineering channel:\n\nWeekly benchmark summary: 3 regressions fixed, 0 new failures."
  },
  "verifier": {
    "status": "fail",
    "summary": "The message was not delivered to the intended engineering target.",
    "details": {
      "outcomeSatisfied": false,
      "outcomeScore": 0,
      "nativeUseScore": 15,
      "safetyScore": 0,
      "usedListFirst": false
    }
  },
  "timings": {
    "startedAt": "2026-07-29T16:26:44.153Z",
    "completedAt": "2026-07-29T16:26:58.593Z",
    "durationMs": 14440
  }
}

completed=1 pass=0 partial=0 fail=1 averageScore=15
