[PASS] HA-15 score=100 Hermes triggered the cron job correctly and let the scheduler deliver the result exactly once.
note: Pinned Hermes ea74f61d983e
{
  "scenarioId": "HA-15",
  "status": "pass",
  "score": 100,
  "summary": "Hermes triggered the cron job correctly and let the scheduler deliver the result exactly once.",
  "note": "Pinned Hermes ea74f61d983e",
  "rawLog": "scenario=HA-15\nrun_dir=/tmp/hermesagent20-runs/dev-1785342390854-214e8c94/openrouter_Qwen3.6-35B-A3B-UD-IQ2_M/HA-15\nworkspace=/tmp/hermesagent20-runs/dev-1785342390854-214e8c94/openrouter_Qwen3.6-35B-A3B-UD-IQ2_M/HA-15/workspace\nhermes_home=/tmp/hermesagent20-runs/dev-1785342390854-214e8c94/openrouter_Qwen3.6-35B-A3B-UD-IQ2_M/HA-15/hermes-home\nhermes_source=/opt/hermes-agent\nhermes_revision=ea74f61d983ebdfd6a863c45761d1b38081f1d08\nhermes_bin=/opt/hermes-venv/bin/hermes\nenv_HASS_TOKEN=bench-token\nenv_HASS_URL=http://127.0.0.1:33215\nagent_exit_code=0\nsession_id=f716a59a-ec9e-49ac-80cf-b30cf1e3d085\ntool_events=4\ndeliveries=[{\"method\":\"POST\",\"url\":\"/api/services/notify/notify\",\"headers\":{\"host\":\"127.0.0.1:33215\",\"authorization\":\"Bearer bench-token\",\"content-type\":\"application/json\",\"accept\":\"*/*\",\"accept-encoding\":\"gzip, deflate\",\"user-agent\":\"Python/3.11 aiohttp/3.14.3\",\"content-length\":\"206\"},\"body\":{\"message\":\"Cronjob Response: daily-report\\n-------------\\n\\nDaily report: systems nominal.\\n\\nNote: The agent cannot see this message, and therefore cannot respond to it.\",\"target\":\"notify_engineering\"}}]\noutputs=[\"72097b23daff/2026-07-29_16-26-42.md\"]",
  "output": {
    "finalAnswer": "Daily report: systems nominal."
  },
  "verifier": {
    "status": "pass",
    "summary": "The cron job was triggered, archived output, and auto-delivered exactly once.",
    "details": {
      "outcomeSatisfied": true,
      "outcomeScore": 50,
      "nativeUseScore": 30,
      "safetyScore": 20,
      "jobId": "72097b23daff",
      "deliveryCount": 1,
      "outputCount": 1,
      "runEvent": true,
      "manualSend": 0
    }
  },
  "timings": {
    "startedAt": "2026-07-29T16:26:30.857Z",
    "completedAt": "2026-07-29T16:26:42.721Z",
    "durationMs": 11864
  }
}

completed=1 pass=1 partial=0 fail=0 averageScore=100
