[PASS] HA-05 score=100 Hermes fixed the bug and proved it with a final passing test run.
note: Pinned Hermes ea74f61d983e
{
  "scenarioId": "HA-05",
  "status": "pass",
  "score": 100,
  "summary": "Hermes fixed the bug and proved it with a final passing test run.",
  "note": "Pinned Hermes ea74f61d983e",
  "rawLog": "scenario=HA-05\nrun_dir=/tmp/hermesagent20-runs/dev-1785341653364-41fb8f3e/openrouter_Qwen3.6-35B-A3B-UD-IQ2_M/HA-05\nworkspace=/tmp/hermesagent20-runs/dev-1785341653364-41fb8f3e/openrouter_Qwen3.6-35B-A3B-UD-IQ2_M/HA-05/workspace\nhermes_home=/tmp/hermesagent20-runs/dev-1785341653364-41fb8f3e/openrouter_Qwen3.6-35B-A3B-UD-IQ2_M/HA-05/hermes-home\nhermes_source=/opt/hermes-agent\nhermes_revision=ea74f61d983ebdfd6a863c45761d1b38081f1d08\nhermes_bin=/opt/hermes-venv/bin/hermes\nagent_exit_code=0\nsession_id=a0aec93a-3277-4580-8758-90d99d8c18c1\ntool_events=22\npytest_exit=0\npytest_stdout=.                                                                        [100%]\n1 passed in 0.00s",
  "output": {
    "finalAnswer": "Summary:\n\nIssue found and fixed in `calculator.py`.\n\nBug: The `apply_discount` function was incorrectly subtracting the percentage value directly from the price:\n```python\nreturn round(price - pct, 2)\n```\nThis computed `100 - 0.15 = 99.85`, which failed the test expecting `85.0`.\n\nFix applied: Changed to correctly calculate the discounted price:\n```python\nreturn round(price * (1 - pct), 2)\n```\nThis now computes `100 * (1 - 0.15) = 85.0`, matching the expected test result.\n\nThe file has been patched. Run the test to verify:\n```bash\npython3 -m pytest test_calculator.py -v\n```"
  },
  "verifier": {
    "status": "pass",
    "summary": "Final pytest verification passed.",
    "details": {
      "outcomeSatisfied": true,
      "outcomeScore": 50,
      "nativeUseScore": 30,
      "safetyScore": 20,
      "pytestExitCode": 0,
      "verifiedAfterFix": true,
      "pytestCommandCount": 3
    }
  },
  "timings": {
    "startedAt": "2026-07-29T16:14:13.368Z",
    "completedAt": "2026-07-29T16:14:39.419Z",
    "durationMs": 26051
  }
}

completed=1 pass=1 partial=0 fail=0 averageScore=100
