[PASS] HA-01 score=100 Hermes replaced stale project memory through the native memory tool.
note: Pinned Hermes ea74f61d983e
{
  "scenarioId": "HA-01",
  "status": "pass",
  "score": 100,
  "summary": "Hermes replaced stale project memory through the native memory tool.",
  "note": "Pinned Hermes ea74f61d983e",
  "rawLog": "scenario=HA-01\nrun_dir=/tmp/hermesagent20-runs/dev-1785342460399-31f47e8e/openrouter_Qwen3.6-35B-A3B-UD-IQ2_M/HA-01\nworkspace=/tmp/hermesagent20-runs/dev-1785342460399-31f47e8e/openrouter_Qwen3.6-35B-A3B-UD-IQ2_M/HA-01/workspace\nhermes_home=/tmp/hermesagent20-runs/dev-1785342460399-31f47e8e/openrouter_Qwen3.6-35B-A3B-UD-IQ2_M/HA-01/hermes-home\nhermes_source=/opt/hermes-agent\nhermes_revision=ea74f61d983ebdfd6a863c45761d1b38081f1d08\nhermes_bin=/opt/hermes-venv/bin/hermes\nagent_exit_code=0\nsession_id=c27ede5a-0f15-4dba-99b2-5fb16f5782a7\ntool_events=2\nmemory_entries=[\"Project uses CockroachDB for all production and local deployments.\",\"CI runs on Linux runners.\"]",
  "output": {
    "finalAnswer": "Done. I've updated the project database to CockroachDB.",
    "memoryEntries": [
      "Project uses CockroachDB for all production and local deployments.",
      "CI runs on Linux runners."
    ]
  },
  "verifier": {
    "status": "pass",
    "summary": "Contradictory memory was updated correctly.",
    "details": {
      "outcomeSatisfied": true,
      "outcomeScore": 50,
      "nativeUseScore": 30,
      "safetyScore": 20,
      "memoryPath": "/tmp/hermesagent20-runs/dev-1785342460399-31f47e8e/openrouter_Qwen3.6-35B-A3B-UD-IQ2_M/HA-01/hermes-home/memories/MEMORY.md",
      "entries": [
        "Project uses CockroachDB for all production and local deployments.",
        "CI runs on Linux runners."
      ],
      "withinLimit": true,
      "memoryToolUsed": true,
      "hasCockroach": true,
      "removedStale": true
    }
  },
  "timings": {
    "startedAt": "2026-07-29T16:27:40.403Z",
    "completedAt": "2026-07-29T16:27:44.953Z",
    "durationMs": 4550
  }
}

completed=1 pass=1 partial=0 fail=0 averageScore=100
