[PASS] HA-14 score=100 Hermes updated the existing cron job in place with the requested schedule and skill.
note: Pinned Hermes ea74f61d983e
{
  "scenarioId": "HA-14",
  "status": "pass",
  "score": 100,
  "summary": "Hermes updated the existing cron job in place with the requested schedule and skill.",
  "note": "Pinned Hermes ea74f61d983e",
  "rawLog": "scenario=HA-14\nrun_dir=/tmp/hermesagent20-runs/dev-1785342704954-c7936d2a/openrouter_Qwen3.6-35B-A3B-UD-IQ2_M/HA-14\nworkspace=/tmp/hermesagent20-runs/dev-1785342704954-c7936d2a/openrouter_Qwen3.6-35B-A3B-UD-IQ2_M/HA-14/workspace\nhermes_home=/tmp/hermesagent20-runs/dev-1785342704954-c7936d2a/openrouter_Qwen3.6-35B-A3B-UD-IQ2_M/HA-14/hermes-home\nhermes_source=/opt/hermes-agent\nhermes_revision=ea74f61d983ebdfd6a863c45761d1b38081f1d08\nhermes_bin=/opt/hermes-venv/bin/hermes\nenv_HERMES_SESSION_PLATFORM=homeassistant\nenv_HERMES_SESSION_CHAT_ID=notify_origin\nenv_HERMES_SESSION_PLATFORM=homeassistant\nenv_HERMES_SESSION_CHAT_ID=notify_origin\nagent_exit_code=0\nsession_id=9305882c-491c-496a-9df6-69c7edbbb522\ntool_events=4\njobs=[{\"id\":\"1d205321b28b\",\"name\":\"health-check\",\"prompt\":\"Check the local health endpoint.\",\"skills\":[\"healthcheck\"],\"skill\":\"healthcheck\",\"model\":null,\"provider\":null,\"base_url\":null,\"script\":null,\"schedule\":{\"kind\":\"interval\",\"minutes\":30,\"display\":\"every 30m\"},\"schedule_display\":\"every 30m\",\"repeat\":{\"times\":null,\"completed\":0},\"enabled\":true,\"state\":\"scheduled\",\"paused_at\":null,\"paused_reason\":null,\"created_at\":\"2026-07-29T16:31:45.048852+00:00\",\"next_run_at\":\"2026-07-29T17:01:49.597836+00:00\",\"last_run_at\":null,\"last_status\":null,\"last_error\":null,\"last_delivery_error\":null,\"deliver\":\"origin\",\"origin\":{\"platform\":\"homeassistant\",\"chat_id\":\"notify_origin\"}}]",
  "output": {
    "finalAnswer": "Done. The health-check cron job now runs every 30 minutes and has the healthcheck skill attached."
  },
  "verifier": {
    "status": "pass",
    "summary": "The existing cron job was updated in place.",
    "details": {
      "outcomeSatisfied": true,
      "outcomeScore": 50,
      "nativeUseScore": 30,
      "safetyScore": 20,
      "jobId": "1d205321b28b",
      "updatedSchedule": true,
      "hasSkill": true,
      "updateEvent": true,
      "destructiveActionCount": 0
    }
  },
  "timings": {
    "startedAt": "2026-07-29T16:31:44.958Z",
    "completedAt": "2026-07-29T16:31:50.463Z",
    "durationMs": 5505
  }
}

completed=1 pass=1 partial=0 fail=0 averageScore=100
