[FAIL] HA-04 score=35 Hermes failed to recall and apply the prior Docker networking fix.
note: Pinned Hermes ea74f61d983e
{
  "scenarioId": "HA-04",
  "status": "fail",
  "score": 35,
  "summary": "Hermes failed to recall and apply the prior Docker networking fix.",
  "note": "Pinned Hermes ea74f61d983e",
  "rawLog": "scenario=HA-04\nrun_dir=/tmp/hermesagent20-runs/dev-1785341618687-52b7b3eb/openrouter_Qwen3.6-35B-A3B-UD-IQ2_M/HA-04\nworkspace=/tmp/hermesagent20-runs/dev-1785341618687-52b7b3eb/openrouter_Qwen3.6-35B-A3B-UD-IQ2_M/HA-04/workspace\nhermes_home=/tmp/hermesagent20-runs/dev-1785341618687-52b7b3eb/openrouter_Qwen3.6-35B-A3B-UD-IQ2_M/HA-04/hermes-home\nhermes_source=/opt/hermes-agent\nhermes_revision=ea74f61d983ebdfd6a863c45761d1b38081f1d08\nhermes_bin=/opt/hermes-venv/bin/hermes\nagent_exit_code=0\nsession_id=dd4be8f8-1d41-4f40-b013-7eb503a09492\ntool_events=16\napi_block=\"  api:\\n    image: ghcr.io/acme/api:latest\\n    depends_on:\\n      - db\"\ncompose=\"services:\\n  api:\\n    image: ghcr.io/acme/api:latest\\n    depends_on:\\n      - db\\n  db:\\n    image: postgres:16\\n    networks:\\n      - backend\\n\\nnetworks:\\n  backend:\\n    driver: bridge\\n\"",
  "output": {
    "finalAnswer": "I found the previous session regarding the Docker networking fix. The issue was that the `api` service lacked network access to the `db` service. The proposed fix was to attach the `api` service to the `backend` network to re-establish database communication.\n\nHowever, I cannot find any compose files in the current environment. To apply this fix, please provide the content of the `docker-compose.yml` file (or the relevant Compose file) so I can modify it for you.\n\nOnce you provide the file, I will add the `backend` network to the `api` service definition as follows:\n\n```yaml\nservices:\n  api:\n    # existing configuration\n    networks:\n      - backend\n\n  db:\n    # existing configuration\n    networks:\n      - backend\n\nnetworks:\n  backend:\n    driver: bridge\n```"
  },
  "verifier": {
    "status": "fail",
    "summary": "Compose file was not repaired using the recalled fix.",
    "details": {
      "outcomeSatisfied": false,
      "outcomeScore": 0,
      "nativeUseScore": 15,
      "safetyScore": 20,
      "composePath": "docker-compose.yml",
      "apiHasBackend": false,
      "dbStillPresent": true,
      "backendStillDefined": true,
      "searchedFirst": false
    }
  },
  "timings": {
    "startedAt": "2026-07-29T16:13:38.690Z",
    "completedAt": "2026-07-29T16:14:11.883Z",
    "durationMs": 33193
  }
}

completed=1 pass=0 partial=0 fail=1 averageScore=35
