=== ARM f16 : -ctk f16 -ctv f16 ===
  ready 5s
  schema_copy rep1 stop ctok=114 clen=159 long1500 rep1 stop ctok=618 clen=905 schema_copy rep2 stop ctok=114 clen=159 long1500 rep2 stop ctok=618 clen=905 schema_copy rep3 stop ctok=114 clen=159 long1500 rep3 stop ctok=618 clen=905 schema_copy rep4 stop ctok=114 clen=159 long1500 rep4 stop ctok=618 clen=905 schema_copy rep5 stop ctok=114 clen=159 long1500 rep5 stop ctok=618 clen=905 
=== ARM turbo4 : -ctk turbo4 -ctv turbo4 ===
  ready 3s
  schema_copy rep1 stop ctok=256 clen=176 long1500 rep1 stop ctok=611 clen=798 schema_copy rep2 stop ctok=256 clen=176 long1500 rep2 stop ctok=611 clen=798 schema_copy rep3 stop ctok=256 clen=176 long1500 rep3 stop ctok=611 clen=798 schema_copy rep4 stop ctok=256 clen=176 long1500 rep4 stop ctok=611 clen=798 schema_copy rep5 stop ctok=256 clen=176 long1500 rep5 stop ctok=611 clen=798 
=== ARM turbo3 : -ctk turbo3 -ctv turbo3 ===
  ready 3s
  schema_copy rep1 stop ctok=132 clen=176 long1500 rep1 stop ctok=632 clen=757 schema_copy rep2 stop ctok=132 clen=176 long1500 rep2 stop ctok=632 clen=757 schema_copy rep3 stop ctok=132 clen=176 long1500 rep3 stop ctok=632 clen=757 schema_copy rep4 stop ctok=132 clen=176 long1500 rep4 stop ctok=632 clen=757 schema_copy rep5 stop ctok=132 clen=176 long1500 rep5 stop ctok=632 clen=757 
=== ARM turbo8 : -ctk turbo8 -ctv turbo8 ===
  ready 3s
  schema_copy rep1 stop ctok=256 clen=176 long1500 rep1 stop ctok=665 clen=779 schema_copy rep2 stop ctok=256 clen=176 long1500 rep2 stop ctok=665 clen=779 schema_copy rep3 stop ctok=256 clen=176 long1500 rep3 stop ctok=665 clen=779 schema_copy rep4 stop ctok=256 clen=176 long1500 rep4 stop ctok=665 clen=779 schema_copy rep5 stop ctok=256 clen=176 long1500 rep5 stop ctok=665 clen=779 
=== ARM q8turbo4 : -ctk q8_0 -ctv turbo4 ===
  ready 3s
  schema_copy rep1 stop ctok=256 clen=176 long1500 rep1 stop ctok=662 clen=1011 schema_copy rep2 stop ctok=256 clen=176 long1500 rep2 stop ctok=662 clen=1011 schema_copy rep3 stop ctok=256 clen=176 long1500 rep3 stop ctok=662 clen=1011 schema_copy rep4 stop ctok=256 clen=176 long1500 rep4 stop ctok=662 clen=1011 schema_copy rep5 stop ctok=256 clen=176 long1500 rep5 stop ctok=662 clen=1011 

=== SCORE: cells clean out of K=5 ===
  f16       long1500     clean 5/5   ctok=[618, 618, 618, 618, 618]
  f16       schema_copy  clean 5/5   ctok=[114, 114, 114, 114, 114]
  q8turbo4  long1500     clean 5/5   ctok=[662, 662, 662, 662, 662]
  q8turbo4  schema_copy  clean 5/5   ctok=[256, 256, 256, 256, 256]
  turbo3    long1500     clean 5/5   ctok=[632, 632, 632, 632, 632]
  turbo3    schema_copy  clean 5/5   ctok=[132, 132, 132, 132, 132]
  turbo4    long1500     clean 5/5   ctok=[611, 611, 611, 611, 611]
  turbo4    schema_copy  clean 5/5   ctok=[256, 256, 256, 256, 256]
  turbo8    long1500     clean 5/5   ctok=[665, 665, 665, 665, 665]
  turbo8    schema_copy  clean 5/5   ctok=[256, 256, 256, 256, 256]
######## VERIFY HEAD K5 DONE
