20:03:13 gate pre test_final try1 servers=0 apps=0 app_clk,max_clk,temp=1328,1328,34
20:03:24 leg test_final rc=0 env=unset
20:03:24 gate post test_final try1 servers=0 apps=0 app_clk,max_clk,temp=1328,1328,34
20:03:24 gate pre perf_base_r1 try1 servers=0 apps=0 app_clk,max_clk,temp=1328,1328,34
20:04:00 leg perf_base_r1 rc=0 env=unset
20:04:00 gate post perf_base_r1 try1 servers=0 apps=0 app_clk,max_clk,temp=1328,1328,44
20:04:00 gate pre perf_final_r1 try1 servers=0 apps=0 app_clk,max_clk,temp=1328,1328,44
20:04:34 leg perf_final_r1 rc=0 env=unset
20:04:34 gate post perf_final_r1 try1 servers=0 apps=0 app_clk,max_clk,temp=1328,1328,47
20:04:34 gate pre perf_base_r2 try1 servers=0 apps=0 app_clk,max_clk,temp=1328,1328,47
20:05:11 leg perf_base_r2 rc=0 env=unset
20:05:11 gate post perf_base_r2 try1 servers=0 apps=0 app_clk,max_clk,temp=1328,1328,48
20:05:11 gate pre perf_final_r2 try1 servers=0 apps=0 app_clk,max_clk,temp=1328,1328,48
20:05:45 leg perf_final_r2 rc=0 env=unset
20:05:45 gate post perf_final_r2 try1 servers=0 apps=0 app_clk,max_clk,temp=1328,1328,49
20:05:45 gate pre perf_base_r3 try1 servers=0 apps=0 app_clk,max_clk,temp=1328,1328,49
20:06:21 leg perf_base_r3 rc=0 env=unset
20:06:22 gate post perf_base_r3 try1 servers=0 apps=0 app_clk,max_clk,temp=1328,1328,49
20:06:22 gate pre perf_final_r3 try1 servers=0 apps=0 app_clk,max_clk,temp=1328,1328,49
20:06:55 leg perf_final_r3 rc=0 env=unset
20:06:55 gate post perf_final_r3 try1 servers=0 apps=0 app_clk,max_clk,temp=1328,1328,49
