0.08.397.059 I 
0.08.397.234 I system_info: n_threads = 20 (n_threads_batch = 20) / 40 | CUDA : ARCHS = 600 | USE_GRAPHS = 1 | CPU : SSE3 = 1 | SSSE3 = 1 | AVX = 1 | AVX2 = 1 | F16C = 1 | FMA = 1 | BMI2 = 1 | LLAMAFILE = 1 | OPENMP = 1 | REPACK = 1 | 
0.08.801.004 I kl_divergence: computing over 32 chunks, n_ctx=2048, batch_size=2048, n_seq=1
0.16.735.295 I kl_divergence: 7.93 seconds per pass - ETA 4.22 minutes

chunk             PPL               ln(PPL(Q)/PPL(base))          KL Divergence              Δp RMS            Same top p
   1       4.9484 ±    0.3606       0.00327 ±    0.00239       0.00141 ±    0.00019     1.319 ±  0.153 %    99.413 ±  0.239 %
   2       6.2166 ±    0.3339       0.00126 ±    0.00161       0.00141 ±    0.00015     1.223 ±  0.124 %    99.022 ±  0.218 %
   3       6.5034 ±    0.2845       0.00046 ±    0.00113       0.00117 ±    0.00011     1.085 ±  0.102 %    99.055 ±  0.175 %
   4       6.6697 ±    0.2562       0.00048 ±    0.00093       0.00112 ±    0.00009     1.112 ±  0.105 %    98.998 ±  0.156 %
   5       6.6329 ±    0.2298       0.00024 ±    0.00079       0.00109 ±    0.00007     1.076 ±  0.088 %    98.964 ±  0.142 %
   6       5.7466 ±    0.1764      -0.00054 ±    0.00071       0.00113 ±    0.00006     1.135 ±  0.073 %    98.892 ±  0.134 %
   7       5.1912 ±    0.1432      -0.00091 ±    0.00067       0.00131 ±    0.00011     1.335 ±  0.123 %    98.869 ±  0.125 %
   8       5.1852 ±    0.1334      -0.00110 ±    0.00063       0.00131 ±    0.00010     1.305 ±  0.111 %    98.851 ±  0.118 %
   9       5.4582 ±    0.1331      -0.00101 ±    0.00060       0.00131 ±    0.00009     1.265 ±  0.102 %    98.718 ±  0.117 %
  10       5.6229 ±    0.1323      -0.00041 ±    0.00064       0.00128 ±    0.00008     1.234 ±  0.094 %    98.768 ±  0.109 %
  11       5.7204 ±    0.1286       0.00001 ±    0.00065       0.00129 ±    0.00008     1.260 ±  0.093 %    98.756 ±  0.104 %
  12       5.9558 ±    0.1294       0.00016 ±    0.00061       0.00126 ±    0.00008     1.229 ±  0.088 %    98.746 ±  0.100 %
  13       6.0253 ±    0.1259       0.00033 ±    0.00058       0.00139 ±    0.00012     1.383 ±  0.158 %    98.699 ±  0.098 %
  14       6.1234 ±    0.1236       0.00077 ±    0.00056       0.00147 ±    0.00012     1.382 ±  0.148 %    98.687 ±  0.095 %
  15       6.2037 ±    0.1216       0.00056 ±    0.00053       0.00143 ±    0.00011     1.353 ±  0.141 %    98.697 ±  0.092 %
  16       6.3922 ±    0.1218       0.00044 ±    0.00051       0.00141 ±    0.00010     1.328 ±  0.135 %    98.693 ±  0.089 %
  17       6.4566 ±    0.1193       0.00053 ±    0.00049       0.00139 ±    0.00010     1.304 ±  0.129 %    98.695 ±  0.086 %
  18       6.5764 ±    0.1185       0.00072 ±    0.00047       0.00138 ±    0.00009     1.285 ±  0.124 %    98.686 ±  0.084 %
  19       6.5230 ±    0.1147       0.00065 ±    0.00046       0.00134 ±    0.00009     1.262 ±  0.119 %    98.709 ±  0.081 %
  20       6.2087 ±    0.1057       0.00092 ±    0.00047       0.00136 ±    0.00008     1.284 ±  0.112 %    98.724 ±  0.078 %
  21       6.2465 ±    0.1038       0.00088 ±    0.00045       0.00142 ±    0.00008     1.277 ±  0.108 %    98.711 ±  0.077 %
  22       6.2997 ±    0.1026       0.00076 ±    0.00044       0.00140 ±    0.00008     1.266 ±  0.104 %    98.707 ±  0.075 %
  23       6.3583 ±    0.1013       0.00086 ±    0.00042       0.00140 ±    0.00008     1.258 ±  0.100 %    98.691 ±  0.074 %
  24       6.3950 ±    0.0997       0.00042 ±    0.00041       0.00140 ±    0.00007     1.252 ±  0.096 %    98.656 ±  0.073 %
  25       6.4483 ±    0.0987       0.00036 ±    0.00040       0.00140 ±    0.00007     1.251 ±  0.093 %    98.674 ±  0.072 %
  26       6.4479 ±    0.0968       0.00039 ±    0.00039       0.00138 ±    0.00007     1.239 ±  0.090 %    98.688 ±  0.070 %
  27       6.5889 ±    0.0975       0.00039 ±    0.00038       0.00136 ±    0.00007     1.223 ±  0.088 %    98.689 ±  0.068 %
  28       6.6724 ±    0.0974       0.00017 ±    0.00041       0.00172 ±    0.00038     1.342 ±  0.150 %    98.687 ±  0.067 %
  29       6.6509 ±    0.0954       0.00008 ±    0.00040       0.00172 ±    0.00037     1.343 ±  0.145 %    98.706 ±  0.066 %
  30       6.6260 ±    0.0934      -0.00014 ±    0.00040       0.00173 ±    0.00036     1.339 ±  0.140 %    98.723 ±  0.064 %
  31       6.5475 ±    0.0906      -0.00011 ±    0.00039       0.00172 ±    0.00035     1.355 ±  0.136 %    98.732 ±  0.063 %
  32       6.4358 ±    0.0874      -0.00012 ±    0.00038       0.00170 ±    0.00034     1.342 ±  0.133 %    98.751 ±  0.061 %

====== Perplexity statistics ======
Mean PPL(Q)                   :   6.435796 ±   0.087439
Mean PPL(base)                :   6.436541 ±   0.087362
Cor(ln(PPL(Q)), ln(PPL(base))):  99.96%
Mean ln(PPL(Q)/PPL(base))     :  -0.000116 ±   0.000378
Mean PPL(Q)/PPL(base)         :   0.999884 ±   0.000378
Mean PPL(Q)-PPL(base)         :  -0.000744 ±   0.002436

====== KL divergence statistics ======
Mean    KLD:   0.001695 ±   0.000338
Maximum KLD:  10.878462
99.9%   KLD:   0.070538
99.0%   KLD:   0.013827
95.0%   KLD:   0.004377
90.0%   KLD:   0.002536
Median  KLD:   0.000341
10.0%   KLD:   0.000021
 5.0%   KLD:   0.000007
 1.0%   KLD:  -0.000000
 0.1%   KLD:  -0.000018
Minimum KLD:  -0.000109

====== Token probability statistics ======
Mean    Δp:  0.015 ± 0.007 %
Maximum Δp: 99.229%
99.9%   Δp:  9.513%
99.0%   Δp:  3.060%
95.0%   Δp:  1.104%
90.0%   Δp:  0.607%
75.0%   Δp:  0.142%
Median  Δp:  0.000%
25.0%   Δp: -0.124%
10.0%   Δp: -0.581%
 5.0%   Δp: -1.056%
 1.0%   Δp: -2.802%
 0.1%   Δp: -9.149%
Minimum Δp: -71.495%
RMS Δp    :  1.342 ± 0.133 %
Same top p: 98.751 ± 0.061 %

