0.08.303.330 I 
0.08.303.463 I system_info: n_threads = 20 (n_threads_batch = 20) / 40 | CUDA : ARCHS = 600 | USE_GRAPHS = 1 | CPU : SSE3 = 1 | SSSE3 = 1 | AVX = 1 | AVX2 = 1 | F16C = 1 | FMA = 1 | BMI2 = 1 | LLAMAFILE = 1 | OPENMP = 1 | REPACK = 1 | 
0.08.710.166 I kl_divergence: computing over 32 chunks, n_ctx=2048, batch_size=2048, n_seq=1
0.16.722.653 I kl_divergence: 8.01 seconds per pass - ETA 4.27 minutes

chunk             PPL               ln(PPL(Q)/PPL(base))          KL Divergence              Δp RMS            Same top p
   1       4.9452 ±    0.3607       0.00263 ±    0.00209       0.00061 ±    0.00011     0.872 ±  0.142 %    99.316 ±  0.258 %
   2       6.2180 ±    0.3341       0.00149 ±    0.00126       0.00073 ±    0.00007     0.799 ±  0.082 %    99.022 ±  0.218 %
   3       6.5062 ±    0.2847       0.00089 ±    0.00089       0.00062 ±    0.00005     0.708 ±  0.063 %    99.088 ±  0.172 %
   4       6.6716 ±    0.2564       0.00076 ±    0.00071       0.00056 ±    0.00004     0.663 ±  0.051 %    99.120 ±  0.146 %
   5       6.6381 ±    0.2301       0.00103 ±    0.00069       0.00061 ±    0.00005     0.707 ±  0.049 %    99.140 ±  0.129 %
   6       5.7521 ±    0.1767       0.00042 ±    0.00061       0.00063 ±    0.00004     0.766 ±  0.046 %    99.137 ±  0.118 %
   7       5.1957 ±    0.1433      -0.00004 ±    0.00056       0.00065 ±    0.00004     0.796 ±  0.042 %    99.134 ±  0.109 %
   8       5.1890 ±    0.1335      -0.00037 ±    0.00053       0.00068 ±    0.00004     0.827 ±  0.041 %    99.096 ±  0.105 %
   9       5.4633 ±    0.1332      -0.00007 ±    0.00050       0.00071 ±    0.00003     0.816 ±  0.038 %    98.936 ±  0.107 %
  10       5.6275 ±    0.1325       0.00041 ±    0.00056       0.00069 ±    0.00003     0.795 ±  0.035 %    98.983 ±  0.099 %
  11       5.7237 ±    0.1287       0.00058 ±    0.00056       0.00067 ±    0.00003     0.785 ±  0.033 %    98.987 ±  0.094 %
  12       5.9586 ±    0.1294       0.00063 ±    0.00052       0.00066 ±    0.00003     0.769 ±  0.031 %    98.982 ±  0.091 %
  13       6.0264 ±    0.1259       0.00052 ±    0.00050       0.00074 ±    0.00010     0.987 ±  0.198 %    98.985 ±  0.087 %
  14       6.1214 ±    0.1235       0.00044 ±    0.00047       0.00072 ±    0.00009     0.960 ±  0.189 %    99.016 ±  0.083 %
  15       6.2027 ±    0.1215       0.00041 ±    0.00045       0.00071 ±    0.00008     0.949 ±  0.179 %    99.009 ±  0.080 %
  16       6.3914 ±    0.1218       0.00031 ±    0.00043       0.00071 ±    0.00008     0.929 ±  0.171 %    99.004 ±  0.078 %
  17       6.4550 ±    0.1192       0.00028 ±    0.00041       0.00071 ±    0.00007     0.918 ±  0.163 %    99.017 ±  0.075 %
  18       6.5737 ±    0.1184       0.00031 ±    0.00040       0.00070 ±    0.00007     0.907 ±  0.156 %    98.995 ±  0.073 %
  19       6.5207 ±    0.1147       0.00030 ±    0.00038       0.00068 ±    0.00007     0.887 ±  0.151 %    99.033 ±  0.070 %
  20       6.2064 ±    0.1057       0.00055 ±    0.00040       0.00072 ±    0.00006     0.940 ±  0.137 %    99.013 ±  0.069 %
  21       6.2445 ±    0.1038       0.00055 ±    0.00039       0.00078 ±    0.00007     0.953 ±  0.129 %    99.009 ±  0.068 %
  22       6.2986 ±    0.1026       0.00059 ±    0.00037       0.00077 ±    0.00007     0.947 ±  0.124 %    99.009 ±  0.066 %
  23       6.3579 ±    0.1013       0.00080 ±    0.00036       0.00078 ±    0.00007     0.943 ±  0.119 %    99.031 ±  0.064 %
  24       6.3955 ±    0.0997       0.00050 ±    0.00035       0.00079 ±    0.00006     0.938 ±  0.115 %    99.014 ±  0.063 %
  25       6.4489 ±    0.0987       0.00046 ±    0.00034       0.00079 ±    0.00006     0.932 ±  0.111 %    99.022 ±  0.062 %
  26       6.4483 ±    0.0968       0.00045 ±    0.00033       0.00080 ±    0.00006     0.934 ±  0.107 %    99.026 ±  0.060 %
  27       6.5894 ±    0.0975       0.00045 ±    0.00032       0.00079 ±    0.00006     0.920 ±  0.105 %    99.037 ±  0.059 %
  28       6.6739 ±    0.0975       0.00040 ±    0.00032       0.00079 ±    0.00006     0.912 ±  0.102 %    99.050 ±  0.057 %
  29       6.6533 ±    0.0955       0.00044 ±    0.00032       0.00079 ±    0.00005     0.913 ±  0.098 %    99.033 ±  0.057 %
  30       6.6296 ±    0.0935       0.00041 ±    0.00031       0.00079 ±    0.00005     0.911 ±  0.096 %    99.045 ±  0.056 %
  31       6.5509 ±    0.0906       0.00041 ±    0.00030       0.00078 ±    0.00005     0.915 ±  0.093 %    99.045 ±  0.055 %
  32       6.4391 ±    0.0875       0.00039 ±    0.00030       0.00077 ±    0.00005     0.908 ±  0.091 %    99.050 ±  0.054 %

====== Perplexity statistics ======
Mean PPL(Q)                   :   6.439080 ±   0.087492
Mean PPL(base)                :   6.436541 ±   0.087362
Cor(ln(PPL(Q)), ln(PPL(base))):  99.98%
Mean ln(PPL(Q)/PPL(base))     :   0.000394 ±   0.000297
Mean PPL(Q)/PPL(base)         :   1.000394 ±   0.000297
Mean PPL(Q)-PPL(base)         :   0.002539 ±   0.001911

====== KL divergence statistics ======
Mean    KLD:   0.000774 ±   0.000050
Maximum KLD:   1.233468
99.9%   KLD:   0.041793
99.0%   KLD:   0.008502
95.0%   KLD:   0.002652
90.0%   KLD:   0.001438
Median  KLD:   0.000145
10.0%   KLD:   0.000006
 5.0%   KLD:   0.000001
 1.0%   KLD:  -0.000006
 0.1%   KLD:  -0.000029
Minimum KLD:  -0.000062

====== Token probability statistics ======
Mean    Δp:  0.001 ± 0.005 %
Maximum Δp: 23.188%
99.9%   Δp:  6.691%
99.0%   Δp:  2.225%
95.0%   Δp:  0.786%
90.0%   Δp:  0.412%
75.0%   Δp:  0.090%
Median  Δp:  0.000%
25.0%   Δp: -0.087%
10.0%   Δp: -0.404%
 5.0%   Δp: -0.767%
 1.0%   Δp: -2.128%
 0.1%   Δp: -6.494%
Minimum Δp: -71.858%
RMS Δp    :  0.908 ± 0.091 %
Same top p: 99.050 ± 0.054 %

