0.21.479.317 I 
0.21.479.447 I system_info: n_threads = 20 (n_threads_batch = 20) / 40 | CUDA : ARCHS = 600 | USE_GRAPHS = 1 | CPU : SSE3 = 1 | SSSE3 = 1 | AVX = 1 | AVX2 = 1 | F16C = 1 | FMA = 1 | BMI2 = 1 | LLAMAFILE = 1 | OPENMP = 1 | REPACK = 1 | 
0.21.884.947 I kl_divergence: computing over 32 chunks, n_ctx=2048, batch_size=2048, n_seq=1
0.30.024.371 I kl_divergence: 8.14 seconds per pass - ETA 4.33 minutes

chunk             PPL               ln(PPL(Q)/PPL(base))          KL Divergence              Δp RMS            Same top p
   1       4.9449 ±    0.3608       0.00257 ±    0.00215       0.00072 ±    0.00013     0.903 ±  0.161 %    99.511 ±  0.218 %
   2       6.2155 ±    0.3341       0.00108 ±    0.00115       0.00056 ±    0.00007     0.724 ±  0.102 %    99.365 ±  0.176 %
   3       6.5057 ±    0.2847       0.00082 ±    0.00081       0.00048 ±    0.00005     0.630 ±  0.079 %    99.348 ±  0.145 %
   4       6.6724 ±    0.2565       0.00088 ±    0.00066       0.00046 ±    0.00004     0.616 ±  0.061 %    99.365 ±  0.124 %
   5       6.6387 ±    0.2301       0.00112 ±    0.00068       0.00059 ±    0.00006     0.793 ±  0.095 %    99.257 ±  0.120 %
   6       5.7536 ±    0.1768       0.00068 ±    0.00060       0.00058 ±    0.00005     0.798 ±  0.080 %    99.283 ±  0.108 %
   7       5.1956 ±    0.1434      -0.00007 ±    0.00057       0.00062 ±    0.00005     0.875 ±  0.087 %    99.218 ±  0.104 %
   8       5.1902 ±    0.1336      -0.00013 ±    0.00051       0.00060 ±    0.00005     0.853 ±  0.078 %    99.169 ±  0.100 %
   9       5.4639 ±    0.1333       0.00004 ±    0.00048       0.00061 ±    0.00004     0.830 ±  0.072 %    99.120 ±  0.097 %
  10       5.6282 ±    0.1325       0.00054 ±    0.00054       0.00058 ±    0.00004     0.802 ±  0.067 %    99.140 ±  0.091 %
  11       5.7247 ±    0.1288       0.00075 ±    0.00055       0.00057 ±    0.00004     0.788 ±  0.062 %    99.147 ±  0.087 %
  12       5.9592 ±    0.1295       0.00073 ±    0.00051       0.00057 ±    0.00003     0.783 ±  0.058 %    99.104 ±  0.085 %
  13       6.0289 ±    0.1260       0.00092 ±    0.00056       0.00086 ±    0.00029     1.148 ±  0.303 %    99.113 ±  0.081 %
  14       6.1235 ±    0.1236       0.00078 ±    0.00053       0.00083 ±    0.00027     1.118 ±  0.289 %    99.127 ±  0.078 %
  15       6.2044 ±    0.1216       0.00068 ±    0.00050       0.00082 ±    0.00025     1.096 ±  0.275 %    99.146 ±  0.074 %
  16       6.3932 ±    0.1219       0.00059 ±    0.00047       0.00079 ±    0.00024     1.069 ±  0.264 %    99.187 ±  0.070 %
  17       6.4563 ±    0.1193       0.00048 ±    0.00045       0.00077 ±    0.00022     1.043 ±  0.255 %    99.195 ±  0.068 %
  18       6.5747 ±    0.1185       0.00045 ±    0.00043       0.00077 ±    0.00021     1.025 ±  0.245 %    99.180 ±  0.066 %
  19       6.5216 ±    0.1147       0.00044 ±    0.00042       0.00075 ±    0.00020     1.002 ±  0.237 %    99.187 ±  0.064 %
  20       6.2066 ±    0.1057       0.00058 ±    0.00043       0.00076 ±    0.00019     1.009 ±  0.224 %    99.184 ±  0.063 %
  21       6.2444 ±    0.1038       0.00053 ±    0.00042       0.00078 ±    0.00018     0.996 ±  0.216 %    99.171 ±  0.062 %
  22       6.2978 ±    0.1025       0.00046 ±    0.00040       0.00078 ±    0.00017     0.993 ±  0.207 %    99.174 ±  0.060 %
  23       6.3560 ±    0.1013       0.00050 ±    0.00039       0.00077 ±    0.00017     0.989 ±  0.199 %    99.163 ±  0.059 %
  24       6.3941 ±    0.0997       0.00029 ±    0.00038       0.00078 ±    0.00016     0.978 ±  0.193 %    99.141 ±  0.059 %
  25       6.4475 ±    0.0987       0.00024 ±    0.00037       0.00078 ±    0.00015     0.969 ±  0.187 %    99.155 ±  0.057 %
  26       6.4469 ±    0.0968       0.00024 ±    0.00036       0.00079 ±    0.00015     0.968 ±  0.180 %    99.147 ±  0.056 %
  27       6.5881 ±    0.0975       0.00026 ±    0.00034       0.00077 ±    0.00014     0.954 ±  0.176 %    99.156 ±  0.055 %
  28       6.6733 ±    0.0975       0.00030 ±    0.00033       0.00076 ±    0.00014     0.943 ±  0.172 %    99.162 ±  0.054 %
  29       6.6526 ±    0.0955       0.00035 ±    0.00033       0.00077 ±    0.00013     0.945 ±  0.166 %    99.167 ±  0.053 %
  30       6.6291 ±    0.0935       0.00033 ±    0.00032       0.00076 ±    0.00013     0.940 ±  0.161 %    99.172 ±  0.052 %
  31       6.5505 ±    0.0906       0.00035 ±    0.00031       0.00075 ±    0.00012     0.940 ±  0.156 %    99.183 ±  0.051 %
  32       6.4389 ±    0.0875       0.00036 ±    0.00030       0.00074 ±    0.00012     0.935 ±  0.152 %    99.190 ±  0.050 %

====== Perplexity statistics ======
Mean PPL(Q)                   :   6.438863 ±   0.087502
Mean PPL(base)                :   6.436541 ±   0.087362
Cor(ln(PPL(Q)), ln(PPL(base))):  99.98%
Mean ln(PPL(Q)/PPL(base))     :   0.000361 ±   0.000303
Mean PPL(Q)/PPL(base)         :   1.000361 ±   0.000304
Mean PPL(Q)-PPL(base)         :   0.002322 ±   0.001955

====== KL divergence statistics ======
Mean    KLD:   0.000738 ±   0.000119
Maximum KLD:   3.847363
99.9%   KLD:   0.037979
99.0%   KLD:   0.008100
95.0%   KLD:   0.002282
90.0%   KLD:   0.001191
Median  KLD:   0.000087
10.0%   KLD:   0.000002
 5.0%   KLD:  -0.000000
 1.0%   KLD:  -0.000013
 0.1%   KLD:  -0.000033
Minimum KLD:  -0.000092

====== Token probability statistics ======
Mean    Δp:  0.001 ± 0.005 %
Maximum Δp: 27.218%
99.9%   Δp:  6.636%
99.0%   Δp:  1.965%
95.0%   Δp:  0.653%
90.0%   Δp:  0.328%
75.0%   Δp:  0.066%
Median  Δp: -0.000%
25.0%   Δp: -0.067%
10.0%   Δp: -0.328%
 5.0%   Δp: -0.641%
 1.0%   Δp: -1.928%
 0.1%   Δp: -6.055%
Minimum Δp: -95.756%
RMS Δp    :  0.935 ± 0.152 %
Same top p: 99.190 ± 0.050 %

