=== moe panel start 2026-07-11T20:00:28+00:00 ===
1.04.204.204 I 
1.04.204.397 I system_info: n_threads = 20 (n_threads_batch = 20) / 40 | CUDA : ARCHS = 600 | USE_GRAPHS = 1 | CPU : SSE3 = 1 | SSSE3 = 1 | AVX = 1 | AVX2 = 1 | F16C = 1 | FMA = 1 | BMI2 = 1 | LLAMAFILE = 1 | OPENMP = 1 | REPACK = 1 | 
1.04.206.073 I perplexity: saving all logits to /home/mark/moe_panel/moe36b_f32kv_faoff_ctx2048_32ch_PATCHED.kld
1.04.206.088 I perplexity: tokenizing the input ..
1.05.256.390 I perplexity: tokenization took 1050.29 ms
1.05.256.661 I perplexity: calculating perplexity over 32 chunks, n_ctx=2048, batch_size=2048, n_seq=1
1.14.302.725 I perplexity: 8.14 seconds per pass - ETA 4.33 minutes
[1]4.9403,[2]6.2139,[3]6.5040,[4]6.6693,[5]6.6334,[6]5.7513,[7]5.1972,[8]5.1920,[9]5.4647,[10]5.6286,[11]5.7248,[12]5.9591,[13]6.0273,[14]6.1225,[15]6.2037,[16]6.3928,[17]6.4565,[18]6.5748,[19]6.5217,[20]6.2066,[21]6.2444,[22]6.2983,[23]6.3560,[24]6.3954,[25]6.4490,[26]6.4483,[27]6.5893,[28]6.6741,[29]6.6532,[30]6.6297,[31]6.5509,[32]6.4391,
5.00.728.155 I Final estimate: PPL = 6.4391 +/- 0.08748

0.21.479.317 I 
0.21.479.447 I system_info: n_threads = 20 (n_threads_batch = 20) / 40 | CUDA : ARCHS = 600 | USE_GRAPHS = 1 | CPU : SSE3 = 1 | SSSE3 = 1 | AVX = 1 | AVX2 = 1 | F16C = 1 | FMA = 1 | BMI2 = 1 | LLAMAFILE = 1 | OPENMP = 1 | REPACK = 1 | 
0.21.884.947 I kl_divergence: computing over 32 chunks, n_ctx=2048, batch_size=2048, n_seq=1
0.30.024.371 I kl_divergence: 8.14 seconds per pass - ETA 4.33 minutes

chunk             PPL               ln(PPL(Q)/PPL(base))          KL Divergence              Δp RMS            Same top p
   1       4.9449 ±    0.3608       0.00257 ±    0.00215       0.00072 ±    0.00013     0.903 ±  0.161 %    99.511 ±  0.218 %
   2       6.2155 ±    0.3341       0.00108 ±    0.00115       0.00056 ±    0.00007     0.724 ±  0.102 %    99.365 ±  0.176 %
   3       6.5057 ±    0.2847       0.00082 ±    0.00081       0.00048 ±    0.00005     0.630 ±  0.079 %    99.348 ±  0.145 %
   4       6.6724 ±    0.2565       0.00088 ±    0.00066       0.00046 ±    0.00004     0.616 ±  0.061 %    99.365 ±  0.124 %
   5       6.6387 ±    0.2301       0.00112 ±    0.00068       0.00059 ±    0.00006     0.793 ±  0.095 %    99.257 ±  0.120 %
   6       5.7536 ±    0.1768       0.00068 ±    0.00060       0.00058 ±    0.00005     0.798 ±  0.080 %    99.283 ±  0.108 %
   7       5.1956 ±    0.1434      -0.00007 ±    0.00057       0.00062 ±    0.00005     0.875 ±  0.087 %    99.218 ±  0.104 %
   8       5.1902 ±    0.1336      -0.00013 ±    0.00051       0.00060 ±    0.00005     0.853 ±  0.078 %    99.169 ±  0.100 %
   9       5.4639 ±    0.1333       0.00004 ±    0.00048       0.00061 ±    0.00004     0.830 ±  0.072 %    99.120 ±  0.097 %
  10       5.6282 ±    0.1325       0.00054 ±    0.00054       0.00058 ±    0.00004     0.802 ±  0.067 %    99.140 ±  0.091 %
  11       5.7247 ±    0.1288       0.00075 ±    0.00055       0.00057 ±    0.00004     0.788 ±  0.062 %    99.147 ±  0.087 %
  12       5.9592 ±    0.1295       0.00073 ±    0.00051       0.00057 ±    0.00003     0.783 ±  0.058 %    99.104 ±  0.085 %
  13       6.0289 ±    0.1260       0.00092 ±    0.00056       0.00086 ±    0.00029     1.148 ±  0.303 %    99.113 ±  0.081 %
  14       6.1235 ±    0.1236       0.00078 ±    0.00053       0.00083 ±    0.00027     1.118 ±  0.289 %    99.127 ±  0.078 %
  15       6.2044 ±    0.1216       0.00068 ±    0.00050       0.00082 ±    0.00025     1.096 ±  0.275 %    99.146 ±  0.074 %
  16       6.3932 ±    0.1219       0.00059 ±    0.00047       0.00079 ±    0.00024     1.069 ±  0.264 %    99.187 ±  0.070 %
  17       6.4563 ±    0.1193       0.00048 ±    0.00045       0.00077 ±    0.00022     1.043 ±  0.255 %    99.195 ±  0.068 %
  18       6.5747 ±    0.1185       0.00045 ±    0.00043       0.00077 ±    0.00021     1.025 ±  0.245 %    99.180 ±  0.066 %
  19       6.5216 ±    0.1147       0.00044 ±    0.00042       0.00075 ±    0.00020     1.002 ±  0.237 %    99.187 ±  0.064 %
  20       6.2066 ±    0.1057       0.00058 ±    0.00043       0.00076 ±    0.00019     1.009 ±  0.224 %    99.184 ±  0.063 %
  21       6.2444 ±    0.1038       0.00053 ±    0.00042       0.00078 ±    0.00018     0.996 ±  0.216 %    99.171 ±  0.062 %
  22       6.2978 ±    0.1025       0.00046 ±    0.00040       0.00078 ±    0.00017     0.993 ±  0.207 %    99.174 ±  0.060 %
  23       6.3560 ±    0.1013       0.00050 ±    0.00039       0.00077 ±    0.00017     0.989 ±  0.199 %    99.163 ±  0.059 %
  24       6.3941 ±    0.0997       0.00029 ±    0.00038       0.00078 ±    0.00016     0.978 ±  0.193 %    99.141 ±  0.059 %
  25       6.4475 ±    0.0987       0.00024 ±    0.00037       0.00078 ±    0.00015     0.969 ±  0.187 %    99.155 ±  0.057 %
  26       6.4469 ±    0.0968       0.00024 ±    0.00036       0.00079 ±    0.00015     0.968 ±  0.180 %    99.147 ±  0.056 %
  27       6.5881 ±    0.0975       0.00026 ±    0.00034       0.00077 ±    0.00014     0.954 ±  0.176 %    99.156 ±  0.055 %
  28       6.6733 ±    0.0975       0.00030 ±    0.00033       0.00076 ±    0.00014     0.943 ±  0.172 %    99.162 ±  0.054 %
  29       6.6526 ±    0.0955       0.00035 ±    0.00033       0.00077 ±    0.00013     0.945 ±  0.166 %    99.167 ±  0.053 %
  30       6.6291 ±    0.0935       0.00033 ±    0.00032       0.00076 ±    0.00013     0.940 ±  0.161 %    99.172 ±  0.052 %
  31       6.5505 ±    0.0906       0.00035 ±    0.00031       0.00075 ±    0.00012     0.940 ±  0.156 %    99.183 ±  0.051 %
  32       6.4389 ±    0.0875       0.00036 ±    0.00030       0.00074 ±    0.00012     0.935 ±  0.152 %    99.190 ±  0.050 %

====== Perplexity statistics ======
Mean PPL(Q)                   :   6.438863 ±   0.087502
Mean PPL(base)                :   6.436541 ±   0.087362
Cor(ln(PPL(Q)), ln(PPL(base))):  99.98%
Mean ln(PPL(Q)/PPL(base))     :   0.000361 ±   0.000303
Mean PPL(Q)/PPL(base)         :   1.000361 ±   0.000304
Mean PPL(Q)-PPL(base)         :   0.002322 ±   0.001955

====== KL divergence statistics ======
Mean    KLD:   0.000738 ±   0.000119
Maximum KLD:   3.847363
99.9%   KLD:   0.037979
99.0%   KLD:   0.008100
95.0%   KLD:   0.002282
90.0%   KLD:   0.001191
Median  KLD:   0.000087
10.0%   KLD:   0.000002
 5.0%   KLD:  -0.000000
 1.0%   KLD:  -0.000013
 0.1%   KLD:  -0.000033
Minimum KLD:  -0.000092

====== Token probability statistics ======
Mean    Δp:  0.001 ± 0.005 %
Maximum Δp: 27.218%
99.9%   Δp:  6.636%
99.0%   Δp:  1.965%
95.0%   Δp:  0.653%
90.0%   Δp:  0.328%
75.0%   Δp:  0.066%
Median  Δp: -0.000%
25.0%   Δp: -0.067%
10.0%   Δp: -0.328%
 5.0%   Δp: -0.641%
 1.0%   Δp: -1.928%
 0.1%   Δp: -6.055%
Minimum Δp: -95.756%
RMS Δp    :  0.935 ± 0.152 %
Same top p: 99.190 ± 0.050 %

0.08.303.330 I 
0.08.303.463 I system_info: n_threads = 20 (n_threads_batch = 20) / 40 | CUDA : ARCHS = 600 | USE_GRAPHS = 1 | CPU : SSE3 = 1 | SSSE3 = 1 | AVX = 1 | AVX2 = 1 | F16C = 1 | FMA = 1 | BMI2 = 1 | LLAMAFILE = 1 | OPENMP = 1 | REPACK = 1 | 
0.08.710.166 I kl_divergence: computing over 32 chunks, n_ctx=2048, batch_size=2048, n_seq=1
0.16.722.653 I kl_divergence: 8.01 seconds per pass - ETA 4.27 minutes

chunk             PPL               ln(PPL(Q)/PPL(base))          KL Divergence              Δp RMS            Same top p
   1       4.9452 ±    0.3607       0.00263 ±    0.00209       0.00061 ±    0.00011     0.872 ±  0.142 %    99.316 ±  0.258 %
   2       6.2180 ±    0.3341       0.00149 ±    0.00126       0.00073 ±    0.00007     0.799 ±  0.082 %    99.022 ±  0.218 %
   3       6.5062 ±    0.2847       0.00089 ±    0.00089       0.00062 ±    0.00005     0.708 ±  0.063 %    99.088 ±  0.172 %
   4       6.6716 ±    0.2564       0.00076 ±    0.00071       0.00056 ±    0.00004     0.663 ±  0.051 %    99.120 ±  0.146 %
   5       6.6381 ±    0.2301       0.00103 ±    0.00069       0.00061 ±    0.00005     0.707 ±  0.049 %    99.140 ±  0.129 %
   6       5.7521 ±    0.1767       0.00042 ±    0.00061       0.00063 ±    0.00004     0.766 ±  0.046 %    99.137 ±  0.118 %
   7       5.1957 ±    0.1433      -0.00004 ±    0.00056       0.00065 ±    0.00004     0.796 ±  0.042 %    99.134 ±  0.109 %
   8       5.1890 ±    0.1335      -0.00037 ±    0.00053       0.00068 ±    0.00004     0.827 ±  0.041 %    99.096 ±  0.105 %
   9       5.4633 ±    0.1332      -0.00007 ±    0.00050       0.00071 ±    0.00003     0.816 ±  0.038 %    98.936 ±  0.107 %
  10       5.6275 ±    0.1325       0.00041 ±    0.00056       0.00069 ±    0.00003     0.795 ±  0.035 %    98.983 ±  0.099 %
  11       5.7237 ±    0.1287       0.00058 ±    0.00056       0.00067 ±    0.00003     0.785 ±  0.033 %    98.987 ±  0.094 %
  12       5.9586 ±    0.1294       0.00063 ±    0.00052       0.00066 ±    0.00003     0.769 ±  0.031 %    98.982 ±  0.091 %
  13       6.0264 ±    0.1259       0.00052 ±    0.00050       0.00074 ±    0.00010     0.987 ±  0.198 %    98.985 ±  0.087 %
  14       6.1214 ±    0.1235       0.00044 ±    0.00047       0.00072 ±    0.00009     0.960 ±  0.189 %    99.016 ±  0.083 %
  15       6.2027 ±    0.1215       0.00041 ±    0.00045       0.00071 ±    0.00008     0.949 ±  0.179 %    99.009 ±  0.080 %
  16       6.3914 ±    0.1218       0.00031 ±    0.00043       0.00071 ±    0.00008     0.929 ±  0.171 %    99.004 ±  0.078 %
  17       6.4550 ±    0.1192       0.00028 ±    0.00041       0.00071 ±    0.00007     0.918 ±  0.163 %    99.017 ±  0.075 %
  18       6.5737 ±    0.1184       0.00031 ±    0.00040       0.00070 ±    0.00007     0.907 ±  0.156 %    98.995 ±  0.073 %
  19       6.5207 ±    0.1147       0.00030 ±    0.00038       0.00068 ±    0.00007     0.887 ±  0.151 %    99.033 ±  0.070 %
  20       6.2064 ±    0.1057       0.00055 ±    0.00040       0.00072 ±    0.00006     0.940 ±  0.137 %    99.013 ±  0.069 %
  21       6.2445 ±    0.1038       0.00055 ±    0.00039       0.00078 ±    0.00007     0.953 ±  0.129 %    99.009 ±  0.068 %
  22       6.2986 ±    0.1026       0.00059 ±    0.00037       0.00077 ±    0.00007     0.947 ±  0.124 %    99.009 ±  0.066 %
  23       6.3579 ±    0.1013       0.00080 ±    0.00036       0.00078 ±    0.00007     0.943 ±  0.119 %    99.031 ±  0.064 %
  24       6.3955 ±    0.0997       0.00050 ±    0.00035       0.00079 ±    0.00006     0.938 ±  0.115 %    99.014 ±  0.063 %
  25       6.4489 ±    0.0987       0.00046 ±    0.00034       0.00079 ±    0.00006     0.932 ±  0.111 %    99.022 ±  0.062 %
  26       6.4483 ±    0.0968       0.00045 ±    0.00033       0.00080 ±    0.00006     0.934 ±  0.107 %    99.026 ±  0.060 %
  27       6.5894 ±    0.0975       0.00045 ±    0.00032       0.00079 ±    0.00006     0.920 ±  0.105 %    99.037 ±  0.059 %
  28       6.6739 ±    0.0975       0.00040 ±    0.00032       0.00079 ±    0.00006     0.912 ±  0.102 %    99.050 ±  0.057 %
  29       6.6533 ±    0.0955       0.00044 ±    0.00032       0.00079 ±    0.00005     0.913 ±  0.098 %    99.033 ±  0.057 %
  30       6.6296 ±    0.0935       0.00041 ±    0.00031       0.00079 ±    0.00005     0.911 ±  0.096 %    99.045 ±  0.056 %
  31       6.5509 ±    0.0906       0.00041 ±    0.00030       0.00078 ±    0.00005     0.915 ±  0.093 %    99.045 ±  0.055 %
  32       6.4391 ±    0.0875       0.00039 ±    0.00030       0.00077 ±    0.00005     0.908 ±  0.091 %    99.050 ±  0.054 %

====== Perplexity statistics ======
Mean PPL(Q)                   :   6.439080 ±   0.087492
Mean PPL(base)                :   6.436541 ±   0.087362
Cor(ln(PPL(Q)), ln(PPL(base))):  99.98%
Mean ln(PPL(Q)/PPL(base))     :   0.000394 ±   0.000297
Mean PPL(Q)/PPL(base)         :   1.000394 ±   0.000297
Mean PPL(Q)-PPL(base)         :   0.002539 ±   0.001911

====== KL divergence statistics ======
Mean    KLD:   0.000774 ±   0.000050
Maximum KLD:   1.233468
99.9%   KLD:   0.041793
99.0%   KLD:   0.008502
95.0%   KLD:   0.002652
90.0%   KLD:   0.001438
Median  KLD:   0.000145
10.0%   KLD:   0.000006
 5.0%   KLD:   0.000001
 1.0%   KLD:  -0.000006
 0.1%   KLD:  -0.000029
Minimum KLD:  -0.000062

====== Token probability statistics ======
Mean    Δp:  0.001 ± 0.005 %
Maximum Δp: 23.188%
99.9%   Δp:  6.691%
99.0%   Δp:  2.225%
95.0%   Δp:  0.786%
90.0%   Δp:  0.412%
75.0%   Δp:  0.090%
Median  Δp:  0.000%
25.0%   Δp: -0.087%
10.0%   Δp: -0.404%
 5.0%   Δp: -0.767%
 1.0%   Δp: -2.128%
 0.1%   Δp: -6.494%
Minimum Δp: -71.858%
RMS Δp    :  0.908 ± 0.091 %
Same top p: 99.050 ± 0.054 %

0.08.397.059 I 
0.08.397.234 I system_info: n_threads = 20 (n_threads_batch = 20) / 40 | CUDA : ARCHS = 600 | USE_GRAPHS = 1 | CPU : SSE3 = 1 | SSSE3 = 1 | AVX = 1 | AVX2 = 1 | F16C = 1 | FMA = 1 | BMI2 = 1 | LLAMAFILE = 1 | OPENMP = 1 | REPACK = 1 | 
0.08.801.004 I kl_divergence: computing over 32 chunks, n_ctx=2048, batch_size=2048, n_seq=1
0.16.735.295 I kl_divergence: 7.93 seconds per pass - ETA 4.22 minutes

chunk             PPL               ln(PPL(Q)/PPL(base))          KL Divergence              Δp RMS            Same top p
   1       4.9484 ±    0.3606       0.00327 ±    0.00239       0.00141 ±    0.00019     1.319 ±  0.153 %    99.413 ±  0.239 %
   2       6.2166 ±    0.3339       0.00126 ±    0.00161       0.00141 ±    0.00015     1.223 ±  0.124 %    99.022 ±  0.218 %
   3       6.5034 ±    0.2845       0.00046 ±    0.00113       0.00117 ±    0.00011     1.085 ±  0.102 %    99.055 ±  0.175 %
   4       6.6697 ±    0.2562       0.00048 ±    0.00093       0.00112 ±    0.00009     1.112 ±  0.105 %    98.998 ±  0.156 %
   5       6.6329 ±    0.2298       0.00024 ±    0.00079       0.00109 ±    0.00007     1.076 ±  0.088 %    98.964 ±  0.142 %
   6       5.7466 ±    0.1764      -0.00054 ±    0.00071       0.00113 ±    0.00006     1.135 ±  0.073 %    98.892 ±  0.134 %
   7       5.1912 ±    0.1432      -0.00091 ±    0.00067       0.00131 ±    0.00011     1.335 ±  0.123 %    98.869 ±  0.125 %
   8       5.1852 ±    0.1334      -0.00110 ±    0.00063       0.00131 ±    0.00010     1.305 ±  0.111 %    98.851 ±  0.118 %
   9       5.4582 ±    0.1331      -0.00101 ±    0.00060       0.00131 ±    0.00009     1.265 ±  0.102 %    98.718 ±  0.117 %
  10       5.6229 ±    0.1323      -0.00041 ±    0.00064       0.00128 ±    0.00008     1.234 ±  0.094 %    98.768 ±  0.109 %
  11       5.7204 ±    0.1286       0.00001 ±    0.00065       0.00129 ±    0.00008     1.260 ±  0.093 %    98.756 ±  0.104 %
  12       5.9558 ±    0.1294       0.00016 ±    0.00061       0.00126 ±    0.00008     1.229 ±  0.088 %    98.746 ±  0.100 %
  13       6.0253 ±    0.1259       0.00033 ±    0.00058       0.00139 ±    0.00012     1.383 ±  0.158 %    98.699 ±  0.098 %
  14       6.1234 ±    0.1236       0.00077 ±    0.00056       0.00147 ±    0.00012     1.382 ±  0.148 %    98.687 ±  0.095 %
  15       6.2037 ±    0.1216       0.00056 ±    0.00053       0.00143 ±    0.00011     1.353 ±  0.141 %    98.697 ±  0.092 %
  16       6.3922 ±    0.1218       0.00044 ±    0.00051       0.00141 ±    0.00010     1.328 ±  0.135 %    98.693 ±  0.089 %
  17       6.4566 ±    0.1193       0.00053 ±    0.00049       0.00139 ±    0.00010     1.304 ±  0.129 %    98.695 ±  0.086 %
  18       6.5764 ±    0.1185       0.00072 ±    0.00047       0.00138 ±    0.00009     1.285 ±  0.124 %    98.686 ±  0.084 %
  19       6.5230 ±    0.1147       0.00065 ±    0.00046       0.00134 ±    0.00009     1.262 ±  0.119 %    98.709 ±  0.081 %
  20       6.2087 ±    0.1057       0.00092 ±    0.00047       0.00136 ±    0.00008     1.284 ±  0.112 %    98.724 ±  0.078 %
  21       6.2465 ±    0.1038       0.00088 ±    0.00045       0.00142 ±    0.00008     1.277 ±  0.108 %    98.711 ±  0.077 %
  22       6.2997 ±    0.1026       0.00076 ±    0.00044       0.00140 ±    0.00008     1.266 ±  0.104 %    98.707 ±  0.075 %
  23       6.3583 ±    0.1013       0.00086 ±    0.00042       0.00140 ±    0.00008     1.258 ±  0.100 %    98.691 ±  0.074 %
  24       6.3950 ±    0.0997       0.00042 ±    0.00041       0.00140 ±    0.00007     1.252 ±  0.096 %    98.656 ±  0.073 %
  25       6.4483 ±    0.0987       0.00036 ±    0.00040       0.00140 ±    0.00007     1.251 ±  0.093 %    98.674 ±  0.072 %
  26       6.4479 ±    0.0968       0.00039 ±    0.00039       0.00138 ±    0.00007     1.239 ±  0.090 %    98.688 ±  0.070 %
  27       6.5889 ±    0.0975       0.00039 ±    0.00038       0.00136 ±    0.00007     1.223 ±  0.088 %    98.689 ±  0.068 %
  28       6.6724 ±    0.0974       0.00017 ±    0.00041       0.00172 ±    0.00038     1.342 ±  0.150 %    98.687 ±  0.067 %
  29       6.6509 ±    0.0954       0.00008 ±    0.00040       0.00172 ±    0.00037     1.343 ±  0.145 %    98.706 ±  0.066 %
  30       6.6260 ±    0.0934      -0.00014 ±    0.00040       0.00173 ±    0.00036     1.339 ±  0.140 %    98.723 ±  0.064 %
  31       6.5475 ±    0.0906      -0.00011 ±    0.00039       0.00172 ±    0.00035     1.355 ±  0.136 %    98.732 ±  0.063 %
  32       6.4358 ±    0.0874      -0.00012 ±    0.00038       0.00170 ±    0.00034     1.342 ±  0.133 %    98.751 ±  0.061 %

====== Perplexity statistics ======
Mean PPL(Q)                   :   6.435796 ±   0.087439
Mean PPL(base)                :   6.436541 ±   0.087362
Cor(ln(PPL(Q)), ln(PPL(base))):  99.96%
Mean ln(PPL(Q)/PPL(base))     :  -0.000116 ±   0.000378
Mean PPL(Q)/PPL(base)         :   0.999884 ±   0.000378
Mean PPL(Q)-PPL(base)         :  -0.000744 ±   0.002436

====== KL divergence statistics ======
Mean    KLD:   0.001695 ±   0.000338
Maximum KLD:  10.878462
99.9%   KLD:   0.070538
99.0%   KLD:   0.013827
95.0%   KLD:   0.004377
90.0%   KLD:   0.002536
Median  KLD:   0.000341
10.0%   KLD:   0.000021
 5.0%   KLD:   0.000007
 1.0%   KLD:  -0.000000
 0.1%   KLD:  -0.000018
Minimum KLD:  -0.000109

====== Token probability statistics ======
Mean    Δp:  0.015 ± 0.007 %
Maximum Δp: 99.229%
99.9%   Δp:  9.513%
99.0%   Δp:  3.060%
95.0%   Δp:  1.104%
90.0%   Δp:  0.607%
75.0%   Δp:  0.142%
Median  Δp:  0.000%
25.0%   Δp: -0.124%
10.0%   Δp: -0.581%
 5.0%   Δp: -1.056%
 1.0%   Δp: -2.802%
 0.1%   Δp: -9.149%
Minimum Δp: -71.495%
RMS Δp    :  1.342 ± 0.133 %
Same top p: 98.751 ± 0.061 %

ggml_cuda_init: found 4 CUDA devices (Total VRAM: 65077 MiB):
  Device 0: Tesla P100-PCIE-16GB, compute capability 6.0, VMM: yes, VRAM: 16269 MiB
  Device 1: Tesla P100-PCIE-16GB, compute capability 6.0, VMM: yes, VRAM: 16269 MiB
  Device 2: Tesla P100-PCIE-16GB, compute capability 6.0, VMM: yes, VRAM: 16269 MiB
  Device 3: Tesla P100-PCIE-16GB, compute capability 6.0, VMM: yes, VRAM: 16269 MiB
| model                          |       size |     params | backend    | ngl |  fa |            test |                  t/s |
| ------------------------------ | ---------: | ---------: | ---------- | --: | --: | --------------: | -------------------: |
| qwen35moe 35B.A3B Q6_K         |  26.55 GiB |    34.66 B | CUDA       |  99 |   1 |  pp8192 @ d8192 |        304.43 ± 1.16 |
| qwen35moe 35B.A3B Q6_K         |  26.55 GiB |    34.66 B | CUDA       |  99 |   1 |    tg32 @ d8192 |         42.48 ± 1.62 |

build: 4f37f5197 (9967)
ggml_cuda_init: found 4 CUDA devices (Total VRAM: 65077 MiB):
  Device 0: Tesla P100-PCIE-16GB, compute capability 6.0, VMM: yes, VRAM: 16269 MiB
  Device 1: Tesla P100-PCIE-16GB, compute capability 6.0, VMM: yes, VRAM: 16269 MiB
  Device 2: Tesla P100-PCIE-16GB, compute capability 6.0, VMM: yes, VRAM: 16269 MiB
  Device 3: Tesla P100-PCIE-16GB, compute capability 6.0, VMM: yes, VRAM: 16269 MiB
| model                          |       size |     params | backend    | ngl |  fa |            test |                  t/s |
| ------------------------------ | ---------: | ---------: | ---------- | --: | --: | --------------: | -------------------: |
| qwen35moe 35B.A3B Q6_K         |  26.55 GiB |    34.66 B | CUDA       |  99 |   1 |  pp8192 @ d8192 |        304.11 ± 0.78 |
| qwen35moe 35B.A3B Q6_K         |  26.55 GiB |    34.66 B | CUDA       |  99 |   1 |    tg32 @ d8192 |         42.64 ± 1.61 |

build: 4f37f5197 (9967)
=== moe panel done 2026-07-11T20:24:10+00:00 ===
