### cell 3k  fp16->t8  2026-08-25T19:19:17+00:00
chunk             PPL               ln(PPL(Q)/PPL(base))          KL Divergence              Δp RMS            Same top p
4.09.695.417 I kl_divergence: TURBO_KLD_DUMP wrote 2047 x 8 per-position KLDs to /home/mark/kldsweep/cell_3k_t8.bin
Mean    KLD:   0.000001 ±   0.000000
Median  KLD:   0.000000
### cell 3v  fp16->t8  2026-08-25T19:23:28+00:00
chunk             PPL               ln(PPL(Q)/PPL(base))          KL Divergence              Δp RMS            Same top p
4.08.812.072 I kl_divergence: TURBO_KLD_DUMP wrote 2047 x 8 per-position KLDs to /home/mark/kldsweep/cell_3v_t8.bin
Mean    KLD:   0.000001 ±   0.000000
Median  KLD:   0.000000
### cell 7k  fp16->t8  2026-08-25T19:27:38+00:00
chunk             PPL               ln(PPL(Q)/PPL(base))          KL Divergence              Δp RMS            Same top p
4.08.928.132 I kl_divergence: TURBO_KLD_DUMP wrote 2047 x 8 per-position KLDs to /home/mark/kldsweep/cell_7k_t8.bin
Mean    KLD:   0.000002 ±   0.000001
Median  KLD:   0.000000
### cell 7v  fp16->t8  2026-08-25T19:31:48+00:00
chunk             PPL               ln(PPL(Q)/PPL(base))          KL Divergence              Δp RMS            Same top p
4.07.252.865 I kl_divergence: TURBO_KLD_DUMP wrote 2047 x 8 per-position KLDs to /home/mark/kldsweep/cell_7v_t8.bin
Mean    KLD:   0.000001 ±   0.000000
Median  KLD:   0.000000
### cell 11k  fp16->t8  2026-08-25T19:35:57+00:00
chunk             PPL               ln(PPL(Q)/PPL(base))          KL Divergence              Δp RMS            Same top p
4.07.094.051 I kl_divergence: TURBO_KLD_DUMP wrote 2047 x 8 per-position KLDs to /home/mark/kldsweep/cell_11k_t8.bin
Mean    KLD:   0.000002 ±   0.000000
Median  KLD:   0.000000
### cell 11v  fp16->t8  2026-08-25T19:40:05+00:00
chunk             PPL               ln(PPL(Q)/PPL(base))          KL Divergence              Δp RMS            Same top p
4.07.047.262 I kl_divergence: TURBO_KLD_DUMP wrote 2047 x 8 per-position KLDs to /home/mark/kldsweep/cell_11v_t8.bin
Mean    KLD:   0.000001 ±   0.000000
Median  KLD:   0.000000
### cell 15k  fp16->t8  2026-08-25T19:44:14+00:00
chunk             PPL               ln(PPL(Q)/PPL(base))          KL Divergence              Δp RMS            Same top p
4.07.024.056 I kl_divergence: TURBO_KLD_DUMP wrote 2047 x 8 per-position KLDs to /home/mark/kldsweep/cell_15k_t8.bin
Mean    KLD:   0.000002 ±   0.000000
Median  KLD:   0.000000
### cell 15v  fp16->t8  2026-08-25T19:48:22+00:00
chunk             PPL               ln(PPL(Q)/PPL(base))          KL Divergence              Δp RMS            Same top p
4.07.037.467 I kl_divergence: TURBO_KLD_DUMP wrote 2047 x 8 per-position KLDs to /home/mark/kldsweep/cell_15v_t8.bin
Mean    KLD:   0.000001 ±   0.000000
Median  KLD:   0.000000
### cell 19k  fp16->t8  2026-08-25T19:52:30+00:00
chunk             PPL               ln(PPL(Q)/PPL(base))          KL Divergence              Δp RMS            Same top p
4.07.008.519 I kl_divergence: TURBO_KLD_DUMP wrote 2047 x 8 per-position KLDs to /home/mark/kldsweep/cell_19k_t8.bin
Mean    KLD:   0.000001 ±   0.000000
Median  KLD:   0.000000
### cell 19v  fp16->t8  2026-08-25T19:56:38+00:00
chunk             PPL               ln(PPL(Q)/PPL(base))          KL Divergence              Δp RMS            Same top p
4.07.182.113 I kl_divergence: TURBO_KLD_DUMP wrote 2047 x 8 per-position KLDs to /home/mark/kldsweep/cell_19v_t8.bin
Mean    KLD:   0.000001 ±   0.000000
Median  KLD:   0.000000
### cell 23k  fp16->t8  2026-08-25T20:00:47+00:00
chunk             PPL               ln(PPL(Q)/PPL(base))          KL Divergence              Δp RMS            Same top p
4.07.069.324 I kl_divergence: TURBO_KLD_DUMP wrote 2047 x 8 per-position KLDs to /home/mark/kldsweep/cell_23k_t8.bin
Mean    KLD:   0.000001 ±   0.000001
Median  KLD:   0.000000
### cell 23v  fp16->t8  2026-08-25T20:04:55+00:00
chunk             PPL               ln(PPL(Q)/PPL(base))          KL Divergence              Δp RMS            Same top p
4.07.016.407 I kl_divergence: TURBO_KLD_DUMP wrote 2047 x 8 per-position KLDs to /home/mark/kldsweep/cell_23v_t8.bin
Mean    KLD:   0.000001 ±   0.000000
Median  KLD:   0.000000
### cell 27k  fp16->t8  2026-08-25T20:09:03+00:00
chunk             PPL               ln(PPL(Q)/PPL(base))          KL Divergence              Δp RMS            Same top p
4.06.967.340 I kl_divergence: TURBO_KLD_DUMP wrote 2047 x 8 per-position KLDs to /home/mark/kldsweep/cell_27k_t8.bin
Mean    KLD:   0.000001 ±   0.000000
Median  KLD:   0.000000
### cell 27v  fp16->t8  2026-08-25T20:13:11+00:00
chunk             PPL               ln(PPL(Q)/PPL(base))          KL Divergence              Δp RMS            Same top p
4.07.115.032 I kl_divergence: TURBO_KLD_DUMP wrote 2047 x 8 per-position KLDs to /home/mark/kldsweep/cell_27v_t8.bin
Mean    KLD:   0.000000 ±   0.000000
Median  KLD:   0.000000
### cell 31k  fp16->t8  2026-08-25T20:17:20+00:00
chunk             PPL               ln(PPL(Q)/PPL(base))          KL Divergence              Δp RMS            Same top p
4.07.037.627 I kl_divergence: TURBO_KLD_DUMP wrote 2047 x 8 per-position KLDs to /home/mark/kldsweep/cell_31k_t8.bin
Mean    KLD:   0.000001 ±   0.000000
Median  KLD:   0.000000
### cell 31v  fp16->t8  2026-08-25T20:21:28+00:00
chunk             PPL               ln(PPL(Q)/PPL(base))          KL Divergence              Δp RMS            Same top p
4.07.033.852 I kl_divergence: TURBO_KLD_DUMP wrote 2047 x 8 per-position KLDs to /home/mark/kldsweep/cell_31v_t8.bin
Mean    KLD:   0.000001 ±   0.000000
Median  KLD:   0.000000
### cell 35k  fp16->t8  2026-08-25T20:25:36+00:00
chunk             PPL               ln(PPL(Q)/PPL(base))          KL Divergence              Δp RMS            Same top p
4.07.162.796 I kl_divergence: TURBO_KLD_DUMP wrote 2047 x 8 per-position KLDs to /home/mark/kldsweep/cell_35k_t8.bin
Mean    KLD:   0.000001 ±   0.000000
Median  KLD:   0.000000
### cell 35v  fp16->t8  2026-08-25T20:29:44+00:00
chunk             PPL               ln(PPL(Q)/PPL(base))          KL Divergence              Δp RMS            Same top p
4.07.344.853 I kl_divergence: TURBO_KLD_DUMP wrote 2047 x 8 per-position KLDs to /home/mark/kldsweep/cell_35v_t8.bin
Mean    KLD:   0.000000 ±   0.000000
Median  KLD:   0.000000
### cell 39k  fp16->t8  2026-08-25T20:33:53+00:00
chunk             PPL               ln(PPL(Q)/PPL(base))          KL Divergence              Δp RMS            Same top p
4.07.106.471 I kl_divergence: TURBO_KLD_DUMP wrote 2047 x 8 per-position KLDs to /home/mark/kldsweep/cell_39k_t8.bin
Mean    KLD:   0.000000 ±   0.000000
Median  KLD:   0.000000
### cell 39v  fp16->t8  2026-08-25T20:38:01+00:00
chunk             PPL               ln(PPL(Q)/PPL(base))          KL Divergence              Δp RMS            Same top p
4.07.235.358 I kl_divergence: TURBO_KLD_DUMP wrote 2047 x 8 per-position KLDs to /home/mark/kldsweep/cell_39v_t8.bin
Mean    KLD:  -0.000000 ±   0.000000
Median  KLD:  -0.000000
### cell 43k  fp16->t8  2026-08-25T20:42:10+00:00
chunk             PPL               ln(PPL(Q)/PPL(base))          KL Divergence              Δp RMS            Same top p
4.07.357.802 I kl_divergence: TURBO_KLD_DUMP wrote 2047 x 8 per-position KLDs to /home/mark/kldsweep/cell_43k_t8.bin
Mean    KLD:   0.000001 ±   0.000000
Median  KLD:   0.000000
### cell 43v  fp16->t8  2026-08-25T20:46:18+00:00
chunk             PPL               ln(PPL(Q)/PPL(base))          KL Divergence              Δp RMS            Same top p
4.07.265.651 I kl_divergence: TURBO_KLD_DUMP wrote 2047 x 8 per-position KLDs to /home/mark/kldsweep/cell_43v_t8.bin
Mean    KLD:   0.000000 ±   0.000000
Median  KLD:   0.000000
### cell 47k  fp16->t8  2026-08-25T20:50:27+00:00
chunk             PPL               ln(PPL(Q)/PPL(base))          KL Divergence              Δp RMS            Same top p
4.07.001.484 I kl_divergence: TURBO_KLD_DUMP wrote 2047 x 8 per-position KLDs to /home/mark/kldsweep/cell_47k_t8.bin
Mean    KLD:   0.000000 ±   0.000000
Median  KLD:   0.000000
### cell 47v  fp16->t8  2026-08-25T20:54:35+00:00
chunk             PPL               ln(PPL(Q)/PPL(base))          KL Divergence              Δp RMS            Same top p
4.06.998.645 I kl_divergence: TURBO_KLD_DUMP wrote 2047 x 8 per-position KLDs to /home/mark/kldsweep/cell_47v_t8.bin
Mean    KLD:   0.000000 ±   0.000000
Median  KLD:  -0.000000
### cell 51k  fp16->t8  2026-08-25T20:58:43+00:00
chunk             PPL               ln(PPL(Q)/PPL(base))          KL Divergence              Δp RMS            Same top p
4.07.184.571 I kl_divergence: TURBO_KLD_DUMP wrote 2047 x 8 per-position KLDs to /home/mark/kldsweep/cell_51k_t8.bin
Mean    KLD:   0.000001 ±   0.000001
Median  KLD:   0.000000
### cell 51v  fp16->t8  2026-08-25T21:02:51+00:00
chunk             PPL               ln(PPL(Q)/PPL(base))          KL Divergence              Δp RMS            Same top p
4.07.048.555 I kl_divergence: TURBO_KLD_DUMP wrote 2047 x 8 per-position KLDs to /home/mark/kldsweep/cell_51v_t8.bin
Mean    KLD:   0.000000 ±   0.000000
Median  KLD:   0.000000
### cell 55k  fp16->t8  2026-08-25T21:07:00+00:00
chunk             PPL               ln(PPL(Q)/PPL(base))          KL Divergence              Δp RMS            Same top p
4.06.992.100 I kl_divergence: TURBO_KLD_DUMP wrote 2047 x 8 per-position KLDs to /home/mark/kldsweep/cell_55k_t8.bin
Mean    KLD:   0.000001 ±   0.000000
Median  KLD:   0.000000
### cell 55v  fp16->t8  2026-08-25T21:11:08+00:00
chunk             PPL               ln(PPL(Q)/PPL(base))          KL Divergence              Δp RMS            Same top p
4.07.247.071 I kl_divergence: TURBO_KLD_DUMP wrote 2047 x 8 per-position KLDs to /home/mark/kldsweep/cell_55v_t8.bin
Mean    KLD:   0.000000 ±   0.000000
Median  KLD:  -0.000000
### cell 59k  fp16->t8  2026-08-25T21:15:16+00:00
chunk             PPL               ln(PPL(Q)/PPL(base))          KL Divergence              Δp RMS            Same top p
4.07.791.828 I kl_divergence: TURBO_KLD_DUMP wrote 2047 x 8 per-position KLDs to /home/mark/kldsweep/cell_59k_t8.bin
Mean    KLD:   0.000000 ±   0.000000
Median  KLD:   0.000000
### cell 59v  fp16->t8  2026-08-25T21:19:25+00:00
chunk             PPL               ln(PPL(Q)/PPL(base))          KL Divergence              Δp RMS            Same top p
4.07.080.628 I kl_divergence: TURBO_KLD_DUMP wrote 2047 x 8 per-position KLDs to /home/mark/kldsweep/cell_59v_t8.bin
Mean    KLD:   0.000000 ±   0.000000
Median  KLD:   0.000000
### cell 63k  fp16->t8  2026-08-25T21:23:34+00:00
chunk             PPL               ln(PPL(Q)/PPL(base))          KL Divergence              Δp RMS            Same top p
4.07.117.715 I kl_divergence: TURBO_KLD_DUMP wrote 2047 x 8 per-position KLDs to /home/mark/kldsweep/cell_63k_t8.bin
Mean    KLD:   0.000000 ±   0.000000
Median  KLD:   0.000000
### cell 63v  fp16->t8  2026-08-25T21:27:42+00:00
chunk             PPL               ln(PPL(Q)/PPL(base))          KL Divergence              Δp RMS            Same top p
4.07.074.415 I kl_divergence: TURBO_KLD_DUMP wrote 2047 x 8 per-position KLDs to /home/mark/kldsweep/cell_63v_t8.bin
Mean    KLD:   0.000002 ±   0.000000
Median  KLD:   0.000000
### band done 2026-08-25T21:31:50+00:00
