======== BAND fp16->t4  2026-08-25T22:08:42+00:00
### cell 3k  fp16->t4  2026-08-25T22:08:42+00:00
chunk             PPL               ln(PPL(Q)/PPL(base))          KL Divergence              Δp RMS            Same top p
4.07.349.384 I kl_divergence: TURBO_KLD_DUMP wrote 2047 x 8 per-position KLDs to /home/mark/kldsweep/cell_3k_t4.bin
Mean    KLD:   0.000063 ±   0.000014
Median  KLD:   0.000007
### cell 3v  fp16->t4  2026-08-25T22:12:51+00:00
chunk             PPL               ln(PPL(Q)/PPL(base))          KL Divergence              Δp RMS            Same top p
4.07.339.576 I kl_divergence: TURBO_KLD_DUMP wrote 2047 x 8 per-position KLDs to /home/mark/kldsweep/cell_3v_t4.bin
Mean    KLD:   0.000033 ±   0.000002
Median  KLD:   0.000005
### cell 7k  fp16->t4  2026-08-25T22:16:59+00:00
chunk             PPL               ln(PPL(Q)/PPL(base))          KL Divergence              Δp RMS            Same top p
4.07.120.480 I kl_divergence: TURBO_KLD_DUMP wrote 2047 x 8 per-position KLDs to /home/mark/kldsweep/cell_7k_t4.bin
Mean    KLD:   0.000120 ±   0.000033
Median  KLD:   0.000009
### cell 7v  fp16->t4  2026-08-25T22:21:08+00:00
chunk             PPL               ln(PPL(Q)/PPL(base))          KL Divergence              Δp RMS            Same top p
4.07.601.289 I kl_divergence: TURBO_KLD_DUMP wrote 2047 x 8 per-position KLDs to /home/mark/kldsweep/cell_7v_t4.bin
Mean    KLD:   0.000069 ±   0.000014
Median  KLD:   0.000007
### cell 11k  fp16->t4  2026-08-25T22:25:17+00:00
chunk             PPL               ln(PPL(Q)/PPL(base))          KL Divergence              Δp RMS            Same top p
4.07.502.668 I kl_divergence: TURBO_KLD_DUMP wrote 2047 x 8 per-position KLDs to /home/mark/kldsweep/cell_11k_t4.bin
Mean    KLD:   0.000084 ±   0.000009
Median  KLD:   0.000012
### cell 11v  fp16->t4  2026-08-25T22:29:25+00:00
chunk             PPL               ln(PPL(Q)/PPL(base))          KL Divergence              Δp RMS            Same top p
4.07.559.574 I kl_divergence: TURBO_KLD_DUMP wrote 2047 x 8 per-position KLDs to /home/mark/kldsweep/cell_11v_t4.bin
Mean    KLD:   0.000077 ±   0.000012
Median  KLD:   0.000009
### cell 15k  fp16->t4  2026-08-25T22:33:34+00:00
chunk             PPL               ln(PPL(Q)/PPL(base))          KL Divergence              Δp RMS            Same top p
4.07.212.073 I kl_divergence: TURBO_KLD_DUMP wrote 2047 x 8 per-position KLDs to /home/mark/kldsweep/cell_15k_t4.bin
Mean    KLD:   0.000115 ±   0.000014
Median  KLD:   0.000012
### cell 15v  fp16->t4  2026-08-25T22:37:42+00:00
chunk             PPL               ln(PPL(Q)/PPL(base))          KL Divergence              Δp RMS            Same top p
4.07.500.191 I kl_divergence: TURBO_KLD_DUMP wrote 2047 x 8 per-position KLDs to /home/mark/kldsweep/cell_15v_t4.bin
Mean    KLD:   0.000117 ±   0.000046
Median  KLD:   0.000008
### cell 19k  fp16->t4  2026-08-25T22:41:51+00:00
chunk             PPL               ln(PPL(Q)/PPL(base))          KL Divergence              Δp RMS            Same top p
4.07.274.202 I kl_divergence: TURBO_KLD_DUMP wrote 2047 x 8 per-position KLDs to /home/mark/kldsweep/cell_19k_t4.bin
Mean    KLD:   0.000132 ±   0.000020
Median  KLD:   0.000015
### cell 19v  fp16->t4  2026-08-25T22:46:00+00:00
chunk             PPL               ln(PPL(Q)/PPL(base))          KL Divergence              Δp RMS            Same top p
4.07.251.717 I kl_divergence: TURBO_KLD_DUMP wrote 2047 x 8 per-position KLDs to /home/mark/kldsweep/cell_19v_t4.bin
Mean    KLD:   0.000069 ±   0.000007
Median  KLD:   0.000012
### cell 23k  fp16->t4  2026-08-25T22:50:08+00:00
chunk             PPL               ln(PPL(Q)/PPL(base))          KL Divergence              Δp RMS            Same top p
4.07.145.493 I kl_divergence: TURBO_KLD_DUMP wrote 2047 x 8 per-position KLDs to /home/mark/kldsweep/cell_23k_t4.bin
Mean    KLD:   0.000066 ±   0.000009
Median  KLD:   0.000013
### cell 23v  fp16->t4  2026-08-25T22:54:16+00:00
chunk             PPL               ln(PPL(Q)/PPL(base))          KL Divergence              Δp RMS            Same top p
4.07.338.883 I kl_divergence: TURBO_KLD_DUMP wrote 2047 x 8 per-position KLDs to /home/mark/kldsweep/cell_23v_t4.bin
Mean    KLD:   0.000082 ±   0.000023
Median  KLD:   0.000011
### cell 27k  fp16->t4  2026-08-25T22:58:25+00:00
chunk             PPL               ln(PPL(Q)/PPL(base))          KL Divergence              Δp RMS            Same top p
4.07.143.455 I kl_divergence: TURBO_KLD_DUMP wrote 2047 x 8 per-position KLDs to /home/mark/kldsweep/cell_27k_t4.bin
Mean    KLD:   0.000171 ±   0.000026
Median  KLD:   0.000030
### cell 27v  fp16->t4  2026-08-25T23:02:33+00:00
chunk             PPL               ln(PPL(Q)/PPL(base))          KL Divergence              Δp RMS            Same top p
4.07.281.923 I kl_divergence: TURBO_KLD_DUMP wrote 2047 x 8 per-position KLDs to /home/mark/kldsweep/cell_27v_t4.bin
Mean    KLD:   0.000098 ±   0.000014
Median  KLD:   0.000023
### cell 31k  fp16->t4  2026-08-25T23:06:42+00:00
chunk             PPL               ln(PPL(Q)/PPL(base))          KL Divergence              Δp RMS            Same top p
4.07.284.657 I kl_divergence: TURBO_KLD_DUMP wrote 2047 x 8 per-position KLDs to /home/mark/kldsweep/cell_31k_t4.bin
Mean    KLD:   0.000166 ±   0.000017
Median  KLD:   0.000035
### cell 31v  fp16->t4  2026-08-25T23:10:50+00:00
chunk             PPL               ln(PPL(Q)/PPL(base))          KL Divergence              Δp RMS            Same top p
4.07.394.700 I kl_divergence: TURBO_KLD_DUMP wrote 2047 x 8 per-position KLDs to /home/mark/kldsweep/cell_31v_t4.bin
Mean    KLD:   0.000085 ±   0.000006
Median  KLD:   0.000024
### cell 35k  fp16->t4  2026-08-25T23:14:59+00:00
chunk             PPL               ln(PPL(Q)/PPL(base))          KL Divergence              Δp RMS            Same top p
4.07.388.868 I kl_divergence: TURBO_KLD_DUMP wrote 2047 x 8 per-position KLDs to /home/mark/kldsweep/cell_35k_t4.bin
Mean    KLD:   0.000117 ±   0.000006
Median  KLD:   0.000034
### cell 35v  fp16->t4  2026-08-25T23:19:08+00:00
chunk             PPL               ln(PPL(Q)/PPL(base))          KL Divergence              Δp RMS            Same top p
4.07.087.744 I kl_divergence: TURBO_KLD_DUMP wrote 2047 x 8 per-position KLDs to /home/mark/kldsweep/cell_35v_t4.bin
Mean    KLD:   0.000048 ±   0.000002
Median  KLD:   0.000017
### cell 39k  fp16->t4  2026-08-25T23:23:16+00:00
chunk             PPL               ln(PPL(Q)/PPL(base))          KL Divergence              Δp RMS            Same top p
4.07.402.802 I kl_divergence: TURBO_KLD_DUMP wrote 2047 x 8 per-position KLDs to /home/mark/kldsweep/cell_39k_t4.bin
Mean    KLD:   0.000076 ±   0.000005
Median  KLD:   0.000024
### cell 39v  fp16->t4  2026-08-25T23:27:24+00:00
chunk             PPL               ln(PPL(Q)/PPL(base))          KL Divergence              Δp RMS            Same top p
4.07.431.926 I kl_divergence: TURBO_KLD_DUMP wrote 2047 x 8 per-position KLDs to /home/mark/kldsweep/cell_39v_t4.bin
Mean    KLD:   0.000030 ±   0.000002
Median  KLD:   0.000010
### cell 43k  fp16->t4  2026-08-25T23:31:33+00:00
chunk             PPL               ln(PPL(Q)/PPL(base))          KL Divergence              Δp RMS            Same top p
4.07.693.035 I kl_divergence: TURBO_KLD_DUMP wrote 2047 x 8 per-position KLDs to /home/mark/kldsweep/cell_43k_t4.bin
Mean    KLD:   0.000109 ±   0.000004
Median  KLD:   0.000042
### cell 43v  fp16->t4  2026-08-25T23:35:42+00:00
chunk             PPL               ln(PPL(Q)/PPL(base))          KL Divergence              Δp RMS            Same top p
4.07.707.699 I kl_divergence: TURBO_KLD_DUMP wrote 2047 x 8 per-position KLDs to /home/mark/kldsweep/cell_43v_t4.bin
Mean    KLD:   0.000060 ±   0.000004
Median  KLD:   0.000024
### cell 47k  fp16->t4  2026-08-25T23:39:51+00:00
chunk             PPL               ln(PPL(Q)/PPL(base))          KL Divergence              Δp RMS            Same top p
4.07.338.065 I kl_divergence: TURBO_KLD_DUMP wrote 2047 x 8 per-position KLDs to /home/mark/kldsweep/cell_47k_t4.bin
Mean    KLD:   0.000108 ±   0.000007
Median  KLD:   0.000033
### cell 47v  fp16->t4  2026-08-25T23:43:59+00:00
chunk             PPL               ln(PPL(Q)/PPL(base))          KL Divergence              Δp RMS            Same top p
4.07.108.880 I kl_divergence: TURBO_KLD_DUMP wrote 2047 x 8 per-position KLDs to /home/mark/kldsweep/cell_47v_t4.bin
Mean    KLD:   0.000035 ±   0.000001
Median  KLD:   0.000015
### cell 51k  fp16->t4  2026-08-25T23:48:08+00:00
chunk             PPL               ln(PPL(Q)/PPL(base))          KL Divergence              Δp RMS            Same top p
4.07.200.387 I kl_divergence: TURBO_KLD_DUMP wrote 2047 x 8 per-position KLDs to /home/mark/kldsweep/cell_51k_t4.bin
Mean    KLD:   0.000156 ±   0.000035
Median  KLD:   0.000042
### cell 51v  fp16->t4  2026-08-25T23:52:16+00:00
chunk             PPL               ln(PPL(Q)/PPL(base))          KL Divergence              Δp RMS            Same top p
4.07.049.314 I kl_divergence: TURBO_KLD_DUMP wrote 2047 x 8 per-position KLDs to /home/mark/kldsweep/cell_51v_t4.bin
Mean    KLD:   0.000049 ±   0.000002
Median  KLD:   0.000016
### cell 55k  fp16->t4  2026-08-25T23:56:24+00:00
chunk             PPL               ln(PPL(Q)/PPL(base))          KL Divergence              Δp RMS            Same top p
4.07.237.533 I kl_divergence: TURBO_KLD_DUMP wrote 2047 x 8 per-position KLDs to /home/mark/kldsweep/cell_55k_t4.bin
Mean    KLD:   0.000110 ±   0.000004
Median  KLD:   0.000024
### cell 55v  fp16->t4  2026-08-26T00:00:33+00:00
chunk             PPL               ln(PPL(Q)/PPL(base))          KL Divergence              Δp RMS            Same top p
4.07.207.383 I kl_divergence: TURBO_KLD_DUMP wrote 2047 x 8 per-position KLDs to /home/mark/kldsweep/cell_55v_t4.bin
Mean    KLD:   0.000043 ±   0.000003
Median  KLD:   0.000007
### cell 59k  fp16->t4  2026-08-26T00:04:41+00:00
chunk             PPL               ln(PPL(Q)/PPL(base))          KL Divergence              Δp RMS            Same top p
4.07.143.302 I kl_divergence: TURBO_KLD_DUMP wrote 2047 x 8 per-position KLDs to /home/mark/kldsweep/cell_59k_t4.bin
Mean    KLD:   0.000111 ±   0.000002
Median  KLD:   0.000025
### cell 59v  fp16->t4  2026-08-26T00:08:50+00:00
chunk             PPL               ln(PPL(Q)/PPL(base))          KL Divergence              Δp RMS            Same top p
4.07.229.034 I kl_divergence: TURBO_KLD_DUMP wrote 2047 x 8 per-position KLDs to /home/mark/kldsweep/cell_59v_t4.bin
Mean    KLD:   0.000058 ±   0.000002
Median  KLD:   0.000024
### cell 63k  fp16->t4  2026-08-26T00:12:58+00:00
chunk             PPL               ln(PPL(Q)/PPL(base))          KL Divergence              Δp RMS            Same top p
4.07.265.021 I kl_divergence: TURBO_KLD_DUMP wrote 2047 x 8 per-position KLDs to /home/mark/kldsweep/cell_63k_t4.bin
Mean    KLD:   0.000096 ±   0.000004
Median  KLD:   0.000022
### cell 63v  fp16->t4  2026-08-26T00:17:06+00:00
chunk             PPL               ln(PPL(Q)/PPL(base))          KL Divergence              Δp RMS            Same top p
4.07.153.649 I kl_divergence: TURBO_KLD_DUMP wrote 2047 x 8 per-position KLDs to /home/mark/kldsweep/cell_63v_t4.bin
Mean    KLD:   0.000515 ±   0.000006
Median  KLD:   0.000321
======== BAND fp16->t2  2026-08-26T00:21:15+00:00
### cell 3k  fp16->t2  2026-08-26T00:21:15+00:00
chunk             PPL               ln(PPL(Q)/PPL(base))          KL Divergence              Δp RMS            Same top p
4.07.228.711 I kl_divergence: TURBO_KLD_DUMP wrote 2047 x 8 per-position KLDs to /home/mark/kldsweep/cell_3k_t2.bin
Mean    KLD:   0.000362 ±   0.000029
Median  KLD:   0.000062
### cell 3v  fp16->t2  2026-08-26T00:25:23+00:00
chunk             PPL               ln(PPL(Q)/PPL(base))          KL Divergence              Δp RMS            Same top p
4.07.215.373 I kl_divergence: TURBO_KLD_DUMP wrote 2047 x 8 per-position KLDs to /home/mark/kldsweep/cell_3v_t2.bin
Mean    KLD:   0.000276 ±   0.000040
Median  KLD:   0.000038
### cell 7k  fp16->t2  2026-08-26T00:29:32+00:00
chunk             PPL               ln(PPL(Q)/PPL(base))          KL Divergence              Δp RMS            Same top p
4.07.210.052 I kl_divergence: TURBO_KLD_DUMP wrote 2047 x 8 per-position KLDs to /home/mark/kldsweep/cell_7k_t2.bin
Mean    KLD:   0.000410 ±   0.000046
Median  KLD:   0.000069
### cell 7v  fp16->t2  2026-08-26T00:33:40+00:00
chunk             PPL               ln(PPL(Q)/PPL(base))          KL Divergence              Δp RMS            Same top p
4.07.246.255 I kl_divergence: TURBO_KLD_DUMP wrote 2047 x 8 per-position KLDs to /home/mark/kldsweep/cell_7v_t2.bin
Mean    KLD:   0.000489 ±   0.000116
Median  KLD:   0.000051
### cell 11k  fp16->t2  2026-08-26T00:37:49+00:00
chunk             PPL               ln(PPL(Q)/PPL(base))          KL Divergence              Δp RMS            Same top p
4.07.228.935 I kl_divergence: TURBO_KLD_DUMP wrote 2047 x 8 per-position KLDs to /home/mark/kldsweep/cell_11k_t2.bin
Mean    KLD:   0.000616 ±   0.000080
Median  KLD:   0.000090
### cell 11v  fp16->t2  2026-08-26T00:41:57+00:00
chunk             PPL               ln(PPL(Q)/PPL(base))          KL Divergence              Δp RMS            Same top p
4.07.211.216 I kl_divergence: TURBO_KLD_DUMP wrote 2047 x 8 per-position KLDs to /home/mark/kldsweep/cell_11v_t2.bin
Mean    KLD:   0.000621 ±   0.000167
Median  KLD:   0.000067
### cell 15k  fp16->t2  2026-08-26T00:46:05+00:00
chunk             PPL               ln(PPL(Q)/PPL(base))          KL Divergence              Δp RMS            Same top p
4.07.136.753 I kl_divergence: TURBO_KLD_DUMP wrote 2047 x 8 per-position KLDs to /home/mark/kldsweep/cell_15k_t2.bin
Mean    KLD:   0.000563 ±   0.000073
Median  KLD:   0.000068
### cell 15v  fp16->t2  2026-08-26T00:50:14+00:00
chunk             PPL               ln(PPL(Q)/PPL(base))          KL Divergence              Δp RMS            Same top p
4.07.227.498 I kl_divergence: TURBO_KLD_DUMP wrote 2047 x 8 per-position KLDs to /home/mark/kldsweep/cell_15v_t2.bin
Mean    KLD:   0.000391 ±   0.000046
Median  KLD:   0.000058
### cell 19k  fp16->t2  2026-08-26T00:54:22+00:00
chunk             PPL               ln(PPL(Q)/PPL(base))          KL Divergence              Δp RMS            Same top p
4.07.270.584 I kl_divergence: TURBO_KLD_DUMP wrote 2047 x 8 per-position KLDs to /home/mark/kldsweep/cell_19k_t2.bin
Mean    KLD:   0.000543 ±   0.000040
Median  KLD:   0.000096
### cell 19v  fp16->t2  2026-08-26T00:58:31+00:00
chunk             PPL               ln(PPL(Q)/PPL(base))          KL Divergence              Δp RMS            Same top p
4.07.205.597 I kl_divergence: TURBO_KLD_DUMP wrote 2047 x 8 per-position KLDs to /home/mark/kldsweep/cell_19v_t2.bin
Mean    KLD:   0.000553 ±   0.000060
Median  KLD:   0.000094
### cell 23k  fp16->t2  2026-08-26T01:02:39+00:00
chunk             PPL               ln(PPL(Q)/PPL(base))          KL Divergence              Δp RMS            Same top p
4.07.348.383 I kl_divergence: TURBO_KLD_DUMP wrote 2047 x 8 per-position KLDs to /home/mark/kldsweep/cell_23k_t2.bin
Mean    KLD:   0.000758 ±   0.000124
Median  KLD:   0.000122
### cell 23v  fp16->t2  2026-08-26T01:06:48+00:00
chunk             PPL               ln(PPL(Q)/PPL(base))          KL Divergence              Δp RMS            Same top p
4.07.251.612 I kl_divergence: TURBO_KLD_DUMP wrote 2047 x 8 per-position KLDs to /home/mark/kldsweep/cell_23v_t2.bin
Mean    KLD:   0.000460 ±   0.000047
Median  KLD:   0.000103
### cell 27k  fp16->t2  2026-08-26T01:10:56+00:00
chunk             PPL               ln(PPL(Q)/PPL(base))          KL Divergence              Δp RMS            Same top p
4.07.404.549 I kl_divergence: TURBO_KLD_DUMP wrote 2047 x 8 per-position KLDs to /home/mark/kldsweep/cell_27k_t2.bin
Mean    KLD:   0.001125 ±   0.000159
Median  KLD:   0.000255
### cell 27v  fp16->t2  2026-08-26T01:15:05+00:00
chunk             PPL               ln(PPL(Q)/PPL(base))          KL Divergence              Δp RMS            Same top p
4.07.366.715 I kl_divergence: TURBO_KLD_DUMP wrote 2047 x 8 per-position KLDs to /home/mark/kldsweep/cell_27v_t2.bin
Mean    KLD:   0.000746 ±   0.000054
Median  KLD:   0.000214
### cell 31k  fp16->t2  2026-08-26T01:19:13+00:00
chunk             PPL               ln(PPL(Q)/PPL(base))          KL Divergence              Δp RMS            Same top p
4.07.267.299 I kl_divergence: TURBO_KLD_DUMP wrote 2047 x 8 per-position KLDs to /home/mark/kldsweep/cell_31k_t2.bin
Mean    KLD:   0.001048 ±   0.000064
Median  KLD:   0.000303
### cell 31v  fp16->t2  2026-08-26T01:23:22+00:00
chunk             PPL               ln(PPL(Q)/PPL(base))          KL Divergence              Δp RMS            Same top p
4.07.190.113 I kl_divergence: TURBO_KLD_DUMP wrote 2047 x 8 per-position KLDs to /home/mark/kldsweep/cell_31v_t2.bin
Mean    KLD:   0.000652 ±   0.000033
Median  KLD:   0.000212
### cell 35k  fp16->t2  2026-08-26T01:27:30+00:00
chunk             PPL               ln(PPL(Q)/PPL(base))          KL Divergence              Δp RMS            Same top p
4.07.219.612 I kl_divergence: TURBO_KLD_DUMP wrote 2047 x 8 per-position KLDs to /home/mark/kldsweep/cell_35k_t2.bin
Mean    KLD:   0.000886 ±   0.000026
Median  KLD:   0.000280
### cell 35v  fp16->t2  2026-08-26T01:31:39+00:00
chunk             PPL               ln(PPL(Q)/PPL(base))          KL Divergence              Δp RMS            Same top p
4.07.276.376 I kl_divergence: TURBO_KLD_DUMP wrote 2047 x 8 per-position KLDs to /home/mark/kldsweep/cell_35v_t2.bin
Mean    KLD:   0.000417 ±   0.000015
Median  KLD:   0.000154
### cell 39k  fp16->t2  2026-08-26T01:35:47+00:00
chunk             PPL               ln(PPL(Q)/PPL(base))          KL Divergence              Δp RMS            Same top p
4.07.077.165 I kl_divergence: TURBO_KLD_DUMP wrote 2047 x 8 per-position KLDs to /home/mark/kldsweep/cell_39k_t2.bin
Mean    KLD:   0.000574 ±   0.000022
Median  KLD:   0.000193
### cell 39v  fp16->t2  2026-08-26T01:39:55+00:00
chunk             PPL               ln(PPL(Q)/PPL(base))          KL Divergence              Δp RMS            Same top p
4.07.204.372 I kl_divergence: TURBO_KLD_DUMP wrote 2047 x 8 per-position KLDs to /home/mark/kldsweep/cell_39v_t2.bin
Mean    KLD:   0.000276 ±   0.000029
Median  KLD:   0.000088
### cell 43k  fp16->t2  2026-08-26T01:44:04+00:00
chunk             PPL               ln(PPL(Q)/PPL(base))          KL Divergence              Δp RMS            Same top p
4.07.106.146 I kl_divergence: TURBO_KLD_DUMP wrote 2047 x 8 per-position KLDs to /home/mark/kldsweep/cell_43k_t2.bin
Mean    KLD:   0.001011 ±   0.000058
Median  KLD:   0.000365
### cell 43v  fp16->t2  2026-08-26T01:48:12+00:00
chunk             PPL               ln(PPL(Q)/PPL(base))          KL Divergence              Δp RMS            Same top p
4.07.182.049 I kl_divergence: TURBO_KLD_DUMP wrote 2047 x 8 per-position KLDs to /home/mark/kldsweep/cell_43v_t2.bin
Mean    KLD:   0.000554 ±   0.000019
Median  KLD:   0.000231
### cell 47k  fp16->t2  2026-08-26T01:52:20+00:00
chunk             PPL               ln(PPL(Q)/PPL(base))          KL Divergence              Δp RMS            Same top p
4.07.100.498 I kl_divergence: TURBO_KLD_DUMP wrote 2047 x 8 per-position KLDs to /home/mark/kldsweep/cell_47k_t2.bin
Mean    KLD:   0.000847 ±   0.000029
Median  KLD:   0.000279
### cell 47v  fp16->t2  2026-08-26T01:56:29+00:00
chunk             PPL               ln(PPL(Q)/PPL(base))          KL Divergence              Δp RMS            Same top p
4.07.168.918 I kl_divergence: TURBO_KLD_DUMP wrote 2047 x 8 per-position KLDs to /home/mark/kldsweep/cell_47v_t2.bin
Mean    KLD:   0.000365 ±   0.000024
Median  KLD:   0.000151
### cell 51k  fp16->t2  2026-08-26T02:00:37+00:00
chunk             PPL               ln(PPL(Q)/PPL(base))          KL Divergence              Δp RMS            Same top p
4.07.165.100 I kl_divergence: TURBO_KLD_DUMP wrote 2047 x 8 per-position KLDs to /home/mark/kldsweep/cell_51k_t2.bin
Mean    KLD:   0.001214 ±   0.000067
Median  KLD:   0.000382
### cell 51v  fp16->t2  2026-08-26T02:04:46+00:00
chunk             PPL               ln(PPL(Q)/PPL(base))          KL Divergence              Δp RMS            Same top p
4.07.303.183 I kl_divergence: TURBO_KLD_DUMP wrote 2047 x 8 per-position KLDs to /home/mark/kldsweep/cell_51v_t2.bin
Mean    KLD:   0.000481 ±   0.000029
Median  KLD:   0.000151
### cell 55k  fp16->t2  2026-08-26T02:08:54+00:00
chunk             PPL               ln(PPL(Q)/PPL(base))          KL Divergence              Δp RMS            Same top p
4.07.093.030 I kl_divergence: TURBO_KLD_DUMP wrote 2047 x 8 per-position KLDs to /home/mark/kldsweep/cell_55k_t2.bin
Mean    KLD:   0.000981 ±   0.000031
Median  KLD:   0.000191
### cell 55v  fp16->t2  2026-08-26T02:13:02+00:00
chunk             PPL               ln(PPL(Q)/PPL(base))          KL Divergence              Δp RMS            Same top p
4.07.112.030 I kl_divergence: TURBO_KLD_DUMP wrote 2047 x 8 per-position KLDs to /home/mark/kldsweep/cell_55v_t2.bin
Mean    KLD:   0.000481 ±   0.000055
Median  KLD:   0.000069
### cell 59k  fp16->t2  2026-08-26T02:17:11+00:00
chunk             PPL               ln(PPL(Q)/PPL(base))          KL Divergence              Δp RMS            Same top p
4.07.119.777 I kl_divergence: TURBO_KLD_DUMP wrote 2047 x 8 per-position KLDs to /home/mark/kldsweep/cell_59k_t2.bin
Mean    KLD:   0.000974 ±   0.000020
Median  KLD:   0.000199
### cell 59v  fp16->t2  2026-08-26T02:21:19+00:00
chunk             PPL               ln(PPL(Q)/PPL(base))          KL Divergence              Δp RMS            Same top p
4.07.113.559 I kl_divergence: TURBO_KLD_DUMP wrote 2047 x 8 per-position KLDs to /home/mark/kldsweep/cell_59v_t2.bin
Mean    KLD:   0.000678 ±   0.000012
Median  KLD:   0.000256
### cell 63k  fp16->t2  2026-08-26T02:25:27+00:00
chunk             PPL               ln(PPL(Q)/PPL(base))          KL Divergence              Δp RMS            Same top p
4.07.129.197 I kl_divergence: TURBO_KLD_DUMP wrote 2047 x 8 per-position KLDs to /home/mark/kldsweep/cell_63k_t2.bin
Mean    KLD:   0.000767 ±   0.000023
Median  KLD:   0.000190
### cell 63v  fp16->t2  2026-08-26T02:29:36+00:00
chunk             PPL               ln(PPL(Q)/PPL(base))          KL Divergence              Δp RMS            Same top p
4.07.064.891 I kl_divergence: TURBO_KLD_DUMP wrote 2047 x 8 per-position KLDs to /home/mark/kldsweep/cell_63v_t2.bin
Mean    KLD:   0.004930 ±   0.000055
Median  KLD:   0.003157
### bands done 2026-08-26T02:33:44+00:00
