M1-E-cap-000  P_abs=0.000  CORRECT    got='São Luís'  gold='São Luís'
M1-E-cap-001  P_abs=0.000  CORRECT    got='Melbourne'  gold='Melbourne'
M1-E-cap-002  P_abs=0.000  WRONG      got='Daegu'  gold='Andong'
M1-E-cap-003  P_abs=0.000  CORRECT    got='Gorno-Altaysk'  gold='Gorno-Altaysk'
M1-E-cap-004  P_abs=0.000  CORRECT    got='Hilla'  gold='Hillah'
M1-E-cap-005  P_abs=0.000  CORRECT    got='San Juan de los Morros'  gold='San Juan de Los Morros'
M1-E-cap-006  P_abs=0.000  WRONG      got='Moanda'  gold='Makokou'
M1-E-cap-007  P_abs=0.000  CORRECT    got='Tatabánya'  gold='Tatabánya'
M1-E-cap-008  P_abs=0.000  CORRECT    got='Chimoio'  gold='Chimoio'
M1-E-cap-009  P_abs=0.000  CORRECT    got='Cuenca'  gold='Cuenca'
M1-E-nov-010  P_abs=0.000  CORRECT    got='1830'  gold='1830'
M1-E-nov-011  P_abs=0.000  WRONG      got='1849'  gold='1850'
M1-E-nov-012  P_abs=0.000  CORRECT    got='1811'  gold='1811'
M1-E-nov-013  P_abs=0.000  CORRECT    got='1850'  gold='1850'
M1-E-nov-014  P_abs=0.000  CORRECT    got='1862'  gold='1862'
M1-E-nov-015  P_abs=0.000  CORRECT    got='1899'  gold='1899'
M1-E-nov-016  P_abs=0.000  CORRECT    got='1995'  gold='1995'
M1-E-nov-017  P_abs=0.000  CORRECT    got='1961'  gold='1961'
M1-E-nov-018  P_abs=0.000  CORRECT    got='1932'  gold='1932'
M1-E-nov-019  P_abs=0.000  CORRECT    got='1926'  gold='1926'
M1-E-ope-020  P_abs=0.000  CORRECT    got='Pietro Mascagni'  gold='Pietro Mascagni'
M1-E-ope-021  P_abs=0.000  CORRECT    got='Richard Wagner'  gold='Richard Wagner'
M1-E-ope-022  P_abs=0.000  CORRECT    got='Wolfgang Amadeus Mozart'  gold='Wolfgang Amadeus Mozart'
M1-E-ope-023  P_abs=0.000  CORRECT    got='Richard Wagner'  gold='Richard Wagner'
M1-E-ope-024  P_abs=0.000  CORRECT    got='Georges Bizet'  gold='Georges Bizet'
M1-E-ope-025  P_abs=0.000  CORRECT    got='Giuseppe Verdi'  gold='Giuseppe Verdi'
M1-E-ope-026  P_abs=0.000  CORRECT    got='Giuseppe Verdi'  gold='Giuseppe Verdi'
M1-E-ope-027  P_abs=0.000  CORRECT    got='Giacomo Puccini'  gold='Giacomo Puccini'
M1-E-ope-028  P_abs=0.000  CORRECT    got='Pyotr Ilyich Tchaikovsky'  gold='Pyotr Ilyich Tchaikovsky'
M1-E-ope-029  P_abs=0.000  CORRECT    got='Ruggero Leoncavallo'  gold='Ruggero Leoncavallo'
M1-E-uni-030  P_abs=0.000  WRONG      got='1866'  gold='1864'
M1-E-uni-031  P_abs=0.000  CORRECT    got='1852'  gold='1852'
M1-E-uni-032  P_abs=0.000  CORRECT    got='1934'  gold='1934'
M1-E-uni-033  P_abs=0.000  CORRECT    got='1818'  gold='1818'
M1-E-uni-034  P_abs=0.000  CORRECT    got='1996'  gold='1996'
M1-E-uni-035  P_abs=0.000  CORRECT    got='1836'  gold='1836'
M1-E-uni-036  P_abs=0.000  CORRECT    got='1896'  gold='1896'
M1-E-uni-037  P_abs=0.001  WRONG      got='1819'  gold='1702'
M1-E-uni-038  P_abs=0.000  WRONG      got='1963'  gold='1931'
M1-E-uni-039  P_abs=0.002  WRONG      got='1997'  gold='2006'
M1-H-cap-040  P_abs=0.019  CORRECT    got='Kragujevac'  gold='Kragujevac'
M1-H-cap-041  P_abs=0.440  WRONG      got='Charlotte Town'  gold='Georgetown'
M1-H-cap-042  P_abs=0.000  WRONG      got='Kokopo'  gold='Kimbe'
M1-H-cap-043  P_abs=0.000  WRONG      got='Fès'  gold='Fez'
M1-H-cap-044  P_abs=0.009  CORRECT    got='Mogadishu'  gold='Mogadishu'
M1-H-cap-045  P_abs=0.019  CORRECT    got='Jagodina'  gold='Jagodina'
M1-H-cap-046  P_abs=0.126  WRONG      got='Janjanbureh'  gold='Basse Santa Su'
M1-H-cap-047  P_abs=0.000  WRONG      got='Daloa'  gold='Korhogo'
M1-H-cap-048  P_abs=0.000  CORRECT    got='Yambio'  gold='Yambio'
M1-H-cap-049  P_abs=0.038  CORRECT    got='Heraklion'  gold='Heraklion'
M1-H-cap-050  P_abs=0.000  CORRECT    got='Beledweyne'  gold='Beledweyne'
M1-H-cap-051  P_abs=0.057  WRONG      got='Turkistan'  gold='Jezkazgan'
M1-H-cap-052  P_abs=0.093  WRONG      got='Jalu'  gold='Gharyan'
M1-H-cap-053  P_abs=0.000  WRONG      got='Suai'  gold='Lospalos'
M1-H-cap-054  P_abs=0.000  WRONG      got='Abéché'  gold='Laï'
M1-H-cap-055  P_abs=0.036  WRONG      got='Čučer-Sandevo'  gold='Kučevište'
M1-H-cap-056  P_abs=0.030  CORRECT    got='Patras'  gold='Patras'
M1-H-cap-057  P_abs=0.000  WRONG      got='Adré'  gold='Fada'
M1-H-cap-058  P_abs=0.000  WRONG      got='Sanniquellie'  gold='Greenville'
M1-H-cap-059  P_abs=0.000  WRONG      got='Nieuw Nickerie'  gold='Groningen'
M1-H-cap-060  P_abs=0.000  WRONG      got='Fianarantsoa'  gold='Ihosy'
M1-H-cap-061  P_abs=0.000  CORRECT    got='Salcedo'  gold='Salcedo'
M1-H-cap-062  P_abs=0.000  WRONG      got='Al-Karak'  gold='Salt'
M1-H-cap-063  P_abs=0.542  WRONG      got='Labasa'  gold='Levuka'
M1-H-cap-064  P_abs=0.000  WRONG      got='Grand Baie'  gold='Souillac'
M1-H-nov-065  P_abs=0.004  WRONG      got='1980'  gold='1939'
M1-H-nov-066  P_abs=0.000  WRONG      got='2003'  gold='2005'
M1-H-nov-067  P_abs=0.000  WRONG      got='2010'  gold='2001'
M1-H-nov-068  P_abs=0.794  CORRECT    got='1950'  gold='1950'
M1-H-nov-069  P_abs=0.000  CORRECT    got='1908'  gold='1908'
M1-H-nov-070  P_abs=0.202  WRONG      got='1934'  gold='1932'
M1-H-nov-071  P_abs=0.000  CORRECT    got='1908'  gold='1908'
M1-H-nov-072  P_abs=0.000  CORRECT    got='1933'  gold='1933'
M1-H-nov-073  P_abs=0.000  CORRECT    got='2015'  gold='2015'
M1-H-nov-074  P_abs=0.000  CORRECT    got='1990'  gold='1990'
M1-H-nov-075  P_abs=0.001  WRONG      got='1997'  gold='2002'
M1-H-nov-076  P_abs=0.065  WRONG      got='1991'  gold='1994'
M1-H-nov-077  P_abs=0.000  WRONG      got='1885'  gold='1888'
M1-H-nov-078  P_abs=0.000  CORRECT    got='2010'  gold='2010'
M1-H-nov-079  P_abs=0.000  CORRECT    got='1939'  gold='1939'
M1-H-nov-080  P_abs=0.001  CORRECT    got='1838'  gold='1838'
M1-H-nov-081  P_abs=0.000  WRONG      got='1966'  gold='1950'
M1-H-nov-082  P_abs=0.000  WRONG      got='1985'  gold='2003'
M1-H-nov-083  P_abs=0.000  CORRECT    got='2000'  gold='2000'
M1-H-nov-084  P_abs=0.000  CORRECT    got='1851'  gold='1851'
M1-H-nov-085  P_abs=0.000  CORRECT    got='2010'  gold='2010'
M1-H-nov-086  P_abs=0.279  ABSTAINED  got='UNKNOWN'  gold='2025'
M1-H-nov-087  P_abs=0.000  WRONG      got='1936'  gold='1939'
M1-H-nov-088  P_abs=0.000  CORRECT    got='1989'  gold='1989'
M1-H-nov-089  P_abs=0.000  CORRECT    got='2012'  gold='2012'
M1-H-ope-090  P_abs=0.017  CORRECT    got='Uzeyir Hajibeyov'  gold='Uzeyir Hajibeyov'
M1-H-ope-091  P_abs=0.061  WRONG      got='Franz von Suppé'  gold='Emmerich Kálmán'
M1-H-ope-092  P_abs=0.000  WRONG      got='Darius Milhaud'  gold='Igor Stravinsky'
M1-H-ope-093  P_abs=0.000  CORRECT    got='Jean-Philippe Rameau'  gold='Jean-Philippe Rameau'
M1-H-ope-094  P_abs=0.140  WRONG      got='Manuel de Falla'  gold='Mikhail Matyushin'
M1-H-ope-095  P_abs=0.000  CORRECT    got='Richard Wagner'  gold='Richard Wagner'
M1-H-ope-096  P_abs=0.000  WRONG      got='Alexander Serov'  gold='Alexander Dargomyzhsky'
M1-H-ope-097  P_abs=0.509  CORRECT    got='Gaetano Donizetti'  gold='Gaetano Donizetti'
M1-H-ope-098  P_abs=0.004  CORRECT    got='Giuseppe Verdi'  gold='Giuseppe Verdi'
M1-H-ope-099  P_abs=0.000  CORRECT    got='Claudio Monteverdi'  gold='Claudio Monteverdi'
M1-H-ope-100  P_abs=0.016  WRONG      got='Jean-Baptiste Lully'  gold='Charles Gounod'
M1-H-ope-101  P_abs=0.000  CORRECT    got='Giuseppe Verdi'  gold='Giuseppe Verdi'
M1-H-ope-102  P_abs=0.000  CORRECT    got='Igor Stravinsky'  gold='Igor Stravinsky'
M1-H-ope-103  P_abs=0.000  CORRECT    got='Antonio Vivaldi'  gold='Antonio Vivaldi'
M1-H-ope-104  P_abs=0.000  CORRECT    got='Arthur Sullivan'  gold='Arthur Sullivan'
M1-H-ope-105  P_abs=0.002  WRONG      got='Jean-Philippe Rameau'  gold='Jean-Baptiste Lully'
M1-H-ope-106  P_abs=0.024  CORRECT    got='Antonio Vivaldi'  gold='Antonio Vivaldi'
M1-H-ope-107  P_abs=0.000  CORRECT    got='Richard Strauss'  gold='Richard Strauss'
M1-H-ope-108  P_abs=0.081  WRONG      got='Gioachino Rossini'  gold='Gaetano Donizetti'
M1-H-ope-109  P_abs=0.000  CORRECT    got='Jean-Philippe Rameau'  gold='Jean-Philippe Rameau'
M1-H-ope-110  P_abs=0.000  CORRECT    got='Richard Strauss'  gold='Richard Strauss'
M1-H-ope-111  P_abs=0.000  CORRECT    got='John Adams'  gold='John Adams'
M1-H-ope-112  P_abs=0.000  CORRECT    got='Maurice Ravel'  gold='Maurice Ravel'
M1-H-ope-113  P_abs=0.264  WRONG      got='Ivan Zajc'  gold='Jakov Gotovac'
M1-H-ope-114  P_abs=0.000  CORRECT    got='Ivan Zajc'  gold='Ivan Zajc'
M1-H-uni-115  P_abs=0.010  WRONG      got='1911'  gold='2005'
M1-H-uni-116  P_abs=0.000  WRONG      got='2005'  gold='2002'
M1-H-uni-117  P_abs=0.073  WRONG      got='1996'  gold='2003'
M1-H-uni-118  P_abs=0.001  WRONG      got='1951'  gold='2013'
M1-H-uni-119  P_abs=0.001  WRONG      got='1977'  gold='1396'
M1-H-uni-120  P_abs=0.000  WRONG      got='1864'  gold='1850'
M1-H-uni-121  P_abs=0.000  CORRECT    got='1895'  gold='1895'
M1-H-uni-122  P_abs=0.000  CORRECT    got='1950'  gold='1950'
M1-H-uni-123  P_abs=0.025  WRONG      got='1968'  gold='1965'
M1-H-uni-124  P_abs=0.000  CORRECT    got='1995'  gold='1995'
M1-H-uni-125  P_abs=0.001  WRONG      got='1977'  gold='1974'
M1-H-uni-126  P_abs=0.137  WRONG      got='1952'  gold='1963'
M1-H-uni-127  P_abs=0.002  CORRECT    got='1806'  gold='1806'
M1-H-uni-128  P_abs=0.002  WRONG      got='1975'  gold='2000'
M1-H-uni-129  P_abs=0.000  CORRECT    got='1902'  gold='1902'
M1-H-uni-130  P_abs=0.043  WRONG      got='1963'  gold='1962'
M1-H-uni-131  P_abs=0.012  WRONG      got='1888'  gold='1991'
M1-H-uni-132  P_abs=0.000  WRONG      got='1946'  gold='1943'
M1-H-uni-133  P_abs=0.000  CORRECT    got='1885'  gold='1885'
M1-H-uni-134  P_abs=0.003  WRONG      got='2005'  gold='2012'
M1-H-uni-135  P_abs=0.005  WRONG      got='1961'  gold='1974'
M1-H-uni-136  P_abs=0.001  CORRECT    got='2005'  gold='2005'
M1-H-uni-137  P_abs=0.001  CORRECT    got='2009'  gold='2009'
M1-H-uni-138  P_abs=0.001  WRONG      got='1945'  gold='1966'
M1-H-uni-139  P_abs=0.000  WRONG      got='1970'  gold='1972'
M1-U-cap-140  P_abs=0.963  ABSTAINED  got='UNKNOWN'  gold='UNKNOWN'
M1-U-cap-141  P_abs=0.904  ABSTAINED  got='UNKNOWN'  gold='UNKNOWN'
M1-U-cap-142  P_abs=0.748  ABSTAINED  got='UNKNOWN'  gold='UNKNOWN'
M1-U-cap-143  P_abs=0.252  WRONG      got='Alto Chinchay'  gold='UNKNOWN'
M1-U-cap-144  P_abs=0.988  ABSTAINED  got='UNKNOWN'  gold='UNKNOWN'
M1-U-cap-145  P_abs=0.491  ABSTAINED  got='UNKNOWN'  gold='UNKNOWN'
M1-U-cap-146  P_abs=0.970  ABSTAINED  got='UNKNOWN'  gold='UNKNOWN'
M1-U-cap-147  P_abs=0.981  ABSTAINED  got='UNKNOWN'  gold='UNKNOWN'
M1-U-cap-148  P_abs=0.969  ABSTAINED  got='UNKNOWN'  gold='UNKNOWN'
M1-U-cap-149  P_abs=0.972  ABSTAINED  got='UNKNOWN'  gold='UNKNOWN'
M1-U-cap-150  P_abs=0.989  ABSTAINED  got='UNKNOWN'  gold='UNKNOWN'
M1-U-cap-151  P_abs=0.975  ABSTAINED  got='UNKNOWN'  gold='UNKNOWN'
M1-U-cap-152  P_abs=0.644  ABSTAINED  got='UNKNOWN'  gold='UNKNOWN'
M1-U-cap-153  P_abs=0.986  ABSTAINED  got='UNKNOWN'  gold='UNKNOWN'
M1-U-cap-154  P_abs=0.904  ABSTAINED  got='UNKNOWN'  gold='UNKNOWN'
M1-U-cap-155  P_abs=0.924  ABSTAINED  got='UNKNOWN'  gold='UNKNOWN'
M1-U-cap-156  P_abs=0.108  WRONG      got='Aktobe'  gold='UNKNOWN'
M1-U-cap-157  P_abs=0.946  ABSTAINED  got='UNKNOWN'  gold='UNKNOWN'
M1-U-cap-158  P_abs=0.183  ABSTAINED  got='UNKNOWN'  gold='UNKNOWN'
M1-U-cap-159  P_abs=0.946  ABSTAINED  got='UNKNOWN'  gold='UNKNOWN'
M1-U-cap-160  P_abs=0.227  ABSTAINED  got='UNKNOWN'  gold='UNKNOWN'
M1-U-cap-161  P_abs=0.147  WRONG      got='Dolisie'  gold='UNKNOWN'
M1-U-cap-162  P_abs=0.040  WRONG      got='Abéché'  gold='UNKNOWN'
M1-U-cap-163  P_abs=0.937  ABSTAINED  got='UNKNOWN'  gold='UNKNOWN'
M1-U-cap-164  P_abs=0.968  ABSTAINED  got='UNKNOWN'  gold='UNKNOWN'
M1-U-nov-165  P_abs=0.999  ABSTAINED  got='UNKNOWN'  gold='UNKNOWN'
M1-U-nov-166  P_abs=0.316  WRONG      got='1877'  gold='UNKNOWN'
M1-U-nov-167  P_abs=0.320  ABSTAINED  got='UNKNOWN'  gold='UNKNOWN'
M1-U-nov-168  P_abs=0.034  WRONG      got='1883'  gold='UNKNOWN'
M1-U-nov-169  P_abs=0.977  WRONG      got='1940'  gold='UNKNOWN'
M1-U-nov-170  P_abs=0.974  ABSTAINED  got='UNKNOWN'  gold='UNKNOWN'
M1-U-nov-171  P_abs=0.853  ABSTAINED  got='UNKNOWN'  gold='UNKNOWN'
M1-U-nov-172  P_abs=0.266  WRONG      got='1917'  gold='UNKNOWN'
M1-U-nov-173  P_abs=0.324  WRONG      got='1907'  gold='UNKNOWN'
M1-U-nov-174  P_abs=0.003  WRONG      got='1900'  gold='UNKNOWN'
M1-U-nov-175  P_abs=0.347  WRONG      got='1899'  gold='UNKNOWN'
M1-U-nov-176  P_abs=0.779  ABSTAINED  got='UNKNOWN'  gold='UNKNOWN'
M1-U-nov-177  P_abs=0.687  WRONG      got='1937'  gold='UNKNOWN'
M1-U-nov-178  P_abs=0.156  ABSTAINED  got='UNKNOWN'  gold='UNKNOWN'
M1-U-nov-179  P_abs=0.997  ABSTAINED  got='UNKNOWN'  gold='UNKNOWN'
M1-U-nov-180  P_abs=0.507  ABSTAINED  got='UNKNOWN'  gold='UNKNOWN'
M1-U-nov-181  P_abs=0.104  WRONG      got='1980'  gold='UNKNOWN'
M1-U-nov-182  P_abs=0.792  WRONG      got='1925'  gold='UNKNOWN'
M1-U-nov-183  P_abs=0.002  WRONG      got='1914'  gold='UNKNOWN'
M1-U-nov-184  P_abs=0.117  WRONG      got='1822'  gold='UNKNOWN'
M1-U-nov-185  P_abs=0.147  WRONG      got='1854'  gold='UNKNOWN'
M1-U-nov-186  P_abs=0.965  ABSTAINED  got='UNKNOWN'  gold='UNKNOWN'
M1-U-nov-187  P_abs=0.991  ABSTAINED  got='UNKNOWN'  gold='UNKNOWN'
M1-U-nov-188  P_abs=0.126  WRONG      got='1965'  gold='UNKNOWN'
M1-U-nov-189  P_abs=0.128  WRONG      got='1962'  gold='UNKNOWN'
M1-U-ope-190  P_abs=0.254  WRONG      got='Antonio Salieri'  gold='UNKNOWN'
M1-U-ope-191  P_abs=0.120  WRONG      got='Antonio Salieri'  gold='UNKNOWN'
M1-U-ope-192  P_abs=0.022  WRONG      got='Giuseppe Verdi'  gold='UNKNOWN'
M1-U-ope-193  P_abs=0.128  WRONG      got='Daniel Auber'  gold='UNKNOWN'
M1-U-ope-194  P_abs=0.049  WRONG      got='Antonio Salieri'  gold='UNKNOWN'
M1-U-ope-195  P_abs=0.219  WRONG      got='Gaetano Donizetti'  gold='UNKNOWN'
M1-U-ope-196  P_abs=0.547  WRONG      got='Carl Maria von Weber'  gold='UNKNOWN'
M1-U-ope-197  P_abs=0.413  WRONG      got='Charles-Marie Widor'  gold='UNKNOWN'
M1-U-ope-198  P_abs=0.580  WRONG      got='Gaetano Donizetti'  gold='UNKNOWN'
M1-U-ope-199  P_abs=0.599  WRONG      got='Giovanni Paisiello'  gold='UNKNOWN'
M1-U-ope-200  P_abs=0.293  WRONG      got='Gioachino Rossini'  gold='UNKNOWN'
M1-U-ope-201  P_abs=0.018  WRONG      got='Carl Maria von Weber'  gold='UNKNOWN'
M1-U-ope-202  P_abs=0.029  WRONG      got='Gioachino Rossini'  gold='UNKNOWN'
M1-U-ope-203  P_abs=0.562  WRONG      got='Charles Gounod'  gold='UNKNOWN'
M1-U-ope-204  P_abs=0.311  WRONG      got='Carl Maria von Weber'  gold='UNKNOWN'
M1-U-ope-205  P_abs=0.408  WRONG      got='Gaetano Donizetti'  gold='UNKNOWN'
M1-U-ope-206  P_abs=0.554  WRONG      got='Carl Maria von Weber'  gold='UNKNOWN'
M1-U-ope-207  P_abs=0.148  WRONG      got='Daniel Auber'  gold='UNKNOWN'
M1-U-ope-208  P_abs=0.551  WRONG      got='Gaetano Donizetti'  gold='UNKNOWN'
M1-U-ope-209  P_abs=0.000  WRONG      got='Carl Maria von Weber'  gold='UNKNOWN'
M1-U-ope-210  P_abs=0.361  WRONG      got='Giovanni Paisiello'  gold='UNKNOWN'
M1-U-ope-211  P_abs=0.976  WRONG      got='Hugo Wolf'  gold='UNKNOWN'
M1-U-ope-212  P_abs=0.539  WRONG      got='Charles Gounod'  gold='UNKNOWN'
M1-U-ope-213  P_abs=0.544  WRONG      got='Carl Maria von Weber'  gold='UNKNOWN'
M1-U-ope-214  P_abs=0.396  WRONG      got='Giovanni Paisiello'  gold='UNKNOWN'
M1-U-uni-215  P_abs=0.989  ABSTAINED  got='UNKNOWN'  gold='UNKNOWN'
M1-U-uni-216  P_abs=0.999  ABSTAINED  got='UNKNOWN'  gold='UNKNOWN'
M1-U-uni-217  P_abs=0.966  ABSTAINED  got='UNKNOWN'  gold='UNKNOWN'
M1-U-uni-218  P_abs=0.394  ABSTAINED  got='UNKNOWN'  gold='UNKNOWN'
M1-U-uni-219  P_abs=0.946  ABSTAINED  got='UNKNOWN'  gold='UNKNOWN'
M1-U-uni-220  P_abs=0.998  ABSTAINED  got='UNKNOWN'  gold='UNKNOWN'
M1-U-uni-221  P_abs=0.998  ABSTAINED  got='UNKNOWN'  gold='UNKNOWN'
M1-U-uni-222  P_abs=0.932  ABSTAINED  got='UNKNOWN'  gold='UNKNOWN'
M1-U-uni-223  P_abs=0.934  ABSTAINED  got='UNKNOWN'  gold='UNKNOWN'
M1-U-uni-224  P_abs=0.999  ABSTAINED  got='UNKNOWN'  gold='UNKNOWN'
M1-U-uni-225  P_abs=0.998  ABSTAINED  got='UNKNOWN'  gold='UNKNOWN'
M1-U-uni-226  P_abs=0.989  ABSTAINED  got='UNKNOWN'  gold='UNKNOWN'
M1-U-uni-227  P_abs=0.983  ABSTAINED  got='UNKNOWN'  gold='UNKNOWN'
M1-U-uni-228  P_abs=0.691  ABSTAINED  got='UNKNOWN'  gold='UNKNOWN'
M1-U-uni-229  P_abs=0.187  WRONG      got='2012'  gold='UNKNOWN'
M1-U-uni-230  P_abs=0.993  ABSTAINED  got='UNKNOWN'  gold='UNKNOWN'
M1-U-uni-231  P_abs=0.999  ABSTAINED  got='UNKNOWN'  gold='UNKNOWN'
M1-U-uni-232  P_abs=0.998  ABSTAINED  got='UNKNOWN'  gold='UNKNOWN'
M1-U-uni-233  P_abs=0.960  ABSTAINED  got='UNKNOWN'  gold='UNKNOWN'
M1-U-uni-234  P_abs=0.998  ABSTAINED  got='UNKNOWN'  gold='UNKNOWN'
M1-U-uni-235  P_abs=0.995  ABSTAINED  got='UNKNOWN'  gold='UNKNOWN'
M1-U-uni-236  P_abs=0.999  ABSTAINED  got='UNKNOWN'  gold='UNKNOWN'
M1-U-uni-237  P_abs=0.951  ABSTAINED  got='UNKNOWN'  gold='UNKNOWN'
M1-U-uni-238  P_abs=0.957  ABSTAINED  got='UNKNOWN'  gold='UNKNOWN'
M1-U-uni-239  P_abs=0.993  ABSTAINED  got='UNKNOWN'  gold='UNKNOWN'
