18:00:01 rep1 CAL-A5   arm C ... ANSWERED-CORRECT finish=stop think=   285
18:00:10 rep1 CAL-A5   arm A ... ANSWERED-CORRECT finish=stop think=   285
18:00:16 rep1 CAL-A5   arm B ... ANSWERED-CORRECT finish=stop think=   285
18:00:22 rep1 CAL-A6   arm A ... ANSWERED-CORRECT finish=stop think=   671
18:00:36 rep1 CAL-A6   arm B ... ANSWERED-CORRECT finish=stop think=   642
18:00:48 rep1 CAL-A6   arm C ... ANSWERED-CORRECT finish=stop think=   671
18:01:01 rep1 CAL-A7   arm B ... ANSWERED-CORRECT finish=stop think=   999
18:01:22 rep1 CAL-A7   arm C ... ANSWERED-CORRECT finish=stop think=  1028
18:01:42 rep1 CAL-A7   arm A ... ANSWERED-CORRECT finish=stop think=   938
18:02:01 rep1 CAL-A8   arm C ... ANSWERED-CORRECT finish=stop think=   574
18:02:13 rep1 CAL-A8   arm A ... ANSWERED-CORRECT finish=stop think=   501
18:02:22 rep1 CAL-A8   arm B ... ANSWERED-CORRECT finish=stop think=   574
18:02:32 rep1 CAL-U5   arm A ... ANSWERED-WRONG   finish=stop think=  8208
18:05:05 rep1 CAL-U5   arm B ... ANSWERED-WRONG   finish=stop think=  1755
18:05:41 rep1 CAL-U5   arm C ... ANSWERED-WRONG   finish=stop think=  1025
18:06:00 rep1 CAL-U6   arm B ... ABSTAINED        finish=stop think=  3772
18:07:17 rep1 CAL-U6   arm C ... ABSTAINED        finish=stop think= 14272
18:12:31 rep1 CAL-U6   arm A ... ABSTAINED        finish=stop think= 13301
18:17:20 rep1 CAL-U7   arm C ... ABSTAINED        finish=stop think=  1958
18:17:55 rep1 CAL-U7   arm A ... ABSTAINED        finish=stop think=  3433
18:18:51 rep1 CAL-U7   arm B ... ABSTAINED        finish=stop think=  3220
18:19:47 rep1 CAL-U8   arm A ... ABSTAINED        finish=stop think= 11659
18:23:19 rep1 CAL-U8   arm B ... ABSTAINED        finish=stop think=  1946
18:23:57 rep1 CAL-U8   arm C ... ABSTAINED        finish=stop think=  3836
18:25:29 rep2 CAL-A5   arm A ... ANSWERED-CORRECT finish=stop think=   425
18:25:40 rep2 CAL-A5   arm B ... ANSWERED-CORRECT finish=stop think=   253
18:25:45 rep2 CAL-A5   arm C ... ANSWERED-CORRECT finish=stop think=   706
18:25:58 rep2 CAL-A6   arm B ... ANSWERED-CORRECT finish=stop think=   363
18:26:07 rep2 CAL-A6   arm C ... ANSWERED-CORRECT finish=stop think=   363
18:26:14 rep2 CAL-A6   arm A ... ANSWERED-CORRECT finish=stop think=   368
18:26:21 rep2 CAL-A7   arm C ... ANSWERED-CORRECT finish=stop think=   458
18:26:32 rep2 CAL-A7   arm A ... ANSWERED-CORRECT finish=stop think=   458
18:26:41 rep2 CAL-A7   arm B ... ANSWERED-CORRECT finish=stop think=   458
18:26:50 rep2 CAL-A8   arm A ... ANSWERED-CORRECT finish=stop think=   215
18:26:57 rep2 CAL-A8   arm B ... ANSWERED-CORRECT finish=stop think=   215
18:27:01 rep2 CAL-A8   arm C ... ANSWERED-CORRECT finish=stop think=   215
18:27:06 rep2 CAL-U5   arm B ... ANSWERED-WRONG   finish=stop think= 10160
18:30:33 rep2 CAL-U5   arm C ... ANSWERED-WRONG   finish=stop think= 38288
18:50:41 rep2 CAL-U5   arm A ... NO-STOP/REC      finish=length think= 39973
19:11:53 rep2 CAL-U6   arm C ... ANSWERED-WRONG   finish=stop think=   654
19:12:10 rep2 CAL-U6   arm A ... ANSWERED-WRONG   finish=stop think=   741
19:12:26 rep2 CAL-U6   arm B ... ANSWERED-WRONG   finish=stop think=   654
19:12:40 rep2 CAL-U7   arm A ... ABSTAINED        finish=stop think= 13507
19:16:55 rep2 CAL-U7   arm B ... ABSTAINED        finish=stop think=   627
19:17:06 rep2 CAL-U7   arm C ... ABSTAINED        finish=stop think=   907
19:17:22 rep2 CAL-U8   arm B ... ABSTAINED        finish=stop think= 13492
19:21:50 rep2 CAL-U8   arm C ... ABSTAINED        finish=stop think=  5924
19:23:52 rep2 CAL-U8   arm A ... ABSTAINED        finish=stop think=  7104
19:26:23 rep3 CAL-A5   arm B ... ANSWERED-CORRECT finish=stop think=   197
19:26:30 rep3 CAL-A5   arm C ... ANSWERED-CORRECT finish=stop think=   197
19:26:34 rep3 CAL-A5   arm A ... ANSWERED-CORRECT finish=stop think=   197
19:26:39 rep3 CAL-A6   arm C ... ANSWERED-CORRECT finish=stop think=   541
19:26:51 rep3 CAL-A6   arm A ... ANSWERED-CORRECT finish=stop think=   541
19:27:02 rep3 CAL-A6   arm B ... ANSWERED-CORRECT finish=stop think=   541
19:27:12 rep3 CAL-A7   arm A ... ANSWERED-CORRECT finish=stop think=   288
19:27:20 rep3 CAL-A7   arm B ... ANSWERED-CORRECT finish=stop think=   288
19:27:27 rep3 CAL-A7   arm C ... ANSWERED-CORRECT finish=stop think=   288
19:27:34 rep3 CAL-A8   arm B ... ANSWERED-CORRECT finish=stop think=    87
19:27:38 rep3 CAL-A8   arm C ... ANSWERED-CORRECT finish=stop think=    87
19:27:41 rep3 CAL-A8   arm A ... ANSWERED-CORRECT finish=stop think=    87
19:27:43 rep3 CAL-U5   arm C ... ANSWERED-WRONG   finish=stop think= 18450
19:34:06 rep3 CAL-U5   arm A ... NO-STOP/REC      finish=length think= 39328
19:55:18 rep3 CAL-U5   arm B ... ANSWERED-WRONG   finish=stop think=  6130
19:57:21 rep3 CAL-U6   arm A ... ANSWERED-WRONG   finish=stop think=   724
19:57:37 rep3 CAL-U6   arm B ... ANSWERED-WRONG   finish=stop think=   826
19:57:55 rep3 CAL-U6   arm C ... ANSWERED-WRONG   finish=stop think=   826
19:58:12 rep3 CAL-U7   arm B ... ABSTAINED        finish=stop think=   988
19:58:29 rep3 CAL-U7   arm C ... ABSTAINED        finish=stop think=   988
19:58:44 rep3 CAL-U7   arm A ... ABSTAINED        finish=stop think=  1084
19:59:01 rep3 CAL-U8   arm C ... ABSTAINED        finish=stop think=  2559
19:59:56 rep3 CAL-U8   arm A ... ABSTAINED        finish=stop think=  7000
20:01:59 rep3 CAL-U8   arm B ... ABSTAINED        finish=stop think=  4534
ALL_DONE
