2026-09-12 00:11:56 waiting for the three-way to finish (polling every 3 min)
2026-09-12 00:39:00 three-way COMPLETE (4/4 result files)
2026-09-12 00:39:01 starting Q6_K server on GPUs 0,1 (tensor split, f16 KV, ALLREDUCE=internal)
2026-09-12 00:40:02 server answered a real completion after ~65s
2026-09-12 00:40:02 running the three arms (resumable; this is the long part)
00:40:02 rep1 CAL-A1   arm C ... ANSWERED-CORRECT got=Regina                       think=   481
00:40:12 rep1 CAL-A1   arm A ... ANSWERED-CORRECT got=Regina                       think=   481
00:40:22 rep1 CAL-A1   arm B ... ANSWERED-CORRECT got=Regina                       think=   481
00:40:32 rep1 CAL-A2   arm A ... ANSWERED-CORRECT got=weber                        think=   533
00:40:44 rep1 CAL-A2   arm B ... ANSWERED-CORRECT got=weber                        think=   533
00:40:56 rep1 CAL-A2   arm C ... ANSWERED-CORRECT got=weber                        think=   533
00:41:07 rep1 CAL-A3   arm B ... ANSWERED-CORRECT got=74                           think=   324
00:41:15 rep1 CAL-A3   arm C ... ANSWERED-CORRECT got=74                           think=   324
00:41:24 rep1 CAL-A3   arm A ... ANSWERED-CORRECT got=74                           think=   324
00:41:32 rep1 CAL-A4   arm C ... ANSWERED-CORRECT got=123                          think=   656
00:41:47 rep1 CAL-A4   arm A ... ANSWERED-CORRECT got=123                          think=   656
00:42:01 rep1 CAL-A4   arm B ... ANSWERED-CORRECT got=123                          think=   656
00:42:16 rep1 CAL-A5   arm A ... ANSWERED-CORRECT got=1494                         think=   505
00:42:28 rep1 CAL-A5   arm B ... ANSWERED-CORRECT got=1494                         think=   505
00:42:40 rep1 CAL-A5   arm C ... ANSWERED-CORRECT got=1494                         think=   505
00:42:52 rep1 CAL-A6   arm B ... ANSWERED-CORRECT got=Williams                     think=   756
00:43:08 rep1 CAL-A6   arm C ... ANSWERED-CORRECT got=Williams                     think=   756
00:43:24 rep1 CAL-A6   arm A ... ANSWERED-CORRECT got=Williams                     think=   756
00:43:39 rep1 CAL-A7   arm C ... ANSWERED-CORRECT got=26                           think=   742
00:43:55 rep1 CAL-A7   arm A ... ANSWERED-CORRECT got=26                           think=   742
00:44:11 rep1 CAL-A7   arm B ... ANSWERED-CORRECT got=26                           think=   742
00:44:27 rep1 CAL-A8   arm A ... ANSWERED-CORRECT got=Sb                           think=   203
00:44:33 rep1 CAL-A8   arm B ... ANSWERED-CORRECT got=Sb                           think=   203
00:44:39 rep1 CAL-A8   arm C ... ANSWERED-CORRECT got=Sb                           think=   203
00:44:45 rep1 CAL-U1   arm B ... ABSTAINED      got=UNKNOWN                      think=  1027
00:45:03 rep1 CAL-U1   arm C ... ABSTAINED      got=UNKNOWN                      think=  1027
00:45:22 rep1 CAL-U1   arm A ... ABSTAINED      got=UNKNOWN                      think=  1027
00:45:41 rep1 CAL-U2   arm C ... ABSTAINED      got=UNKNOWN                      think=  1342
00:46:08 rep1 CAL-U2   arm A ... NO-STOP/REC    got=                             think= 46952
01:09:30 rep1 CAL-U2   arm B ... ABSTAINED      got=UNKNOWN                      think=   893
01:09:50 rep1 CAL-U3   arm A ... ANSWERED-WRONG got=1906                         think=   761
01:10:07 rep1 CAL-U3   arm B ... ANSWERED-WRONG got=1906                         think=   761
01:10:23 rep1 CAL-U3   arm C ... ANSWERED-WRONG got=1906                         think=   761
01:10:39 rep1 CAL-U4   arm B ... ABSTAINED      got=UNKNOWN                      think=  1027
01:10:59 rep1 CAL-U4   arm C ... ABSTAINED      got=UNKNOWN                      think=  1476
01:11:26 rep1 CAL-U4   arm A ... ABSTAINED      got=UNKNOWN                      think=  2660
01:12:16 rep1 CAL-U5   arm C ... ABSTAINED      got=UNKNOWN                      think=  1350
01:12:43 rep1 CAL-U5   arm A ... ABSTAINED      got=UNKNOWN                      think=  4191
01:14:13 rep1 CAL-U5   arm B ... ABSTAINED      got=UNKNOWN                      think=   901
01:14:33 rep1 CAL-U6   arm A ... ABSTAINED      got=UNKNOWN                      think=  3096
01:15:37 rep1 CAL-U6   arm B ... ABSTAINED      got=UNKNOWN                      think=   856
01:15:56 rep1 CAL-U6   arm C ... ABSTAINED      got=UNKNOWN                      think=  1305
01:16:23 rep1 CAL-U7   arm B ... ABSTAINED      got=UNKNOWN                      think=   914
01:16:43 rep1 CAL-U7   arm C ... ABSTAINED      got=UNKNOWN                      think=  1363
01:17:10 rep1 CAL-U7   arm A ... ABSTAINED      got=UNKNOWN                      think=  1552
01:17:41 rep1 CAL-U8   arm C ... ABSTAINED      got=UNKNOWN                      think=  1428
01:18:08 rep1 CAL-U8   arm A ... ABSTAINED      got=UNKNOWN                      think=  2700
01:19:00 rep1 CAL-U8   arm B ... ABSTAINED      got=UNKNOWN                      think=   979
01:19:19 rep2 CAL-A1   arm A ... ANSWERED-CORRECT got=Regina                       think=   750
01:19:34 rep2 CAL-A1   arm B ... ANSWERED-CORRECT got=Regina                       think=   750
01:19:49 rep2 CAL-A1   arm C ... ANSWERED-CORRECT got=Regina                       think=   750
01:20:03 rep2 CAL-A2   arm B ... ANSWERED-CORRECT got=weber                        think=   491
01:20:15 rep2 CAL-A2   arm C ... ANSWERED-CORRECT got=weber                        think=   491
01:20:26 rep2 CAL-A2   arm A ... ANSWERED-CORRECT got=weber                        think=   491
01:20:37 rep2 CAL-A3   arm C ... ANSWERED-CORRECT got=74                           think=   218
01:20:44 rep2 CAL-A3   arm A ... ANSWERED-CORRECT got=74                           think=   218
01:20:51 rep2 CAL-A3   arm B ... ANSWERED-CORRECT got=74                           think=   218
01:20:57 rep2 CAL-A4   arm A ... ANSWERED-CORRECT got=123                          think=   713
01:21:13 rep2 CAL-A4   arm B ... ANSWERED-CORRECT got=123                          think=   713
01:21:29 rep2 CAL-A4   arm C ... ANSWERED-CORRECT got=123                          think=   713
01:21:45 rep2 CAL-A5   arm B ... ANSWERED-CORRECT got=1494                         think=   369
01:21:55 rep2 CAL-A5   arm C ... ANSWERED-CORRECT got=1494                         think=   369
01:22:05 rep2 CAL-A5   arm A ... ANSWERED-CORRECT got=1494                         think=   369
01:22:14 rep2 CAL-A6   arm C ... ANSWERED-CORRECT got=Williams                     think=   447
01:22:25 rep2 CAL-A6   arm A ... ANSWERED-CORRECT got=Williams                     think=   447
01:22:35 rep2 CAL-A6   arm B ... ANSWERED-CORRECT got=Williams                     think=   447
01:22:46 rep2 CAL-A7   arm A ... ANSWERED-CORRECT got=26                           think=   449
01:22:58 rep2 CAL-A7   arm B ... ANSWERED-CORRECT got=26                           think=   449
01:23:10 rep2 CAL-A7   arm C ... ANSWERED-CORRECT got=26                           think=   449
01:23:21 rep2 CAL-A8   arm B ... ANSWERED-CORRECT got=Sb                           think=   273
01:23:28 rep2 CAL-A8   arm C ... ANSWERED-CORRECT got=Sb                           think=   273
01:23:35 rep2 CAL-A8   arm A ... ANSWERED-CORRECT got=Sb                           think=   273
01:23:42 rep2 CAL-U1   arm C ... ABSTAINED      got=UNKNOWN                      think=  1015
01:24:01 rep2 CAL-U1   arm A ... ABSTAINED      got=UNKNOWN                      think=  1015
01:24:19 rep2 CAL-U1   arm B ... ABSTAINED      got=UNKNOWN                      think=  1015
01:24:38 rep2 CAL-U2   arm A ... ABSTAINED      got=UNKNOWN                      think= 15779
01:29:37 rep2 CAL-U2   arm B ... ABSTAINED      got=UNKNOWN                      think=   945
01:29:56 rep2 CAL-U2   arm C ... ABSTAINED      got=UNKNOWN                      think=  1394
01:30:23 rep2 CAL-U3   arm B ... ANSWERED-WRONG got=1906                         think=   499
01:30:35 rep2 CAL-U3   arm C ... ANSWERED-WRONG got=1906                         think=   499
01:30:46 rep2 CAL-U3   arm A ... ANSWERED-WRONG got=1906                         think=   499
01:30:58 rep2 CAL-U4   arm C ... ABSTAINED      got=UNKNOWN                      think=  1508
01:31:25 rep2 CAL-U4   arm A ... ABSTAINED      got=UNKNOWN                      think=  6846
01:33:42 rep2 CAL-U4   arm B ... ABSTAINED      got=UNKNOWN                      think=  1059
01:34:01 rep2 CAL-U5   arm A ... ABSTAINED      got=UNKNOWN                      think=  2842
01:35:00 rep2 CAL-U5   arm B ... ABSTAINED      got=UNKNOWN                      think=   920
01:35:19 rep2 CAL-U5   arm C ... ABSTAINED      got=UNKNOWN                      think=  1369
01:35:50 rep2 CAL-U6   arm B ... ABSTAINED      got=UNKNOWN                      think=   863
01:36:09 rep2 CAL-U6   arm C ... ABSTAINED      got=UNKNOWN                      think=  1312
01:36:38 rep2 CAL-U6   arm A ... ABSTAINED      got=UNKNOWN                      think=  6596
01:39:06 rep2 CAL-U7   arm C ... ABSTAINED      got=UNKNOWN                      think=  1425
01:39:33 rep2 CAL-U7   arm A ... ABSTAINED      got=UNKNOWN                      think=  1237
01:39:57 rep2 CAL-U7   arm B ... ABSTAINED      got=UNKNOWN                      think=   976
01:40:16 rep2 CAL-U8   arm A ... ABSTAINED      got=UNKNOWN                      think=  1072
01:40:36 rep2 CAL-U8   arm B ... ABSTAINED      got=UNKNOWN                      think=  1044
01:40:56 rep2 CAL-U8   arm C ... ABSTAINED      got=UNKNOWN                      think=  1493
01:41:23 rep3 CAL-A1   arm B ... ANSWERED-CORRECT got=Regina                       think=   728
01:41:37 rep3 CAL-A1   arm C ... ANSWERED-CORRECT got=Regina                       think=   728
01:41:51 rep3 CAL-A1   arm A ... ANSWERED-CORRECT got=Regina                       think=   728
01:42:05 rep3 CAL-A2   arm C ... ANSWERED-CORRECT got=weber                        think=   329
01:42:13 rep3 CAL-A2   arm A ... ANSWERED-CORRECT got=weber                        think=   329
01:42:21 rep3 CAL-A2   arm B ... ANSWERED-CORRECT got=weber                        think=   329
01:42:29 rep3 CAL-A3   arm A ... ANSWERED-CORRECT got=74                           think=   308
01:42:37 rep3 CAL-A3   arm B ... ANSWERED-CORRECT got=74                           think=   308
01:42:45 rep3 CAL-A3   arm C ... ANSWERED-CORRECT got=74                           think=   308
01:42:53 rep3 CAL-A4   arm B ... ANSWERED-CORRECT got=UDP port 123                 think=   757
01:43:10 rep3 CAL-A4   arm C ... ANSWERED-CORRECT got=UDP port 123                 think=   757
01:43:27 rep3 CAL-A4   arm A ... ANSWERED-CORRECT got=UDP port 123                 think=   757
01:43:43 rep3 CAL-A5   arm C ... ANSWERED-CORRECT got=1494                         think=   536
01:43:56 rep3 CAL-A5   arm A ... ANSWERED-CORRECT got=1494                         think=   536
01:44:08 rep3 CAL-A5   arm B ... ANSWERED-CORRECT got=1494                         think=   536
01:44:20 rep3 CAL-A6   arm A ... ANSWERED-CORRECT got=Williams                     think=   590
01:44:33 rep3 CAL-A6   arm B ... ANSWERED-CORRECT got=Williams                     think=   590
01:44:46 rep3 CAL-A6   arm C ... ANSWERED-CORRECT got=Williams                     think=   590
01:44:59 rep3 CAL-A7   arm B ... ANSWERED-CORRECT got=26                           think=   790
01:45:16 rep3 CAL-A7   arm C ... ANSWERED-CORRECT got=26                           think=   790
01:45:33 rep3 CAL-A7   arm A ... ANSWERED-CORRECT got=26                           think=   790
01:45:50 rep3 CAL-A8   arm C ... ANSWERED-CORRECT got=Sb                           think=   300
01:45:58 rep3 CAL-A8   arm A ... ANSWERED-CORRECT got=Sb                           think=   300
01:46:05 rep3 CAL-A8   arm B ... ANSWERED-CORRECT got=Sb                           think=   300
01:46:13 rep3 CAL-U1   arm A ... ABSTAINED      got=UNKNOWN                      think=   525
01:46:23 rep3 CAL-U1   arm B ... ABSTAINED      got=UNKNOWN                      think=   525
01:46:34 rep3 CAL-U1   arm C ... ABSTAINED      got=UNKNOWN                      think=   525
01:46:44 rep3 CAL-U2   arm B ... ABSTAINED      got=UNKNOWN                      think=   964
01:47:04 rep3 CAL-U2   arm C ... ABSTAINED      got=UNKNOWN                      think=  1413
01:47:31 rep3 CAL-U2   arm A ... ABSTAINED      got=UNKNOWN                      think= 19462
01:53:40 rep3 CAL-U3   arm C ... ANSWERED-WRONG got=1906                         think=   490
01:53:51 rep3 CAL-U3   arm A ... ANSWERED-WRONG got=1906                         think=   490
01:54:02 rep3 CAL-U3   arm B ... ANSWERED-WRONG got=1906                         think=   490
01:54:13 rep3 CAL-U4   arm A ... NO-STOP/REC    got=                             think= 39064
02:17:36 rep3 CAL-U4   arm B ... ABSTAINED      got=UNKNOWN                      think=  1035
02:17:55 rep3 CAL-U4   arm C ... ABSTAINED      got=UNKNOWN                      think=  1484
02:18:22 rep3 CAL-U5   arm B ... ABSTAINED      got=UNKNOWN                      think=   930
02:18:42 rep3 CAL-U5   arm C ... ABSTAINED      got=UNKNOWN                      think=  1379
02:19:09 rep3 CAL-U5   arm A ... ABSTAINED      got=UNKNOWN                      think=  2318
02:19:54 rep3 CAL-U6   arm C ... ABSTAINED      got=UNKNOWN                      think=  1303
02:20:21 rep3 CAL-U6   arm A ... ABSTAINED      got=UNKNOWN                      think=  4250
02:21:58 rep3 CAL-U6   arm B ... ABSTAINED      got=UNKNOWN                      think=   854
02:22:17 rep3 CAL-U7   arm A ... ABSTAINED      got=UNKNOWN                      think=  1392
02:22:44 rep3 CAL-U7   arm B ... ABSTAINED      got=UNKNOWN                      think=   956
02:23:03 rep3 CAL-U7   arm C ... ABSTAINED      got=UNKNOWN                      think=  1405
02:23:30 rep3 CAL-U8   arm B ... ABSTAINED      got=UNKNOWN                      think=   960
02:23:50 rep3 CAL-U8   arm C ... ABSTAINED      got=UNKNOWN                      think=  1409
02:24:17 rep3 CAL-U8   arm A ... ABSTAINED      got=UNKNOWN                      think= 14951
ALL_DONE
2026-09-12 02:29:45 arms finished rc=0 — rows: 144/144
2026-09-12 02:29:45 stopping the Q6_K server
2026-09-12 02:29:46 CHAIN_DONE
