
######## medium
  H1 s4001  PASS  'No, switching does not help; the probability of winning if you s'  (4,746 ch)
  H1 s4002  PASS  '1/2'  (4,595 ch)
  H2 s4001  PASS  '1'  (826 ch)
  H2 s4002  PASS  '1'  (1,230 ch)
  H3 s4001  PASS  '11'  (661 ch)
  H3 s4002  PASS  '11'  (625 ch)
  H4 s4001  FAIL  "The surgeon is the boy's mother."  (1,728 ch)
  H4 s4002  FAIL  "The surgeon is the boy's mother."  (2,416 ch)
  H5 s4001  PASS  '4181'  (471 ch)
  H5 s4002  PASS  '4181'  (326 ch)

######## xhigh
  H1 s4001  PASS  'Indifferent; switching to door 2 wins with probability 1/2." Use'  (23,162 ch)
  H1 s4002  PASS  'Indifferent; probability of winning if you switch is 1/2." That '  (13,357 ch)
  H2 s4001  FAIL  '<your answer>. It may mean final line must be that, can include '  (1,358 ch)
  H2 s4002  PASS  '1.'  (1,566 ch)
  H3 s4001  FAIL  '<answer>. Contradiction. We should output just that line. Ensure'  (1,032 ch)
  H3 s4002  PASS  '11. Ensure no extra.'  (933 ch)
  H4 s4001  FAIL  "The surgeon is the boy's mother."  (12,670 ch)
  H4 s4002  FAIL  "The surgeon is the boy's mother."  (1,878 ch)
  H5 s4001  PASS  '<your answer>" We need likely include only exact answer line? Th'  (645 ch)
  H5 s4002  PASS  '<your answer>. This conflicts? We should probably output only fi'  (584 ch)
