
######## medium
  N1 s5001  PASS  '231'  (3,220 ch)
  N1 s5002  PASS  '231'  (1,588 ch)
  N2 s5001  PASS  '6'  (1,187 ch)
  N2 s5002  PASS  '6'  (1,142 ch)
  N3 s5001  PASS  '93'  (2,327 ch)
  N3 s5002  PASS  '93'  (1,834 ch)
  N4 s5001  PASS  '5'  (3,791 ch)
  N4 s5002  PASS  '5'  (2,675 ch)
  N5 s5001  PASS  '467'  (1,116 ch)
  N5 s5002  PASS  '467'  (740 ch)
  N6 s5001  PASS  "The surgeon is the boy's father."  (2,079 ch)
  N6 s5002  PASS  "The surgeon is the boy's father."  (1,742 ch)

######## xhigh
  N1 s5001  PASS  '231'  (1,472 ch)
  N1 s5002  PASS  '231'  (1,640 ch)
  N2 s5001  PASS  '6'  (737 ch)
  N2 s5002  PASS  '6'  (550 ch)
  N3 s5001  PASS  '93'  (1,207 ch)
  N3 s5002  PASS  '93'  (1,443 ch)
  N4 s5001  PASS  '5'  (2,579 ch)
  N4 s5002  PASS  '5'  (3,275 ch)
  N5 s5001  PASS  '467'  (603 ch)
  N5 s5002  PASS  '467'  (710 ch)
  N6 s5001  PASS  'His father.'  (2,745 ch)
  N6 s5002  PASS  'His father'  (6,304 ch)
