######## MK1 2026-10-08T12:51:39-04:00
started MK1 pid 3070800
{"label": "MK1", "t": 1791478632.1370413, "kind": "warmup", "tokens_predicted": 16}
{"label": "MK1", "t": 1791478632.2028573, "kind": "v1_tokenizer", "n": 920, "match": true}
{"label": "MK1", "t": 1791479383.6886246, "kind": "completion", "name": "micro_r0", "n_prompt": 2048, "wall_s": 751.47, "error": "RemoteDisconnected('Remote end closed connection without response')", "timings": null, "tokens_predicted": null, "collapse": {"maxrun": 0, "uniq": 0, "len": 0}}
{"label": "MK1", "t": 1791479383.6972203, "kind": "completion", "name": "micro_r1", "n_prompt": 2048, "wall_s": 0.0, "error": "URLError(ConnectionRefusedError(111, 'Connection refused'))", "timings": null, "tokens_predicted": null, "collapse": {"maxrun": 0, "uniq": 0, "len": 0}}
{"label": "MK1", "t": 1791479383.6996062, "kind": "completion", "name": "micro_r2", "n_prompt": 2048, "wall_s": 0.0, "error": "URLError(ConnectionRefusedError(111, 'Connection refused'))", "timings": null, "tokens_predicted": null, "collapse": {"maxrun": 0, "uniq": 0, "len": 0}}
Traceback (most recent call last):
  File "/usr/lib/python3.14/urllib/request.py", line 1320, in do_open
    h.request(req.get_method(), req.selector, req.data, headers,
    ~~~~~~~~~^^^^^^^^^^^^^^^^^^^^^^^^^^^^^^^^^^^^^^^^^^^^^^^^^^^
              encode_chunked=req.has_header('Transfer-encoding'))
              ^^^^^^^^^^^^^^^^^^^^^^^^^^^^^^^^^^^^^^^^^^^^^^^^^^^
  File "/usr/lib/python3.14/http/client.py", line 1386, in request
    self._send_request(method, url, body, headers, encode_chunked)
    ~~~~~~~~~~~~~~~~~~^^^^^^^^^^^^^^^^^^^^^^^^^^^^^^^^^^^^^^^^^^^^
  File "/usr/lib/python3.14/http/client.py", line 1432, in _send_request
    self.endheaders(body, encode_chunked=encode_chunked)
    ~~~~~~~~~~~~~~~^^^^^^^^^^^^^^^^^^^^^^^^^^^^^^^^^^^^^
  File "/usr/lib/python3.14/http/client.py", line 1381, in endheaders
    self._send_output(message_body, encode_chunked=encode_chunked)
    ~~~~~~~~~~~~~~~~~^^^^^^^^^^^^^^^^^^^^^^^^^^^^^^^^^^^^^^^^^^^^^
  File "/usr/lib/python3.14/http/client.py", line 1141, in _send_output
    self.send(msg)
    ~~~~~~~~~^^^^^
  File "/usr/lib/python3.14/http/client.py", line 1085, in send
    self.connect()
    ~~~~~~~~~~~~^^
  File "/usr/lib/python3.14/http/client.py", line 1051, in connect
    self.sock = self._create_connection(
                ~~~~~~~~~~~~~~~~~~~~~~~^
        (self.host,self.port), self.timeout, self.source_address)
        ^^^^^^^^^^^^^^^^^^^^^^^^^^^^^^^^^^^^^^^^^^^^^^^^^^^^^^^^^
  File "/usr/lib/python3.14/socket.py", line 874, in create_connection
    raise exceptions[0]
  File "/usr/lib/python3.14/socket.py", line 859, in create_connection
    sock.connect(sa)
    ~~~~~~~~~~~~^^^^
ConnectionRefusedError: [Errno 111] Connection refused

During handling of the above exception, another exception occurred:

Traceback (most recent call last):
  File "/mnt/TG_2TB/Projects/Apollo/data/receipts/kmic-p100-73/kbench.py", line 110, in <module>
    write({"kind": "end", "health": req("/health", timeout=10)})
                                    ~~~^^^^^^^^^^^^^^^^^^^^^^^
  File "/mnt/TG_2TB/Projects/Apollo/data/receipts/kmic-p100-73/kbench.py", line 23, in req
    with urllib.request.urlopen(r, timeout=timeout) as f:
         ~~~~~~~~~~~~~~~~~~~~~~^^^^^^^^^^^^^^^^^^^^
  File "/usr/lib/python3.14/urllib/request.py", line 187, in urlopen
    return opener.open(url, data, timeout)
           ~~~~~~~~~~~^^^^^^^^^^^^^^^^^^^^
  File "/usr/lib/python3.14/urllib/request.py", line 487, in open
    response = self._open(req, data)
  File "/usr/lib/python3.14/urllib/request.py", line 504, in _open
    result = self._call_chain(self.handle_open, protocol, protocol +
                              '_open', req)
  File "/usr/lib/python3.14/urllib/request.py", line 464, in _call_chain
    result = func(*args)
  File "/usr/lib/python3.14/urllib/request.py", line 1349, in http_open
    return self.do_open(http.client.HTTPConnection, req)
           ~~~~~~~~~~~~^^^^^^^^^^^^^^^^^^^^^^^^^^^^^^^^^
  File "/usr/lib/python3.14/urllib/request.py", line 1323, in do_open
    raise URLError(err)
urllib.error.URLError: <urlopen error [Errno 111] Connection refused>
