M1-E-cap-000  P_abs=0.000  CORRECT    got='São Luís'  gold='São Luís'
M1-E-cap-001  P_abs=0.005  CORRECT    got='Melbourne'  gold='Melbourne'
M1-E-cap-002  P_abs=0.204  WRONG      got='Gyeongju'  gold='Andong'
M1-E-cap-003  P_abs=0.000  WRONG      got='Barnaul'  gold='Gorno-Altaysk'
M1-E-cap-004  P_abs=0.002  CORRECT    got='Hilla'  gold='Hillah'
M1-E-cap-005  P_abs=0.000  WRONG      got='San Felipe'  gold='San Juan de Los Morros'
M1-E-cap-006  P_abs=0.013  WRONG      got='Libreville'  gold='Makokou'
M1-E-cap-007  P_abs=0.000  WRONG      got='Esztergom'  gold='Tatabánya'
M1-E-cap-008  P_abs=0.000  WRONG      got='Chifuti'  gold='Chimoio'
M1-E-cap-009  P_abs=0.000  CORRECT    got='Cuenca'  gold='Cuenca'
M1-E-nov-010  P_abs=0.000  CORRECT    got='1830'  gold='1830'
M1-E-nov-011  P_abs=0.001  CORRECT    got='1850'  gold='1850'
M1-E-nov-012  P_abs=0.000  CORRECT    got='1811'  gold='1811'
M1-E-nov-013  P_abs=0.000  CORRECT    got='1850'  gold='1850'
M1-E-nov-014  P_abs=0.001  CORRECT    got='1862'  gold='1862'
M1-E-nov-015  P_abs=0.001  WRONG      got='1898'  gold='1899'
M1-E-nov-016  P_abs=0.001  CORRECT    got='1995'  gold='1995'
M1-E-nov-017  P_abs=0.000  CORRECT    got='1961'  gold='1961'
M1-E-nov-018  P_abs=0.002  TRUNCATED  got='None'  gold='1932'
M1-E-nov-019  P_abs=0.000  CORRECT    got='1926'  gold='1926'
M1-E-ope-020  P_abs=0.000  WRONG      got='Ruggero Leoncavallo'  gold='Pietro Mascagni'
M1-E-ope-021  P_abs=0.000  CORRECT    got='Richard Wagner'  gold='Richard Wagner'
M1-E-ope-022  P_abs=0.000  CORRECT    got='Wolfgang Amadeus Mozart'  gold='Wolfgang Amadeus Mozart'
M1-E-ope-023  P_abs=0.000  CORRECT    got='Richard Wagner'  gold='Richard Wagner'
M1-E-ope-024  P_abs=0.000  CORRECT    got='Georges Bizet'  gold='Georges Bizet'
M1-E-ope-025  P_abs=0.000  CORRECT    got='Giuseppe Verdi'  gold='Giuseppe Verdi'
M1-E-ope-026  P_abs=0.000  CORRECT    got='Giuseppe Verdi'  gold='Giuseppe Verdi'
M1-E-ope-027  P_abs=0.000  CORRECT    got='Giacomo Puccini'  gold='Giacomo Puccini'
M1-E-ope-028  P_abs=0.015  CORRECT    got='Pyotr Ilyich Tchaikovsky'  gold='Pyotr Ilyich Tchaikovsky'
M1-E-ope-029  P_abs=0.000  CORRECT    got='Ruggero Leoncavallo'  gold='Ruggero Leoncavallo'
M1-E-uni-030  P_abs=0.001  WRONG      got='1865'  gold='1864'
M1-E-uni-031  P_abs=0.000  WRONG      got='1839'  gold='1852'
M1-E-uni-032  P_abs=0.002  CORRECT    got='1934'  gold='1934'
M1-E-uni-033  P_abs=0.004  WRONG      got='1840'  gold='1818'
M1-E-uni-034  P_abs=0.002  WRONG      got='1909'  gold='1996'
M1-E-uni-035  P_abs=0.014  CORRECT    got='1836'  gold='1836'
M1-E-uni-036  P_abs=0.000  WRONG      got='1897'  gold='1896'
M1-E-uni-037  P_abs=0.024  WRONG      got='1951'  gold='1702'
M1-E-uni-038  P_abs=0.011  WRONG      got='1934'  gold='1931'
M1-E-uni-039  P_abs=0.022  WRONG      got='1977'  gold='2006'
M1-H-cap-040  P_abs=0.180  WRONG      got='Kraljevo'  gold='Kragujevac'
M1-H-cap-041  P_abs=0.050  WRONG      got='Charlotte Town'  gold='Georgetown'
M1-H-cap-042  P_abs=0.004  WRONG      got='Madang'  gold='Kimbe'
M1-H-cap-043  P_abs=0.001  WRONG      got='Fès'  gold='Fez'
M1-H-cap-044  P_abs=0.007  CORRECT    got='Mogadishu'  gold='Mogadishu'
M1-H-cap-045  P_abs=0.125  WRONG      got='Aleksinac'  gold='Jagodina'
M1-H-cap-046  P_abs=0.059  WRONG      got='Brikama'  gold='Basse Santa Su'
M1-H-cap-047  P_abs=0.059  WRONG      got='Dalo'  gold='Korhogo'
M1-H-cap-048  P_abs=0.089  WRONG      got='Yambuk'  gold='Yambio'
M1-H-cap-049  P_abs=0.208  CORRECT    got='Heraklion'  gold='Heraklion'
M1-H-cap-050  P_abs=0.132  CORRECT    got='Beledweyne'  gold='Beledweyne'
M1-H-cap-051  P_abs=0.148  WRONG      got='Tarkhan'  gold='Jezkazgan'
M1-H-cap-052  P_abs=0.379  WRONG      got='Tripoli'  gold='Gharyan'
M1-H-cap-053  P_abs=0.213  WRONG      got='Lautém'  gold='Lospalos'
M1-H-cap-054  P_abs=0.084  WRONG      got="N'Djamena"  gold='Laï'
M1-H-cap-055  P_abs=0.310  WRONG      got='Čučer'  gold='Kučevište'
M1-H-cap-056  P_abs=0.098  WRONG      got='Kalamata'  gold='Patras'
M1-H-cap-057  P_abs=0.245  WRONG      got='Adéma'  gold='Fada'
M1-H-cap-058  P_abs=0.126  TRUNCATED  got='None'  gold='Greenville'
M1-H-cap-059  P_abs=0.220  WRONG      got='Paramaribo'  gold='Groningen'
M1-H-cap-060  P_abs=0.334  ABSTAINED  got='UNKNOWN'  gold='Ihosy'
M1-H-cap-061  P_abs=0.052  WRONG      got='San Pedro de Macorís'  gold='Salcedo'
M1-H-cap-062  P_abs=0.014  WRONG      got='Balqa'  gold='Salt'
M1-H-cap-063  P_abs=0.338  ABSTAINED  got='UNKNOWN'  gold='Levuka'
M1-H-cap-064  P_abs=0.017  WRONG      got='Savanne'  gold='Souillac'
M1-H-nov-065  P_abs=0.006  WRONG      got='1950'  gold='1939'
M1-H-nov-066  P_abs=0.003  WRONG      got='2004'  gold='2005'
M1-H-nov-067  P_abs=0.006  WRONG      got='2003'  gold='2001'
M1-H-nov-068  P_abs=0.005  CORRECT    got='1950'  gold='1950'
M1-H-nov-069  P_abs=0.000  CORRECT    got='1908'  gold='1908'
M1-H-nov-070  P_abs=0.474  WRONG      got='1940'  gold='1932'
M1-H-nov-071  P_abs=0.000  CORRECT    got='1908'  gold='1908'
M1-H-nov-072  P_abs=0.000  WRONG      got='1929'  gold='1933'
M1-H-nov-073  P_abs=0.451  WRONG      got='2010'  gold='2015'
M1-H-nov-074  P_abs=0.000  WRONG      got='1989'  gold='1990'
M1-H-nov-075  P_abs=0.032  WRONG      got='1992'  gold='2002'
M1-H-nov-076  P_abs=0.454  WRONG      got='1998'  gold='1994'
M1-H-nov-077  P_abs=0.013  CORRECT    got='1888'  gold='1888'
M1-H-nov-078  P_abs=0.002  WRONG      got='2004'  gold='2010'
M1-H-nov-079  P_abs=0.001  CORRECT    got='1939'  gold='1939'
M1-H-nov-080  P_abs=0.183  WRONG      got='1844'  gold='1838'
M1-H-nov-081  P_abs=0.001  WRONG      got='1974'  gold='1950'
M1-H-nov-082  P_abs=0.020  WRONG      got='1991'  gold='2003'
M1-H-nov-083  P_abs=0.004  WRONG      got='1997'  gold='2000'
M1-H-nov-084  P_abs=0.000  WRONG      got='1853'  gold='1851'
M1-H-nov-085  P_abs=0.388  CORRECT    got='2010'  gold='2010'
M1-H-nov-086  P_abs=0.760  WRONG      got='2009'  gold='2025'
M1-H-nov-087  P_abs=0.004  CORRECT    got='1939'  gold='1939'
M1-H-nov-088  P_abs=0.001  WRONG      got='1978'  gold='1989'
M1-H-nov-089  P_abs=0.000  CORRECT    got='2012'  gold='2012'
M1-H-ope-090  P_abs=0.272  WRONG      got='Uzeyil Hajibeyov'  gold='Uzeyir Hajibeyov'
M1-H-ope-091  P_abs=0.101  WRONG      got='Carl Maria von Weber'  gold='Emmerich Kálmán'
M1-H-ope-092  P_abs=0.000  WRONG      got='Darius Milhaud'  gold='Igor Stravinsky'
M1-H-ope-093  P_abs=0.084  CORRECT    got='Jean-Philippe Rameau'  gold='Jean-Philippe Rameau'
M1-H-ope-094  P_abs=0.886  ABSTAINED  got='UNKNOWN'  gold='Mikhail Matyushin'
M1-H-ope-095  P_abs=0.008  CORRECT    got='Richard Wagner'  gold='Richard Wagner'
M1-H-ope-096  P_abs=0.383  WRONG      got='Mikhail Glinka'  gold='Alexander Dargomyzhsky'
M1-H-ope-097  P_abs=0.163  WRONG      got='Giacomo Meyerbeer'  gold='Gaetano Donizetti'
M1-H-ope-098  P_abs=0.198  WRONG      got='Gaetano Donizetti'  gold='Giuseppe Verdi'
M1-H-ope-099  P_abs=0.000  CORRECT    got='Claudio Monteverdi'  gold='Claudio Monteverdi'
M1-H-ope-100  P_abs=0.056  WRONG      got='Jean-Christophe Lefèvre'  gold='Charles Gounod'
M1-H-ope-101  P_abs=0.000  WRONG      got='Gioachino Rossini'  gold='Giuseppe Verdi'
M1-H-ope-102  P_abs=0.485  ABSTAINED  got='UNKNOWN'  gold='Igor Stravinsky'
M1-H-ope-103  P_abs=0.099  WRONG      got='Nicola Puccini'  gold='Antonio Vivaldi'
M1-H-ope-104  P_abs=0.017  CORRECT    got='Sir Arthur Sullivan'  gold='Arthur Sullivan'
M1-H-ope-105  P_abs=0.168  WRONG      got='Jean-Philippe Rameau'  gold='Jean-Baptiste Lully'
M1-H-ope-106  P_abs=0.364  WRONG      got='Antonio Caldara'  gold='Antonio Vivaldi'
M1-H-ope-107  P_abs=0.000  CORRECT    got='Richard Strauss'  gold='Richard Strauss'
M1-H-ope-108  P_abs=0.157  WRONG      got='Antonio Caldara'  gold='Gaetano Donizetti'
M1-H-ope-109  P_abs=0.000  CORRECT    got='Jean-Philippe Rameau'  gold='Jean-Philippe Rameau'
M1-H-ope-110  P_abs=0.364  WRONG      got='Wolfgang Amadeus Mozart'  gold='Richard Strauss'
M1-H-ope-111  P_abs=0.002  CORRECT    got='John Adams'  gold='John Adams'
M1-H-ope-112  P_abs=0.000  WRONG      got='Benjamin Britten'  gold='Maurice Ravel'
M1-H-ope-113  P_abs=0.879  WRONG      got='Vladimir Stojković'  gold='Jakov Gotovac'
M1-H-ope-114  P_abs=0.035  WRONG      got='Vinko Šutej'  gold='Ivan Zajc'
M1-H-uni-115  P_abs=0.056  WRONG      got='1924'  gold='2005'
M1-H-uni-116  P_abs=0.001  WRONG      got='1997'  gold='2002'
M1-H-uni-117  P_abs=0.185  WRONG      got='1997'  gold='2003'
M1-H-uni-118  P_abs=0.032  WRONG      got='1945'  gold='2013'
M1-H-uni-119  P_abs=0.018  WRONG      got='1977'  gold='1396'
M1-H-uni-120  P_abs=0.001  WRONG      got='1864'  gold='1850'
M1-H-uni-121  P_abs=0.001  WRONG      got='1898'  gold='1895'
M1-H-uni-122  P_abs=0.007  WRONG      got='1966'  gold='1950'
M1-H-uni-123  P_abs=0.326  ABSTAINED  got='UNKNOWN'  gold='1965'
M1-H-uni-124  P_abs=0.003  WRONG      got='2007'  gold='1995'
M1-H-uni-125  P_abs=0.019  WRONG      got='1977'  gold='1974'
M1-H-uni-126  P_abs=0.253  WRONG      got='1948'  gold='1963'
M1-H-uni-127  P_abs=0.008  WRONG      got='1078'  gold='1806'
M1-H-uni-128  P_abs=0.014  WRONG      got='1998'  gold='2000'
M1-H-uni-129  P_abs=0.002  WRONG      got='1957'  gold='1902'
M1-H-uni-130  P_abs=0.098  WRONG      got='1992'  gold='1962'
M1-H-uni-131  P_abs=0.193  WRONG      got='1984'  gold='1991'
M1-H-uni-132  P_abs=0.002  WRONG      got='1905'  gold='1943'
M1-H-uni-133  P_abs=0.002  WRONG      got='1805'  gold='1885'
M1-H-uni-134  P_abs=0.084  WRONG      got='2004'  gold='2012'
M1-H-uni-135  P_abs=0.155  WRONG      got='1995'  gold='1974'
M1-H-uni-136  P_abs=0.007  WRONG      got='1992'  gold='2005'
M1-H-uni-137  P_abs=0.026  WRONG      got='1981'  gold='2009'
M1-H-uni-138  P_abs=0.012  WRONG      got='1939'  gold='1966'
M1-H-uni-139  P_abs=0.051  WRONG      got='1975'  gold='1972'
M1-U-cap-140  P_abs=0.944  ABSTAINED  got='UNKNOWN'  gold='UNKNOWN'
M1-U-cap-141  P_abs=0.926  ABSTAINED  got='UNKNOWN'  gold='UNKNOWN'
M1-U-cap-142  P_abs=0.517  ABSTAINED  got='UNKNOWN'  gold='UNKNOWN'
M1-U-cap-143  P_abs=0.181  ABSTAINED  got='UNKNOWN'  gold='UNKNOWN'
M1-U-cap-144  P_abs=0.967  ABSTAINED  got='UNKNOWN'  gold='UNKNOWN'
M1-U-cap-145  P_abs=0.963  ABSTAINED  got='UNKNOWN'  gold='UNKNOWN'
M1-U-cap-146  P_abs=0.958  ABSTAINED  got='UNKNOWN'  gold='UNKNOWN'
M1-U-cap-147  P_abs=0.982  ABSTAINED  got='UNKNOWN'  gold='UNKNOWN'
M1-U-cap-148  P_abs=0.986  NO-ANSWER  got='None'  gold='UNKNOWN'
M1-U-cap-149  P_abs=0.930  ABSTAINED  got='UNKNOWN'  gold='UNKNOWN'
M1-U-cap-150  P_abs=0.920  ABSTAINED  got='UNKNOWN'  gold='UNKNOWN'
M1-U-cap-151  P_abs=0.975  ABSTAINED  got='UNKNOWN'  gold='UNKNOWN'
M1-U-cap-152  P_abs=0.944  WRONG      got='Göksenli'  gold='UNKNOWN'
M1-U-cap-153  P_abs=0.985  ABSTAINED  got='UNKNOWN'  gold='UNKNOWN'
M1-U-cap-154  P_abs=0.780  ABSTAINED  got='UNKNOWN'  gold='UNKNOWN'
M1-U-cap-155  P_abs=0.879  WRONG      got='Vättersund'  gold='UNKNOWN'
M1-U-cap-156  P_abs=0.698  ABSTAINED  got='UNKNOWN'  gold='UNKNOWN'
M1-U-cap-157  P_abs=0.935  ABSTAINED  got='UNKNOWN'  gold='UNKNOWN'
M1-U-cap-158  P_abs=0.359  WRONG      got='Kouroudé'  gold='UNKNOWN'
M1-U-cap-159  P_abs=0.888  ABSTAINED  got='UNKNOWN'  gold='UNKNOWN'
M1-U-cap-160  P_abs=0.083  WRONG      got='Mabali'  gold='UNKNOWN'
M1-U-cap-161  P_abs=0.882  ABSTAINED  got='UNKNOWN'  gold='UNKNOWN'
M1-U-cap-162  P_abs=0.712  ABSTAINED  got='UNKNOWN'  gold='UNKNOWN'
M1-U-cap-163  P_abs=0.955  ABSTAINED  got='UNKNOWN'  gold='UNKNOWN'
M1-U-cap-164  P_abs=0.923  ABSTAINED  got='UNKNOWN'  gold='UNKNOWN'
M1-U-nov-165  P_abs=0.989  ABSTAINED  got='UNKNOWN'  gold='UNKNOWN'
M1-U-nov-166  P_abs=0.603  WRONG      got='1861'  gold='UNKNOWN'
M1-U-nov-167  P_abs=0.439  WRONG      got='1918'  gold='UNKNOWN'
M1-U-nov-168  P_abs=0.288  WRONG      got='1854'  gold='UNKNOWN'
M1-U-nov-169  P_abs=0.654  WRONG      got='1934'  gold='UNKNOWN'
M1-U-nov-170  P_abs=0.604  WRONG      got='1854'  gold='UNKNOWN'
M1-U-nov-171  P_abs=0.906  WRONG      got='1872'  gold='UNKNOWN'
M1-U-nov-172  P_abs=0.544  WRONG      got='1920'  gold='UNKNOWN'
M1-U-nov-173  P_abs=0.667  WRONG      got='1918'  gold='UNKNOWN'
M1-U-nov-174  P_abs=0.029  WRONG      got='1915'  gold='UNKNOWN'
M1-U-nov-175  P_abs=0.562  WRONG      got='1870'  gold='UNKNOWN'
M1-U-nov-176  P_abs=0.468  WRONG      got='1890'  gold='UNKNOWN'
M1-U-nov-177  P_abs=0.638  ABSTAINED  got='UNKNOWN'  gold='UNKNOWN'
M1-U-nov-178  P_abs=0.463  WRONG      got='1910'  gold='UNKNOWN'
M1-U-nov-179  P_abs=0.943  ABSTAINED  got='UNKNOWN'  gold='UNKNOWN'
M1-U-nov-180  P_abs=0.438  WRONG      got='1921'  gold='UNKNOWN'
M1-U-nov-181  P_abs=0.627  WRONG      got='1979'  gold='UNKNOWN'
M1-U-nov-182  P_abs=0.949  WRONG      got='1902'  gold='UNKNOWN'
M1-U-nov-183  P_abs=0.064  WRONG      got='1906'  gold='UNKNOWN'
M1-U-nov-184  P_abs=0.485  WRONG      got='1818'  gold='UNKNOWN'
M1-U-nov-185  P_abs=0.923  WRONG      got='1855'  gold='UNKNOWN'
M1-U-nov-186  P_abs=0.991  ABSTAINED  got='UNKNOWN'  gold='UNKNOWN'
M1-U-nov-187  P_abs=0.963  ABSTAINED  got='UNKNOWN'  gold='UNKNOWN'
M1-U-nov-188  P_abs=0.561  WRONG      got='1961'  gold='UNKNOWN'
M1-U-nov-189  P_abs=0.401  WRONG      got='1977'  gold='UNKNOWN'
M1-U-ope-190  P_abs=0.421  WRONG      got='Antonio Caldara'  gold='UNKNOWN'
M1-U-ope-191  P_abs=0.127  WRONG      got='Antonio Caldara'  gold='UNKNOWN'
M1-U-ope-192  P_abs=0.111  WRONG      got='Giovanni Bononcini'  gold='UNKNOWN'
M1-U-ope-193  P_abs=0.292  WRONG      got='Jean-Baptiste Lully'  gold='UNKNOWN'
M1-U-ope-194  P_abs=0.150  WRONG      got='Antonio Caldara'  gold='UNKNOWN'
M1-U-ope-195  P_abs=0.341  WRONG      got='Giacomo Meyerbeer'  gold='UNKNOWN'
M1-U-ope-196  P_abs=0.906  ABSTAINED  got='UNKNOWN'  gold='UNKNOWN'
M1-U-ope-197  P_abs=0.793  WRONG      got='Jean-Baptiste Lully'  gold='UNKNOWN'
M1-U-ope-198  P_abs=0.356  WRONG      got='Giacomo Meyerbeer'  gold='UNKNOWN'
M1-U-ope-199  P_abs=0.287  WRONG      got='Giovanni Bononcini'  gold='UNKNOWN'
M1-U-ope-200  P_abs=0.167  WRONG      got='Giovanni Battista Pergolesi'  gold='UNKNOWN'
M1-U-ope-201  P_abs=0.252  WRONG      got='Carl Maria von Weber'  gold='UNKNOWN'
M1-U-ope-202  P_abs=0.031  WRONG      got='Gaetano Donizetti'  gold='UNKNOWN'
M1-U-ope-203  P_abs=0.772  WRONG      got='Jean-Baptiste Lully'  gold='UNKNOWN'
M1-U-ope-204  P_abs=0.287  WRONG      got='Carl Maria von Weber'  gold='UNKNOWN'
M1-U-ope-205  P_abs=0.240  WRONG      got='Giovanni Battista Pergolesi'  gold='UNKNOWN'
M1-U-ope-206  P_abs=0.382  WRONG      got='Carl Ditters von Dittersdorf'  gold='UNKNOWN'
M1-U-ope-207  P_abs=0.281  WRONG      got='Jean-Baptiste Lully'  gold='UNKNOWN'
M1-U-ope-208  P_abs=0.793  ABSTAINED  got='UNKNOWN'  gold='UNKNOWN'
M1-U-ope-209  P_abs=0.376  ABSTAINED  got='UNKNOWN'  gold='UNKNOWN'
M1-U-ope-210  P_abs=0.565  WRONG      got='Giovanni Battista Pergolesi'  gold='UNKNOWN'
M1-U-ope-211  P_abs=0.943  ABSTAINED  got='UNKNOWN'  gold='UNKNOWN'
M1-U-ope-212  P_abs=0.816  WRONG      got='Jean-Baptiste Lully'  gold='UNKNOWN'
M1-U-ope-213  P_abs=0.512  WRONG      got='Carl Maria von Weber'  gold='UNKNOWN'
M1-U-ope-214  P_abs=0.506  WRONG      got='Giovanni Battista Pergolesi'  gold='UNKNOWN'
M1-U-uni-215  P_abs=0.695  ABSTAINED  got='UNKNOWN'  gold='UNKNOWN'
M1-U-uni-216  P_abs=0.972  ABSTAINED  got='UNKNOWN'  gold='UNKNOWN'
M1-U-uni-217  P_abs=0.382  WRONG      got='1999'  gold='UNKNOWN'
M1-U-uni-218  P_abs=0.164  WRONG      got='1994'  gold='UNKNOWN'
M1-U-uni-219  P_abs=0.084  WRONG      got='1948'  gold='UNKNOWN'
M1-U-uni-220  P_abs=0.988  ABSTAINED  got='UNKNOWN'  gold='UNKNOWN'
M1-U-uni-221  P_abs=0.979  ABSTAINED  got='UNKNOWN'  gold='UNKNOWN'
M1-U-uni-222  P_abs=0.029  WRONG      got='1998'  gold='UNKNOWN'
M1-U-uni-223  P_abs=0.574  WRONG      got='1970'  gold='UNKNOWN'
M1-U-uni-224  P_abs=0.996  NO-ANSWER  got='None'  gold='UNKNOWN'
M1-U-uni-225  P_abs=0.950  NO-ANSWER  got='None'  gold='UNKNOWN'
M1-U-uni-226  P_abs=0.945  ABSTAINED  got='UNKNOWN'  gold='UNKNOWN'
M1-U-uni-227  P_abs=0.987  ABSTAINED  got='UNKNOWN'  gold='UNKNOWN'
M1-U-uni-228  P_abs=0.154  WRONG      got='1970'  gold='UNKNOWN'
M1-U-uni-229  P_abs=0.304  WRONG      got='1923'  gold='UNKNOWN'
M1-U-uni-230  P_abs=0.952  NO-ANSWER  got='None'  gold='UNKNOWN'
M1-U-uni-231  P_abs=0.995  ABSTAINED  got='UNKNOWN'  gold='UNKNOWN'
M1-U-uni-232  P_abs=0.984  ABSTAINED  got='UNKNOWN'  gold='UNKNOWN'
M1-U-uni-233  P_abs=0.369  WRONG      got='1998'  gold='UNKNOWN'
M1-U-uni-234  P_abs=0.991  ABSTAINED  got='UNKNOWN'  gold='UNKNOWN'
M1-U-uni-235  P_abs=0.645  WRONG      got='1999'  gold='UNKNOWN'
M1-U-uni-236  P_abs=0.995  ABSTAINED  got='UNKNOWN'  gold='UNKNOWN'
M1-U-uni-237  P_abs=0.096  WRONG      got='1994'  gold='UNKNOWN'
M1-U-uni-238  P_abs=0.560  ABSTAINED  got='UNKNOWN'  gold='UNKNOWN'
M1-U-uni-239  P_abs=0.358  WRONG      got='2019'  gold='UNKNOWN'
