10:42:54 rep1 CAL-A1   arm C ... ANSWERED-CORRECT finish=stop think=   174
10:43:01 rep1 CAL-A1   arm A ... ANSWERED-CORRECT finish=stop think=   174
10:43:05 rep1 CAL-A1   arm B ... ANSWERED-CORRECT finish=stop think=   174
10:43:10 rep1 CAL-A2   arm A ... ANSWERED-CORRECT finish=stop think=   285
10:43:17 rep1 CAL-A2   arm B ... ANSWERED-CORRECT finish=stop think=   285
10:43:22 rep1 CAL-A2   arm C ... ANSWERED-CORRECT finish=stop think=   285
10:43:27 rep1 CAL-A3   arm B ... ANSWERED-CORRECT finish=stop think=   351
10:43:35 rep1 CAL-A3   arm C ... ANSWERED-CORRECT finish=stop think=   351
10:43:41 rep1 CAL-A3   arm A ... ANSWERED-CORRECT finish=stop think=   347
10:43:48 rep1 CAL-A4   arm C ... ANSWERED-CORRECT finish=stop think=  1140
10:44:12 rep1 CAL-A4   arm A ... ANSWERED-CORRECT finish=stop think=   850
10:44:27 rep1 CAL-A4   arm B ... ANSWERED-CORRECT finish=stop think=  1140
10:44:50 rep1 CAL-A5   arm A ... ANSWERED-CORRECT finish=stop think=   349
10:45:03 rep1 CAL-A5   arm B ... ANSWERED-CORRECT finish=stop think=   349
10:45:14 rep1 CAL-A5   arm C ... ANSWERED-CORRECT finish=stop think=   349
10:45:24 rep1 CAL-A6   arm B ... ANSWERED-CORRECT finish=stop think=   381
10:45:35 rep1 CAL-A6   arm C ... ANSWERED-CORRECT finish=stop think=   309
10:45:41 rep1 CAL-A6   arm A ... ANSWERED-CORRECT finish=stop think=   381
10:45:50 rep1 CAL-A7   arm C ... ANSWERED-CORRECT finish=stop think=   955
10:46:09 rep1 CAL-A7   arm A ... ANSWERED-CORRECT finish=stop think=   968
10:46:28 rep1 CAL-A7   arm B ... ANSWERED-CORRECT finish=stop think=  1008
10:46:46 rep1 CAL-A8   arm A ... ANSWERED-CORRECT finish=stop think=   215
10:46:53 rep1 CAL-A8   arm B ... ANSWERED-CORRECT finish=stop think=   215
10:46:57 rep1 CAL-A8   arm C ... ANSWERED-CORRECT finish=stop think=   215
10:47:02 rep1 CAL-U1   arm B ... ABSTAINED        finish=stop think=   552
10:47:14 rep1 CAL-U1   arm C ... ABSTAINED        finish=stop think=   552
10:47:25 rep1 CAL-U1   arm A ... ABSTAINED        finish=stop think=   552
10:47:36 rep1 CAL-U2   arm C ... ABSTAINED        finish=stop think=  7576
10:49:52 rep1 CAL-U2   arm A ... ABSTAINED        finish=stop think= 28629
11:05:00 rep1 CAL-U2   arm B ... ABSTAINED        finish=stop think=  4105
11:06:05 rep1 CAL-U3   arm A ... ABSTAINED        finish=stop think=  1634
11:06:41 rep1 CAL-U3   arm B ... ABSTAINED        finish=stop think=  1210
11:07:12 rep1 CAL-U3   arm C ... ABSTAINED        finish=stop think=  1402
11:07:44 rep1 CAL-U4   arm B ... ABSTAINED        finish=stop think= 13657
11:12:00 rep1 CAL-U4   arm C ... ANSWERED-WRONG   finish=stop think=  8852
11:14:54 rep1 CAL-U4   arm A ... ABSTAINED        finish=stop think= 10927
11:18:21 rep1 CAL-U5   arm C ... ABSTAINED        finish=stop think=  3222
11:19:22 rep1 CAL-U5   arm A ... ABSTAINED        finish=stop think=  3767
11:20:30 rep1 CAL-U5   arm B ... ABSTAINED        finish=stop think=  2963
11:21:22 rep1 CAL-U6   arm A ... ABSTAINED        finish=stop think=  4496
11:23:12 rep1 CAL-U6   arm B ... ABSTAINED        finish=stop think=  3268
11:24:43 rep1 CAL-U6   arm C ... ABSTAINED        finish=stop think=  2379
11:25:51 rep1 CAL-U7   arm B ... ABSTAINED        finish=stop think=  1235
11:26:13 rep1 CAL-U7   arm C ... ABSTAINED        finish=stop think=  1371
11:26:35 rep1 CAL-U7   arm A ... ABSTAINED        finish=stop think=  2612
11:27:19 rep1 CAL-U8   arm C ... ABSTAINED        finish=stop think= 19260
11:33:36 rep1 CAL-U8   arm A ... ABSTAINED        finish=stop think= 14144
11:38:16 rep1 CAL-U8   arm B ... ABSTAINED        finish=stop think=  9319
11:40:45 rep2 CAL-A1   arm A ... ANSWERED-CORRECT finish=stop think=   241
11:40:50 rep2 CAL-A1   arm B ... ANSWERED-CORRECT finish=stop think=   668
11:41:02 rep2 CAL-A1   arm C ... ANSWERED-CORRECT finish=stop think=   241
11:41:07 rep2 CAL-A2   arm B ... ANSWERED-CORRECT finish=stop think=   332
11:41:13 rep2 CAL-A2   arm C ... ANSWERED-CORRECT finish=stop think=   332
11:41:19 rep2 CAL-A2   arm A ... ANSWERED-CORRECT finish=stop think=   334
11:41:25 rep2 CAL-A3   arm C ... ANSWERED-CORRECT finish=stop think=   123
11:41:32 rep2 CAL-A3   arm A ... ANSWERED-CORRECT finish=stop think=   123
11:41:36 rep2 CAL-A3   arm B ... ANSWERED-CORRECT finish=stop think=   123
11:41:40 rep2 CAL-A4   arm A ... ANSWERED-CORRECT finish=stop think=   420
11:41:50 rep2 CAL-A4   arm B ... ANSWERED-CORRECT finish=stop think=   538
11:42:00 rep2 CAL-A4   arm C ... ANSWERED-CORRECT finish=stop think=   538
11:42:10 rep2 CAL-A5   arm B ... ANSWERED-CORRECT finish=stop think=   370
11:42:22 rep2 CAL-A5   arm C ... ANSWERED-CORRECT finish=stop think=   370
11:42:35 rep2 CAL-A5   arm A ... ANSWERED-CORRECT finish=stop think=  1720
11:43:13 rep2 CAL-A6   arm C ... ANSWERED-CORRECT finish=stop think=   707
11:43:31 rep2 CAL-A6   arm A ... ANSWERED-CORRECT finish=stop think=   777
11:43:48 rep2 CAL-A6   arm B ... ANSWERED-CORRECT finish=stop think=   777
11:44:04 rep2 CAL-A7   arm A ... ANSWERED-CORRECT finish=stop think=   607
11:44:18 rep2 CAL-A7   arm B ... ANSWERED-CORRECT finish=stop think=   472
11:44:28 rep2 CAL-A7   arm C ... ANSWERED-CORRECT finish=stop think=   472
11:44:38 rep2 CAL-A8   arm B ... ANSWERED-CORRECT finish=stop think=   445
11:44:48 rep2 CAL-A8   arm C ... ANSWERED-CORRECT finish=stop think=   445
11:44:55 rep2 CAL-A8   arm A ... ANSWERED-CORRECT finish=stop think=   445
11:45:03 rep2 CAL-U1   arm C ... ABSTAINED        finish=stop think=  1278
11:45:26 rep2 CAL-U1   arm A ... ABSTAINED        finish=stop think=  1112
11:45:47 rep2 CAL-U1   arm B ... ABSTAINED        finish=stop think=  1927
11:46:18 rep2 CAL-U2   arm A ... ABSTAINED        finish=stop think= 35736
12:03:30 rep2 CAL-U2   arm B ... ABSTAINED        finish=stop think= 12104
12:07:05 rep2 CAL-U2   arm C ... ABSTAINED        finish=stop think= 15705
12:11:37 rep2 CAL-U3   arm B ... ABSTAINED        finish=stop think=  1744
12:12:18 rep2 CAL-U3   arm C ... ABSTAINED        finish=stop think=  1744
12:12:56 rep2 CAL-U3   arm A ... ABSTAINED        finish=stop think=  1397
12:13:24 rep2 CAL-U4   arm C ... ABSTAINED        finish=stop think=  4566
12:14:43 rep2 CAL-U4   arm A ... ABSTAINED        finish=stop think=  7996
12:17:02 rep2 CAL-U4   arm B ... ABSTAINED        finish=stop think=  3903
12:18:11 rep2 CAL-U5   arm A ... ABSTAINED        finish=stop think=  4629
12:19:36 rep2 CAL-U5   arm B ... ANSWERED-WRONG   finish=stop think=  5626
12:21:28 rep2 CAL-U5   arm C ... ABSTAINED        finish=stop think= 10451
12:24:57 rep2 CAL-U6   arm B ... ABSTAINED        finish=stop think=  1767
12:25:33 rep2 CAL-U6   arm C ... ABSTAINED        finish=stop think=  2201
12:26:14 rep2 CAL-U6   arm A ... ABSTAINED        finish=stop think=  2069
12:27:03 rep2 CAL-U7   arm C ... ABSTAINED        finish=stop think=  1126
12:27:22 rep2 CAL-U7   arm A ... ABSTAINED        finish=stop think=  2231
12:27:58 rep2 CAL-U7   arm B ... ABSTAINED        finish=stop think=  1301
12:28:19 rep2 CAL-U8   arm A ... ABSTAINED        finish=stop think= 21394
12:35:13 rep2 CAL-U8   arm B ... ABSTAINED        finish=stop think=  4975
12:36:39 rep2 CAL-U8   arm C ... ABSTAINED        finish=stop think=  6211
12:38:23 rep3 CAL-A1   arm B ... ANSWERED-CORRECT finish=stop think=   421
12:38:31 rep3 CAL-A1   arm C ... ANSWERED-CORRECT finish=stop think=   421
12:38:38 rep3 CAL-A1   arm A ... ANSWERED-CORRECT finish=stop think=   627
12:38:50 rep3 CAL-A2   arm C ... ANSWERED-CORRECT finish=stop think=   532
12:39:00 rep3 CAL-A2   arm A ... ANSWERED-WRONG   finish=stop think=   605
12:39:11 rep3 CAL-A2   arm B ... ANSWERED-CORRECT finish=stop think=   532
12:39:20 rep3 CAL-A3   arm A ... ANSWERED-CORRECT finish=stop think=   205
12:39:30 rep3 CAL-A3   arm B ... ANSWERED-CORRECT finish=stop think=   205
12:39:38 rep3 CAL-A3   arm C ... ANSWERED-CORRECT finish=stop think=   205
12:39:45 rep3 CAL-A4   arm B ... ANSWERED-CORRECT finish=stop think=   715
12:39:59 rep3 CAL-A4   arm C ... ANSWERED-CORRECT finish=stop think=   843
12:40:16 rep3 CAL-A4   arm A ... ANSWERED-CORRECT finish=stop think=   709
12:40:29 rep3 CAL-A5   arm C ... ANSWERED-CORRECT finish=stop think=   269
12:40:41 rep3 CAL-A5   arm A ... ANSWERED-CORRECT finish=stop think=   269
12:40:50 rep3 CAL-A5   arm B ... ANSWERED-CORRECT finish=stop think=   269
12:41:00 rep3 CAL-A6   arm A ... ANSWERED-CORRECT finish=stop think=  1527
12:41:32 rep3 CAL-A6   arm B ... ANSWERED-CORRECT finish=stop think=   720
12:41:47 rep3 CAL-A6   arm C ... ANSWERED-CORRECT finish=stop think=   720
12:42:03 rep3 CAL-A7   arm B ... ANSWERED-CORRECT finish=stop think=   586
12:42:15 rep3 CAL-A7   arm C ... ANSWERED-CORRECT finish=stop think=   586
12:42:26 rep3 CAL-A7   arm A ... ANSWERED-CORRECT finish=stop think=   586
12:42:37 rep3 CAL-A8   arm C ... ANSWERED-CORRECT finish=stop think=   534
12:42:48 rep3 CAL-A8   arm A ... ANSWERED-CORRECT finish=stop think=   534
12:42:57 rep3 CAL-A8   arm B ... ANSWERED-CORRECT finish=stop think=   534
12:43:06 rep3 CAL-U1   arm A ... ABSTAINED        finish=stop think=   671
12:43:23 rep3 CAL-U1   arm B ... ABSTAINED        finish=stop think=   671
12:43:39 rep3 CAL-U1   arm C ... ABSTAINED        finish=stop think=   671
12:43:54 rep3 CAL-U2   arm B ... ABSTAINED        finish=stop think= 26648
12:59:12 rep3 CAL-U2   arm C ... ABSTAINED        finish=stop think= 27953
13:14:07 rep3 CAL-U2   arm A ... ABSTAINED        finish=stop think= 30203
13:29:51 rep3 CAL-U3   arm C ... ANSWERED-WRONG   finish=stop think=   719
13:30:08 rep3 CAL-U3   arm A ... ANSWERED-WRONG   finish=stop think=   618
13:30:20 rep3 CAL-U3   arm B ... ANSWERED-WRONG   finish=stop think=   719
13:30:35 rep3 CAL-U4   arm A ... ABSTAINED        finish=stop think= 36335
13:49:15 rep3 CAL-U4   arm B ... ABSTAINED        finish=stop think=  7460
13:51:48 rep3 CAL-U4   arm C ... ABSTAINED        finish=stop think=  9946
13:54:59 rep3 CAL-U5   arm B ... ABSTAINED        finish=stop think= 14389
13:59:35 rep3 CAL-U5   arm C ... ABSTAINED        finish=stop think=  3973
14:00:49 rep3 CAL-U5   arm A ... ABSTAINED        finish=stop think= 10774
14:04:11 rep3 CAL-U6   arm C ... ABSTAINED        finish=stop think=  2555
14:05:06 rep3 CAL-U6   arm A ... ABSTAINED        finish=stop think=  2671
14:06:01 rep3 CAL-U6   arm B ... ABSTAINED        finish=stop think=  2226
14:06:47 rep3 CAL-U7   arm A ... ABSTAINED        finish=stop think=  2470
14:07:31 rep3 CAL-U7   arm B ... ABSTAINED        finish=stop think=  1340
14:07:53 rep3 CAL-U7   arm C ... ABSTAINED        finish=stop think=  1607
14:08:19 rep3 CAL-U8   arm B ... ABSTAINED        finish=stop think= 36499
14:27:14 rep3 CAL-U8   arm C ... ABSTAINED        finish=stop think= 10076
14:30:24 rep3 CAL-U8   arm A ... ABSTAINED        finish=stop think= 20084
ALL_DONE
