10:42:54 rep1 CAL-A1   arm C ... ANSWERED-CORRECT finish=stop think=   387
10:43:02 rep1 CAL-A1   arm A ... ANSWERED-CORRECT finish=stop think=   481
10:43:11 rep1 CAL-A1   arm B ... ANSWERED-CORRECT finish=stop think=   387
10:43:18 rep1 CAL-A2   arm A ... ANSWERED-CORRECT finish=stop think=   524
10:43:30 rep1 CAL-A2   arm B ... ANSWERED-CORRECT finish=stop think=   550
10:43:40 rep1 CAL-A2   arm C ... ANSWERED-CORRECT finish=stop think=   550
10:43:51 rep1 CAL-A3   arm B ... ANSWERED-CORRECT finish=stop think=   410
10:44:01 rep1 CAL-A3   arm C ... ANSWERED-CORRECT finish=stop think=   410
10:44:09 rep1 CAL-A3   arm A ... ANSWERED-CORRECT finish=stop think=   410
10:44:17 rep1 CAL-A4   arm C ... ANSWERED-CORRECT finish=stop think=   689
10:44:33 rep1 CAL-A4   arm A ... ANSWERED-CORRECT finish=stop think=   689
10:44:48 rep1 CAL-A4   arm B ... ANSWERED-CORRECT finish=stop think=   689
10:45:02 rep1 CAL-A5   arm A ... ANSWERED-CORRECT finish=stop think=   505
10:45:14 rep1 CAL-A5   arm B ... ANSWERED-CORRECT finish=stop think=   505
10:45:25 rep1 CAL-A5   arm C ... ANSWERED-CORRECT finish=stop think=   505
10:45:36 rep1 CAL-A6   arm B ... ANSWERED-CORRECT finish=stop think=   757
10:45:52 rep1 CAL-A6   arm C ... ANSWERED-CORRECT finish=stop think=   764
10:46:06 rep1 CAL-A6   arm A ... ANSWERED-CORRECT finish=stop think=   678
10:46:20 rep1 CAL-A7   arm C ... ANSWERED-CORRECT finish=stop think=   920
10:46:39 rep1 CAL-A7   arm A ... ANSWERED-CORRECT finish=stop think=   920
10:46:58 rep1 CAL-A7   arm B ... ANSWERED-CORRECT finish=stop think=   920
10:47:16 rep1 CAL-A8   arm A ... ANSWERED-CORRECT finish=stop think=   376
10:47:25 rep1 CAL-A8   arm B ... ANSWERED-CORRECT finish=stop think=   376
10:47:32 rep1 CAL-A8   arm C ... ANSWERED-CORRECT finish=stop think=   376
10:47:39 rep1 CAL-U1   arm B ... ABSTAINED        finish=stop think=   881
10:47:57 rep1 CAL-U1   arm C ... ABSTAINED        finish=stop think=   881
10:48:13 rep1 CAL-U1   arm A ... ABSTAINED        finish=stop think=  1092
10:48:31 rep1 CAL-U2   arm C ... ABSTAINED        finish=stop think=  9479
10:51:35 rep1 CAL-U2   arm A ... ABSTAINED        finish=stop think=  9754
10:54:47 rep1 CAL-U2   arm B ... ABSTAINED        finish=stop think= 14427
10:59:27 rep1 CAL-U3   arm A ... ANSWERED-WRONG   finish=stop think=  1716
11:00:08 rep1 CAL-U3   arm B ... ANSWERED-WRONG   finish=stop think=  1043
11:00:30 rep1 CAL-U3   arm C ... ANSWERED-WRONG   finish=stop think=  1049
11:00:53 rep1 CAL-U4   arm B ... ANSWERED-WRONG   finish=stop think= 14476
11:06:32 rep1 CAL-U4   arm C ... ABSTAINED        finish=stop think= 12066
11:10:52 rep1 CAL-U4   arm A ... ABSTAINED        finish=stop think=  3037
11:11:49 rep1 CAL-U5   arm C ... ABSTAINED        finish=stop think=  2882
11:12:51 rep1 CAL-U5   arm A ... ABSTAINED        finish=stop think= 25266
11:30:32 rep1 CAL-U5   arm B ... ABSTAINED        finish=stop think=  4297
11:32:02 rep1 CAL-U6   arm A ... ABSTAINED        finish=stop think=  2211
11:32:46 rep1 CAL-U6   arm B ... ABSTAINED        finish=stop think=   918
11:33:04 rep1 CAL-U6   arm C ... ABSTAINED        finish=stop think=  1722
11:33:42 rep1 CAL-U7   arm B ... ABSTAINED        finish=stop think=  1944
11:34:21 rep1 CAL-U7   arm C ... ABSTAINED        finish=stop think=  1174
11:34:43 rep1 CAL-U7   arm A ... ABSTAINED        finish=stop think=  1648
11:35:13 rep1 CAL-U8   arm C ... ABSTAINED        finish=stop think=  1310
11:35:37 rep1 CAL-U8   arm A ... ABSTAINED        finish=stop think=  1614
11:36:05 rep1 CAL-U8   arm B ... ABSTAINED        finish=stop think=  1101
11:36:23 rep2 CAL-A1   arm A ... ANSWERED-CORRECT finish=stop think=   288
11:36:29 rep2 CAL-A1   arm B ... ANSWERED-CORRECT finish=stop think=   288
11:36:35 rep2 CAL-A1   arm C ... ANSWERED-CORRECT finish=stop think=   288
11:36:41 rep2 CAL-A2   arm B ... ANSWERED-CORRECT finish=stop think=   433
11:36:50 rep2 CAL-A2   arm C ... ANSWERED-CORRECT finish=stop think=   433
11:36:59 rep2 CAL-A2   arm A ... ANSWERED-CORRECT finish=stop think=   433
11:37:07 rep2 CAL-A3   arm C ... ANSWERED-CORRECT finish=stop think=   496
11:37:18 rep2 CAL-A3   arm A ... ANSWERED-CORRECT finish=stop think=   496
11:37:27 rep2 CAL-A3   arm B ... ANSWERED-CORRECT finish=stop think=   496
11:37:37 rep2 CAL-A4   arm A ... ANSWERED-CORRECT finish=stop think=   839
11:37:55 rep2 CAL-A4   arm B ... ANSWERED-CORRECT finish=stop think=   839
11:38:13 rep2 CAL-A4   arm C ... ANSWERED-CORRECT finish=stop think=   788
11:38:30 rep2 CAL-A5   arm B ... ANSWERED-CORRECT finish=stop think=   369
11:38:39 rep2 CAL-A5   arm C ... ANSWERED-CORRECT finish=stop think=   369
11:38:47 rep2 CAL-A5   arm A ... ANSWERED-CORRECT finish=stop think=   369
11:38:55 rep2 CAL-A6   arm C ... ANSWERED-CORRECT finish=stop think=   245
11:39:02 rep2 CAL-A6   arm A ... ANSWERED-CORRECT finish=stop think=   245
11:39:08 rep2 CAL-A6   arm B ... ANSWERED-CORRECT finish=stop think=   245
11:39:14 rep2 CAL-A7   arm A ... ANSWERED-CORRECT finish=stop think=   460
11:39:25 rep2 CAL-A7   arm B ... ANSWERED-CORRECT finish=stop think=   460
11:39:37 rep2 CAL-A7   arm C ... ANSWERED-CORRECT finish=stop think=   460
11:39:48 rep2 CAL-A8   arm B ... ANSWERED-CORRECT finish=stop think=   273
11:39:54 rep2 CAL-A8   arm C ... ANSWERED-CORRECT finish=stop think=   273
11:39:59 rep2 CAL-A8   arm A ... ANSWERED-CORRECT finish=stop think=   273
11:40:05 rep2 CAL-U1   arm C ... ABSTAINED        finish=stop think=  1127
11:40:25 rep2 CAL-U1   arm A ... ABSTAINED        finish=stop think=  1017
11:40:43 rep2 CAL-U1   arm B ... ABSTAINED        finish=stop think=  1290
11:41:05 rep2 CAL-U2   arm A ... ABSTAINED        finish=stop think= 19679
11:47:27 rep2 CAL-U2   arm B ... ABSTAINED        finish=stop think= 28796
12:05:01 rep2 CAL-U2   arm C ... ABSTAINED        finish=stop think= 25864
12:21:24 rep2 CAL-U3   arm B ... ANSWERED-WRONG   finish=stop think=   739
12:21:38 rep2 CAL-U3   arm C ... ANSWERED-WRONG   finish=stop think=   739
12:21:52 rep2 CAL-U3   arm A ... ANSWERED-WRONG   finish=stop think=   747
12:22:07 rep2 CAL-U4   arm C ... ABSTAINED        finish=stop think= 27323
12:40:30 rep2 CAL-U4   arm A ... NO-STOP/REC      finish=length think= 35409
13:04:05 rep2 CAL-U4   arm B ... ABSTAINED        finish=stop think=  5342
13:05:59 rep2 CAL-U5   arm A ... ABSTAINED        finish=stop think=  5250
13:07:56 rep2 CAL-U5   arm B ... ANSWERED-WRONG   finish=stop think= 17366
13:13:58 rep2 CAL-U5   arm C ... ANSWERED-WRONG   finish=stop think= 16622
13:20:07 rep2 CAL-U6   arm B ... ABSTAINED        finish=stop think=  2443
13:21:01 rep2 CAL-U6   arm C ... ABSTAINED        finish=stop think=  2800
13:21:59 rep2 CAL-U6   arm A ... ABSTAINED        finish=stop think=  5226
13:23:52 rep2 CAL-U7   arm C ... ABSTAINED        finish=stop think=   398
13:24:01 rep2 CAL-U7   arm A ... ABSTAINED        finish=stop think=   734
13:24:15 rep2 CAL-U7   arm B ... ABSTAINED        finish=stop think=   398
13:24:22 rep2 CAL-U8   arm A ... ABSTAINED        finish=stop think= 12589
13:28:41 rep2 CAL-U8   arm B ... ABSTAINED        finish=stop think=  2111
13:29:20 rep2 CAL-U8   arm C ... ABSTAINED        finish=stop think=   810
13:29:34 rep3 CAL-A1   arm B ... ANSWERED-CORRECT finish=stop think=   677
13:29:48 rep3 CAL-A1   arm C ... ANSWERED-CORRECT finish=stop think=   677
13:30:00 rep3 CAL-A1   arm A ... ANSWERED-CORRECT finish=stop think=   677
13:30:12 rep3 CAL-A2   arm C ... ANSWERED-CORRECT finish=stop think=   307
13:30:19 rep3 CAL-A2   arm A ... ANSWERED-CORRECT finish=stop think=   307
13:30:26 rep3 CAL-A2   arm B ... ANSWERED-CORRECT finish=stop think=   307
13:30:32 rep3 CAL-A3   arm A ... ANSWERED-CORRECT finish=stop think=   314
13:30:40 rep3 CAL-A3   arm B ... ANSWERED-CORRECT finish=stop think=   325
13:30:47 rep3 CAL-A3   arm C ... ANSWERED-CORRECT finish=stop think=   325
13:30:54 rep3 CAL-A4   arm B ... ANSWERED-CORRECT finish=stop think=   757
13:31:10 rep3 CAL-A4   arm C ... ANSWERED-CORRECT finish=stop think=   757
13:31:26 rep3 CAL-A4   arm A ... ANSWERED-CORRECT finish=stop think=   739
13:31:42 rep3 CAL-A5   arm C ... ANSWERED-CORRECT finish=stop think=   578
13:31:55 rep3 CAL-A5   arm A ... ANSWERED-CORRECT finish=stop think=   578
13:32:07 rep3 CAL-A5   arm B ... ANSWERED-CORRECT finish=stop think=   578
13:32:18 rep3 CAL-A6   arm A ... ANSWERED-CORRECT finish=stop think=   630
13:32:32 rep3 CAL-A6   arm B ... ANSWERED-CORRECT finish=stop think=   630
13:32:44 rep3 CAL-A6   arm C ... ANSWERED-CORRECT finish=stop think=   630
13:32:57 rep3 CAL-A7   arm B ... ANSWERED-CORRECT finish=stop think=   790
13:33:14 rep3 CAL-A7   arm C ... ANSWERED-CORRECT finish=stop think=   790
13:33:30 rep3 CAL-A7   arm A ... ANSWERED-CORRECT finish=stop think=   790
13:33:46 rep3 CAL-A8   arm C ... ANSWERED-CORRECT finish=stop think=   314
13:33:53 rep3 CAL-A8   arm A ... ANSWERED-CORRECT finish=stop think=   314
13:34:00 rep3 CAL-A8   arm B ... ANSWERED-CORRECT finish=stop think=   314
13:34:06 rep3 CAL-U1   arm A ... ABSTAINED        finish=stop think=   331
13:34:14 rep3 CAL-U1   arm B ... ABSTAINED        finish=stop think=   490
13:34:23 rep3 CAL-U1   arm C ... ABSTAINED        finish=stop think=   337
13:34:29 rep3 CAL-U2   arm B ... ABSTAINED        finish=stop think= 12459
13:38:36 rep3 CAL-U2   arm C ... ABSTAINED        finish=stop think=  3294
13:39:39 rep3 CAL-U2   arm A ... ABSTAINED        finish=stop think=  9504
13:42:36 rep3 CAL-U3   arm C ... ANSWERED-WRONG   finish=stop think=   503
13:42:48 rep3 CAL-U3   arm A ... ANSWERED-WRONG   finish=stop think=   486
13:42:58 rep3 CAL-U3   arm B ... ANSWERED-WRONG   finish=stop think=   503
13:43:08 rep3 CAL-U4   arm A ... ABSTAINED        finish=stop think=  5703
13:45:13 rep3 CAL-U4   arm B ... NO-STOP/REC      finish=length think= 17377
14:08:46 rep3 CAL-U4   arm C ... ABSTAINED        finish=stop think=  6380
14:10:58 rep3 CAL-U5   arm B ... ABSTAINED        finish=stop think=  2185
14:11:42 rep3 CAL-U5   arm C ... ABSTAINED        finish=stop think=  1424
14:12:09 rep3 CAL-U5   arm A ... ABSTAINED        finish=stop think=  3840
14:13:27 rep3 CAL-U6   arm C ... ABSTAINED        finish=stop think= 19030
14:20:37 rep3 CAL-U6   arm A ... ABSTAINED        finish=stop think=  6138
14:22:55 rep3 CAL-U6   arm B ... ABSTAINED        finish=stop think=  2832
14:23:55 rep3 CAL-U7   arm A ... ABSTAINED        finish=stop think=  1104
14:24:17 rep3 CAL-U7   arm B ... ABSTAINED        finish=stop think=  1164
14:24:38 rep3 CAL-U7   arm C ... ABSTAINED        finish=stop think=  1164
14:24:59 rep3 CAL-U8   arm B ... ABSTAINED        finish=stop think=  2623
14:25:51 rep3 CAL-U8   arm C ... ABSTAINED        finish=stop think=  2079
14:26:31 rep3 CAL-U8   arm A ... ABSTAINED        finish=stop think= 16594
ALL_DONE
