[2026-07-30 01:27:33] === turboquant#241 cross-backend check: VULKAN/RADV on RDNA4 (same source+commit as the HIP arm) ===
[2026-07-30 01:27:33] engine c26cbdffc Merge pull request #225 from TheTom/fix-ui-assets-partial-dist
[2026-07-30 01:27:33] --- cell -ctk turbo4 -ctv turbo3 ---
    kturbo4_vturbo3 chars=2221   gzip_ratio=0.5322  healthy
    kturbo4_vturbo3 cjk_punct_runs=0  sample="Here's a thinking process:\n\n1.  **Analyze User Request:**\n   - **Topic:** Linux\n   - **Length:** 500 words\n   "
[2026-07-30 01:27:51] --- cell -ctk f16 -ctv f16 ---
    kf16_vf16      chars=2031   gzip_ratio=0.4648  healthy
    kf16_vf16      cjk_punct_runs=0  sample="Here's a thinking process:\n\n1.  **Analyze User Request:**\n   - **Topic:** Linux\n   - **Length:** 500 words\n   "
[2026-07-30 01:28:08] --- cell -ctk turbo4 -ctv turbo4 ---
    kturbo4_vturbo4 chars=2021   gzip_ratio=0.5141  healthy
    kturbo4_vturbo4 cjk_punct_runs=0  sample="Here's a thinking process:\n\n1.  **Analyze User Request:**\n   - **Topic:** Linux\n   - **Length:** 500 words (ap"
[2026-07-30 01:28:25] --- cell -ctk turbo4 -ctv turbo2 ---
    kturbo4_vturbo2 chars=2047   gzip_ratio=0.5178  healthy
    kturbo4_vturbo2 cjk_punct_runs=0  sample="Here's a thinking process:\n\n1.  **Analyze User Request:**\n   - **Topic:** Linux\n   - **Length:** 500 words\n   "
[2026-07-30 01:28:42] --- cell -ctk turbo3 -ctv turbo3 ---
    kturbo3_vturbo3 chars=2053   gzip_ratio=0.5290  healthy
    kturbo3_vturbo3 cjk_punct_runs=0  sample="Here's a thinking process:\n\n1.  **Analyze User Request:**\n   - **Topic:** Linux\n   - **Length:** 500 words\n   "
[2026-07-30 01:28:59] --- cell -ctk f16 -ctv turbo3 ---
    kf16_vturbo3   chars=2084   gzip_ratio=0.5110  healthy
    kf16_vturbo3   cjk_punct_runs=0  sample="Here's a thinking process:\n\n1.  **Analyze User Request:**\n   - **Topic:** Linux\n   - **Length:** 500 words\n   "
[2026-07-30 01:29:16] === DONE ===
