######## U512 2026-10-08T14:58:21-04:00
started U512 pid 113014
{"label": "U512", "t": 1791485937.78501, "kind": "loaded", "health_ok": true, "mem": [[0, 13689, 16384], [1, 12553, 16384]]}
{"label": "U512", "t": 1791485939.2437103, "kind": "warmup", "tokens_predicted": 16, "mem": [[0, 13767, 16384], [1, 12631, 16384]]}
{"label": "U512", "t": 1791485971.8922725, "kind": "completion", "name": "d2k_s1", "n_prompt": 2048, "wall_s": 32.4, "error": null, "timings": {"cache_n": 0, "prompt_n": 2048, "prompt_ms": 11590.864, "prompt_per_token_ms": 5.6596015625, "prompt_per_second": 176.69088344061322, "predicted_n": 512, "predicted_ms": 20799.783, "predicted_per_token_ms": 40.704076320939336, "predicted_per_second": 24.567563998143637, "draft_n": 469, "draft_n_accepted": 316, "kv_bpv": 16.0}, "tokens_predicted": 512, "c
{"label": "U512", "t": 1791486001.5209517, "kind": "completion", "name": "d2k_s2", "n_prompt": 2048, "wall_s": 29.44, "error": null, "timings": {"cache_n": 0, "prompt_n": 2048, "prompt_ms": 11521.201, "prompt_per_token_ms": 5.62558642578125, "prompt_per_second": 177.7592457591878, "predicted_n": 512, "predicted_ms": 17877.157, "predicted_per_token_ms": 34.98465166340509, "predicted_per_second": 28.58396332257976, "draft_n": 427, "draft_n_accepted": 356, "kv_bpv": 16.0}, "tokens_predicted": 512, 
{"label": "U512", "t": 1791486231.1979592, "kind": "completion", "name": "d32k_s1", "n_prompt": 32768, "wall_s": 229.48, "error": null, "timings": {"cache_n": 0, "prompt_n": 32768, "prompt_ms": 206291.803, "prompt_per_token_ms": 6.29552621459961, "prompt_per_second": 158.84295703208332, "predicted_n": 512, "predicted_ms": 23152.042, "predicted_per_token_ms": 45.3073228962818, "predicted_per_second": 22.071487258013786, "draft_n": 488, "draft_n_accepted": 330, "kv_bpv": 15.75390625}, "tokens_pred
{"label": "U512", "t": 1791486461.7391932, "kind": "completion", "name": "d32k_s2", "n_prompt": 32768, "wall_s": 230.34, "error": null, "timings": {"cache_n": 0, "prompt_n": 32768, "prompt_ms": 206333.902, "prompt_per_token_ms": 6.296810974121094, "prompt_per_second": 158.8105477693142, "predicted_n": 512, "predicted_ms": 23967.108, "predicted_per_token_ms": 46.90236399217221, "predicted_per_second": 21.32088694222098, "draft_n": 450, "draft_n_accepted": 310, "kv_bpv": 15.26171875}, "tokens_pred
{"label": "U512", "t": 1791487840.490505, "kind": "completion", "name": "d128k_s1", "n_prompt": 131072, "wall_s": 1378.54, "error": null, "timings": {"cache_n": 0, "prompt_n": 131072, "prompt_ms": 1332941.519, "prompt_per_token_ms": 10.169536735534669, "prompt_per_second": 98.33289617862071, "predicted_n": 512, "predicted_ms": 45480.29, "predicted_per_token_ms": 89.00252446183953, "predicted_per_second": 11.235636360278265, "draft_n": 432, "draft_n_accepted": 364, "kv_bpv": 4.21875}, "tokens_pre
{"label": "U512", "t": 1791487840.7024035, "kind": "end", "health": {"status": "ok"}, "mem": [[0, 15817, 16384], [1, 14681, 16384]]}
   bench rc=0
ALIVE_AT_END
stopped
abort_lines 0
######## U2048 2026-10-08T15:30:42-04:00
started U2048 pid 438239
{"label": "U2048", "t": 1791487878.4765558, "kind": "loaded", "health_ok": true, "mem": [[0, 15857, 16384], [1, 14721, 16384]]}
{"label": "U2048", "t": 1791487879.9793243, "kind": "warmup", "tokens_predicted": 16, "mem": [[0, 15871, 16384], [1, 14735, 16384]]}
{"label": "U2048", "t": 1791487890.2584805, "kind": "completion", "name": "d2k_s1", "n_prompt": 2048, "wall_s": 10.03, "error": "<HTTPError 500: 'Internal Server Error'>", "timings": null, "tokens_predicted": null, "collapse": {"maxrun": 0, "uniq": 0, "len": 0}, "mem": [[0, 16145, 16384], [1, 14997, 16384]]}
{"label": "U2048", "t": 1791487899.774437, "kind": "completion", "name": "d2k_s2", "n_prompt": 2048, "wall_s": 9.31, "error": "<HTTPError 500: 'Internal Server Error'>", "timings": null, "tokens_predicted": null, "collapse": {"maxrun": 0, "uniq": 0, "len": 0}, "mem": [[0, 16145, 16384], [1, 14997, 16384]]}
{"label": "U2048", "t": 1791487909.4567196, "kind": "completion", "name": "d32k_s1", "n_prompt": 32768, "wall_s": 9.46, "error": "<HTTPError 500: 'Internal Server Error'>", "timings": null, "tokens_predicted": null, "collapse": {"maxrun": 0, "uniq": 0, "len": 0}, "mem": [[0, 16145, 16384], [1, 14997, 16384]]}
{"label": "U2048", "t": 1791487919.0562537, "kind": "completion", "name": "d32k_s2", "n_prompt": 32768, "wall_s": 9.32, "error": "<HTTPError 500: 'Internal Server Error'>", "timings": null, "tokens_predicted": null, "collapse": {"maxrun": 0, "uniq": 0, "len": 0}, "mem": [[0, 16145, 16384], [1, 14997, 16384]]}
{"label": "U2048", "t": 1791487928.6712174, "kind": "completion", "name": "d128k_s1", "n_prompt": 131072, "wall_s": 9.42, "error": "<HTTPError 500: 'Internal Server Error'>", "timings": null, "tokens_predicted": null, "collapse": {"maxrun": 0, "uniq": 0, "len": 0}, "mem": [[0, 16145, 16384], [1, 14997, 16384]]}
{"label": "U2048", "t": 1791487928.867878, "kind": "end", "health": {"status": "ok"}, "mem": [[0, 16145, 16384], [1, 14997, 16384]]}
   bench rc=0
ALIVE_AT_END
stopped
abort_lines 0
######## U1024 2026-10-08T15:32:11-04:00
started U1024 pid 453773
{"label": "U1024", "t": 1791487967.127312, "kind": "loaded", "health_ok": true, "mem": [[0, 14387, 16384], [1, 13251, 16384]]}
{"label": "U1024", "t": 1791487968.6195214, "kind": "warmup", "tokens_predicted": 16, "mem": [[0, 14465, 16384], [1, 13329, 16384]]}
{"label": "U1024", "t": 1791488000.2224796, "kind": "completion", "name": "d2k_s1", "n_prompt": 2048, "wall_s": 31.38, "error": null, "timings": {"cache_n": 0, "prompt_n": 2048, "prompt_ms": 10018.756, "prompt_per_token_ms": 4.891970703125, "prompt_per_second": 204.41659623210708, "predicted_n": 512, "predicted_ms": 21338.858, "predicted_per_token_ms": 41.75901761252446, "predicted_per_second": 23.946923495156113, "draft_n": 461, "draft_n_accepted": 304, "kv_bpv": 16.0}, "tokens_predicted": 512,
{"label": "U1024", "t": 1791488032.2695334, "kind": "completion", "name": "d2k_s2", "n_prompt": 2048, "wall_s": 31.83, "error": null, "timings": {"cache_n": 0, "prompt_n": 2048, "prompt_ms": 9880.872, "prompt_per_token_ms": 4.82464453125, "prompt_per_second": 207.26915600161607, "predicted_n": 512, "predicted_ms": 21893.329, "predicted_per_token_ms": 42.84408806262231, "predicted_per_second": 23.340443109405605, "draft_n": 458, "draft_n_accepted": 297, "kv_bpv": 16.0}, "tokens_predicted": 512, "
{"label": "U1024", "t": 1791488243.0642724, "kind": "completion", "name": "d32k_s1", "n_prompt": 32768, "wall_s": 210.61, "error": null, "timings": {"cache_n": 0, "prompt_n": 32768, "prompt_ms": 182416.628, "prompt_per_token_ms": 5.566913696289062, "prompt_per_second": 179.63274707610537, "predicted_n": 512, "predicted_ms": 28147.529, "predicted_per_token_ms": 55.08322700587084, "predicted_per_second": 18.15434669238639, "draft_n": 460, "draft_n_accepted": 320, "kv_bpv": 5.1484375}, "tokens_pred
{"label": "U1024", "t": 1791488452.1612904, "kind": "completion", "name": "d32k_s2", "n_prompt": 32768, "wall_s": 208.91, "error": null, "timings": {"cache_n": 0, "prompt_n": 32768, "prompt_ms": 181145.106, "prompt_per_token_ms": 5.528109924316406, "prompt_per_second": 180.8936532903075, "predicted_n": 512, "predicted_ms": 27705.423, "predicted_per_token_ms": 54.218048923679056, "predicted_per_second": 18.44404252553733, "draft_n": 444, "draft_n_accepted": 321, "kv_bpv": 4.34375}, "tokens_predic
{"label": "U1024", "t": 1791489348.8048618, "kind": "completion", "name": "d128k_s1", "n_prompt": 131072, "wall_s": 896.4, "error": "<HTTPError 500: 'Internal Server Error'>", "timings": null, "tokens_predicted": null, "collapse": {"maxrun": 0, "uniq": 0, "len": 0}, "mem": [[0, 15423, 16384], [1, 14287, 16384]]}
{"label": "U1024", "t": 1791489349.007414, "kind": "end", "health": {"status": "ok"}, "mem": [[0, 15423, 16384], [1, 14287, 16384]]}
   bench rc=0
ALIVE_AT_END
stopped
abort_lines 0
######## CELLS DONE 2026-10-08T15:55:51-04:00
runner exit 0
clean
PROXY_RESTORED 2026-10-08T15:55:56-04:00
