[2026-07-31 17:49:34] ===== turbo3 #241 MERGE-HEAD 8a891f4b5 CONFIRMATION =====
[2026-07-31 17:49:34] build: version: 9999 (8a891f4b5)
[2026-07-31 17:49:34] gpu:     Vulkan0: AMD Radeon RX 580 Series (RADV POLARIS10) (8192 MiB, 7868 MiB free)
[2026-07-31 17:49:34] --- test-backend-ops FLASH_ATTN_EXT (expect: still passes; read path was never broken) ---
[2026-07-31 17:59:42]     rc=0
        FLASH_ATTN_EXT(hsk=128,hsv=128,nh=4,nr23=[1,1],kv=113,nb=1,mask=1,sinks=1,max_bias=0.000000,logit_softcap=0.000000,prec=f32,type_K=turbo3,type_V=turbo3,permute=[0,1,2,3]): [1;32mOK[0m
        FLASH_ATTN_EXT(hsk=128,hsv=128,nh=4,nr23=[1,1],kv=113,nb=1,mask=1,sinks=1,max_bias=0.000000,logit_softcap=0.000000,prec=def,type_K=turbo3,type_V=turbo3,permute=[0,1,2,3]): [1;32mOK[0m
        FLASH_ATTN_EXT(hsk=128,hsv=128,nh=4,nr23=[1,1],kv=113,nb=3,mask=1,sinks=1,max_bias=0.000000,logit_softcap=0.000000,prec=f32,type_K=turbo3,type_V=turbo3,permute=[0,1,2,3]): [1;32mOK[0m
        FLASH_ATTN_EXT(hsk=128,hsv=128,nh=4,nr23=[1,1],kv=113,nb=3,mask=1,sinks=1,max_bias=0.000000,logit_softcap=0.000000,prec=def,type_K=turbo3,type_V=turbo3,permute=[0,1,2,3]): [1;32mOK[0m
        FLASH_ATTN_EXT(hsk=128,hsv=128,nh=4,nr23=[1,1],kv=113,nb=32,mask=1,sinks=1,max_bias=0.000000,logit_softcap=0.000000,prec=f32,type_K=turbo3,type_V=turbo3,permute=[0,1,2,3]): [1;32mOK[0m
        FLASH_ATTN_EXT(hsk=128,hsv=128,nh=4,nr23=[1,1],kv=113,nb=32,mask=1,sinks=1,max_bias=0.000000,logit_softcap=0.000000,prec=def,type_K=turbo3,type_V=turbo3,permute=[0,1,2,3]): [1;32mOK[0m
[2026-07-31 17:59:42] --- test-backend-ops SET_ROWS (expect: still skipped 0/0, prints OK -- the trap) ---
[2026-07-31 17:59:42]     rc=0
        SET_ROWS_TURBO3(type_idx=i32,ne0=128,ne1=16,r=1): not supported [Vulkan0] 
        SET_ROWS_TURBO3(type_idx=i32,ne0=128,ne1=16,r=4): not supported [Vulkan0] 
        SET_ROWS_TURBO3(type_idx=i32,ne0=128,ne1=16,r=7): not supported [Vulkan0] 
        SET_ROWS_TURBO3(type_idx=i32,ne0=256,ne1=16,r=1): not supported [Vulkan0] 
        SET_ROWS_TURBO3(type_idx=i32,ne0=256,ne1=16,r=4): not supported [Vulkan0] 
        SET_ROWS_TURBO3(type_idx=i32,ne0=256,ne1=16,r=7): not supported [Vulkan0] 
      Backend 2/2: CPU
        Skipping CPU backend
      2/2 backends passed
      [1;32mOK[0m
[2026-07-31 17:59:42] ########## MATRIX: 11a8377bd (wave64 ballot fix) ##########
    kturbo4_vturbo3  gzip=0.4866 (ref 0.4866) chars=2012  sha=b031d9c337e8 (ref b031d9c337e8) SAME-AS-11a8377bd
                     '1.  **Analyze the Request:**\n    *   **Topic:** Linux.\n    *   **Format:** Essay.\n    *   **Length:*'
    kf16_vf16        gzip=0.5024 (ref 0.5097) chars=1893  sha=22d6baa6872c (ref ad9dd4fa776f) CHANGED
                     '1.  **Analyze the Request:**\n    *   **Topic:** Linux.\n    *   **Format:** Essay.\n    *   **Length:*'
    kturbo4_vturbo4  gzip=0.5024 (ref 0.5024) chars=1871  sha=9e33a09474a1 (ref 9e33a09474a1) SAME-AS-11a8377bd
                     '1.  **Analyze the Request:**\n    *   **Topic:** Linux.\n    *   **Format:** Essay.\n    *   **Length:*'
    kturbo4_vturbo2  gzip=0.5021 (ref 0.5021) chars=1944  sha=0b3b5c4235d5 (ref 0b3b5c4235d5) SAME-AS-11a8377bd
                     '1.  **Analyze the Request:**\n    *   **Topic:** Linux.\n    *   **Format:** Essay.\n    *   **Length:*'
    kturbo3_vturbo3  PARSE FAIL Expecting value: line 1 column 1 (char 0)
[2026-07-31 18:44:48]     kf16_vturbo3 SERVER FAILED
[2026-07-31 18:58:19]     kturbo3_vf16 SERVER FAILED
[2026-07-31 18:58:27] ===== ALL DONE =====
