2026-10-02 16:34:07 == recipe start; cfg: 150.00 W, 1063 MHz 
2026-10-02 16:36:52 setup: shards 2+3 interleaved in 163 s; FilePages 37779.85 37678.17 75458.02
2026-10-02 16:37:15 R1: server died (recorded as its result): ~/buun-0b278/ggml/src/ggml-backend-meta.cpp:1702: GGML_ASSERT(bufs.back() != nullptr) failed
0.13.528.791 E ggml_backend_cuda_buffer_type_alloc_buffer: allocating 4085.00 MiB on device 0: cudaMalloc failed: out of memory
2026-10-02 16:37:15 R1: no server
2026-10-02 16:37:33 R2: verified; kv_unified = 'true'; VRAM 14509 14509 14509 14509 
G0 PASS :: '1, 2, 3, 4, 5, 6, 7, 8, 9, 10, 11, 12, 13, 14, 15, 16, 17, 18, 19, 20'
{"cell": "R2", "n": 2048, "rep": 1, "prompt_n": 2048, "prompt_ms": 5091.54, "pps": 402.23586576949214, "wall_s": 5.23}
{"cell": "R2", "n": 2048, "rep": 2, "prompt_n": 2048, "prompt_ms": 4980.368, "pps": 411.2145929778683, "wall_s": 5.19}
{"cell": "R2", "n": 2048, "rep": 3, "prompt_n": 2048, "prompt_ms": 4935.309, "pps": 414.96895128552234, "wall_s": 5.15}
{"cell": "R2", "n": 8192, "rep": 1, "prompt_n": 8192, "prompt_ms": 19287.045, "pps": 424.74106323700704, "wall_s": 19.59}
{"cell": "R2", "n": 8192, "rep": 2, "prompt_n": 8192, "prompt_ms": 19022.335, "pps": 430.65165238652355, "wall_s": 19.57}
{"cell": "R2", "n": 8192, "rep": 3, "prompt_n": 8192, "prompt_ms": 19049.487, "pps": 430.03782726537463, "wall_s": 19.6}
{"cell": "R2", "pass": 1, "n": 1, "ok": 1, "fail": 0, "wall_s": 17.75, "agg_tps": 14.42, "per_stream": [15.41], "draft_n": 0, "draft_acc": 0, "errs": []}
{"cell": "R2", "pass": 1, "n": 2, "ok": 2, "fail": 0, "wall_s": 17.95, "agg_tps": 28.52, "per_stream": [15.41, 15.41], "draft_n": 0, "draft_acc": 0, "errs": []}
{"cell": "R2", "pass": 1, "n": 4, "ok": 4, "fail": 0, "wall_s": 21.23, "agg_tps": 48.23, "per_stream": [13.91, 13.91, 13.91, 13.91], "draft_n": 0, "draft_acc": 0, "errs": []}
{"cell": "R2", "pass": 2, "n": 1, "ok": 1, "fail": 0, "wall_s": 18.15, "agg_tps": 14.1, "per_stream": [15.69], "draft_n": 0, "draft_acc": 0, "errs": []}
{"cell": "R2", "pass": 2, "n": 2, "ok": 2, "fail": 0, "wall_s": 17.93, "agg_tps": 28.55, "per_stream": [15.3, 15.3], "draft_n": 0, "draft_acc": 0, "errs": []}
{"cell": "R2", "pass": 2, "n": 4, "ok": 4, "fail": 0, "wall_s": 21.51, "agg_tps": 47.6, "per_stream": [13.85, 13.85, 13.85, 13.85], "draft_n": 0, "draft_acc": 0, "errs": []}
{"cell": "R2", "pass": 1, "n": 1, "ok": 1, "fail": 0, "wall_s": 17.96, "agg_tps": 14.26, "per_stream": [15.61], "draft_n": 0, "draft_acc": 0, "errs": []}
{"cell": "R2", "pass": 1, "n": 2, "ok": 2, "fail": 0, "wall_s": 17.82, "agg_tps": 28.73, "per_stream": [15.47, 15.47], "draft_n": 0, "draft_acc": 0, "errs": []}
{"cell": "R2", "pass": 1, "n": 4, "ok": 4, "fail": 0, "wall_s": 20.64, "agg_tps": 49.61, "per_stream": [13.9, 13.9, 13.9, 13.91], "draft_n": 0, "draft_acc": 0, "errs": []}
{"cell": "R2", "pass": 2, "n": 1, "ok": 1, "fail": 0, "wall_s": 18.04, "agg_tps": 14.19, "per_stream": [15.51], "draft_n": 0, "draft_acc": 0, "errs": []}
{"cell": "R2", "pass": 2, "n": 2, "ok": 2, "fail": 0, "wall_s": 17.99, "agg_tps": 28.46, "per_stream": [15.31, 15.31], "draft_n": 0, "draft_acc": 0, "errs": []}
{"cell": "R2", "pass": 2, "n": 4, "ok": 4, "fail": 0, "wall_s": 20.66, "agg_tps": 49.55, "per_stream": [13.89, 13.89, 13.89, 13.89], "draft_n": 0, "draft_acc": 0, "errs": []}
2026-10-02 16:42:42 R2: done; pps [(2048, 402.2), (2048, 411.2), (2048, 415.0), (8192, 424.7), (8192, 430.7), (8192, 430.0)]; n-stream agg [(1, 14.42, 0), (2, 28.52, 0), (4, 48.23, 0), (1, 14.1, 0), (2, 28.55, 0), (4, 47.6, 0), (1, 14.26, 0), (2, 28.73, 0), (4, 49.61, 0), (1, 14.19, 0), (2, 28.46, 0), (4, 49.55, 0)]
2026-10-02 16:42:45 == recipe done
2026-10-02 17:42:47 == recipe start; cfg: 150.00 W, 1063 MHz 
2026-10-02 17:45:47 setup: shards 2+3 interleaved in 164 s; FilePages 37796.84 37687.07 75483.91
2026-10-02 17:46:10 R1b: server died (recorded as its result): ~/buun-0b278/ggml/src/ggml-backend-meta.cpp:1702: GGML_ASSERT(bufs.back() != nullptr) failed
0.13.428.538 E ggml_backend_cuda_buffer_type_alloc_buffer: allocating 2042.50 MiB on device 1: cudaMalloc failed: out of memory
2026-10-02 17:46:10 R1b: no server
2026-10-02 17:46:10 == recipe done
2026-10-02 18:04:38 == recipe start; cfg: 150.00 W, 1063 MHz 
2026-10-02 18:05:11 R1c: server died (recorded as its result): 0.29.703.933 E srv    load_model: failed to create draft context
0.29.705.754 E srv  llama_server: exiting due to model loading error
2026-10-02 18:05:11 R1c: no server
2026-10-02 18:05:12 == recipe done
