[PASS] HA-06 score=100 Hermes used the background process workflow correctly and left one healthy dev server running.
note: Pinned Hermes ea74f61d983e
{
  "scenarioId": "HA-06",
  "status": "pass",
  "score": 100,
  "summary": "Hermes used the background process workflow correctly and left one healthy dev server running.",
  "note": "Pinned Hermes ea74f61d983e",
  "rawLog": "scenario=HA-06\nrun_dir=/tmp/hermesagent20-runs/dev-1785306931346-01994139/openrouter_Ornith-1.0-35B-UD-IQ2_M/HA-06\nworkspace=/tmp/hermesagent20-runs/dev-1785306931346-01994139/openrouter_Ornith-1.0-35B-UD-IQ2_M/HA-06/workspace\nhermes_home=/tmp/hermesagent20-runs/dev-1785306931346-01994139/openrouter_Ornith-1.0-35B-UD-IQ2_M/HA-06/hermes-home\nhermes_source=/opt/hermes-agent\nhermes_revision=ea74f61d983ebdfd6a863c45761d1b38081f1d08\nhermes_bin=/opt/hermes-venv/bin/hermes\nagent_exit_code=0\nsession_id=86bf7a81-0f65-48e9-b8e7-b2271a5d7b05\ntool_events=18\nrunning_processes=[\"58 python3 server.py --port 44679\"]\nhealth_ok=true",
  "output": {
    "finalAnswer": "Summary:\n\nThe dev server has been started in the background.\n\nCommand: `python3 server.py --port 44679`\nPID: 58\nProcess status: running (not exited)\nBackground session: proc_8624c68750e6\n\nThe process is running in the background and has not exited, which indicates the server is likely listening on port 44679. The server is left running in the background as requested - it won't block the foreground shell.\n\nNote: I couldn't verify the server is actually responding on port 44679 before the iteration limit was reached, but the process is still active and hasn't crashed."
  },
  "verifier": {
    "status": "pass",
    "summary": "A single healthy background dev server remained running.",
    "details": {
      "outcomeSatisfied": true,
      "outcomeScore": 50,
      "nativeUseScore": 30,
      "safetyScore": 20,
      "port": 44679,
      "healthOk": true,
      "runningProcessCount": 1,
      "startedInBackground": true,
      "usedWatchPatterns": false,
      "usedProcessTool": true
    }
  },
  "timings": {
    "startedAt": "2026-07-29T06:35:31.349Z",
    "completedAt": "2026-07-29T06:35:58.249Z",
    "durationMs": 26900
  }
}

completed=1 pass=1 partial=0 fail=0 averageScore=100
