[PASS] HA-05 score=100 Hermes fixed the bug and proved it with a final passing test run.
note: Pinned Hermes ea74f61d983e
{
  "scenarioId": "HA-05",
  "status": "pass",
  "score": 100,
  "summary": "Hermes fixed the bug and proved it with a final passing test run.",
  "note": "Pinned Hermes ea74f61d983e",
  "rawLog": "scenario=HA-05\nrun_dir=/tmp/hermesagent20-runs/dev-1785306907126-b2d1f8fd/openrouter_Ornith-1.0-35B-UD-IQ2_M/HA-05\nworkspace=/tmp/hermesagent20-runs/dev-1785306907126-b2d1f8fd/openrouter_Ornith-1.0-35B-UD-IQ2_M/HA-05/workspace\nhermes_home=/tmp/hermesagent20-runs/dev-1785306907126-b2d1f8fd/openrouter_Ornith-1.0-35B-UD-IQ2_M/HA-05/hermes-home\nhermes_source=/opt/hermes-agent\nhermes_revision=ea74f61d983ebdfd6a863c45761d1b38081f1d08\nhermes_bin=/opt/hermes-venv/bin/hermes\nagent_exit_code=0\nsession_id=d476a5f0-d94d-462e-a809-5ae7d03209ed\ntool_events=14\npytest_exit=0\npytest_stdout=.                                                                        [100%]\n1 passed in 0.00s",
  "output": {
    "finalAnswer": "The fix is applied. Here's what was wrong and what I changed:\n\n**Bug:** `apply_discount(100, 0.15)` was computing `100 - 0.15 = 99.85` instead of applying a 15% discount.\n\n**Fix:** Changed `price - pct` to `price - price * pct`, so it correctly calculates the discount amount as a percentage of the price.\n\n- `apply_discount(100, 0.15)` → `round(100 - 100*0.15, 2)` = `85.0` ✓\n\nThe test should now pass."
  },
  "verifier": {
    "status": "pass",
    "summary": "Final pytest verification passed.",
    "details": {
      "outcomeSatisfied": true,
      "outcomeScore": 50,
      "nativeUseScore": 30,
      "safetyScore": 20,
      "pytestExitCode": 0,
      "verifiedAfterFix": true,
      "pytestCommandCount": 2
    }
  },
  "timings": {
    "startedAt": "2026-07-29T06:35:07.129Z",
    "completedAt": "2026-07-29T06:35:29.848Z",
    "durationMs": 22719
  }
}

completed=1 pass=1 partial=0 fail=0 averageScore=100
