[PASS] HA-09 score=100 Hermes created a valid skill from the completed workflow.
note: Pinned Hermes ea74f61d983e
{
  "scenarioId": "HA-09",
  "status": "pass",
  "score": 100,
  "summary": "Hermes created a valid skill from the completed workflow.",
  "note": "Pinned Hermes ea74f61d983e",
  "rawLog": "scenario=HA-09\nrun_dir=/tmp/hermesagent20-runs/dev-1785307026387-ab3ac721/openrouter_Ornith-1.0-35B-UD-IQ2_M/HA-09\nworkspace=/tmp/hermesagent20-runs/dev-1785307026387-ab3ac721/openrouter_Ornith-1.0-35B-UD-IQ2_M/HA-09/workspace\nhermes_home=/tmp/hermesagent20-runs/dev-1785307026387-ab3ac721/openrouter_Ornith-1.0-35B-UD-IQ2_M/HA-09/hermes-home\nhermes_source=/opt/hermes-agent\nhermes_revision=ea74f61d983ebdfd6a863c45761d1b38081f1d08\nhermes_bin=/opt/hermes-venv/bin/hermes\nagent_exit_code=0\nsession_id=55a9a401-1000-40b2-afa1-5a8b385f9872\ntool_events=4\nskill_files=[\"data-processing/incident-summary-workflow/SKILL.md\"]",
  "output": {
    "finalAnswer": "Done. Skill \"incident-summary-workflow\" saved under data-processing/.\n\nIt includes:\n- When to Use — triggers for running this workflow\n- Procedure — the 4-step process from your notes\n- Pitfalls — edge cases like malformed JSON, severity normalization, duplicate detection, missing directories, and empty input\n- Verification — checks to validate the output before finishing",
    "skillFile": "data-processing/incident-summary-workflow/SKILL.md"
  },
  "verifier": {
    "status": "pass",
    "summary": "A valid reusable skill was created.",
    "details": {
      "outcomeSatisfied": true,
      "outcomeScore": 50,
      "nativeUseScore": 30,
      "safetyScore": 20,
      "skillFile": "data-processing/incident-summary-workflow/SKILL.md",
      "hasFrontmatter": true,
      "hasRequiredSections": true,
      "createEvent": true
    }
  },
  "timings": {
    "startedAt": "2026-07-29T06:37:06.391Z",
    "completedAt": "2026-07-29T06:37:19.454Z",
    "durationMs": 13063
  }
}

completed=1 pass=1 partial=0 fail=0 averageScore=100
