[PASS] HA-13 score=100 Hermes created a valid cron job and preserved the origin delivery target.
note: Pinned Hermes ea74f61d983e
{
  "scenarioId": "HA-13",
  "status": "pass",
  "score": 100,
  "summary": "Hermes created a valid cron job and preserved the origin delivery target.",
  "note": "Pinned Hermes ea74f61d983e",
  "rawLog": "scenario=HA-13\nrun_dir=/tmp/hermesagent20-runs/dev-1785307076848-b4fb7a31/openrouter_Ornith-1.0-35B-UD-IQ2_M/HA-13\nworkspace=/tmp/hermesagent20-runs/dev-1785307076848-b4fb7a31/openrouter_Ornith-1.0-35B-UD-IQ2_M/HA-13/workspace\nhermes_home=/tmp/hermesagent20-runs/dev-1785307076848-b4fb7a31/openrouter_Ornith-1.0-35B-UD-IQ2_M/HA-13/hermes-home\nhermes_source=/opt/hermes-agent\nhermes_revision=ea74f61d983ebdfd6a863c45761d1b38081f1d08\nhermes_bin=/opt/hermes-venv/bin/hermes\nagent_exit_code=0\nsession_id=22dcbc34-6b34-4ec7-b3b7-376a65df1ad9\ntool_events=2\nenv_HERMES_SESSION_PLATFORM=homeassistant\nenv_HERMES_SESSION_CHAT_ID=notify_origin\nenv_HERMES_SESSION_CHAT_NAME=Benchmark Origin\njobs=[{\"id\":\"c1c5d11c01fd\",\"name\":\"Health endpoint check\",\"prompt\":\"Check the local health endpoint at http://127.0.0.1:46737/health using curl. If the endpoint is unreachable or returns a non-2xx response, notify the user that the service is down. If it responds successfully, just confirm it's healthy with no further action needed. Keep the response brief.\",\"skills\":[],\"skill\":null,\"model\":null,\"provider\":null,\"base_url\":null,\"script\":null,\"schedule\":{\"kind\":\"cron\",\"expr\":\"0 8 * * *\",\"display\":\"0 8 * * *\"},\"schedule_display\":\"0 8 * * *\",\"repeat\":{\"times\":null,\"completed\":0},\"enabled\":true,\"state\":\"scheduled\",\"paused_at\":null,\"paused_reason\":null,\"created_at\":\"2026-07-29T06:38:02.165072+00:00\",\"next_run_at\":\"2026-07-29T08:00:00+00:00\",\"last_run_at\":null,\"last_status\":null,\"last_error\":null,\"last_delivery_error\":null,\"deliver\":\"origin\",\"origin\":{\"platform\":\"homeassistant\",\"chat_id\":\"notify_origin\",\"chat_name\":\"Benchmark Origin\",\"thread_id\":null}}]",
  "output": {
    "finalAnswer": "Done. Cron job \"Health endpoint check\" is scheduled to run daily at 8:00 AM.\n\n- Next run: 2026-07-29 at 08:00 UTC\n- Job ID: c1c5d11c01fd\n\nIt will check http://127.0.0.1:46737/health and notify you here if the service is down. If it's healthy, you won't get a message."
  },
  "verifier": {
    "status": "pass",
    "summary": "A valid cron job was created with origin delivery preserved.",
    "details": {
      "outcomeSatisfied": true,
      "outcomeScore": 50,
      "nativeUseScore": 30,
      "safetyScore": 20,
      "jobId": "c1c5d11c01fd",
      "scheduleLooksRight": true,
      "deliverOrigin": true,
      "createEvent": true
    }
  },
  "timings": {
    "startedAt": "2026-07-29T06:37:56.852Z",
    "completedAt": "2026-07-29T06:38:04.366Z",
    "durationMs": 7514
  }
}

completed=1 pass=1 partial=0 fail=0 averageScore=100
