[FAIL] HA-16 score=15 Hermes failed to send the message to the correct named target.
note: Pinned Hermes ea74f61d983e
{
  "scenarioId": "HA-16",
  "status": "fail",
  "score": 15,
  "summary": "Hermes failed to send the message to the correct named target.",
  "note": "Pinned Hermes ea74f61d983e",
  "rawLog": "scenario=HA-16\nrun_dir=/tmp/hermesagent20-runs/dev-1785307106975-0933dc18/openrouter_Ornith-1.0-35B-UD-IQ2_M/HA-16\nworkspace=/tmp/hermesagent20-runs/dev-1785307106975-0933dc18/openrouter_Ornith-1.0-35B-UD-IQ2_M/HA-16/workspace\nhermes_home=/tmp/hermesagent20-runs/dev-1785307106975-0933dc18/openrouter_Ornith-1.0-35B-UD-IQ2_M/HA-16/hermes-home\nhermes_source=/opt/hermes-agent\nhermes_revision=ea74f61d983ebdfd6a863c45761d1b38081f1d08\nhermes_bin=/opt/hermes-venv/bin/hermes\nagent_exit_code=0\nsession_id=4ed1237d-fde1-4775-b89a-e41b986f5efa\ntool_events=14\nenv_HASS_TOKEN=bench-token\nenv_HASS_URL=http://127.0.0.1:35175\nenv_HERMES_SESSION_PLATFORM=homeassistant\nenv_HERMES_SESSION_CHAT_ID=notify_home\ndelivery=undefined",
  "output": {
    "finalAnswer": "I'm unable to send the message. The homeassistant integration isn't configured with a home channel, so it can't resolve the engineering channel. You'll need to set it up first:\n\n  hermes config set HOMEASSISTANT_HOME_CHANNEL <channel_id>\n\nOnce configured, I can send the summary to the engineering channel. The content to send is:\n\n  Weekly benchmark summary: 3 regressions fixed, 0 new failures."
  },
  "verifier": {
    "status": "fail",
    "summary": "The message was not delivered to the intended engineering target.",
    "details": {
      "outcomeSatisfied": false,
      "outcomeScore": 0,
      "nativeUseScore": 15,
      "safetyScore": 0,
      "usedListFirst": false
    }
  },
  "timings": {
    "startedAt": "2026-07-29T06:38:26.978Z",
    "completedAt": "2026-07-29T06:38:43.570Z",
    "durationMs": 16592
  }
}

completed=1 pass=0 partial=0 fail=1 averageScore=15
