2026-09-13 09:40:28 === buun's EXL3 test suite on gfx1201
2026-09-13 09:40:54   test-exl3-cpu: Passed    1
2026-09-13 09:40:54   test-exl3-cpu-cache: Passed    4
2026-09-13 09:40:54   test-exl3-gpu-oracle: Passed    1
2026-09-13 09:40:54   test-exl3-byte-dot: Passed    0
2026-09-13 09:40:54   test-exl3-dense-batch--1: Passed    5
2026-09-13 09:40:54   test-exl3-dense-batch-1: Passed    5
2026-09-13 09:40:54   test-exl3-dense-batch-2: Passed    5
2026-09-13 09:40:54   test-exl3-residual-policy--1: Passed    0
2026-09-13 09:40:54   test-exl3-residual-policy-0: Passed    0
2026-09-13 09:40:54   test-exl3-residual-policy-1: Passed    0
2026-09-13 09:40:54   test-exl3-residual-policy-2: Passed    0
2026-09-13 09:40:54   ctest rc=0
2026-09-13 09:41:08 === H-06 at -ngl 99 (VRAM before 1.76 GB)
2026-09-13 09:41:12   loaded in 3s  VRAM +1.45 GB  RSS 0.72 GB
2026-09-13 09:41:12   fact: 'Paris'
2026-09-13 09:41:18   speed 1: 63.47 t/s
2026-09-13 09:41:18   speed 2: 64.56 t/s
2026-09-13 09:41:18   speed 3: 64.73 t/s
2026-09-13 09:41:21 === H-27-3 at -ngl 99 (VRAM before 1.76 GB)
2026-09-13 09:41:34   loaded in 13s  VRAM +11.19 GB  RSS 3.12 GB
2026-09-13 09:41:35   fact: 'Paris'
2026-09-13 09:41:53   speed 1: 22.88 t/s
2026-09-13 09:41:53   speed 2: 22.93 t/s
2026-09-13 09:41:53   speed 3: 22.55 t/s
2026-09-13 09:42:14 === H-06 at -ngl 0 (VRAM before 2.09 GB)
2026-09-13 09:42:19   loaded in 4s  VRAM +0.22 GB  RSS 1.39 GB
2026-09-13 09:42:21   fact: 'Paris'
2026-09-13 09:43:14   speed 1: 7.60 t/s
2026-09-13 09:43:14   speed 2: 7.51 t/s
2026-09-13 09:43:14   speed 3: 7.54 t/s
