  HumanEval/32     k0 finish=stop    tok=1030   rc=2290    gzip=0.4357080799304952
  HumanEval/32     k1 finish=stop    tok=1249   rc=2912    gzip=0.4228395061728395
  HumanEval/91     k0 finish=stop    tok=476    rc=443     gzip=0.636568848758465
  HumanEval/91     k1 finish=stop    tok=507    rc=827     gzip=0.5779927448609432
  HumanEval/132    k0 finish=stop    tok=1609   rc=5009    gzip=0.34096793467436765
  HumanEval/132    k1 finish=stop    tok=1543   rc=4752    gzip=0.332563025210084
  HumanEval/145    k0 finish=stop    tok=1660   rc=1650    gzip=0.461864406779661
  HumanEval/145    k1 finish=stop    tok=736    rc=838     gzip=0.5167064439140812
  HumanEval/0      k0 finish=stop    tok=313    rc=290     gzip=0.6862068965517242
  HumanEval/0      k1 finish=stop    tok=207    rc=123     gzip=None
  HumanEval/10     k0 finish=stop    tok=1058   rc=1806    gzip=0.3743078626799557
  HumanEval/10     k1 finish=stop    tok=684    rc=959     gzip=0.4423676012461059
  HumanEval/20     k0 finish=stop    tok=342    rc=271     gzip=0.7490774907749077
  HumanEval/20     k1 finish=stop    tok=291    rc=107     gzip=None
  HumanEval/30     k0 finish=stop    tok=159    rc=90      gzip=None
  HumanEval/30     k1 finish=stop    tok=159    rc=79      gzip=None
  HumanEval/40     k0 finish=stop    tok=703    rc=596     gzip=0.552013422818792
  HumanEval/40     k1 finish=stop    tok=870    rc=921     gzip=0.49375
  HumanEval/50     k0 finish=stop    tok=209    rc=294     gzip=0.6394557823129252
  HumanEval/50     k1 finish=stop    tok=119    rc=168     gzip=None

=== KAT-Coder-V2.5-Dev-Q4_K_M tag=kat ===
cap-hitters (finish=length): n=0 median gzip=None
terminators                : n=15 median gzip=0.4938
all gzip ratios sorted: [0.3326, 0.341, 0.3743, 0.4228, 0.4357, 0.4424, 0.4619, 0.4938, 0.5167, 0.552, 0.578, 0.6366, 0.6395, 0.6862, 0.7491]
-> loop_probe_kat.json  +  loop_traces_kat/
