[preflight] OK: grader passes HumanEval/0 canonical solution (/home/mark/venv/bin/python3)
[  1/164] HumanEval/0    pass_frac=1.00  buckets=P,P,P  toks=[413, 297, 431]
[  2/164] HumanEval/1    pass_frac=1.00  buckets=P,P,P  toks=[681, 442, 299]
[  3/164] HumanEval/2    pass_frac=1.00  buckets=P,P,P  toks=[355, 374, 223]
[  4/164] HumanEval/3    pass_frac=1.00  buckets=P,P,P  toks=[122, 91, 128]
[  5/164] HumanEval/4    pass_frac=1.00  buckets=P,P,P  toks=[533, 226, 432]
[  6/164] HumanEval/5    pass_frac=1.00  buckets=P,P,P  toks=[149, 191, 259]
[  7/164] HumanEval/6    pass_frac=1.00  buckets=P,P,P  toks=[464, 281, 244]
[  8/164] HumanEval/7    pass_frac=1.00  buckets=P,P,P  toks=[176, 209, 104]
[  9/164] HumanEval/8    pass_frac=1.00  buckets=P,P,P  toks=[153, 84, 102]
[ 10/164] HumanEval/9    pass_frac=1.00  buckets=P,P,P  toks=[204, 159, 246]
[ 11/164] HumanEval/10   pass_frac=0.67  buckets=P,W,P  toks=[745, 571, 4483]
[ 12/164] HumanEval/11   pass_frac=1.00  buckets=P,P,P  toks=[549, 2986, 131]
[ 13/164] HumanEval/12   pass_frac=1.00  buckets=P,P,P  toks=[179, 112, 572]
[ 14/164] HumanEval/13   pass_frac=1.00  buckets=P,P,P  toks=[246, 187, 181]
[ 15/164] HumanEval/14   pass_frac=1.00  buckets=P,P,P  toks=[125, 87, 108]
[ 16/164] HumanEval/15   pass_frac=1.00  buckets=P,P,P  toks=[161, 220, 102]
[ 17/164] HumanEval/16   pass_frac=1.00  buckets=P,P,P  toks=[285, 85, 124]
[ 18/164] HumanEval/17   pass_frac=1.00  buckets=P,P,P  toks=[201, 232, 264]
[ 19/164] HumanEval/18   pass_frac=1.00  buckets=P,P,P  toks=[461, 1479, 835]
[ 20/164] HumanEval/19   pass_frac=1.00  buckets=P,P,P  toks=[295, 305, 301]
[ 21/164] HumanEval/20   pass_frac=1.00  buckets=P,P,P  toks=[631, 479, 377]
[ 22/164] HumanEval/21   pass_frac=1.00  buckets=P,P,P  toks=[954, 462, 745]
[ 23/164] HumanEval/22   pass_frac=0.67  buckets=P,P,W  toks=[628, 218, 2326]
[ 24/164] HumanEval/23   pass_frac=1.00  buckets=P,P,P  toks=[92, 131, 128]
