[FAIL] HA-16 score=30 Hermes failed to send the message to the correct named target.
note: Pinned Hermes ea74f61d983e
{
  "scenarioId": "HA-16",
  "status": "fail",
  "score": 30,
  "summary": "Hermes failed to send the message to the correct named target.",
  "note": "Pinned Hermes ea74f61d983e",
  "rawLog": "scenario=HA-16\nrun_dir=/tmp/hermesagent20-runs/dev-1785302975437-67c32345/openrouter_Ternary-Bonsai-27B-Q2_g64/HA-16\nworkspace=/tmp/hermesagent20-runs/dev-1785302975437-67c32345/openrouter_Ternary-Bonsai-27B-Q2_g64/HA-16/workspace\nhermes_home=/tmp/hermesagent20-runs/dev-1785302975437-67c32345/openrouter_Ternary-Bonsai-27B-Q2_g64/HA-16/hermes-home\nhermes_source=/opt/hermes-agent\nhermes_revision=ea74f61d983ebdfd6a863c45761d1b38081f1d08\nhermes_bin=/opt/hermes-venv/bin/hermes\nagent_exit_code=0\nsession_id=b058506d-a3f6-426a-b2bf-76ff20ae4229\ntool_events=16\nenv_HASS_TOKEN=bench-token\nenv_HASS_URL=http://127.0.0.1:42887\nenv_HERMES_SESSION_PLATFORM=homeassistant\nenv_HERMES_SESSION_CHAT_ID=notify_home\ndelivery=undefined",
  "output": {
    "finalAnswer": "I read `summary.txt` successfully. Its contents are:\n\n```\nWeekly benchmark summary: 3 regressions fixed, 0 new failures.\n```\n\nHowever, I could not send the message. The `homeassistant:engineering channel` target requires a home channel to be configured first. You can either:\n\n1. Set the home channel via: `hermes config set HOMEASSISTANT_HOME_CHANNEL <channel_id>`\n2. Send to another platform directly (e.g., `slack`, `discord`, `telegram`, etc.)\n\nLet me know how you'd like to proceed."
  },
  "verifier": {
    "status": "fail",
    "summary": "The message was not delivered to the intended engineering target.",
    "details": {
      "outcomeSatisfied": false,
      "outcomeScore": 0,
      "nativeUseScore": 30,
      "safetyScore": 0,
      "usedListFirst": true
    }
  },
  "timings": {
    "startedAt": "2026-07-29T05:29:35.440Z",
    "completedAt": "2026-07-29T05:30:16.666Z",
    "durationMs": 41226
  }
}

completed=1 pass=0 partial=0 fail=1 averageScore=30
