[2026-07-20_12:38:21] === IMAT vs NOIMAT, 2x2 ===
[2026-07-20_12:38:21] ladder reference: BF16 6.5159 | Q8_0 6.5334 | Q3_K_M(imat) 6.4370
[2026-07-20_12:38:21] --- A_imat_wiki ---
[2026-07-20_12:38:53] A_imat_wiki PPL = FAILED
[2026-07-20_12:38:53] --- C_noimat_wiki ---
[2026-07-20_12:39:49] C_noimat_wiki PPL = FAILED
[2026-07-20_12:39:49] --- B_imat_notes ---
[2026-07-20_12:40:17] B_imat_notes PPL = FAILED
[2026-07-20_12:40:17] --- D_noimat_notes ---
[2026-07-20_12:40:43] D_noimat_notes PPL = FAILED
[2026-07-20_12:40:43] === summary ===
A_imat_wiki FAILED
C_noimat_wiki FAILED
B_imat_notes FAILED
D_noimat_notes FAILED
incomplete run, no verdict
[2026-07-20_12:51:29] A_imat_wiki PPL = 6.5840
[2026-07-20_12:51:29] --- C_noimat_wiki ---
[2026-07-20_13:04:29] C_noimat_wiki PPL = 6.2846
[2026-07-20_13:04:29] --- B_imat_notes ---
[2026-07-20_13:17:28] B_imat_notes PPL = 9.7693
[2026-07-20_13:17:28] --- D_noimat_notes ---
[2026-07-20_13:30:25] D_noimat_notes PPL = 9.8811
[2026-07-20_13:30:25] === summary ===
A_imat_wiki FAILED
C_noimat_wiki FAILED
B_imat_notes FAILED
D_noimat_notes FAILED
A_imat_wiki 6.5840
C_noimat_wiki 6.2846
B_imat_notes 9.7693
D_noimat_notes 9.8811
imatrix benefit on wikitext  (C-A) = -0.2994
imatrix benefit on own notes (D-B) = +0.1118
P-IMAT1 (FALSIFIED): overlap signature absent
P-IMAT2 (FALSIFIED): NOIMAT wikitext 6.2846 vs BF16 base 6.5159
