0.39.829.574 I 
0.39.829.708 I system_info: n_threads = 20 (n_threads_batch = 20) / 40 | CUDA : ARCHS = 600 | USE_GRAPHS = 1 | CPU : SSE3 = 1 | SSSE3 = 1 | AVX = 1 | AVX2 = 1 | F16C = 1 | FMA = 1 | BMI2 = 1 | LLAMAFILE = 1 | OPENMP = 1 | REPACK = 1 | 
0.40.248.125 I kl_divergence: computing over 32 chunks, n_ctx=2048, batch_size=2048, n_seq=1
1.03.308.860 I kl_divergence: 23.06 seconds per pass - ETA 12.28 minutes

chunk             PPL               ln(PPL(Q)/PPL(base))          KL Divergence              Δp RMS            Same top p
   1       4.8311 ±    0.3450       0.00666 ±    0.00565       0.01944 ±    0.00359     4.428 ±  0.516 %    95.210 ±  0.668 %
   2       5.8596 ±    0.3046       0.00335 ±    0.00390       0.01502 ±    0.00182     3.621 ±  0.321 %    94.966 ±  0.484 %
   3       6.2921 ±    0.2740       0.00856 ±    0.00327       0.01478 ±    0.00172     3.610 ±  0.336 %    95.308 ±  0.382 %
   4       6.8269 ±    0.2769       0.02047 ±    0.00591       0.02790 ±    0.00492     4.656 ±  0.482 %    95.186 ±  0.335 %
   5       6.8577 ±    0.2520       0.01781 ±    0.00504       0.02825 ±    0.00433     4.688 ±  0.424 %    95.230 ±  0.298 %
   6       5.9157 ±    0.1918       0.01930 ±    0.00460       0.03107 ±    0.00420     5.026 ±  0.393 %    95.129 ±  0.275 %
   7       6.3075 ±    0.2073       0.01878 ±    0.00843       0.11344 ±    0.01273     6.504 ±  0.413 %    94.177 ±  0.277 %
   8       6.0747 ±    0.1827       0.01784 ±    0.00742       0.10107 ±    0.01115     6.216 ±  0.380 %    94.269 ±  0.257 %
   9       6.5265 ±    0.1890       0.01956 ±    0.00677       0.09503 ±    0.00997     6.019 ±  0.350 %    94.265 ±  0.242 %
  10       6.4946 ±    0.1768       0.01893 ±    0.00611       0.08622 ±    0.00897     5.749 ±  0.330 %    94.497 ±  0.225 %
  11       6.4855 ±    0.1663       0.01941 ±    0.00558       0.07938 ±    0.00816     5.541 ±  0.311 %    94.597 ±  0.213 %
  12       6.6982 ±    0.1647       0.02031 ±    0.00515       0.07439 ±    0.00751     5.366 ±  0.295 %    94.607 ±  0.204 %
  13       6.6820 ±    0.1565       0.01989 ±    0.00477       0.06950 ±    0.00693     5.225 ±  0.280 %    94.556 ±  0.197 %
  14       6.6909 ±    0.1499       0.01956 ±    0.00444       0.06540 ±    0.00644     5.142 ±  0.268 %    94.707 ±  0.187 %
  15       6.6707 ±    0.1434       0.01851 ±    0.00417       0.06189 ±    0.00601     5.048 ±  0.256 %    94.689 ±  0.181 %
  16       7.0621 ±    0.1512       0.02262 ±    0.00403       0.06121 ±    0.00571     5.070 ±  0.245 %    94.587 ±  0.177 %
  17       7.0437 ±    0.1447       0.02161 ±    0.00380       0.05810 ±    0.00537     4.950 ±  0.236 %    94.589 ±  0.172 %
  18       7.0755 ±    0.1406       0.02116 ±    0.00360       0.05550 ±    0.00508     4.875 ±  0.227 %    94.618 ±  0.166 %
  19       7.0214 ±    0.1360       0.02086 ±    0.00364       0.05749 ±    0.00504     5.024 ±  0.225 %    94.613 ±  0.162 %
  20       6.8249 ±    0.1282       0.02442 ±    0.00368       0.06214 ±    0.00518     5.320 ±  0.224 %    94.550 ±  0.159 %
  21       6.8290 ±    0.1249       0.02353 ±    0.00359       0.06089 ±    0.00496     5.267 ±  0.217 %    94.540 ±  0.155 %
  22       6.8172 ±    0.1216       0.02314 ±    0.00344       0.05867 ±    0.00474     5.203 ±  0.210 %    94.637 ±  0.150 %
  23       6.8054 ±    0.1181       0.02242 ±    0.00329       0.05644 ±    0.00453     5.111 ±  0.204 %    94.713 ±  0.146 %
  24       6.8544 ±    0.1167       0.02264 ±    0.00327       0.05692 ±    0.00446     5.093 ±  0.199 %    94.697 ±  0.143 %
  25       6.8637 ±    0.1142       0.02280 ±    0.00315       0.05536 ±    0.00428     5.076 ±  0.194 %    94.714 ±  0.140 %
  26       6.7987 ±    0.1104       0.02206 ±    0.00304       0.05358 ±    0.00412     5.005 ±  0.189 %    94.778 ±  0.136 %
  27       6.9816 ±    0.1122       0.02153 ±    0.00296       0.05358 ±    0.00402     4.956 ±  0.184 %    94.747 ±  0.134 %
  28       7.0261 ±    0.1107       0.02109 ±    0.00286       0.05208 ±    0.00388     4.938 ±  0.182 %    94.795 ±  0.131 %
  29       6.9809 ±    0.1077       0.02064 ±    0.00277       0.05070 ±    0.00375     4.899 ±  0.178 %    94.823 ±  0.129 %
  30       6.9008 ±    0.1042       0.02029 ±    0.00269       0.04942 ±    0.00362     4.843 ±  0.174 %    94.865 ±  0.126 %
  31       6.7875 ±    0.1003       0.01990 ±    0.00260       0.04814 ±    0.00351     4.791 ±  0.170 %    94.895 ±  0.124 %
  32       6.6463 ±    0.0962       0.01982 ±    0.00253       0.04720 ±    0.00340     4.806 ±  0.168 %    94.917 ±  0.121 %

====== Perplexity statistics ======
Mean PPL(Q)                   :   6.646314 ±   0.096218
Mean PPL(base)                :   6.515912 ±   0.092679
Cor(ln(PPL(Q)), ln(PPL(base))):  98.46%
Mean ln(PPL(Q)/PPL(base))     :   0.019815 ±   0.002531
Mean PPL(Q)/PPL(base)         :   1.020013 ±   0.002581
Mean PPL(Q)-PPL(base)         :   0.130403 ±   0.016945

====== KL divergence statistics ======
Mean    KLD:   0.047196 ±   0.003398
Maximum KLD:  28.821051
99.9%   KLD:  10.137505
99.0%   KLD:   0.336237
95.0%   KLD:   0.051033
90.0%   KLD:   0.026687
Median  KLD:   0.004780
10.0%   KLD:   0.000079
 5.0%   KLD:   0.000020
 1.0%   KLD:   0.000002
 0.1%   KLD:  -0.000002
Minimum KLD:  -0.000018

====== Token probability statistics ======
Mean    Δp: -0.112 ± 0.027 %
Maximum Δp: 99.949%
99.9%   Δp: 40.188%
99.0%   Δp:  9.002%
95.0%   Δp:  3.892%
90.0%   Δp:  2.210%
75.0%   Δp:  0.409%
Median  Δp: -0.000%
25.0%   Δp: -0.495%
10.0%   Δp: -2.326%
 5.0%   Δp: -4.226%
 1.0%   Δp: -11.034%
 0.1%   Δp: -53.701%
Minimum Δp: -99.932%
RMS Δp    :  4.806 ± 0.168 %
Same top p: 94.917 ± 0.121 %

