0.32.064.811 I 
0.32.064.979 I system_info: n_threads = 20 (n_threads_batch = 20) / 40 | CUDA : ARCHS = 600 | USE_GRAPHS = 1 | CPU : SSE3 = 1 | SSSE3 = 1 | AVX = 1 | AVX2 = 1 | F16C = 1 | FMA = 1 | BMI2 = 1 | LLAMAFILE = 1 | OPENMP = 1 | REPACK = 1 | 
0.32.476.054 I kl_divergence: computing over 32 chunks, n_ctx=2048, batch_size=2048, n_seq=1
0.56.238.207 I kl_divergence: 23.76 seconds per pass - ETA 12.67 minutes

chunk             PPL               ln(PPL(Q)/PPL(base))          KL Divergence              Δp RMS            Same top p
   1       5.0245 ±    0.3611       0.04591 ±    0.01367       0.08204 ±    0.00858     9.684 ±  0.848 %    89.834 ±  0.945 %
   2       6.1017 ±    0.3202       0.04385 ±    0.00913       0.07323 ±    0.00484     8.166 ±  0.534 %    89.198 ±  0.686 %
   3       6.3815 ±    0.2751       0.02266 ±    0.00772       0.07485 ±    0.00478     7.953 ±  0.454 %    89.573 ±  0.552 %
   4       6.7043 ±    0.2634       0.00235 ±    0.00979       0.11546 ±    0.01147     9.391 ±  0.505 %    89.223 ±  0.485 %
   5       6.6980 ±    0.2385      -0.00574 ±    0.00864       0.11967 ±    0.00990     9.399 ±  0.441 %    88.954 ±  0.438 %
   6       5.7385 ±    0.1800      -0.01110 ±    0.00813       0.12825 ±    0.01064     9.761 ±  0.408 %    89.394 ±  0.393 %
   7       5.6421 ±    0.1689      -0.09270 ±    0.01297       0.30192 ±    0.02174    12.618 ±  0.439 %    87.795 ±  0.387 %
   8       5.5304 ±    0.1528      -0.07604 ±    0.01148       0.27254 ±    0.01905    12.096 ±  0.404 %    88.196 ±  0.357 %
   9       5.8616 ±    0.1547      -0.08789 ±    0.01091       0.26679 ±    0.01723    11.939 ±  0.375 %    87.651 ±  0.343 %
  10       5.8982 ±    0.1476      -0.07740 ±    0.00989       0.24467 ±    0.01552    11.479 ±  0.352 %    87.928 ±  0.322 %
  11       5.9385 ±    0.1407      -0.06871 ±    0.00906       0.22720 ±    0.01412    11.099 ±  0.332 %    88.119 ±  0.305 %
  12       6.1552 ±    0.1404      -0.06422 ±    0.00841       0.21687 ±    0.01306    10.828 ±  0.316 %    88.139 ±  0.292 %
  13       6.1789 ±    0.1349      -0.05839 ±    0.00791       0.20619 ±    0.01215    10.612 ±  0.300 %    88.134 ±  0.280 %
  14       6.2211 ±    0.1304      -0.05324 ±    0.00739       0.19501 ±    0.01129    10.332 ±  0.287 %    88.242 ±  0.269 %
  15       6.2409 ±    0.1262      -0.04808 ±    0.00696       0.18758 ±    0.01060    10.163 ±  0.273 %    88.289 ±  0.260 %
  16       6.4250 ±    0.1266      -0.07193 ±    0.00725       0.19824 ±    0.01022    10.314 ±  0.263 %    87.891 ±  0.255 %
  17       6.4607 ±    0.1228      -0.06479 ±    0.00687       0.18974 ±    0.00963    10.133 ±  0.254 %    87.982 ±  0.247 %
  18       6.5323 ±    0.1207      -0.05873 ±    0.00653       0.18185 ±    0.00910     9.932 ±  0.245 %    88.053 ±  0.239 %
  19       6.4655 ±    0.1164      -0.06162 ±    0.00648       0.18793 ±    0.00923    10.071 ±  0.242 %    88.136 ±  0.232 %
  20       6.2850 ±    0.1097      -0.05800 ±    0.00628       0.19565 ±    0.00929    10.356 ±  0.236 %    88.123 ±  0.226 %
  21       6.2902 ±    0.1069      -0.05867 ±    0.00609       0.19231 ±    0.00888    10.278 ±  0.228 %    88.116 ±  0.221 %
  22       6.3068 ±    0.1048      -0.05469 ±    0.00584       0.18672 ±    0.00848    10.157 ±  0.221 %    88.199 ±  0.215 %
  23       6.3255 ±    0.1026      -0.05072 ±    0.00561       0.18053 ±    0.00811     9.994 ±  0.215 %    88.363 ±  0.209 %
  24       6.3455 ±    0.1006      -0.05452 ±    0.00558       0.18400 ±    0.00798    10.022 ±  0.210 %    88.266 ±  0.205 %
  25       6.3712 ±    0.0990      -0.05166 ±    0.00538       0.17919 ±    0.00767     9.890 ±  0.205 %    88.352 ±  0.201 %
  26       6.3443 ±    0.0965      -0.04712 ±    0.00520       0.17433 ±    0.00738     9.794 ±  0.200 %    88.431 ±  0.196 %
  27       6.4938 ±    0.0976      -0.05090 ±    0.00516       0.17505 ±    0.00719     9.843 ±  0.197 %    88.284 ±  0.194 %
  28       6.5568 ±    0.0970      -0.04804 ±    0.00500       0.17057 ±    0.00694     9.750 ±  0.192 %    88.340 ±  0.190 %
  29       6.5376 ±    0.0949      -0.04496 ±    0.00485       0.16682 ±    0.00670     9.681 ±  0.187 %    88.371 ±  0.186 %
  30       6.4899 ±    0.0924      -0.04109 ±    0.00471       0.16315 ±    0.00648     9.587 ±  0.183 %    88.459 ±  0.182 %
  31       6.4007 ±    0.0893      -0.03877 ±    0.00457       0.15962 ±    0.00627     9.521 ±  0.179 %    88.566 ±  0.179 %
  32       6.2847 ±    0.0860      -0.03613 ±    0.00445       0.15687 ±    0.00608     9.512 ±  0.175 %    88.679 ±  0.175 %

====== Perplexity statistics ======
Mean PPL(Q)                   :   6.284688 ±   0.085959
Mean PPL(base)                :   6.515912 ±   0.092679
Cor(ln(PPL(Q)), ln(PPL(base))):  95.00%
Mean ln(PPL(Q)/PPL(base))     :  -0.036131 ±   0.004446
Mean PPL(Q)/PPL(base)         :   0.964514 ±   0.004288
Mean PPL(Q)-PPL(base)         :  -0.231224 ±   0.029025

====== KL divergence statistics ======
Mean    KLD:   0.156869 ±   0.006082
Maximum KLD:  27.968153
99.9%   KLD:  20.239124
99.0%   KLD:   2.005038
95.0%   KLD:   0.311673
90.0%   KLD:   0.163781
Median  KLD:   0.029501
10.0%   KLD:   0.000532
 5.0%   KLD:   0.000150
 1.0%   KLD:   0.000021
 0.1%   KLD:   0.000003
Minimum KLD:  -0.000009

====== Token probability statistics ======
Mean    Δp: -0.170 ± 0.053 %
Maximum Δp: 99.995%
99.9%   Δp: 98.195%
99.0%   Δp: 26.545%
95.0%   Δp:  9.260%
90.0%   Δp:  5.079%
75.0%   Δp:  0.872%
Median  Δp: -0.012%
25.0%   Δp: -1.468%
10.0%   Δp: -6.233%
 5.0%   Δp: -10.541%
 1.0%   Δp: -26.371%
 0.1%   Δp: -68.727%
Minimum Δp: -99.959%
RMS Δp    :  9.512 ± 0.175 %
Same top p: 88.679 ± 0.175 %

