0.54.280.487 I 
0.54.284.688 I system_info: n_threads = 20 (n_threads_batch = 20) / 40 | CUDA : ARCHS = 600 | USE_GRAPHS = 1 | CPU : SSE3 = 1 | SSSE3 = 1 | AVX = 1 | AVX2 = 1 | F16C = 1 | FMA = 1 | BMI2 = 1 | LLAMAFILE = 1 | OPENMP = 1 | REPACK = 1 | 
0.54.697.493 I kl_divergence: computing over 32 chunks, n_ctx=2048, batch_size=2048, n_seq=1
1.15.180.086 I kl_divergence: 20.48 seconds per pass - ETA 10.92 minutes

chunk             PPL               ln(PPL(Q)/PPL(base))          KL Divergence              Δp RMS            Same top p
   1       4.8053 ±    0.3421       0.00130 ±    0.00222       0.00252 ±    0.00083     1.458 ±  0.227 %    98.631 ±  0.363 %
   2       5.8402 ±    0.3029       0.00003 ±    0.00143       0.00189 ±    0.00042     1.214 ±  0.138 %    97.947 ±  0.314 %
   3       6.2319 ±    0.2692      -0.00105 ±    0.00152       0.00400 ±    0.00217     1.213 ±  0.111 %    98.110 ±  0.246 %
   4       6.6927 ±    0.2682       0.00061 ±    0.00192       0.00820 ±    0.00390     2.227 ±  0.546 %    98.167 ±  0.210 %
   5       6.7415 ±    0.2452       0.00072 ±    0.00182       0.00740 ±    0.00313     2.115 ±  0.461 %    98.025 ±  0.195 %
   6       5.8151 ±    0.1867       0.00215 ±    0.00179       0.00812 ±    0.00272     2.596 ±  0.426 %    98.029 ±  0.177 %
   7       6.2279 ±    0.2032       0.00607 ±    0.00444       0.05221 ±    0.00916     3.802 ±  0.423 %    97.305 ±  0.191 %
   8       6.0001 ±    0.1791       0.00546 ±    0.00389       0.04590 ±    0.00802     3.585 ±  0.393 %    97.422 ±  0.175 %
   9       6.4483 ±    0.1857       0.00750 ±    0.00358       0.04186 ±    0.00714     3.418 ±  0.366 %    97.393 ±  0.166 %
  10       6.4185 ±    0.1738       0.00713 ±    0.00325       0.03777 ±    0.00642     3.256 ±  0.346 %    97.527 ±  0.154 %
  11       6.4033 ±    0.1632       0.00665 ±    0.00296       0.03444 ±    0.00584     3.119 ±  0.328 %    97.592 ±  0.145 %
  12       6.6161 ±    0.1617       0.00797 ±    0.00274       0.03220 ±    0.00537     3.038 ±  0.311 %    97.621 ±  0.138 %
  13       6.5995 ±    0.1537       0.00746 ±    0.00253       0.03014 ±    0.00497     2.939 ±  0.296 %    97.646 ±  0.131 %
  14       6.6086 ±    0.1472       0.00718 ±    0.00236       0.02809 ±    0.00461     2.842 ±  0.284 %    97.766 ±  0.124 %
  15       6.5917 ±    0.1410       0.00661 ±    0.00222       0.02653 ±    0.00431     2.827 ±  0.272 %    97.791 ±  0.119 %
  16       6.9663 ±    0.1481       0.00895 ±    0.00220       0.02564 ±    0.00405     2.835 ±  0.265 %    97.813 ±  0.114 %
  17       6.9524 ±    0.1418       0.00856 ±    0.00208       0.02426 ±    0.00381     2.763 ±  0.256 %    97.815 ±  0.111 %
  18       6.9846 ±    0.1379       0.00822 ±    0.00196       0.02297 ±    0.00360     2.693 ±  0.248 %    97.828 ±  0.107 %
  19       6.9333 ±    0.1335       0.00824 ±    0.00195       0.02339 ±    0.00348     2.820 ±  0.239 %    97.819 ±  0.105 %
  20       6.7161 ±    0.1251       0.00834 ±    0.00188       0.02340 ±    0.00334     2.944 ±  0.230 %    97.835 ±  0.102 %
  21       6.7231 ±    0.1220       0.00789 ±    0.00180       0.02242 ±    0.00318     2.888 ±  0.223 %    97.835 ±  0.099 %
  22       6.7149 ±    0.1189       0.00801 ±    0.00173       0.02148 ±    0.00304     2.835 ±  0.217 %    97.889 ±  0.096 %
  23       6.7071 ±    0.1155       0.00786 ±    0.00165       0.02059 ±    0.00291     2.778 ±  0.212 %    97.960 ±  0.092 %
  24       6.7611 ±    0.1143       0.00892 ±    0.00169       0.02119 ±    0.00285     2.793 ±  0.205 %    97.939 ±  0.091 %
  25       6.7722 ±    0.1119       0.00938 ±    0.00166       0.02068 ±    0.00274     2.815 ±  0.199 %    97.935 ±  0.089 %
  26       6.7107 ±    0.1082       0.00903 ±    0.00159       0.01995 ±    0.00263     2.773 ±  0.194 %    97.985 ±  0.086 %
  27       6.8974 ±    0.1102       0.00940 ±    0.00158       0.01979 ±    0.00256     2.735 ±  0.190 %    97.954 ±  0.085 %
  28       6.9424 ±    0.1088       0.00912 ±    0.00153       0.01912 ±    0.00247     2.694 ±  0.186 %    97.961 ±  0.084 %
  29       6.8981 ±    0.1059       0.00872 ±    0.00148       0.01851 ±    0.00238     2.659 ±  0.182 %    97.967 ±  0.082 %
  30       6.8195 ±    0.1024       0.00844 ±    0.00143       0.01794 ±    0.00230     2.622 ±  0.178 %    97.973 ±  0.080 %
  31       6.7088 ±    0.0986       0.00823 ±    0.00139       0.01741 ±    0.00223     2.592 ±  0.175 %    97.998 ±  0.079 %
  32       6.5679 ±    0.0946       0.00795 ±    0.00135       0.01693 ±    0.00216     2.562 ±  0.171 %    98.033 ±  0.077 %

====== Perplexity statistics ======
Mean PPL(Q)                   :   6.567931 ±   0.094563
Mean PPL(base)                :   6.515912 ±   0.092679
Cor(ln(PPL(Q)), ln(PPL(base))):  99.57%
Mean ln(PPL(Q)/PPL(base))     :   0.007952 ±   0.001346
Mean PPL(Q)/PPL(base)         :   1.007983 ±   0.001356
Mean PPL(Q)-PPL(base)         :   0.052019 ±   0.008929

====== KL divergence statistics ======
Mean    KLD:   0.016927 ±   0.002160
Maximum KLD:  24.756655
99.9%   KLD:   3.928363
99.0%   KLD:   0.043985
95.0%   KLD:   0.006454
90.0%   KLD:   0.003494
Median  KLD:   0.000707
10.0%   KLD:   0.000009
 5.0%   KLD:   0.000002
 1.0%   KLD:  -0.000001
 0.1%   KLD:  -0.000008
Minimum KLD:  -0.000060

====== Token probability statistics ======
Mean    Δp: -0.003 ± 0.014 %
Maximum Δp: 98.961%
99.9%   Δp: 15.233%
99.0%   Δp:  3.524%
95.0%   Δp:  1.553%
90.0%   Δp:  0.900%
75.0%   Δp:  0.179%
Median  Δp:  0.000%
25.0%   Δp: -0.177%
10.0%   Δp: -0.868%
 5.0%   Δp: -1.505%
 1.0%   Δp: -3.779%
 0.1%   Δp: -20.071%
Minimum Δp: -84.369%
RMS Δp    :  2.562 ± 0.171 %
Same top p: 98.033 ± 0.077 %

