7c0137fc034ddbc56a296bce31b4f7fb  /home/mark/wikitext-2-raw/wiki.test.raw
=== SCORING Q3_K_M vs BF16 base ===
0.35.155.606 I 
0.35.157.622 I system_info: n_threads = 20 (n_threads_batch = 20) / 40 | CUDA : ARCHS = 600 | USE_GRAPHS = 1 | CPU : SSE3 = 1 | SSSE3 = 1 | AVX = 1 | AVX2 = 1 | F16C = 1 | FMA = 1 | BMI2 = 1 | LLAMAFILE = 1 | OPENMP = 1 | REPACK = 1 | 
0.35.571.886 I kl_divergence: computing over 32 chunks, n_ctx=2048, batch_size=2048, n_seq=1
0.59.688.073 I kl_divergence: 24.12 seconds per pass - ETA 12.85 minutes

chunk             PPL               ln(PPL(Q)/PPL(base))          KL Divergence              Δp RMS            Same top p
   1       4.9048 ±    0.3493       0.02181 ±    0.01045       0.05540 ±    0.00597     7.661 ±  0.743 %    89.541 ±  0.957 %
   2       5.9729 ±    0.3128       0.02251 ±    0.00744       0.04877 ±    0.00340     6.501 ±  0.457 %    89.736 ±  0.671 %
   3       6.3562 ±    0.2766       0.01870 ±    0.00613       0.04914 ±    0.00351     6.562 ±  0.403 %    90.453 ±  0.531 %
   4       6.7227 ±    0.2678       0.00508 ±    0.00831       0.06537 ±    0.00737     7.145 ±  0.430 %    90.714 ±  0.454 %
   5       6.7459 ±    0.2437       0.00138 ±    0.00717       0.06932 ±    0.00663     7.242 ±  0.370 %    90.655 ±  0.407 %
   6       5.7959 ±    0.1847      -0.00116 ±    0.00658       0.07408 ±    0.00661     7.514 ±  0.330 %    90.974 ±  0.366 %
   7       5.8876 ±    0.1827      -0.05011 ±    0.01169       0.21695 ±    0.01807    10.160 ±  0.415 %    89.722 ±  0.359 %
   8       5.7315 ±    0.1636      -0.04033 ±    0.01031       0.19543 ±    0.01583     9.745 ±  0.381 %    89.895 ±  0.333 %
   9       6.1071 ±    0.1672      -0.04686 ±    0.00958       0.18833 ±    0.01420     9.621 ±  0.353 %    89.432 ±  0.320 %
  10       6.1209 ±    0.1584      -0.04033 ±    0.00868       0.17242 ±    0.01279     9.251 ±  0.331 %    89.707 ±  0.300 %
  11       6.1453 ±    0.1503      -0.03447 ±    0.00794       0.15998 ±    0.01163     8.965 ±  0.311 %    89.860 ±  0.285 %
  12       6.3525 ±    0.1493      -0.03268 ±    0.00735       0.15171 ±    0.01074     8.754 ±  0.295 %    89.866 ±  0.272 %
  13       6.3638 ±    0.1429      -0.02890 ±    0.00693       0.14348 ±    0.00994     8.545 ±  0.280 %    89.962 ±  0.261 %
  14       6.3929 ±    0.1377      -0.02599 ±    0.00647       0.13547 ±    0.00923     8.308 ±  0.267 %    90.106 ±  0.250 %
  15       6.3965 ±    0.1327      -0.02345 ±    0.00608       0.12938 ±    0.00862     8.152 ±  0.255 %    90.153 ±  0.241 %
  16       6.6503 ±    0.1354      -0.03746 ±    0.00609       0.13141 ±    0.00820     8.217 ±  0.247 %    89.944 ±  0.235 %
  17       6.6714 ±    0.1308      -0.03270 ±    0.00579       0.12596 ±    0.00772     8.102 ±  0.238 %    89.983 ±  0.228 %
  18       6.7259 ±    0.1280      -0.02952 ±    0.00550       0.12091 ±    0.00729     7.963 ±  0.230 %    90.013 ±  0.221 %
  19       6.6775 ±    0.1240      -0.02936 ±    0.00547       0.12402 ±    0.00726     8.019 ±  0.225 %    90.081 ±  0.214 %
  20       6.4960 ±    0.1169      -0.02499 ±    0.00533       0.12849 ±    0.00716     8.226 ±  0.217 %    90.098 ±  0.209 %
  21       6.5091 ±    0.1142      -0.02446 ±    0.00514       0.12607 ±    0.00683     8.192 ±  0.209 %    90.081 ±  0.204 %
  22       6.5233 ±    0.1118      -0.02094 ±    0.00494       0.12243 ±    0.00652     8.123 ±  0.203 %    90.145 ±  0.199 %
  23       6.5309 ±    0.1092      -0.01875 ±    0.00474       0.11841 ±    0.00624     8.000 ±  0.197 %    90.284 ±  0.193 %
  24       6.5613 ±    0.1073      -0.02107 ±    0.00472       0.11952 ±    0.00611     7.998 ±  0.192 %    90.176 ±  0.190 %
  25       6.5771 ±    0.1052      -0.01985 ±    0.00455       0.11660 ±    0.00587     7.909 ±  0.186 %    90.244 ±  0.186 %
  26       6.5327 ±    0.1022      -0.01785 ±    0.00440       0.11339 ±    0.00564     7.824 ±  0.182 %    90.364 ±  0.181 %
  27       6.6927 ±    0.1035      -0.02073 ±    0.00436       0.11336 ±    0.00550     7.861 ±  0.178 %    90.330 ±  0.178 %
  28       6.7521 ±    0.1026      -0.01867 ±    0.00423       0.11075 ±    0.00531     7.837 ±  0.176 %    90.378 ±  0.174 %
  29       6.7258 ±    0.1002      -0.01658 ±    0.00410       0.10860 ±    0.00513     7.807 ±  0.172 %    90.461 ±  0.171 %
  30       6.6652 ±    0.0973      -0.01445 ±    0.00398       0.10641 ±    0.00496     7.763 ±  0.168 %    90.508 ±  0.167 %
  31       6.5645 ±    0.0939      -0.01350 ±    0.00387       0.10420 ±    0.00480     7.705 ±  0.164 %    90.556 ±  0.164 %
  32       6.4370 ±    0.0902      -0.01219 ±    0.00376       0.10256 ±    0.00466     7.693 ±  0.161 %    90.637 ±  0.161 %

====== Perplexity statistics ======
Mean PPL(Q)                   :   6.436979 ±   0.090237
Mean PPL(base)                :   6.515912 ±   0.092679
Cor(ln(PPL(Q)), ln(PPL(base))):  96.47%
Mean ln(PPL(Q)/PPL(base))     :  -0.012188 ±   0.003760
Mean PPL(Q)/PPL(base)         :   0.987886 ±   0.003715
Mean PPL(Q)-PPL(base)         :  -0.078933 ±   0.024438

====== KL divergence statistics ======
Mean    KLD:   0.102555 ±   0.004656
Maximum KLD:  26.743338
99.9%   KLD:  15.243053
99.0%   KLD:   1.048185
95.0%   KLD:   0.191365
90.0%   KLD:   0.103351
Median  KLD:   0.018433
10.0%   KLD:   0.000284
 5.0%   KLD:   0.000071
 1.0%   KLD:   0.000008
 0.1%   KLD:   0.000000
Minimum KLD:  -0.000040

====== Token probability statistics ======
Mean    Δp:  0.058 ± 0.043 %
Maximum Δp: 99.999%
99.9%   Δp: 86.087%
99.0%   Δp: 20.547%
95.0%   Δp:  7.977%
90.0%   Δp:  4.604%
75.0%   Δp:  0.945%
Median  Δp:  0.000%
25.0%   Δp: -0.856%
10.0%   Δp: -4.435%
 5.0%   Δp: -8.187%
 1.0%   Δp: -21.248%
 0.1%   Δp: -60.487%
Minimum Δp: -99.949%
RMS Δp    :  7.693 ± 0.161 %
Same top p: 90.637 ± 0.161 %

=== SCORING Q4_K_M vs BF16 base ===
0.39.829.574 I 
0.39.829.708 I system_info: n_threads = 20 (n_threads_batch = 20) / 40 | CUDA : ARCHS = 600 | USE_GRAPHS = 1 | CPU : SSE3 = 1 | SSSE3 = 1 | AVX = 1 | AVX2 = 1 | F16C = 1 | FMA = 1 | BMI2 = 1 | LLAMAFILE = 1 | OPENMP = 1 | REPACK = 1 | 
0.40.248.125 I kl_divergence: computing over 32 chunks, n_ctx=2048, batch_size=2048, n_seq=1
1.03.308.860 I kl_divergence: 23.06 seconds per pass - ETA 12.28 minutes

chunk             PPL               ln(PPL(Q)/PPL(base))          KL Divergence              Δp RMS            Same top p
   1       4.8311 ±    0.3450       0.00666 ±    0.00565       0.01944 ±    0.00359     4.428 ±  0.516 %    95.210 ±  0.668 %
   2       5.8596 ±    0.3046       0.00335 ±    0.00390       0.01502 ±    0.00182     3.621 ±  0.321 %    94.966 ±  0.484 %
   3       6.2921 ±    0.2740       0.00856 ±    0.00327       0.01478 ±    0.00172     3.610 ±  0.336 %    95.308 ±  0.382 %
   4       6.8269 ±    0.2769       0.02047 ±    0.00591       0.02790 ±    0.00492     4.656 ±  0.482 %    95.186 ±  0.335 %
   5       6.8577 ±    0.2520       0.01781 ±    0.00504       0.02825 ±    0.00433     4.688 ±  0.424 %    95.230 ±  0.298 %
   6       5.9157 ±    0.1918       0.01930 ±    0.00460       0.03107 ±    0.00420     5.026 ±  0.393 %    95.129 ±  0.275 %
   7       6.3075 ±    0.2073       0.01878 ±    0.00843       0.11344 ±    0.01273     6.504 ±  0.413 %    94.177 ±  0.277 %
   8       6.0747 ±    0.1827       0.01784 ±    0.00742       0.10107 ±    0.01115     6.216 ±  0.380 %    94.269 ±  0.257 %
   9       6.5265 ±    0.1890       0.01956 ±    0.00677       0.09503 ±    0.00997     6.019 ±  0.350 %    94.265 ±  0.242 %
  10       6.4946 ±    0.1768       0.01893 ±    0.00611       0.08622 ±    0.00897     5.749 ±  0.330 %    94.497 ±  0.225 %
  11       6.4855 ±    0.1663       0.01941 ±    0.00558       0.07938 ±    0.00816     5.541 ±  0.311 %    94.597 ±  0.213 %
  12       6.6982 ±    0.1647       0.02031 ±    0.00515       0.07439 ±    0.00751     5.366 ±  0.295 %    94.607 ±  0.204 %
  13       6.6820 ±    0.1565       0.01989 ±    0.00477       0.06950 ±    0.00693     5.225 ±  0.280 %    94.556 ±  0.197 %
  14       6.6909 ±    0.1499       0.01956 ±    0.00444       0.06540 ±    0.00644     5.142 ±  0.268 %    94.707 ±  0.187 %
  15       6.6707 ±    0.1434       0.01851 ±    0.00417       0.06189 ±    0.00601     5.048 ±  0.256 %    94.689 ±  0.181 %
  16       7.0621 ±    0.1512       0.02262 ±    0.00403       0.06121 ±    0.00571     5.070 ±  0.245 %    94.587 ±  0.177 %
  17       7.0437 ±    0.1447       0.02161 ±    0.00380       0.05810 ±    0.00537     4.950 ±  0.236 %    94.589 ±  0.172 %
  18       7.0755 ±    0.1406       0.02116 ±    0.00360       0.05550 ±    0.00508     4.875 ±  0.227 %    94.618 ±  0.166 %
  19       7.0214 ±    0.1360       0.02086 ±    0.00364       0.05749 ±    0.00504     5.024 ±  0.225 %    94.613 ±  0.162 %
  20       6.8249 ±    0.1282       0.02442 ±    0.00368       0.06214 ±    0.00518     5.320 ±  0.224 %    94.550 ±  0.159 %
  21       6.8290 ±    0.1249       0.02353 ±    0.00359       0.06089 ±    0.00496     5.267 ±  0.217 %    94.540 ±  0.155 %
  22       6.8172 ±    0.1216       0.02314 ±    0.00344       0.05867 ±    0.00474     5.203 ±  0.210 %    94.637 ±  0.150 %
  23       6.8054 ±    0.1181       0.02242 ±    0.00329       0.05644 ±    0.00453     5.111 ±  0.204 %    94.713 ±  0.146 %
  24       6.8544 ±    0.1167       0.02264 ±    0.00327       0.05692 ±    0.00446     5.093 ±  0.199 %    94.697 ±  0.143 %
  25       6.8637 ±    0.1142       0.02280 ±    0.00315       0.05536 ±    0.00428     5.076 ±  0.194 %    94.714 ±  0.140 %
  26       6.7987 ±    0.1104       0.02206 ±    0.00304       0.05358 ±    0.00412     5.005 ±  0.189 %    94.778 ±  0.136 %
  27       6.9816 ±    0.1122       0.02153 ±    0.00296       0.05358 ±    0.00402     4.956 ±  0.184 %    94.747 ±  0.134 %
  28       7.0261 ±    0.1107       0.02109 ±    0.00286       0.05208 ±    0.00388     4.938 ±  0.182 %    94.795 ±  0.131 %
  29       6.9809 ±    0.1077       0.02064 ±    0.00277       0.05070 ±    0.00375     4.899 ±  0.178 %    94.823 ±  0.129 %
  30       6.9008 ±    0.1042       0.02029 ±    0.00269       0.04942 ±    0.00362     4.843 ±  0.174 %    94.865 ±  0.126 %
  31       6.7875 ±    0.1003       0.01990 ±    0.00260       0.04814 ±    0.00351     4.791 ±  0.170 %    94.895 ±  0.124 %
  32       6.6463 ±    0.0962       0.01982 ±    0.00253       0.04720 ±    0.00340     4.806 ±  0.168 %    94.917 ±  0.121 %

====== Perplexity statistics ======
Mean PPL(Q)                   :   6.646314 ±   0.096218
Mean PPL(base)                :   6.515912 ±   0.092679
Cor(ln(PPL(Q)), ln(PPL(base))):  98.46%
Mean ln(PPL(Q)/PPL(base))     :   0.019815 ±   0.002531
Mean PPL(Q)/PPL(base)         :   1.020013 ±   0.002581
Mean PPL(Q)-PPL(base)         :   0.130403 ±   0.016945

====== KL divergence statistics ======
Mean    KLD:   0.047196 ±   0.003398
Maximum KLD:  28.821051
99.9%   KLD:  10.137505
99.0%   KLD:   0.336237
95.0%   KLD:   0.051033
90.0%   KLD:   0.026687
Median  KLD:   0.004780
10.0%   KLD:   0.000079
 5.0%   KLD:   0.000020
 1.0%   KLD:   0.000002
 0.1%   KLD:  -0.000002
Minimum KLD:  -0.000018

====== Token probability statistics ======
Mean    Δp: -0.112 ± 0.027 %
Maximum Δp: 99.949%
99.9%   Δp: 40.188%
99.0%   Δp:  9.002%
95.0%   Δp:  3.892%
90.0%   Δp:  2.210%
75.0%   Δp:  0.409%
Median  Δp: -0.000%
25.0%   Δp: -0.495%
10.0%   Δp: -2.326%
 5.0%   Δp: -4.226%
 1.0%   Δp: -11.034%
 0.1%   Δp: -53.701%
Minimum Δp: -99.932%
RMS Δp    :  4.806 ± 0.168 %
Same top p: 94.917 ± 0.121 %

=== SCORING Q5_K_M vs BF16 base ===
0.45.264.941 I 
0.45.265.094 I system_info: n_threads = 20 (n_threads_batch = 20) / 40 | CUDA : ARCHS = 600 | USE_GRAPHS = 1 | CPU : SSE3 = 1 | SSSE3 = 1 | AVX = 1 | AVX2 = 1 | F16C = 1 | FMA = 1 | BMI2 = 1 | LLAMAFILE = 1 | OPENMP = 1 | REPACK = 1 | 
0.45.686.813 I kl_divergence: computing over 32 chunks, n_ctx=2048, batch_size=2048, n_seq=1
1.07.000.605 I kl_divergence: 21.31 seconds per pass - ETA 11.37 minutes

chunk             PPL               ln(PPL(Q)/PPL(base))          KL Divergence              Δp RMS            Same top p
   1       4.8466 ±    0.3456       0.00987 ±    0.00309       0.00553 ±    0.00136     2.260 ±  0.281 %    97.458 ±  0.492 %
   2       5.8974 ±    0.3068       0.00979 ±    0.00210       0.00460 ±    0.00071     1.893 ±  0.184 %    97.165 ±  0.367 %
   3       6.2823 ±    0.2722       0.00700 ±    0.00173       0.00431 ±    0.00053     2.041 ±  0.229 %    97.133 ±  0.301 %
   4       6.7365 ±    0.2694       0.00714 ±    0.00266       0.01067 ±    0.00331     2.722 ±  0.381 %    97.312 ±  0.253 %
   5       6.7752 ±    0.2461       0.00571 ±    0.00235       0.01132 ±    0.00287     2.727 ±  0.313 %    97.067 ±  0.236 %
   6       5.8360 ±    0.1872       0.00575 ±    0.00233       0.01392 ±    0.00272     3.503 ±  0.351 %    97.002 ±  0.218 %
   7       6.2386 ±    0.2037       0.00779 ±    0.00569       0.07842 ±    0.01100     5.128 ±  0.420 %    96.230 ±  0.225 %
   8       6.0095 ±    0.1795       0.00704 ±    0.00499       0.06906 ±    0.00963     4.840 ±  0.389 %    96.469 ±  0.204 %
   9       6.4578 ±    0.1861       0.00898 ±    0.00454       0.06312 ±    0.00857     4.658 ±  0.361 %    96.470 ±  0.192 %
  10       6.4283 ±    0.1741       0.00867 ±    0.00411       0.05703 ±    0.00772     4.437 ±  0.341 %    96.588 ±  0.179 %
  11       6.4133 ±    0.1636       0.00822 ±    0.00375       0.05225 ±    0.00702     4.280 ±  0.322 %    96.623 ±  0.170 %
  12       6.6113 ±    0.1615       0.00726 ±    0.00345       0.04834 ±    0.00644     4.150 ±  0.305 %    96.701 ±  0.161 %
  13       6.5966 ±    0.1537       0.00703 ±    0.00320       0.04496 ±    0.00594     4.025 ±  0.291 %    96.752 ±  0.154 %
  14       6.6044 ±    0.1471       0.00655 ±    0.00297       0.04194 ±    0.00552     3.896 ±  0.279 %    96.893 ±  0.145 %
  15       6.5881 ±    0.1408       0.00607 ±    0.00279       0.03946 ±    0.00515     3.836 ±  0.268 %    96.898 ±  0.140 %
  16       6.9714 ±    0.1483       0.00968 ±    0.00279       0.03870 ±    0.00486     3.796 ±  0.259 %    96.823 ±  0.137 %
  17       6.9571 ±    0.1420       0.00923 ±    0.00263       0.03656 ±    0.00457     3.697 ±  0.250 %    96.878 ±  0.132 %
  18       6.9898 ±    0.1381       0.00897 ±    0.00249       0.03471 ±    0.00432     3.620 ±  0.241 %    96.921 ±  0.127 %
  19       6.9391 ±    0.1337       0.00907 ±    0.00243       0.03504 ±    0.00421     3.696 ±  0.236 %    96.944 ±  0.123 %
  20       6.7283 ±    0.1254       0.01015 ±    0.00240       0.03687 ±    0.00423     3.775 ±  0.226 %    96.945 ±  0.120 %
  21       6.7348 ±    0.1223       0.00963 ±    0.00230       0.03539 ±    0.00403     3.715 ±  0.219 %    96.951 ±  0.117 %
  22       6.7248 ±    0.1191       0.00948 ±    0.00221       0.03397 ±    0.00385     3.662 ±  0.213 %    97.010 ±  0.114 %
  23       6.7173 ±    0.1158       0.00938 ±    0.00211       0.03262 ±    0.00368     3.596 ±  0.207 %    97.046 ±  0.110 %
  24       6.7724 ±    0.1145       0.01060 ±    0.00210       0.03237 ±    0.00357     3.582 ±  0.201 %    97.023 ±  0.108 %
  25       6.7788 ±    0.1120       0.01036 ±    0.00202       0.03125 ±    0.00342     3.536 ±  0.195 %    97.024 ±  0.106 %
  26       6.7176 ±    0.1084       0.01006 ±    0.00194       0.03019 ±    0.00329     3.483 ±  0.191 %    97.037 ±  0.104 %
  27       6.9090 ±    0.1105       0.01108 ±    0.00194       0.03008 ±    0.00319     3.525 ±  0.190 %    96.959 ±  0.103 %
  28       6.9543 ±    0.1091       0.01083 ±    0.00188       0.02910 ±    0.00307     3.472 ±  0.186 %    96.980 ±  0.101 %
  29       6.9107 ±    0.1061       0.01054 ±    0.00182       0.02823 ±    0.00297     3.427 ±  0.182 %    97.010 ±  0.099 %
  30       6.8330 ±    0.1027       0.01042 ±    0.00176       0.02740 ±    0.00287     3.381 ±  0.178 %    97.019 ±  0.097 %
  31       6.7222 ±    0.0989       0.01024 ±    0.00171       0.02662 ±    0.00278     3.342 ±  0.175 %    97.036 ±  0.095 %
  32       6.5825 ±    0.0949       0.01017 ±    0.00166       0.02606 ±    0.00269     3.354 ±  0.174 %    97.074 ±  0.093 %

====== Perplexity statistics ======
Mean PPL(Q)                   :   6.582529 ±   0.094873
Mean PPL(base)                :   6.515912 ±   0.092679
Cor(ln(PPL(Q)), ln(PPL(base))):  99.34%
Mean ln(PPL(Q)/PPL(base))     :   0.010172 ±   0.001660
Mean PPL(Q)/PPL(base)         :   1.010224 ±   0.001677
Mean PPL(Q)-PPL(base)         :   0.066617 ±   0.011024

====== KL divergence statistics ======
Mean    KLD:   0.026057 ±   0.002692
Maximum KLD:  23.933146
99.9%   KLD:   7.346617
99.0%   KLD:   0.111842
95.0%   KLD:   0.015585
90.0%   KLD:   0.008279
Median  KLD:   0.001503
10.0%   KLD:   0.000026
 5.0%   KLD:   0.000007
 1.0%   KLD:   0.000000
 0.1%   KLD:  -0.000003
Minimum KLD:  -0.000039

====== Token probability statistics ======
Mean    Δp: -0.056 ± 0.019 %
Maximum Δp: 99.858%
99.9%   Δp: 35.071%
99.0%   Δp:  5.328%
95.0%   Δp:  2.144%
90.0%   Δp:  1.198%
75.0%   Δp:  0.217%
Median  Δp: -0.001%
25.0%   Δp: -0.291%
10.0%   Δp: -1.340%
 5.0%   Δp: -2.343%
 1.0%   Δp: -6.172%
 0.1%   Δp: -29.815%
Minimum Δp: -99.530%
RMS Δp    :  3.354 ± 0.174 %
Same top p: 97.074 ± 0.093 %

=== SCORING Q6_K vs BF16 base ===
0.54.280.487 I 
0.54.284.688 I system_info: n_threads = 20 (n_threads_batch = 20) / 40 | CUDA : ARCHS = 600 | USE_GRAPHS = 1 | CPU : SSE3 = 1 | SSSE3 = 1 | AVX = 1 | AVX2 = 1 | F16C = 1 | FMA = 1 | BMI2 = 1 | LLAMAFILE = 1 | OPENMP = 1 | REPACK = 1 | 
0.54.697.493 I kl_divergence: computing over 32 chunks, n_ctx=2048, batch_size=2048, n_seq=1
1.15.180.086 I kl_divergence: 20.48 seconds per pass - ETA 10.92 minutes

chunk             PPL               ln(PPL(Q)/PPL(base))          KL Divergence              Δp RMS            Same top p
   1       4.8053 ±    0.3421       0.00130 ±    0.00222       0.00252 ±    0.00083     1.458 ±  0.227 %    98.631 ±  0.363 %
   2       5.8402 ±    0.3029       0.00003 ±    0.00143       0.00189 ±    0.00042     1.214 ±  0.138 %    97.947 ±  0.314 %
   3       6.2319 ±    0.2692      -0.00105 ±    0.00152       0.00400 ±    0.00217     1.213 ±  0.111 %    98.110 ±  0.246 %
   4       6.6927 ±    0.2682       0.00061 ±    0.00192       0.00820 ±    0.00390     2.227 ±  0.546 %    98.167 ±  0.210 %
   5       6.7415 ±    0.2452       0.00072 ±    0.00182       0.00740 ±    0.00313     2.115 ±  0.461 %    98.025 ±  0.195 %
   6       5.8151 ±    0.1867       0.00215 ±    0.00179       0.00812 ±    0.00272     2.596 ±  0.426 %    98.029 ±  0.177 %
   7       6.2279 ±    0.2032       0.00607 ±    0.00444       0.05221 ±    0.00916     3.802 ±  0.423 %    97.305 ±  0.191 %
   8       6.0001 ±    0.1791       0.00546 ±    0.00389       0.04590 ±    0.00802     3.585 ±  0.393 %    97.422 ±  0.175 %
   9       6.4483 ±    0.1857       0.00750 ±    0.00358       0.04186 ±    0.00714     3.418 ±  0.366 %    97.393 ±  0.166 %
  10       6.4185 ±    0.1738       0.00713 ±    0.00325       0.03777 ±    0.00642     3.256 ±  0.346 %    97.527 ±  0.154 %
  11       6.4033 ±    0.1632       0.00665 ±    0.00296       0.03444 ±    0.00584     3.119 ±  0.328 %    97.592 ±  0.145 %
  12       6.6161 ±    0.1617       0.00797 ±    0.00274       0.03220 ±    0.00537     3.038 ±  0.311 %    97.621 ±  0.138 %
  13       6.5995 ±    0.1537       0.00746 ±    0.00253       0.03014 ±    0.00497     2.939 ±  0.296 %    97.646 ±  0.131 %
  14       6.6086 ±    0.1472       0.00718 ±    0.00236       0.02809 ±    0.00461     2.842 ±  0.284 %    97.766 ±  0.124 %
  15       6.5917 ±    0.1410       0.00661 ±    0.00222       0.02653 ±    0.00431     2.827 ±  0.272 %    97.791 ±  0.119 %
  16       6.9663 ±    0.1481       0.00895 ±    0.00220       0.02564 ±    0.00405     2.835 ±  0.265 %    97.813 ±  0.114 %
  17       6.9524 ±    0.1418       0.00856 ±    0.00208       0.02426 ±    0.00381     2.763 ±  0.256 %    97.815 ±  0.111 %
  18       6.9846 ±    0.1379       0.00822 ±    0.00196       0.02297 ±    0.00360     2.693 ±  0.248 %    97.828 ±  0.107 %
  19       6.9333 ±    0.1335       0.00824 ±    0.00195       0.02339 ±    0.00348     2.820 ±  0.239 %    97.819 ±  0.105 %
  20       6.7161 ±    0.1251       0.00834 ±    0.00188       0.02340 ±    0.00334     2.944 ±  0.230 %    97.835 ±  0.102 %
  21       6.7231 ±    0.1220       0.00789 ±    0.00180       0.02242 ±    0.00318     2.888 ±  0.223 %    97.835 ±  0.099 %
  22       6.7149 ±    0.1189       0.00801 ±    0.00173       0.02148 ±    0.00304     2.835 ±  0.217 %    97.889 ±  0.096 %
  23       6.7071 ±    0.1155       0.00786 ±    0.00165       0.02059 ±    0.00291     2.778 ±  0.212 %    97.960 ±  0.092 %
  24       6.7611 ±    0.1143       0.00892 ±    0.00169       0.02119 ±    0.00285     2.793 ±  0.205 %    97.939 ±  0.091 %
  25       6.7722 ±    0.1119       0.00938 ±    0.00166       0.02068 ±    0.00274     2.815 ±  0.199 %    97.935 ±  0.089 %
  26       6.7107 ±    0.1082       0.00903 ±    0.00159       0.01995 ±    0.00263     2.773 ±  0.194 %    97.985 ±  0.086 %
  27       6.8974 ±    0.1102       0.00940 ±    0.00158       0.01979 ±    0.00256     2.735 ±  0.190 %    97.954 ±  0.085 %
  28       6.9424 ±    0.1088       0.00912 ±    0.00153       0.01912 ±    0.00247     2.694 ±  0.186 %    97.961 ±  0.084 %
  29       6.8981 ±    0.1059       0.00872 ±    0.00148       0.01851 ±    0.00238     2.659 ±  0.182 %    97.967 ±  0.082 %
  30       6.8195 ±    0.1024       0.00844 ±    0.00143       0.01794 ±    0.00230     2.622 ±  0.178 %    97.973 ±  0.080 %
  31       6.7088 ±    0.0986       0.00823 ±    0.00139       0.01741 ±    0.00223     2.592 ±  0.175 %    97.998 ±  0.079 %
  32       6.5679 ±    0.0946       0.00795 ±    0.00135       0.01693 ±    0.00216     2.562 ±  0.171 %    98.033 ±  0.077 %

====== Perplexity statistics ======
Mean PPL(Q)                   :   6.567931 ±   0.094563
Mean PPL(base)                :   6.515912 ±   0.092679
Cor(ln(PPL(Q)), ln(PPL(base))):  99.57%
Mean ln(PPL(Q)/PPL(base))     :   0.007952 ±   0.001346
Mean PPL(Q)/PPL(base)         :   1.007983 ±   0.001356
Mean PPL(Q)-PPL(base)         :   0.052019 ±   0.008929

====== KL divergence statistics ======
Mean    KLD:   0.016927 ±   0.002160
Maximum KLD:  24.756655
99.9%   KLD:   3.928363
99.0%   KLD:   0.043985
95.0%   KLD:   0.006454
90.0%   KLD:   0.003494
Median  KLD:   0.000707
10.0%   KLD:   0.000009
 5.0%   KLD:   0.000002
 1.0%   KLD:  -0.000001
 0.1%   KLD:  -0.000008
Minimum KLD:  -0.000060

====== Token probability statistics ======
Mean    Δp: -0.003 ± 0.014 %
Maximum Δp: 98.961%
99.9%   Δp: 15.233%
99.0%   Δp:  3.524%
95.0%   Δp:  1.553%
90.0%   Δp:  0.900%
75.0%   Δp:  0.179%
Median  Δp:  0.000%
25.0%   Δp: -0.177%
10.0%   Δp: -0.868%
 5.0%   Δp: -1.505%
 1.0%   Δp: -3.779%
 0.1%   Δp: -20.071%
Minimum Δp: -84.369%
RMS Δp    :  2.562 ± 0.171 %
Same top p: 98.033 ± 0.077 %

=== SCORING Q8_0 vs BF16 base ===
1.07.335.158 I 
1.07.335.298 I system_info: n_threads = 20 (n_threads_batch = 20) / 40 | CUDA : ARCHS = 600 | USE_GRAPHS = 1 | CPU : SSE3 = 1 | SSSE3 = 1 | AVX = 1 | AVX2 = 1 | F16C = 1 | FMA = 1 | BMI2 = 1 | LLAMAFILE = 1 | OPENMP = 1 | REPACK = 1 | 
1.07.778.552 I kl_divergence: computing over 32 chunks, n_ctx=2048, batch_size=2048, n_seq=1
1.30.353.714 I kl_divergence: 22.58 seconds per pass - ETA 12.03 minutes

chunk             PPL               ln(PPL(Q)/PPL(base))          KL Divergence              Δp RMS            Same top p
   1       4.8066 ±    0.3418       0.00157 ±    0.00140       0.00019 ±    0.00002     0.445 ±  0.039 %    99.511 ±  0.218 %
   2       5.8424 ±    0.3029       0.00041 ±    0.00077       0.00019 ±    0.00001     0.405 ±  0.025 %    99.267 ±  0.189 %
   3       6.2383 ±    0.2696      -0.00003 ±    0.00058       0.00022 ±    0.00002     0.431 ±  0.026 %    99.283 ±  0.152 %
   4       6.6699 ±    0.2657      -0.00280 ±    0.00098       0.00061 ±    0.00012     0.708 ±  0.111 %    99.267 ±  0.133 %
   5       6.7237 ±    0.2435      -0.00192 ±    0.00083       0.00059 ±    0.00010     0.698 ±  0.091 %    99.198 ±  0.125 %
   6       5.7978 ±    0.1854      -0.00083 ±    0.00105       0.00189 ±    0.00071     1.463 ±  0.426 %    99.169 ±  0.116 %
   7       6.2186 ±    0.2019       0.00458 ±    0.00362       0.02092 ±    0.00545     2.469 ±  0.408 %    98.785 ±  0.129 %
   8       5.9911 ±    0.1780       0.00397 ±    0.00317       0.01835 ±    0.00477     2.320 ±  0.380 %    98.876 ±  0.117 %
   9       6.4272 ±    0.1840       0.00423 ±    0.00290       0.01678 ±    0.00425     2.210 ±  0.355 %    98.892 ±  0.109 %
  10       6.3989 ±    0.1723       0.00408 ±    0.00264       0.01512 ±    0.00383     2.101 ±  0.336 %    98.964 ±  0.100 %
  11       6.3845 ±    0.1618       0.00370 ±    0.00240       0.01377 ±    0.00348     2.009 ±  0.320 %    98.987 ±  0.094 %
  12       6.5840 ±    0.1599       0.00312 ±    0.00221       0.01340 ±    0.00327     1.973 ±  0.301 %    99.014 ±  0.089 %
  13       6.5709 ±    0.1523       0.00312 ±    0.00205       0.01240 ±    0.00302     1.902 ±  0.289 %    99.045 ±  0.084 %
  14       6.5803 ±    0.1458       0.00289 ±    0.00191       0.01153 ±    0.00281     1.836 ±  0.278 %    99.085 ±  0.080 %
  15       6.5653 ±    0.1397       0.00259 ±    0.00178       0.01079 ±    0.00262     1.782 ±  0.267 %    99.094 ±  0.076 %
  16       6.9271 ±    0.1464       0.00331 ±    0.00177       0.01037 ±    0.00246     1.835 ±  0.254 %    99.090 ±  0.074 %
  17       6.9148 ±    0.1403       0.00314 ±    0.00167       0.00977 ±    0.00231     1.783 ±  0.246 %    99.097 ±  0.072 %
  18       6.9480 ±    0.1364       0.00296 ±    0.00158       0.00924 ±    0.00218     1.735 ±  0.239 %    99.137 ±  0.068 %
  19       6.8940 ±    0.1320       0.00256 ±    0.00152       0.00932 ±    0.00210     1.773 ±  0.230 %    99.131 ±  0.067 %
  20       6.6815 ±    0.1238       0.00317 ±    0.00148       0.00964 ±    0.00204     1.899 ±  0.220 %    99.120 ±  0.065 %
  21       6.6908 ±    0.1208       0.00307 ±    0.00141       0.00921 ±    0.00195     1.858 ±  0.214 %    99.134 ±  0.063 %
  22       6.6807 ±    0.1177       0.00291 ±    0.00135       0.00881 ±    0.00186     1.819 ±  0.208 %    99.147 ±  0.061 %
  23       6.6730 ±    0.1144       0.00277 ±    0.00129       0.00844 ±    0.00178     1.780 ±  0.204 %    99.163 ±  0.059 %
  24       6.7208 ±    0.1129       0.00295 ±    0.00127       0.00823 ±    0.00170     1.769 ±  0.197 %    99.169 ±  0.058 %
  25       6.7281 ±    0.1105       0.00284 ±    0.00122       0.00791 ±    0.00164     1.735 ±  0.193 %    99.167 ±  0.057 %
  26       6.6689 ±    0.1069       0.00278 ±    0.00117       0.00763 ±    0.00157     1.706 ±  0.189 %    99.188 ±  0.055 %
  27       6.8535 ±    0.1089       0.00300 ±    0.00116       0.00741 ±    0.00152     1.682 ±  0.184 %    99.171 ±  0.055 %
  28       6.8994 ±    0.1076       0.00291 ±    0.00112       0.00715 ±    0.00146     1.652 ±  0.181 %    99.176 ±  0.053 %
  29       6.8575 ±    0.1047       0.00281 ±    0.00108       0.00692 ±    0.00141     1.626 ±  0.178 %    99.181 ±  0.052 %
  30       6.7810 ±    0.1013       0.00277 ±    0.00105       0.00669 ±    0.00136     1.601 ±  0.174 %    99.185 ±  0.051 %
  31       6.6716 ±    0.0976       0.00268 ±    0.00101       0.00648 ±    0.00132     1.577 ±  0.171 %    99.190 ±  0.050 %
  32       6.5334 ±    0.0936       0.00268 ±    0.00098       0.00632 ±    0.00128     1.592 ±  0.167 %    99.197 ±  0.049 %

====== Perplexity statistics ======
Mean PPL(Q)                   :   6.533410 ±   0.093606
Mean PPL(base)                :   6.515912 ±   0.092679
Cor(ln(PPL(Q)), ln(PPL(base))):  99.77%
Mean ln(PPL(Q)/PPL(base))     :   0.002682 ±   0.000983
Mean PPL(Q)/PPL(base)         :   1.002685 ±   0.000986
Mean PPL(Q)-PPL(base)         :   0.017498 ±   0.006445

====== KL divergence statistics ======
Mean    KLD:   0.006322 ±   0.001279
Maximum KLD:  25.131245
99.9%   KLD:   0.895217
99.0%   KLD:   0.010406
95.0%   KLD:   0.001120
90.0%   KLD:   0.000573
Median  KLD:   0.000103
10.0%   KLD:   0.000002
 5.0%   KLD:   0.000000
 1.0%   KLD:  -0.000003
 0.1%   KLD:  -0.000025
Minimum KLD:  -0.000099

====== Token probability statistics ======
Mean    Δp: -0.003 ± 0.009 %
Maximum Δp: 81.885%
99.9%   Δp:  8.397%
99.0%   Δp:  1.513%
95.0%   Δp:  0.582%
90.0%   Δp:  0.317%
75.0%   Δp:  0.058%
Median  Δp:  0.000%
25.0%   Δp: -0.074%
10.0%   Δp: -0.339%
 5.0%   Δp: -0.594%
 1.0%   Δp: -1.520%
 0.1%   Δp: -8.014%
Minimum Δp: -86.357%
RMS Δp    :  1.592 ± 0.167 %
Same top p: 99.197 ± 0.049 %

=== LADDER SCORING COMPLETE — receipts: /home/mark/quant_ladder/kld_ladder_*.log ===
