
07/15 21:04:25 [[1;32mNOTICE[0m] Downloading 1 item(s)

07/15 21:04:26 [[1;32mNOTICE[0m] CUID#7 - Redirecting to https://cas-bridge.xethub.hf.co/xet-bridge-us/6a535ebab1cb3ec9de2944a5/f88a31f890e2cb35dba712b9547048fef76c8a02de3b2826af6d9eb888185fc6?Expires=1784153066&Policy=eyJTdGF0ZW1lbnQiOlt7IlJlc291cmNlIjoiaHR0cHM6Ly9jYXMtYnJpZGdlLnhldGh1Yi5oZi5jby94ZXQtYnJpZGdlLXVzLzZhNTM1ZWJhYjFjYjNlYzlkZTI5NDRhNS9mODhhMzFmODkwZTJjYjM1ZGJhNzEyYjk1NDcwNDhmZWY3NmM4YTAyZGUzYjI4MjZhZjZkOWViODg4MTg1ZmM2KiIsIkNvbmRpdGlvbiI6eyJEYXRlTGVzc1RoYW4iOnsiQVdTOkVwb2NoVGltZSI6MTc4NDE1MzA2Nn19fV19&Signature=MEQCIHl0pSwgssyhMJafdbVdKiRKDRLh1kORA6R1mdZv5JnzAiATjGRVbNYH-qTLbE%7E77ICVeVbpmNsbg7yh7KDsbhyo0w__&Key-Pair-Id=K3EPXBYC3CKDRZ&X-Xet-Cas-Uid=public&response-content-disposition=inline%3B+filename*%3DUTF-8%27%27NVIDIA-Nemotron-Labs-3-Puzzle-75B-A9B-Q2_K.gguf%3B+filename%3D%22NVIDIA-Nemotron-Labs-3-Puzzle-75B-A9B-Q2_K.gguf%22%3B&X-Amz-Algorithm=AWS4-HMAC-SHA256&X-Amz-Credential=cas%2F20260715%2Fus-east-1%2Fs3%2Faws4_request&X-Amz-Date=20260715T210426Z&X-Amz-Expires=3600&X-Amz-SignedHeaders=host&X-Amz-Signature=39ec5ff33c3bdd24d709c0122f85a108286eb3044b8b4d0b9eb4cae9d7dd62c7

07/15 21:04:26 [[1;32mNOTICE[0m] CUID#8 - Redirecting to https://cas-bridge.xethub.hf.co/xet-bridge-us/6a535ebab1cb3ec9de2944a5/f88a31f890e2cb35dba712b9547048fef76c8a02de3b2826af6d9eb888185fc6?Expires=1784153066&Policy=eyJTdGF0ZW1lbnQiOlt7IlJlc291cmNlIjoiaHR0cHM6Ly9jYXMtYnJpZGdlLnhldGh1Yi5oZi5jby94ZXQtYnJpZGdlLXVzLzZhNTM1ZWJhYjFjYjNlYzlkZTI5NDRhNS9mODhhMzFmODkwZTJjYjM1ZGJhNzEyYjk1NDcwNDhmZWY3NmM4YTAyZGUzYjI4MjZhZjZkOWViODg4MTg1ZmM2KiIsIkNvbmRpdGlvbiI6eyJEYXRlTGVzc1RoYW4iOnsiQVdTOkVwb2NoVGltZSI6MTc4NDE1MzA2Nn19fV19&Signature=MEQCIHl0pSwgssyhMJafdbVdKiRKDRLh1kORA6R1mdZv5JnzAiATjGRVbNYH-qTLbE%7E77ICVeVbpmNsbg7yh7KDsbhyo0w__&Key-Pair-Id=K3EPXBYC3CKDRZ&X-Xet-Cas-Uid=public&response-content-disposition=inline%3B+filename*%3DUTF-8%27%27NVIDIA-Nemotron-Labs-3-Puzzle-75B-A9B-Q2_K.gguf%3B+filename%3D%22NVIDIA-Nemotron-Labs-3-Puzzle-75B-A9B-Q2_K.gguf%22%3B&X-Amz-Algorithm=AWS4-HMAC-SHA256&X-Amz-Credential=cas%2F20260715%2Fus-east-1%2Fs3%2Faws4_request&X-Amz-Date=20260715T210426Z&X-Amz-Expires=3600&X-Amz-SignedHeaders=host&X-Amz-Signature=39ec5ff33c3bdd24d709c0122f85a108286eb3044b8b4d0b9eb4cae9d7dd62c7

07/15 21:04:26 [[1;32mNOTICE[0m] CUID#12 - Redirecting to https://cas-bridge.xethub.hf.co/xet-bridge-us/6a535ebab1cb3ec9de2944a5/f88a31f890e2cb35dba712b9547048fef76c8a02de3b2826af6d9eb888185fc6?Expires=1784153066&Policy=eyJTdGF0ZW1lbnQiOlt7IlJlc291cmNlIjoiaHR0cHM6Ly9jYXMtYnJpZGdlLnhldGh1Yi5oZi5jby94ZXQtYnJpZGdlLXVzLzZhNTM1ZWJhYjFjYjNlYzlkZTI5NDRhNS9mODhhMzFmODkwZTJjYjM1ZGJhNzEyYjk1NDcwNDhmZWY3NmM4YTAyZGUzYjI4MjZhZjZkOWViODg4MTg1ZmM2KiIsIkNvbmRpdGlvbiI6eyJEYXRlTGVzc1RoYW4iOnsiQVdTOkVwb2NoVGltZSI6MTc4NDE1MzA2Nn19fV19&Signature=MEQCIHl0pSwgssyhMJafdbVdKiRKDRLh1kORA6R1mdZv5JnzAiATjGRVbNYH-qTLbE%7E77ICVeVbpmNsbg7yh7KDsbhyo0w__&Key-Pair-Id=K3EPXBYC3CKDRZ&response-content-disposition=inline%3B+filename*%3DUTF-8%27%27NVIDIA-Nemotron-Labs-3-Puzzle-75B-A9B-Q2_K.gguf%3B+filename%3D%22NVIDIA-Nemotron-Labs-3-Puzzle-75B-A9B-Q2_K.gguf%22%3B&X-Xet-Cas-Uid=public&X-Amz-Algorithm=AWS4-HMAC-SHA256&X-Amz-Credential=cas%2F20260715%2Fus-east-1%2Fs3%2Faws4_request&X-Amz-Date=20260715T210426Z&X-Amz-Expires=3600&X-Amz-SignedHeaders=host&X-Amz-Signature=39ec5ff33c3bdd24d709c0122f85a108286eb3044b8b4d0b9eb4cae9d7dd62c7

07/15 21:04:26 [[1;32mNOTICE[0m] CUID#11 - Redirecting to https://cas-bridge.xethub.hf.co/xet-bridge-us/6a535ebab1cb3ec9de2944a5/f88a31f890e2cb35dba712b9547048fef76c8a02de3b2826af6d9eb888185fc6?Expires=1784153066&Policy=eyJTdGF0ZW1lbnQiOlt7IlJlc291cmNlIjoiaHR0cHM6Ly9jYXMtYnJpZGdlLnhldGh1Yi5oZi5jby94ZXQtYnJpZGdlLXVzLzZhNTM1ZWJhYjFjYjNlYzlkZTI5NDRhNS9mODhhMzFmODkwZTJjYjM1ZGJhNzEyYjk1NDcwNDhmZWY3NmM4YTAyZGUzYjI4MjZhZjZkOWViODg4MTg1ZmM2KiIsIkNvbmRpdGlvbiI6eyJEYXRlTGVzc1RoYW4iOnsiQVdTOkVwb2NoVGltZSI6MTc4NDE1MzA2Nn19fV19&Signature=MEQCIHl0pSwgssyhMJafdbVdKiRKDRLh1kORA6R1mdZv5JnzAiATjGRVbNYH-qTLbE%7E77ICVeVbpmNsbg7yh7KDsbhyo0w__&Key-Pair-Id=K3EPXBYC3CKDRZ&X-Xet-Cas-Uid=public&response-content-disposition=inline%3B+filename*%3DUTF-8%27%27NVIDIA-Nemotron-Labs-3-Puzzle-75B-A9B-Q2_K.gguf%3B+filename%3D%22NVIDIA-Nemotron-Labs-3-Puzzle-75B-A9B-Q2_K.gguf%22%3B&X-Amz-Algorithm=AWS4-HMAC-SHA256&X-Amz-Credential=cas%2F20260715%2Fus-east-1%2Fs3%2Faws4_request&X-Amz-Date=20260715T210426Z&X-Amz-Expires=3600&X-Amz-SignedHeaders=host&X-Amz-Signature=39ec5ff33c3bdd24d709c0122f85a108286eb3044b8b4d0b9eb4cae9d7dd62c7

07/15 21:04:26 [[1;32mNOTICE[0m] CUID#13 - Redirecting to https://cas-bridge.xethub.hf.co/xet-bridge-us/6a535ebab1cb3ec9de2944a5/f88a31f890e2cb35dba712b9547048fef76c8a02de3b2826af6d9eb888185fc6?Expires=1784153066&Policy=eyJTdGF0ZW1lbnQiOlt7IlJlc291cmNlIjoiaHR0cHM6Ly9jYXMtYnJpZGdlLnhldGh1Yi5oZi5jby94ZXQtYnJpZGdlLXVzLzZhNTM1ZWJhYjFjYjNlYzlkZTI5NDRhNS9mODhhMzFmODkwZTJjYjM1ZGJhNzEyYjk1NDcwNDhmZWY3NmM4YTAyZGUzYjI4MjZhZjZkOWViODg4MTg1ZmM2KiIsIkNvbmRpdGlvbiI6eyJEYXRlTGVzc1RoYW4iOnsiQVdTOkVwb2NoVGltZSI6MTc4NDE1MzA2Nn19fV19&Signature=MEQCIHl0pSwgssyhMJafdbVdKiRKDRLh1kORA6R1mdZv5JnzAiATjGRVbNYH-qTLbE%7E77ICVeVbpmNsbg7yh7KDsbhyo0w__&Key-Pair-Id=K3EPXBYC3CKDRZ&X-Xet-Cas-Uid=public&response-content-disposition=inline%3B+filename*%3DUTF-8%27%27NVIDIA-Nemotron-Labs-3-Puzzle-75B-A9B-Q2_K.gguf%3B+filename%3D%22NVIDIA-Nemotron-Labs-3-Puzzle-75B-A9B-Q2_K.gguf%22%3B&X-Amz-Algorithm=AWS4-HMAC-SHA256&X-Amz-Credential=cas%2F20260715%2Fus-east-1%2Fs3%2Faws4_request&X-Amz-Date=20260715T210426Z&X-Amz-Expires=3600&X-Amz-SignedHeaders=host&X-Amz-Signature=39ec5ff33c3bdd24d709c0122f85a108286eb3044b8b4d0b9eb4cae9d7dd62c7

07/15 21:04:26 [[1;32mNOTICE[0m] CUID#9 - Redirecting to https://cas-bridge.xethub.hf.co/xet-bridge-us/6a535ebab1cb3ec9de2944a5/f88a31f890e2cb35dba712b9547048fef76c8a02de3b2826af6d9eb888185fc6?Expires=1784153066&Policy=eyJTdGF0ZW1lbnQiOlt7IlJlc291cmNlIjoiaHR0cHM6Ly9jYXMtYnJpZGdlLnhldGh1Yi5oZi5jby94ZXQtYnJpZGdlLXVzLzZhNTM1ZWJhYjFjYjNlYzlkZTI5NDRhNS9mODhhMzFmODkwZTJjYjM1ZGJhNzEyYjk1NDcwNDhmZWY3NmM4YTAyZGUzYjI4MjZhZjZkOWViODg4MTg1ZmM2KiIsIkNvbmRpdGlvbiI6eyJEYXRlTGVzc1RoYW4iOnsiQVdTOkVwb2NoVGltZSI6MTc4NDE1MzA2Nn19fV19&Signature=MEQCIHl0pSwgssyhMJafdbVdKiRKDRLh1kORA6R1mdZv5JnzAiATjGRVbNYH-qTLbE%7E77ICVeVbpmNsbg7yh7KDsbhyo0w__&Key-Pair-Id=K3EPXBYC3CKDRZ&X-Xet-Cas-Uid=public&response-content-disposition=inline%3B+filename*%3DUTF-8%27%27NVIDIA-Nemotron-Labs-3-Puzzle-75B-A9B-Q2_K.gguf%3B+filename%3D%22NVIDIA-Nemotron-Labs-3-Puzzle-75B-A9B-Q2_K.gguf%22%3B&X-Amz-Algorithm=AWS4-HMAC-SHA256&X-Amz-Credential=cas%2F20260715%2Fus-east-1%2Fs3%2Faws4_request&X-Amz-Date=20260715T210426Z&X-Amz-Expires=3600&X-Amz-SignedHeaders=host&X-Amz-Signature=39ec5ff33c3bdd24d709c0122f85a108286eb3044b8b4d0b9eb4cae9d7dd62c7

07/15 21:04:26 [[1;32mNOTICE[0m] CUID#10 - Redirecting to https://cas-bridge.xethub.hf.co/xet-bridge-us/6a535ebab1cb3ec9de2944a5/f88a31f890e2cb35dba712b9547048fef76c8a02de3b2826af6d9eb888185fc6?Expires=1784153066&Policy=eyJTdGF0ZW1lbnQiOlt7IlJlc291cmNlIjoiaHR0cHM6Ly9jYXMtYnJpZGdlLnhldGh1Yi5oZi5jby94ZXQtYnJpZGdlLXVzLzZhNTM1ZWJhYjFjYjNlYzlkZTI5NDRhNS9mODhhMzFmODkwZTJjYjM1ZGJhNzEyYjk1NDcwNDhmZWY3NmM4YTAyZGUzYjI4MjZhZjZkOWViODg4MTg1ZmM2KiIsIkNvbmRpdGlvbiI6eyJEYXRlTGVzc1RoYW4iOnsiQVdTOkVwb2NoVGltZSI6MTc4NDE1MzA2Nn19fV19&Signature=MEQCIHl0pSwgssyhMJafdbVdKiRKDRLh1kORA6R1mdZv5JnzAiATjGRVbNYH-qTLbE%7E77ICVeVbpmNsbg7yh7KDsbhyo0w__&Key-Pair-Id=K3EPXBYC3CKDRZ&X-Xet-Cas-Uid=public&response-content-disposition=inline%3B+filename*%3DUTF-8%27%27NVIDIA-Nemotron-Labs-3-Puzzle-75B-A9B-Q2_K.gguf%3B+filename%3D%22NVIDIA-Nemotron-Labs-3-Puzzle-75B-A9B-Q2_K.gguf%22%3B&X-Amz-Algorithm=AWS4-HMAC-SHA256&X-Amz-Credential=cas%2F20260715%2Fus-east-1%2Fs3%2Faws4_request&X-Amz-Date=20260715T210426Z&X-Amz-Expires=3600&X-Amz-SignedHeaders=host&X-Amz-Signature=39ec5ff33c3bdd24d709c0122f85a108286eb3044b8b4d0b9eb4cae9d7dd62c7

07/15 21:04:26 [[1;32mNOTICE[0m] CUID#14 - Redirecting to https://cas-bridge.xethub.hf.co/xet-bridge-us/6a535ebab1cb3ec9de2944a5/f88a31f890e2cb35dba712b9547048fef76c8a02de3b2826af6d9eb888185fc6?Expires=1784153066&Policy=eyJTdGF0ZW1lbnQiOlt7IlJlc291cmNlIjoiaHR0cHM6Ly9jYXMtYnJpZGdlLnhldGh1Yi5oZi5jby94ZXQtYnJpZGdlLXVzLzZhNTM1ZWJhYjFjYjNlYzlkZTI5NDRhNS9mODhhMzFmODkwZTJjYjM1ZGJhNzEyYjk1NDcwNDhmZWY3NmM4YTAyZGUzYjI4MjZhZjZkOWViODg4MTg1ZmM2KiIsIkNvbmRpdGlvbiI6eyJEYXRlTGVzc1RoYW4iOnsiQVdTOkVwb2NoVGltZSI6MTc4NDE1MzA2Nn19fV19&Signature=MEQCIHl0pSwgssyhMJafdbVdKiRKDRLh1kORA6R1mdZv5JnzAiATjGRVbNYH-qTLbE%7E77ICVeVbpmNsbg7yh7KDsbhyo0w__&Key-Pair-Id=K3EPXBYC3CKDRZ&X-Xet-Cas-Uid=public&response-content-disposition=inline%3B+filename*%3DUTF-8%27%27NVIDIA-Nemotron-Labs-3-Puzzle-75B-A9B-Q2_K.gguf%3B+filename%3D%22NVIDIA-Nemotron-Labs-3-Puzzle-75B-A9B-Q2_K.gguf%22%3B&X-Amz-Algorithm=AWS4-HMAC-SHA256&X-Amz-Credential=cas%2F20260715%2Fus-east-1%2Fs3%2Faws4_request&X-Amz-Date=20260715T210426Z&X-Amz-Expires=3600&X-Amz-SignedHeaders=host&X-Amz-Signature=39ec5ff33c3bdd24d709c0122f85a108286eb3044b8b4d0b9eb4cae9d7dd62c7
[#5e9c1b 9.3MiB/29GiB(0%) CN:8 DL:39MiB ETA:12m35s]
[#5e9c1b 108MiB/29GiB(0%) CN:8 DL:86MiB ETA:5m46s]
[#5e9c1b 226MiB/29GiB(0%) CN:8 DL:101MiB ETA:4m54s]
[#5e9c1b 335MiB/29GiB(1%) CN:8 DL:103MiB ETA:4m46s]
[#5e9c1b 451MiB/29GiB(1%) CN:8 DL:106MiB ETA:4m37s]
[#5e9c1b 554MiB/29GiB(1%) CN:8 DL:105MiB ETA:4m37s]
[#5e9c1b 666MiB/29GiB(2%) CN:8 DL:107MiB ETA:4m33s]
[#5e9c1b 776MiB/29GiB(2%) CN:8 DL:107MiB ETA:4m31s]
[#5e9c1b 881MiB/29GiB(2%) CN:8 DL:107MiB ETA:4m31s]
[#5e9c1b 0.9GiB/29GiB(3%) CN:8 DL:108MiB ETA:4m28s]
[#5e9c1b 1.0GiB/29GiB(3%) CN:8 DL:109MiB ETA:4m23s]
[#5e9c1b 1.1GiB/29GiB(3%) CN:8 DL:106MiB ETA:4m29s]
[#5e9c1b 1.2GiB/29GiB(4%) CN:8 DL:108MiB ETA:4m23s]
[#5e9c1b 1.3GiB/29GiB(4%) CN:8 DL:108MiB ETA:4m22s]
[#5e9c1b 1.4GiB/29GiB(5%) CN:8 DL:107MiB ETA:4m23s]
[#5e9c1b 1.5GiB/29GiB(5%) CN:8 DL:107MiB ETA:4m23s]
[#5e9c1b 1.6GiB/29GiB(5%) CN:8 DL:106MiB ETA:4m26s]
[#5e9c1b 1.8GiB/29GiB(6%) CN:8 DL:107MiB ETA:4m22s]
[#5e9c1b 1.8GiB/29GiB(6%) CN:8 DL:105MiB ETA:4m26s]
[#5e9c1b 2.0GiB/29GiB(6%) CN:8 DL:105MiB ETA:4m25s]
[#5e9c1b 2.1GiB/29GiB(7%) CN:8 DL:110MiB ETA:4m12s]
[#5e9c1b 2.2GiB/29GiB(7%) CN:8 DL:108MiB ETA:4m14s]
[#5e9c1b 2.3GiB/29GiB(7%) CN:8 DL:109MiB ETA:4m13s]
[#5e9c1b 2.4GiB/29GiB(8%) CN:8 DL:109MiB ETA:4m10s]
[#5e9c1b 2.5GiB/29GiB(8%) CN:8 DL:108MiB ETA:4m12s]
[#5e9c1b 2.6GiB/29GiB(9%) CN:8 DL:109MiB ETA:4m10s]
[#5e9c1b 2.7GiB/29GiB(9%) CN:8 DL:108MiB ETA:4m11s]
[#5e9c1b 2.8GiB/29GiB(9%) CN:8 DL:107MiB ETA:4m11s]
[#5e9c1b 2.9GiB/29GiB(10%) CN:8 DL:107MiB ETA:4m10s]
[#5e9c1b 3.0GiB/29GiB(10%) CN:8 DL:108MiB ETA:4m8s]
[#5e9c1b 3.1GiB/29GiB(10%) CN:8 DL:106MiB ETA:4m10s]
[#5e9c1b 3.2GiB/29GiB(11%) CN:8 DL:106MiB ETA:4m9s]
[#5e9c1b 3.3GiB/29GiB(11%) CN:8 DL:106MiB ETA:4m9s]
[#5e9c1b 3.4GiB/29GiB(11%) CN:8 DL:107MiB ETA:4m7s]
[#5e9c1b 3.5GiB/29GiB(12%) CN:8 DL:107MiB ETA:4m4s]
[#5e9c1b 3.6GiB/29GiB(12%) CN:8 DL:108MiB ETA:4m2s]
[#5e9c1b 3.7GiB/29GiB(12%) CN:8 DL:107MiB ETA:4m2s]
[#5e9c1b 3.8GiB/29GiB(13%) CN:8 DL:106MiB ETA:4m3s]
[#5e9c1b 3.9GiB/29GiB(13%) CN:8 DL:108MiB ETA:3m59s]
[#5e9c1b 4.1GiB/29GiB(13%) CN:8 DL:108MiB ETA:3m58s]
[#5e9c1b 4.2GiB/29GiB(14%) CN:8 DL:109MiB ETA:3m55s]
[#5e9c1b 4.3GiB/29GiB(14%) CN:8 DL:109MiB ETA:3m54s]
[#5e9c1b 4.4GiB/29GiB(15%) CN:8 DL:108MiB ETA:3m54s]
[#5e9c1b 4.5GiB/29GiB(15%) CN:8 DL:108MiB ETA:3m53s]
[#5e9c1b 4.6GiB/29GiB(15%) CN:8 DL:109MiB ETA:3m51s]
[#5e9c1b 4.7GiB/29GiB(16%) CN:8 DL:109MiB ETA:3m50s]
[#5e9c1b 4.8GiB/29GiB(16%) CN:8 DL:109MiB ETA:3m47s]
[#5e9c1b 4.9GiB/29GiB(16%) CN:8 DL:109MiB ETA:3m46s]
[#5e9c1b 5.0GiB/29GiB(17%) CN:8 DL:106MiB ETA:3m53s]
[#5e9c1b 5.1GiB/29GiB(17%) CN:8 DL:104MiB ETA:3m56s]
[#5e9c1b 5.2GiB/29GiB(17%) CN:8 DL:102MiB ETA:3m59s]
[#5e9c1b 5.2GiB/29GiB(18%) CN:8 DL:99MiB ETA:4m7s]
[#5e9c1b 5.4GiB/29GiB(18%) CN:8 DL:100MiB ETA:4m3s]
[#5e9c1b 5.5GiB/29GiB(18%) CN:8 DL:100MiB ETA:4m3s]
[#5e9c1b 5.6GiB/29GiB(19%) CN:8 DL:98MiB ETA:4m5s]
[#5e9c1b 5.7GiB/29GiB(19%) CN:8 DL:100MiB ETA:4m]
[#5e9c1b 5.8GiB/29GiB(19%) CN:8 DL:99MiB ETA:4m]
[#5e9c1b 5.9GiB/29GiB(20%) CN:8 DL:102MiB ETA:3m52s]
[#5e9c1b 6.0GiB/29GiB(20%) CN:8 DL:104MiB ETA:3m48s]
[#5e9c1b 6.1GiB/29GiB(20%) CN:8 DL:106MiB ETA:3m41s]
 *** Download Progress Summary as of Wed Jul 15 21:05:33 2026 *** 
===============================================================================
[#5e9c1b 6.1GiB/29GiB(21%) CN:8 DL:21MiB ETA:18m20s]
FILE: /home/mark/AI/Models/Nemotron/Puzzle-75B-RemySkye/NVIDIA-Nemotron-Labs-3-Puzzle-75B-A9B-Q2_K.gguf
-------------------------------------------------------------------------------

[#5e9c1b 6.1GiB/29GiB(21%) CN:8 DL:21MiB ETA:18m20s]
[#5e9c1b 6.3GiB/29GiB(21%) CN:8 DL:31MiB ETA:12m35s]
[#5e9c1b 6.4GiB/29GiB(22%) CN:8 DL:155MiB ETA:2m30s]
[#5e9c1b 6.5GiB/29GiB(22%) CN:8 DL:138MiB ETA:2m47s]
[#5e9c1b 6.6GiB/29GiB(22%) CN:8 DL:131MiB ETA:2m56s]
[#5e9c1b 6.7GiB/29GiB(23%) CN:8 DL:122MiB ETA:3m8s]
[#5e9c1b 6.8GiB/29GiB(23%) CN:8 DL:116MiB ETA:3m17s]
[#5e9c1b 6.9GiB/29GiB(23%) CN:8 DL:112MiB ETA:3m22s]
[#5e9c1b 7.0GiB/29GiB(24%) CN:8 DL:111MiB ETA:3m23s]
[#5e9c1b 7.1GiB/29GiB(24%) CN:8 DL:111MiB ETA:3m23s]
[#5e9c1b 7.2GiB/29GiB(24%) CN:8 DL:112MiB ETA:3m21s]
[#5e9c1b 7.3GiB/29GiB(25%) CN:8 DL:102MiB ETA:3m38s]
[#5e9c1b 7.4GiB/29GiB(25%) CN:8 DL:102MiB ETA:3m37s]
[#5e9c1b 7.5GiB/29GiB(25%) CN:8 DL:103MiB ETA:3m34s]
[#5e9c1b 7.6GiB/29GiB(26%) CN:8 DL:102MiB ETA:3m35s]
[#5e9c1b 7.8GiB/29GiB(26%) CN:8 DL:105MiB ETA:3m28s]
[#5e9c1b 7.9GiB/29GiB(26%) CN:8 DL:108MiB ETA:3m22s]
[#5e9c1b 8.0GiB/29GiB(27%) CN:8 DL:109MiB ETA:3m19s]
[#5e9c1b 8.1GiB/29GiB(27%) CN:8 DL:108MiB ETA:3m20s]
[#5e9c1b 8.2GiB/29GiB(28%) CN:8 DL:108MiB ETA:3m18s]
[#5e9c1b 8.3GiB/29GiB(28%) CN:8 DL:109MiB ETA:3m16s]
[#5e9c1b 8.4GiB/29GiB(28%) CN:8 DL:108MiB ETA:3m16s]
[#5e9c1b 8.5GiB/29GiB(29%) CN:8 DL:108MiB ETA:3m15s]
[#5e9c1b 8.6GiB/29GiB(29%) CN:8 DL:107MiB ETA:3m16s]
[#5e9c1b 8.7GiB/29GiB(29%) CN:8 DL:109MiB ETA:3m12s]
[#5e9c1b 8.8GiB/29GiB(30%) CN:8 DL:108MiB ETA:3m13s]
[#5e9c1b 8.9GiB/29GiB(30%) CN:8 DL:107MiB ETA:3m14s]
[#5e9c1b 9.0GiB/29GiB(30%) CN:8 DL:106MiB ETA:3m14s]
[#5e9c1b 9.1GiB/29GiB(31%) CN:8 DL:105MiB ETA:3m15s]
[#5e9c1b 9.2GiB/29GiB(31%) CN:8 DL:105MiB ETA:3m14s]
[#5e9c1b 9.3GiB/29GiB(31%) CN:8 DL:104MiB ETA:3m15s]
[#5e9c1b 9.4GiB/29GiB(32%) CN:8 DL:105MiB ETA:3m12s]
[#5e9c1b 9.5GiB/29GiB(32%) CN:8 DL:105MiB ETA:3m12s]
[#5e9c1b 9.6GiB/29GiB(32%) CN:8 DL:105MiB ETA:3m11s]
[#5e9c1b 9.7GiB/29GiB(33%) CN:8 DL:105MiB ETA:3m9s]
[#5e9c1b 9.8GiB/29GiB(33%) CN:8 DL:104MiB ETA:3m10s]
[#5e9c1b 9.9GiB/29GiB(34%) CN:8 DL:107MiB ETA:3m4s]
[#5e9c1b 10GiB/29GiB(34%) CN:8 DL:106MiB ETA:3m5s]
[#5e9c1b 10GiB/29GiB(34%) CN:8 DL:109MiB ETA:2m58s]
[#5e9c1b 10GiB/29GiB(35%) CN:8 DL:108MiB ETA:2m58s]
[#5e9c1b 10GiB/29GiB(35%) CN:8 DL:108MiB ETA:2m57s]
[#5e9c1b 10GiB/29GiB(35%) CN:8 DL:107MiB ETA:2m59s]
[#5e9c1b 10GiB/29GiB(36%) CN:8 DL:107MiB ETA:2m57s]
[#5e9c1b 10GiB/29GiB(36%) CN:8 DL:106MiB ETA:2m58s]
[#5e9c1b 10GiB/29GiB(36%) CN:8 DL:109MiB ETA:2m52s]
[#5e9c1b 10GiB/29GiB(37%) CN:8 DL:105MiB ETA:2m57s]
[#5e9c1b 11GiB/29GiB(37%) CN:8 DL:106MiB ETA:2m54s]
[#5e9c1b 11GiB/29GiB(38%) CN:8 DL:106MiB ETA:2m54s]
[#5e9c1b 11GiB/29GiB(38%) CN:8 DL:108MiB ETA:2m51s]
[#5e9c1b 11GiB/29GiB(38%) CN:8 DL:107MiB ETA:2m51s]
[#5e9c1b 11GiB/29GiB(39%) CN:8 DL:107MiB ETA:2m50s]
[#5e9c1b 11GiB/29GiB(39%) CN:8 DL:106MiB ETA:2m50s]
[#5e9c1b 11GiB/29GiB(39%) CN:8 DL:105MiB ETA:2m51s]
 *** Download Progress Summary as of Wed Jul 15 21:07:14 2026 *** 
===============================================================================
[#5e9c1b 11GiB/29GiB(39%) CN:8 DL:0B]
FILE: /home/mark/AI/Models/Nemotron/Puzzle-75B-RemySkye/NVIDIA-Nemotron-Labs-3-Puzzle-75B-A9B-Q2_K.gguf
-------------------------------------------------------------------------------

[#5e9c1b 11GiB/29GiB(39%) CN:8 DL:0B]
[#5e9c1b 11GiB/29GiB(40%) CN:8 DL:181MiB ETA:1m38s]
[#5e9c1b 11GiB/29GiB(40%) CN:8 DL:148MiB ETA:1m59s]
[#5e9c1b 12GiB/29GiB(41%) CN:8 DL:138MiB ETA:2m7s]
[#5e9c1b 12GiB/29GiB(41%) CN:8 DL:130MiB ETA:2m14s]
[#5e9c1b 12GiB/29GiB(42%) CN:8 DL:127MiB ETA:2m16s]
[#5e9c1b 12GiB/29GiB(42%) CN:8 DL:124MiB ETA:2m19s]
[#5e9c1b 12GiB/29GiB(42%) CN:8 DL:121MiB ETA:2m21s]
[#5e9c1b 12GiB/29GiB(43%) CN:8 DL:119MiB ETA:2m22s]
[#5e9c1b 12GiB/29GiB(43%) CN:8 DL:119MiB ETA:2m22s]
[#5e9c1b 12GiB/29GiB(43%) CN:8 DL:117MiB ETA:2m23s]
[#5e9c1b 12GiB/29GiB(44%) CN:8 DL:108MiB ETA:2m35s]
[#5e9c1b 13GiB/29GiB(44%) CN:8 DL:0B]
[#5e9c1b 13GiB/29GiB(44%) CN:8 DL:177MiB ETA:1m32s]
[#5e9c1b 13GiB/29GiB(45%) CN:8 DL:148MiB ETA:1m50s]
[#5e9c1b 13GiB/29GiB(45%) CN:8 DL:132MiB ETA:2m2s]
[#5e9c1b 13GiB/29GiB(46%) CN:8 DL:128MiB ETA:2m5s]
[#5e9c1b 13GiB/29GiB(46%) CN:8 DL:125MiB ETA:2m8s]
[#5e9c1b 13GiB/29GiB(46%) CN:8 DL:121MiB ETA:2m11s]
[#5e9c1b 13GiB/29GiB(47%) CN:8 DL:121MiB ETA:2m10s]
[#5e9c1b 13GiB/29GiB(47%) CN:8 DL:120MiB ETA:2m10s]
[#5e9c1b 14GiB/29GiB(47%) CN:8 DL:119MiB ETA:2m11s]
[#5e9c1b 14GiB/29GiB(48%) CN:8 DL:118MiB ETA:2m10s]
[#5e9c1b 14GiB/29GiB(48%) CN:8 DL:109MiB ETA:2m20s]
[#5e9c1b 14GiB/29GiB(48%) CN:8 DL:108MiB ETA:2m20s]
[#5e9c1b 14GiB/29GiB(49%) CN:8 DL:108MiB ETA:2m19s]
[#5e9c1b 14GiB/29GiB(49%) CN:8 DL:109MiB ETA:2m17s]
[#5e9c1b 14GiB/29GiB(50%) CN:8 DL:110MiB ETA:2m15s]
[#5e9c1b 14GiB/29GiB(50%) CN:8 DL:108MiB ETA:2m16s]
[#5e9c1b 14GiB/29GiB(50%) CN:8 DL:108MiB ETA:2m15s]
[#5e9c1b 15GiB/29GiB(51%) CN:8 DL:109MiB ETA:2m13s]
[#5e9c1b 15GiB/29GiB(51%) CN:8 DL:109MiB ETA:2m13s]
[#5e9c1b 15GiB/29GiB(51%) CN:8 DL:108MiB ETA:2m12s]
[#5e9c1b 15GiB/29GiB(52%) CN:8 DL:108MiB ETA:2m12s]
[#5e9c1b 15GiB/29GiB(52%) CN:8 DL:107MiB ETA:2m12s]
[#5e9c1b 15GiB/29GiB(52%) CN:8 DL:107MiB ETA:2m10s]
[#5e9c1b 15GiB/29GiB(53%) CN:8 DL:106MiB ETA:2m11s]
[#5e9c1b 15GiB/29GiB(53%) CN:8 DL:111MiB ETA:2m4s]
[#5e9c1b 15GiB/29GiB(54%) CN:8 DL:107MiB ETA:2m8s]
[#5e9c1b 15GiB/29GiB(54%) CN:8 DL:108MiB ETA:2m5s]
[#5e9c1b 16GiB/29GiB(54%) CN:8 DL:109MiB ETA:2m4s]
[#5e9c1b 16GiB/29GiB(55%) CN:8 DL:107MiB ETA:2m5s]
[#5e9c1b 16GiB/29GiB(55%) CN:8 DL:107MiB ETA:2m3s]
[#5e9c1b 16GiB/29GiB(55%) CN:8 DL:111MiB ETA:1m59s]
[#5e9c1b 16GiB/29GiB(56%) CN:8 DL:108MiB ETA:2m]
 *** Download Progress Summary as of Wed Jul 15 21:08:15 2026 *** 
===============================================================================
[#5e9c1b 16GiB/29GiB(56%) CN:8 DL:109MiB ETA:1m58s]
FILE: /home/mark/AI/Models/Nemotron/Puzzle-75B-RemySkye/NVIDIA-Nemotron-Labs-3-Puzzle-75B-A9B-Q2_K.gguf
-------------------------------------------------------------------------------

[#5e9c1b 16GiB/29GiB(56%) CN:8 DL:109MiB ETA:1m58s]
[#5e9c1b 16GiB/29GiB(56%) CN:8 DL:109MiB ETA:1m57s]
[#5e9c1b 16GiB/29GiB(57%) CN:8 DL:109MiB ETA:1m56s]
[#5e9c1b 16GiB/29GiB(57%) CN:8 DL:110MiB ETA:1m55s]
[#5e9c1b 17GiB/29GiB(58%) CN:8 DL:110MiB ETA:1m53s]
[#5e9c1b 17GiB/29GiB(58%) CN:8 DL:110MiB ETA:1m52s]
[#5e9c1b 17GiB/29GiB(58%) CN:8 DL:106MiB ETA:1m56s]
[#5e9c1b 17GiB/29GiB(59%) CN:8 DL:106MiB ETA:1m55s]
[#5e9c1b 17GiB/29GiB(59%) CN:8 DL:106MiB ETA:1m54s]
[#5e9c1b 17GiB/29GiB(59%) CN:8 DL:109MiB ETA:1m50s]
[#5e9c1b 17GiB/29GiB(60%) CN:8 DL:107MiB ETA:1m51s]
[#5e9c1b 17GiB/29GiB(60%) CN:8 DL:0B]
[#5e9c1b 17GiB/29GiB(61%) CN:8 DL:183MiB ETA:1m3s]
[#5e9c1b 17GiB/29GiB(61%) CN:8 DL:148MiB ETA:1m17s]
[#5e9c1b 18GiB/29GiB(61%) CN:8 DL:134MiB ETA:1m25s]
[#5e9c1b 18GiB/29GiB(62%) CN:8 DL:128MiB ETA:1m28s]
[#5e9c1b 18GiB/29GiB(62%) CN:8 DL:125MiB ETA:1m29s]
[#5e9c1b 18GiB/29GiB(62%) CN:8 DL:123MiB ETA:1m30s]
[#5e9c1b 18GiB/29GiB(63%) CN:8 DL:122MiB ETA:1m30s]
[#5e9c1b 18GiB/29GiB(63%) CN:8 DL:120MiB ETA:1m30s]
[#5e9c1b 18GiB/29GiB(63%) CN:8 DL:118MiB ETA:1m30s]
[#5e9c1b 18GiB/29GiB(64%) CN:8 DL:118MiB ETA:1m30s]
[#5e9c1b 18GiB/29GiB(64%) CN:8 DL:108MiB ETA:1m38s]
[#5e9c1b 19GiB/29GiB(64%) CN:8 DL:107MiB ETA:1m37s]
[#5e9c1b 19GiB/29GiB(65%) CN:8 DL:108MiB ETA:1m35s]
[#5e9c1b 19GiB/29GiB(65%) CN:8 DL:108MiB ETA:1m34s]
[#5e9c1b 19GiB/29GiB(66%) CN:8 DL:108MiB ETA:1m33s]
[#5e9c1b 19GiB/29GiB(66%) CN:8 DL:108MiB ETA:1m32s]
[#5e9c1b 19GiB/29GiB(66%) CN:8 DL:108MiB ETA:1m32s]
[#5e9c1b 19GiB/29GiB(67%) CN:8 DL:107MiB ETA:1m31s]
[#5e9c1b 19GiB/29GiB(67%) CN:8 DL:108MiB ETA:1m29s]
[#5e9c1b 19GiB/29GiB(67%) CN:8 DL:107MiB ETA:1m29s]
[#5e9c1b 20GiB/29GiB(68%) CN:8 DL:109MiB ETA:1m26s]
[#5e9c1b 20GiB/29GiB(68%) CN:8 DL:108MiB ETA:1m26s]
[#5e9c1b 20GiB/29GiB(68%) CN:8 DL:109MiB ETA:1m25s]
[#5e9c1b 20GiB/29GiB(69%) CN:8 DL:108MiB ETA:1m24s]
[#5e9c1b 20GiB/29GiB(69%) CN:8 DL:108MiB ETA:1m23s]
[#5e9c1b 20GiB/29GiB(70%) CN:8 DL:107MiB ETA:1m23s]
 *** Download Progress Summary as of Wed Jul 15 21:09:15 2026 *** 
===============================================================================
[#5e9c1b 20GiB/29GiB(70%) CN:8 DL:107MiB ETA:1m22s]
FILE: /home/mark/AI/Models/Nemotron/Puzzle-75B-RemySkye/NVIDIA-Nemotron-Labs-3-Puzzle-75B-A9B-Q2_K.gguf
-------------------------------------------------------------------------------

[#5e9c1b 20GiB/29GiB(70%) CN:8 DL:107MiB ETA:1m22s]
[#5e9c1b 20GiB/29GiB(70%) CN:8 DL:108MiB ETA:1m21s]
[#5e9c1b 20GiB/29GiB(71%) CN:8 DL:107MiB ETA:1m20s]
[#5e9c1b 20GiB/29GiB(71%) CN:8 DL:108MiB ETA:1m18s]
[#5e9c1b 21GiB/29GiB(71%) CN:8 DL:110MiB ETA:1m16s]
[#5e9c1b 21GiB/29GiB(72%) CN:8 DL:110MiB ETA:1m15s]
[#5e9c1b 21GiB/29GiB(72%) CN:8 DL:109MiB ETA:1m14s]
[#5e9c1b 21GiB/29GiB(73%) CN:8 DL:111MiB ETA:1m12s]
[#5e9c1b 21GiB/29GiB(73%) CN:8 DL:109MiB ETA:1m12s]
[#5e9c1b 21GiB/29GiB(73%) CN:8 DL:110MiB ETA:1m11s]
[#5e9c1b 21GiB/29GiB(74%) CN:8 DL:111MiB ETA:1m9s]
[#5e9c1b 21GiB/29GiB(74%) CN:8 DL:0B]
[#5e9c1b 21GiB/29GiB(74%) CN:8 DL:177MiB ETA:42s]
[#5e9c1b 22GiB/29GiB(75%) CN:8 DL:149MiB ETA:50s]
[#5e9c1b 22GiB/29GiB(75%) CN:8 DL:135MiB ETA:54s]
[#5e9c1b 22GiB/29GiB(75%) CN:8 DL:129MiB ETA:55s]
[#5e9c1b 22GiB/29GiB(76%) CN:8 DL:125MiB ETA:57s]
[#5e9c1b 22GiB/29GiB(76%) CN:8 DL:123MiB ETA:56s]
 *** Download Progress Summary as of Wed Jul 15 21:10:16 2026 *** 
===============================================================================
[#5e9c1b 22GiB/29GiB(76%) CN:8 DL:121MiB ETA:56s]
FILE: /home/mark/AI/Models/Nemotron/Puzzle-75B-RemySkye/NVIDIA-Nemotron-Labs-3-Puzzle-75B-A9B-Q2_K.gguf
-------------------------------------------------------------------------------

[#5e9c1b 22GiB/29GiB(76%) CN:8 DL:121MiB ETA:56s]
[#5e9c1b 22GiB/29GiB(77%) CN:8 DL:120MiB ETA:56s]
[#5e9c1b 22GiB/29GiB(77%) CN:8 DL:118MiB ETA:56s]
[#5e9c1b 22GiB/29GiB(78%) CN:8 DL:116MiB ETA:56s]
[#5e9c1b 22GiB/29GiB(78%) CN:8 DL:108MiB ETA:59s]
[#5e9c1b 23GiB/29GiB(78%) CN:8 DL:107MiB ETA:59s]
[#5e9c1b 23GiB/29GiB(79%) CN:8 DL:108MiB ETA:57s]
[#5e9c1b 23GiB/29GiB(79%) CN:8 DL:108MiB ETA:57s]
[#5e9c1b 23GiB/29GiB(79%) CN:8 DL:108MiB ETA:55s]
[#5e9c1b 23GiB/29GiB(80%) CN:8 DL:108MiB ETA:54s]
[#5e9c1b 23GiB/29GiB(80%) CN:8 DL:0B]
[#5e9c1b 23GiB/29GiB(80%) CN:8 DL:181MiB ETA:31s]
[#5e9c1b 23GiB/29GiB(81%) CN:8 DL:147MiB ETA:38s]
[#5e9c1b 23GiB/29GiB(81%) CN:8 DL:134MiB ETA:41s]
[#5e9c1b 24GiB/29GiB(81%) CN:8 DL:129MiB ETA:41s]
[#5e9c1b 24GiB/29GiB(82%) CN:8 DL:125MiB ETA:42s]
[#5e9c1b 24GiB/29GiB(82%) CN:8 DL:123MiB ETA:42s]
[#5e9c1b 24GiB/29GiB(83%) CN:8 DL:121MiB ETA:41s]
[#5e9c1b 24GiB/29GiB(83%) CN:8 DL:119MiB ETA:41s]
[#5e9c1b 24GiB/29GiB(83%) CN:8 DL:119MiB ETA:40s]
[#5e9c1b 24GiB/29GiB(84%) CN:8 DL:118MiB ETA:40s]
[#5e9c1b 24GiB/29GiB(84%) CN:8 DL:110MiB ETA:41s]
[#5e9c1b 24GiB/29GiB(84%) CN:8 DL:110MiB ETA:41s]
[#5e9c1b 24GiB/29GiB(85%) CN:8 DL:110MiB ETA:40s]
[#5e9c1b 25GiB/29GiB(85%) CN:8 DL:110MiB ETA:39s]
[#5e9c1b 25GiB/29GiB(85%) CN:8 DL:109MiB ETA:38s]
[#5e9c1b 25GiB/29GiB(86%) CN:8 DL:110MiB ETA:37s]
[#5e9c1b 25GiB/29GiB(86%) CN:8 DL:110MiB ETA:36s]
[#5e9c1b 25GiB/29GiB(87%) CN:8 DL:109MiB ETA:35s]
[#5e9c1b 25GiB/29GiB(87%) CN:8 DL:109MiB ETA:34s]
[#5e9c1b 25GiB/29GiB(87%) CN:8 DL:110MiB ETA:33s]
[#5e9c1b 25GiB/29GiB(88%) CN:8 DL:111MiB ETA:32s]
[#5e9c1b 25GiB/29GiB(88%) CN:8 DL:107MiB ETA:32s]
[#5e9c1b 26GiB/29GiB(88%) CN:8 DL:108MiB ETA:30s]
[#5e9c1b 26GiB/29GiB(89%) CN:8 DL:107MiB ETA:30s]
[#5e9c1b 26GiB/29GiB(89%) CN:8 DL:107MiB ETA:29s]
[#5e9c1b 26GiB/29GiB(89%) CN:8 DL:108MiB ETA:27s]
[#5e9c1b 26GiB/29GiB(90%) CN:8 DL:108MiB ETA:26s]
[#5e9c1b 26GiB/29GiB(90%) CN:8 DL:108MiB ETA:25s]
 *** Download Progress Summary as of Wed Jul 15 21:11:16 2026 *** 
===============================================================================
[#5e9c1b 26GiB/29GiB(91%) CN:8 DL:108MiB ETA:24s]
FILE: /home/mark/AI/Models/Nemotron/Puzzle-75B-RemySkye/NVIDIA-Nemotron-Labs-3-Puzzle-75B-A9B-Q2_K.gguf
-------------------------------------------------------------------------------

[#5e9c1b 26GiB/29GiB(91%) CN:8 DL:108MiB ETA:24s]
[#5e9c1b 26GiB/29GiB(91%) CN:8 DL:105MiB ETA:24s]
[#5e9c1b 26GiB/29GiB(91%) CN:8 DL:105MiB ETA:23s]
[#5e9c1b 26GiB/29GiB(91%) CN:8 DL:107MiB ETA:22s]
[#5e9c1b 27GiB/29GiB(92%) CN:8 DL:106MiB ETA:21s]
[#5e9c1b 27GiB/29GiB(92%) CN:8 DL:106MiB ETA:20s]
[#5e9c1b 27GiB/29GiB(93%) CN:8 DL:106MiB ETA:19s]
[#5e9c1b 27GiB/29GiB(93%) CN:8 DL:106MiB ETA:18s]
[#5e9c1b 27GiB/29GiB(93%) CN:8 DL:106MiB ETA:17s]
[#5e9c1b 27GiB/29GiB(94%) CN:8 DL:105MiB ETA:16s]
[#5e9c1b 27GiB/29GiB(94%) CN:8 DL:0B]
[#5e9c1b 27GiB/29GiB(94%) CN:8 DL:188MiB ETA:8s]
[#5e9c1b 27GiB/29GiB(95%) CN:8 DL:149MiB ETA:9s]
[#5e9c1b 27GiB/29GiB(95%) CN:8 DL:133MiB ETA:10s]
[#5e9c1b 28GiB/29GiB(95%) CN:8 DL:125MiB ETA:9s]
[#5e9c1b 28GiB/29GiB(96%) CN:8 DL:122MiB ETA:9s]
[#5e9c1b 28GiB/29GiB(96%) CN:8 DL:120MiB ETA:8s]
 *** Download Progress Summary as of Wed Jul 15 21:12:17 2026 *** 
===============================================================================
[#5e9c1b 28GiB/29GiB(96%) CN:8 DL:119MiB ETA:7s]
FILE: /home/mark/AI/Models/Nemotron/Puzzle-75B-RemySkye/NVIDIA-Nemotron-Labs-3-Puzzle-75B-A9B-Q2_K.gguf
-------------------------------------------------------------------------------

[#5e9c1b 28GiB/29GiB(96%) CN:8 DL:119MiB ETA:7s]
[#5e9c1b 28GiB/29GiB(97%) CN:8 DL:117MiB ETA:6s]
[#5e9c1b 28GiB/29GiB(97%) CN:8 DL:117MiB ETA:5s]
[#5e9c1b 28GiB/29GiB(98%) CN:8 DL:117MiB ETA:4s]
[#5e9c1b 28GiB/29GiB(98%) CN:8 DL:108MiB ETA:4s]
[#5e9c1b 28GiB/29GiB(98%) CN:8 DL:108MiB ETA:3s]
[#5e9c1b 29GiB/29GiB(99%) CN:8 DL:107MiB ETA:2s]
[#5e9c1b 29GiB/29GiB(99%) CN:8 DL:108MiB ETA:1s]
[#5e9c1b 29GiB/29GiB(99%) CN:5 DL:105MiB]
[#5e9c1b 29GiB/29GiB(99%) CN:5 DL:0B]

07/15 21:12:47 [[1;32mNOTICE[0m] Download complete: /home/mark/AI/Models/Nemotron/Puzzle-75B-RemySkye/NVIDIA-Nemotron-Labs-3-Puzzle-75B-A9B-Q2_K.gguf

Download Results:
gid   |stat|avg speed  |path/URI
======+====+===========+=======================================================
5e9c1b|OK  |    59MiB/s|/home/mark/AI/Models/Nemotron/Puzzle-75B-RemySkye/NVIDIA-Nemotron-Labs-3-Puzzle-75B-A9B-Q2_K.gguf

Status Legend:
(OK):download completed.
