[03] 1931 chars
[01] 2217 chars
[00] 3710 chars
[02] 4630 chars
[06] 747 chars
[05] 2352 chars
[04] 4049 chars
[07] 4145 chars
[11] 1056 chars
[09] 3225 chars
[08] 4641 chars
[13] 785 chars
[10] 4114 chars
[12] 3857 chars
[14] 3514 chars
[17] 210 chars
[15] 4157 chars
[16] 3828 chars
[18] 4317 chars
[19] 4390 chars
[20] 3576 chars
[21] 4862 chars
[22] 3733 chars
[23] 3906 chars
[24] 4761 chars
[25] 3825 chars
[26] 2700 chars
[27] 2427 chars
[28] 2455 chars
[29] 4252 chars
[30] 2963 chars
[31] 4325 chars
[32] 3705 chars
[33] 2315 chars
[35] 1529 chars
[38] 1559 chars
[34] 4189 chars
[39] 1402 chars
[36] 4264 chars
[37] 3375 chars
40/40 prompts succeeded
corpus: 134009 chars, ~20371 words, shingle-dup 0.0%
wrote /home/mark/corpora/selfgen.raw
