15 images x 3 reps | model sha 0a6129dcbbbe | rubric sha 1c9b176d7341
server ready at http://127.0.0.1:8099 | VRAM 1470 MiB
positive controls (the run aborts if the model cannot see):
  control red circle   PASS  -> 'A solid red circle is centered on a white background.'
  control blue square  PASS  -> 'A solid blue square is centered on a white background.'
  control blank        PASS  -> 'BLANK'
  EP8M rep1: score 8  Mostly correct, but pelican anatomy and bicycle frame slight
  WE4F rep1: score 8  Slight anatomical oddity in leg placement, otherwise accurat
  ZA6F rep3: score 7  Pelican anatomy slightly off; bicycle frame mostly correct b
  ZA6F rep2: score 7  Pelican anatomy slightly off; bicycle frame mostly correct b
  L4J2 rep2: score 7  Bicycle frame incomplete; bird anatomy slightly off but reco
  MMBY rep1: score 7  Pelican anatomy and bicycle frame are mostly correct, minor 
  XZR9 rep1: score 8  Slight geometry issues with pedal and leg attachment.
  SJTF rep2: score 4  Broken frame, floating head, impossible geometry, bad anatom
  SQL8 rep3: score 7  Bicycle frame incomplete, missing top tube and seat post.
  L4J2 rep1: score 7  Bicycle frame incomplete; bird anatomy slightly off but reco
  BX87 rep3: score 6  Pelican floats unattached; bicycle frame geometry is incompl
  WRM4 rep2: score 8  Slight anatomical oddity in leg placement, otherwise accurat
  MMBY rep2: score 7  Pelican anatomy and bicycle frame are mostly correct, minor 
  BX87 rep1: score 6  Pelican floats unattached; bicycle frame geometry is incompl
  MMBY rep3: score 7  Pelican anatomy and bicycle frame are mostly correct, minor 
  W7D4 rep1: score 8  Mostly correct, but bird anatomy and frame geometry slightly
  XZR9 rep2: score 8  Slight geometry issues with pedal and leg attachment.
  SQL8 rep2: score 7  Bicycle frame incomplete, missing top tube and seat post.
  SJTF rep1: score 4  Broken frame, floating head, impossible geometry, bad anatom
  WE4F rep3: score 8  Slight anatomical oddity in leg placement, otherwise accurat
  BTDR rep3: score 4  Pelican floats unattached; impossible geometry; no legs on p
  EP8M rep3: score 8  Mostly correct, but pelican anatomy and bicycle frame slight
  WE4F rep2: score 8  Slight anatomical oddity in leg placement, otherwise accurat
  M4W9 rep1: score 7  Bicycle frame slightly misaligned; bird anatomy acceptable.
  M4W9 rep3: score 7  Bicycle frame slightly misaligned; bird anatomy acceptable.
  XZR9 rep3: score 8  Slight geometry issues with pedal and leg attachment.
  8MGZ rep2: score 8  Good anatomy, complete frame, minor floating pedal issue.
  BTDR rep1: score 4  Pelican floats unattached; impossible geometry; no legs on p
  WRM4 rep3: score 8  Slight anatomical oddity in leg placement, otherwise accurat
  W7D4 rep2: score 8  Mostly correct, but bird anatomy and frame geometry slightly
  8MGZ rep3: score 8  Good anatomy, complete frame, minor floating pedal issue.
  BX87 rep2: score 6  Pelican floats unattached; bicycle frame geometry is incompl
  WRM4 rep1: score 8  Slight anatomical oddity in leg placement, otherwise accurat
  L4J2 rep3: score 7  Bicycle frame incomplete; bird anatomy slightly off but reco
  ZA6F rep1: score 7  Pelican anatomy slightly off; bicycle frame mostly correct b
  SJTF rep3: score 4  Broken frame, floating head, impossible geometry, bad anatom
  M4W9 rep2: score 7  Bicycle frame slightly misaligned; bird anatomy acceptable.
  BTDR rep2: score 4  Pelican floats unattached; impossible geometry; no legs on p
  52H9 rep3: score 9  Accurate pelican anatomy, complete bicycle frame, correct ge
  SQL8 rep1: score 7  Bicycle frame incomplete, missing top tube and seat post.
  52H9 rep1: score 9  Accurate pelican anatomy, complete bicycle frame, correct ge
  8MGZ rep1: score 8  Good anatomy, complete frame, minor floating pedal issue.
  52H9 rep2: score 9  Accurate pelican anatomy, complete bicycle frame, correct ge
  W7D4 rep3: score 8  Mostly correct, but bird anatomy and frame geometry slightly
  EP8M rep2: score 8  Mostly correct, but pelican anatomy and bicycle frame slight

=== per image (code -> scores across reps) ===
  52H9  [9, 9, 9]  mean 9.00  spread 0  BASE_r4_p1.png
  EP8M  [8, 8, 8]  mean 8.00  spread 0  QWOPUS_r4_p1.png
  WE4F  [8, 8, 8]  mean 8.00  spread 0  DAVIDAU_r3_p1.png
  XZR9  [8, 8, 8]  mean 8.00  spread 0  DAVIDAU_r2_p1.png
  WRM4  [8, 8, 8]  mean 8.00  spread 0  DAVIDAU_r4_p1.png
  W7D4  [8, 8, 8]  mean 8.00  spread 0  BASE_r5_p1.png
  8MGZ  [8, 8, 8]  mean 8.00  spread 0  QWOPUS_r5_p1.png
  ZA6F  [7, 7, 7]  mean 7.00  spread 0  BASE_r1_p1.png
  L4J2  [7, 7, 7]  mean 7.00  spread 0  QWOPUS_r1_p1.png
  MMBY  [7, 7, 7]  mean 7.00  spread 0  QWOPUS_r3_p1.png
  SQL8  [7, 7, 7]  mean 7.00  spread 0  DAVIDAU_r1_p1.png
  M4W9  [7, 7, 7]  mean 7.00  spread 0  BASE_r2_p1.png
  BX87  [6, 6, 6]  mean 6.00  spread 0  DAVIDAU_r5_p1.png
  SJTF  [4, 4, 4]  mean 4.00  spread 0  BASE_r3_p1.png
  BTDR  [4, 4, 4]  mean 4.00  spread 0  QWOPUS_r2_p1.png

self-consistency: mean spread across reps 0.00, max 0  (15/15 identical)

wrote data/receipts/svgbench-pelican3/vlm_q6k_73/results.jsonl, manifest.json, mapping.json
